 num     #instances         #bytes  class name (module)
-------------------------------------------------------
   1:         17727        6218664  [Ljava.lang.Object; (java.base@11.0.8)
   2:         42053        5752064  [B (java.base@11.0.8)
   3:          3781        4041224  [I (java.base@11.0.8)
   4:         56641        1359384  java.lang.String (java.base@11.0.8)
   5:          8635        1025592  java.lang.Class (java.base@11.0.8)
   6:           623         977864  [C (java.base@11.0.8)
   7:         21890         700480  java.util.concurrent.ConcurrentHashMap$Node (java.base@11.0.8)
   8:           804         540288  io.netty.util.internal.shaded.org.jctools.queues.MpscArrayQueue
   9:         11825         473000  java.util.LinkedHashMap$Entry (java.base@11.0.8)
  10:          5236         460768  java.lang.reflect.Method (java.base@11.0.8)
  11:         11126         356032  java.util.HashMap$Node (java.base@11.0.8)
  12:          2144         343040  org.apache.activemq.artemis.protocol.amqp.broker.AMQPStandardMessage
  13:          5436         338984  [Ljava.util.HashMap$Node; (java.base@11.0.8)
  14:         20186         322976  java.lang.Integer (java.base@11.0.8)
  15:          2870         293648  [J (java.base@11.0.8)
  16:          1948         280512  [Lorg.eclipse.jetty.util.TreeTrie$Node;
  17:          4827         270312  java.util.LinkedHashMap (java.base@11.0.8)
  18:         14641         234256  java.lang.Object (java.base@11.0.8)
  19:          6582         210624  java.lang.invoke.LambdaForm$Name (java.base@11.0.8)
  20:           360         207360  io.netty.util.internal.shaded.org.jctools.queues.MpscUnboundedArrayQueue
  21:           314         194656  [Ljava.util.concurrent.ConcurrentHashMap$Node; (java.base@11.0.8)
  22:          7034         177632  [Ljava.lang.Class; (java.base@11.0.8)
  23:          2144         154368  org.apache.activemq.artemis.core.server.impl.MessageReferenceImpl
  24:          1976         142272  io.netty.buffer.PoolSubpage
  25:          2144         137216  org.apache.qpid.proton.amqp.messaging.Properties
  26:          1727         124344  java.lang.reflect.Field (java.base@11.0.8)
  27:          2235         107280  java.lang.invoke.MemberName (java.base@11.0.8)
  28:          2171         104208  java.util.HashMap (java.base@11.0.8)
  29:          2145         102960  org.apache.qpid.proton.codec.CompositeReadableBuffer
  30:          4058          97392  java.util.ArrayList (java.base@11.0.8)
  31:          2242          89680  java.lang.ref.SoftReference (java.base@11.0.8)
  32:             2          80552  [Ljava.lang.Integer; (java.base@11.0.8)
  33:          1655          77920  [Ljava.lang.String; (java.base@11.0.8)
  34:          2419          77408  java.util.concurrent.locks.ReentrantLock$NonfairSync (java.base@11.0.8)
  35:          1477          70896  sun.util.locale.LocaleObjectCache$CacheEntry (java.base@11.0.8)
  36:          2144          68608  org.apache.qpid.proton.amqp.messaging.Header
  37:          1948          62336  org.eclipse.jetty.util.TreeTrie$Node
  38:          1402          56080  java.lang.invoke.MethodType (java.base@11.0.8)
  39:           871          55744  java.lang.Class$ReflectionData (java.base@11.0.8)
  40:           715          54016  [Ljava.lang.invoke.LambdaForm$Name; (java.base@11.0.8)
  41:           658          52640  java.lang.reflect.Constructor (java.base@11.0.8)
  42:          2162          51888  org.apache.activemq.artemis.core.journal.impl.JournalRecord
  43:          2154          51696  org.apache.activemq.artemis.core.journal.impl.ObjIntIntArrayList
  44:          2150          51600  java.util.Date (java.base@11.0.8)
  45:          1516          48512  javax.management.MBeanParameterInfo (java.management@11.0.8)
  46:           745          47680  java.nio.DirectByteBuffer (java.base@11.0.8)
  47:          1417          45344  java.lang.invoke.MethodType$ConcurrentWeakInternSet$WeakEntry (java.base@11.0.8)
  48:          1691          40584  java.lang.invoke.ResolvedMethodName (java.base@11.0.8)
  49:           592          40256  [Ljava.lang.ref.SoftReference; (java.base@11.0.8)
  50:          2411          38576  java.util.concurrent.locks.ReentrantLock (java.base@11.0.8)
  51:           954          38160  java.util.TreeMap$Entry (java.base@11.0.8)
  52:            61          35280  [Lio.netty.buffer.PoolSubpage;
  53:          1092          34944  java.lang.ref.WeakReference (java.base@11.0.8)
  54:          2144          34304  org.apache.qpid.proton.amqp.messaging.MessageAnnotations
  55:           710          34080  java.lang.invoke.LambdaForm (java.base@11.0.8)
  56:           848          33920  org.eclipse.jetty.xml.XmlParser$Node
  57:           515          32960  java.util.concurrent.ConcurrentHashMap (java.base@11.0.8)
  58:           434          31376  [Ljava.lang.reflect.Method; (java.base@11.0.8)
  59:           883          28256  java.lang.invoke.LambdaForm$NamedFunction (java.base@11.0.8)
  60:           180          27360  io.netty.channel.kqueue.KQueueEventLoop
  61:           484          27104  java.lang.invoke.LambdaFormEditor$Transform (java.base@11.0.8)
  62:          1125          27000  com.google.common.collect.SingletonImmutableSet
  63:           550          26400  io.airlift.airline.model.OptionMetadata
  64:           780          24960  io.netty.buffer.PoolThreadCache$SubPageMemoryRegionCache
  65:          1036          24864  java.util.LinkedList$Node (java.base@11.0.8)
  66:          1004          24096  sun.reflect.annotation.AnnotationInvocationHandler (java.base@11.0.8)
  67:           739          23648  java.util.Locale (java.base@11.0.8)
  68:           738          23616  sun.util.locale.BaseLocale (java.base@11.0.8)
  69:           738          23616  sun.util.locale.BaseLocale$Key (java.base@11.0.8)
  70:           720          23040  java.lang.invoke.DirectMethodHandle (java.base@11.0.8)
  71:           265          22848  [Ljava.util.WeakHashMap$Entry; (java.base@11.0.8)
  72:           559          22360  jdk.internal.ref.Cleaner (java.base@11.0.8)
  73:            36          21024  io.netty.util.internal.shaded.org.jctools.queues.MpscChunkedArrayQueue
  74:           327          20928  java.net.URL (java.base@11.0.8)
  75:            99          19800  com.sun.org.apache.xerces.internal.impl.dv.xs.XSSimpleTypeDecl (java.xml@11.0.8)
  76:           351          19656  java.lang.invoke.MethodTypeForm (java.base@11.0.8)
  77:           595          19040  io.airlift.airline.Accessor
  78:           559          17888  java.nio.DirectByteBuffer$Deallocator (java.base@11.0.8)
  79:           438          17520  javax.management.MBeanOperationInfo (java.management@11.0.8)
  80:          1059          16944  java.util.LinkedHashMap$LinkedEntrySet (java.base@11.0.8)
  81:           700          16800  org.eclipse.jetty.util.ArrayTrie$Node
  82:           406          16240  java.util.WeakHashMap$Entry (java.base@11.0.8)
  83:           398          15920  java.lang.invoke.DirectMethodHandle$Accessor (java.base@11.0.8)
  84:           327          15696  io.netty.util.collection.IntObjectHashMap
  85:           324          15552  jdk.internal.ref.CleanerImpl$PhantomCleanableRef (java.base@11.0.8)
  86:           469          15008  java.util.Hashtable$Entry (java.base@11.0.8)
  87:           149          14304  java.util.jar.JarFile$JarFileEntry (java.base@11.0.8)
  88:           288          13824  io.netty.buffer.PoolChunkList
  89:           842          13568  [Lorg.eclipse.jetty.xml.XmlParser$Attribute;
  90:           211          13504  java.util.zip.Inflater (java.base@11.0.8)
  91:           104          13312  sun.nio.fs.UnixFileAttributes (java.base@11.0.8)
  92:           409          13088  java.util.LinkedList (java.base@11.0.8)
  93:           533          12792  java.util.concurrent.CopyOnWriteArrayList (java.base@11.0.8)
  94:           396          12672  javax.management.MBeanAttributeInfo (java.management@11.0.8)
  95:           525          12600  java.util.concurrent.ConcurrentLinkedQueue$Node (java.base@11.0.8)
  96:           522          12520  [Ljava.lang.reflect.Constructor; (java.base@11.0.8)
  97:           319          12064  [Ljavax.management.MBeanParameterInfo; (java.management@11.0.8)
  98:            31          11904  org.apache.activemq.artemis.utils.ActiveMQThreadFactory$1
  99:           247          11856  java.util.WeakHashMap (java.base@11.0.8)
 100:           291          11640  java.lang.Package$VersionInfo (java.base@11.0.8)
 101:           291          11640  org.apache.activemq.artemis.core.persistence.impl.journal.OperationContextImpl$TaskHolder
 102:           207          11592  java.beans.MethodDescriptor (java.desktop@11.0.8)
 103:           181          11584  io.netty.buffer.UnpooledUnsafeDirectByteBuf
 104:           360          11520  io.netty.channel.kqueue.KQueueEventArray
 105:           357          11424  java.lang.Package (java.base@11.0.8)
 106:           341          10912  jdk.internal.math.FDBigInteger (java.base@11.0.8)
 107:           336          10752  org.eclipse.jetty.webapp.MetaData$OriginInfo
 108:           147          10584  org.apache.activemq.artemis.core.transaction.impl.TransactionImpl
 109:           261          10440  org.apache.logging.log4j.core.Logger
 110:           261          10440  org.apache.logging.log4j.core.Logger$PrivateConfig
 111:           416           9984  io.netty.buffer.LongPriorityQueue
 112:           416           9984  jdk.internal.reflect.NativeConstructorAccessorImpl (java.base@11.0.8)
 113:           616           9856  com.google.common.collect.SingletonImmutableList
 114:           291           9312  java.lang.ref.ReferenceQueue (java.base@11.0.8)
 115:           385           9240  java.beans.MethodRef (java.desktop@11.0.8)
 116:           128           9216  org.apache.activemq.artemis.utils.collections.ConcurrentLongHashMap$Section
 117:           136           8768  [Ljava.util.Hashtable$Entry; (java.base@11.0.8)
 118:           181           8688  java.nio.HeapByteBuffer (java.base@11.0.8)
 119:           180           8640  io.netty.channel.unix.IovArray
 120:           358           8592  java.time.LocalDateTime (java.base@11.0.8)
 121:           355           8520  java.lang.module.ModuleDescriptor$Exports (java.base@11.0.8)
 122:           261           8352  org.apache.logging.slf4j.Log4jLogger
 123:             8           8320  [Lorg.apache.qpid.proton.codec.PrimitiveTypeEncoding;
 124:           338           8112  java.util.jar.Attributes$Name (java.base@11.0.8)
 125:           504           8064  org.apache.qpid.proton.amqp.messaging.ApplicationProperties
 126:           497           7952  java.util.LinkedHashMap$LinkedValues (java.base@11.0.8)
 127:            13           7824  [Lorg.eclipse.jetty.util.ArrayTrie$Node;
 128:           234           7488  java.lang.invoke.BoundMethodHandle$Species_L (java.base@11.0.8)
 129:            92           7360  java.net.URI (java.base@11.0.8)
 130:           100           7344  [Ljavax.management.MBeanAttributeInfo; (java.management@11.0.8)
 131:           154           7264  [Ljava.lang.reflect.Field; (java.base@11.0.8)
 132:           225           7200  org.apache.logging.log4j.core.config.plugins.processor.PluginEntry
 133:           128           7168  org.eclipse.jetty.io.ArrayRetainableByteBufferPool$Bucket
 134:           447           7152  jdk.internal.reflect.DelegatingConstructorAccessorImpl (java.base@11.0.8)
 135:            19           7144  java.lang.Thread (java.base@11.0.8)
 136:            40           7120  [Z (java.base@11.0.8)
 137:           178           7120  java.lang.invoke.BoundMethodHandle$Species_LL (java.base@11.0.8)
 138:           294           7056  javax.management.ImmutableDescriptor (java.management@11.0.8)
 139:           291           6984  org.eclipse.jetty.util.TreeTrie
 140:           217           6944  sun.nio.fs.UnixPath (java.base@11.0.8)
 141:           144           6912  org.apache.activemq.artemis.core.protocol.core.impl.wireformat.SessionAcknowledgeMessage
 142:           142           6816  org.apache.activemq.artemis.core.journal.impl.JournalImpl$5
 143:           281           6744  java.util.ImmutableCollections$Set12 (java.base@11.0.8)
 144:           105           6720  java.util.jar.JarFile (java.base@11.0.8)
 145:           104           6656  java.util.zip.ZipFile$Source (java.base@11.0.8)
 146:           207           6624  io.netty.util.internal.LongAdderCounter
 147:           112           6504  [Ljava.lang.invoke.MethodHandle; (java.base@11.0.8)
 148:           116           6496  java.io.FileCleanable (java.base@11.0.8)
 149:           135           6480  java.util.Hashtable (java.base@11.0.8)
 150:            91           6440  [Ljavax.management.MBeanOperationInfo; (java.management@11.0.8)
 151:            89           6408  java.beans.PropertyDescriptor (java.desktop@11.0.8)
 152:           263           6312  java.lang.Class$AnnotationData (java.base@11.0.8)
 153:           263           6312  java.lang.Long (java.base@11.0.8)
 154:           263           6312  org.apache.logging.log4j.message.DefaultFlowMessageFactory
 155:           263           6312  org.apache.logging.log4j.spi.AbstractLogger$LocalLogBuilder
 156:           258           6192  org.apache.qpid.proton.amqp.UnsignedLong
 157:           256           6144  sun.reflect.generics.tree.SimpleClassTypeSignature (java.base@11.0.8)
 158:           250           6000  com.sun.jmx.mbeanserver.PerInterface$MethodAndSig (java.management@11.0.8)
 159:           107           5992  java.lang.Module (java.base@11.0.8)
 160:           185           5920  io.netty.util.concurrent.DefaultPromise
 161:           182           5824  java.util.concurrent.CountDownLatch$Sync (java.base@11.0.8)
 162:           145           5800  org.apache.activemq.artemis.core.server.impl.RefsOperation
 163:           239           5736  java.util.concurrent.atomic.AtomicLong (java.base@11.0.8)
 164:           142           5680  org.apache.activemq.artemis.core.journal.impl.JournalImpl$8
 165:           118           5664  java.util.TreeMap (java.base@11.0.8)
 166:           225           5400  org.apache.logging.log4j.core.config.plugins.util.PluginType
 167:           111           5328  java.util.logging.LogManager$LoggerWeakRef (java.logging@11.0.8)
 168:           165           5280  org.apache.activemq.artemis.api.core.SimpleString
 169:           327           5232  io.netty.util.collection.IntObjectHashMap$1
 170:           327           5232  io.netty.util.collection.IntObjectHashMap$EntrySet
 171:           327           5232  io.netty.util.collection.IntObjectHashMap$KeySet
 172:           130           5200  org.eclipse.jetty.io.ByteBufferPool$Bucket
 173:           160           5120  io.netty.handler.codec.CodecOutputList
 174:            80           5120  java.lang.invoke.BoundMethodHandle$Species_LLLLLLIIL (java.base@11.0.8)
 175:           211           5064  java.util.zip.Inflater$InflaterZStreamRef (java.base@11.0.8)
 176:           105           5040  jdk.internal.loader.URLClassPath$JarLoader (java.base@11.0.8)
 177:           153           4896  com.sun.jmx.mbeanserver.ConvertingMethod (java.management@11.0.8)
 178:           203           4872  java.util.concurrent.ConcurrentLinkedQueue (java.base@11.0.8)
 179:           256           4840  [Lsun.reflect.generics.tree.TypeArgument; (java.base@11.0.8)
 180:           121           4840  java.io.FileDescriptor (java.base@11.0.8)
 181:           100           4800  javax.management.MBeanInfo (java.management@11.0.8)
 182:           294           4704  org.eclipse.jetty.util.thread.AutoLock
 183:           293           4688  java.lang.ref.ReferenceQueue$Lock (java.base@11.0.8)
 184:           145           4640  org.apache.activemq.artemis.core.protocol.core.ServerSessionPacketHandler$1
 185:           192           4608  com.sun.org.apache.xerces.internal.util.SymbolHash$Entry (java.xml@11.0.8)
 186:           144           4608  java.io.File (java.base@11.0.8)
 187:           114           4560  java.math.BigInteger (java.base@11.0.8)
 188:           187           4488  java.util.ArrayDeque (java.base@11.0.8)
 189:           110           4400  java.security.ProtectionDomain (java.base@11.0.8)
 190:           182           4368  java.time.LocalDate (java.base@11.0.8)
 191:           136           4352  org.eclipse.jetty.util.IncludeExcludeSet
 192:           180           4320  io.netty.channel.unix.FileDescriptor
 193:           180           4320  io.netty.util.internal.ThreadExecutorMap$1
 194:           108           4320  java.lang.ref.Finalizer (java.base@11.0.8)
 195:           108           4320  java.security.CodeSource (java.base@11.0.8)
 196:           180           4320  java.util.Collections$SetFromMap (java.base@11.0.8)
 197:           268           4288  java.util.HashSet (java.base@11.0.8)
 198:           133           4256  java.lang.module.ModuleDescriptor$Requires (java.base@11.0.8)
 199:           262           4192  org.apache.logging.log4j.message.ParameterizedMessageFactory
 200:           259           4144  java.lang.Byte (java.base@11.0.8)
 201:           259           4144  java.lang.Short (java.base@11.0.8)
 202:           258           4128  org.apache.qpid.proton.amqp.UnsignedInteger
 203:           103           4120  io.netty.buffer.PoolThreadCache$MemoryRegionCache$Entry
 204:           257           4112  org.apache.qpid.proton.amqp.UnsignedShort
 205:           171           4104  java.util.ImmutableCollections$SetN (java.base@11.0.8)
 206:           256           4096  org.apache.qpid.proton.amqp.UnsignedByte
 207:           254           4064  sun.reflect.generics.tree.ClassTypeSignature (java.base@11.0.8)
 208:           168           4032  org.eclipse.jetty.util.component.ContainerLifeCycle$Bean
 209:            40           4000  [Lio.netty.buffer.PoolThreadCache$MemoryRegionCache;
 210:           166           3984  jdk.internal.module.ServicesCatalog$ServiceProvider (java.base@11.0.8)
 211:            98           3920  java.io.ObjectStreamField (java.base@11.0.8)
 212:            61           3904  java.lang.module.ModuleDescriptor (java.base@11.0.8)
 213:            80           3840  org.eclipse.jetty.http.HttpHeader
 214:            24           3648  io.netty.buffer.PoolArena$DirectArena
 215:            24           3648  io.netty.buffer.PoolArena$HeapArena
 216:           166           3608  [Ljava.lang.reflect.Type; (java.base@11.0.8)
 217:            45           3600  sun.net.www.protocol.jar.URLJarFile (java.base@11.0.8)
 218:           112           3584  java.io.RandomAccessFile (java.base@11.0.8)
 219:            88           3520  java.lang.invoke.MethodHandleImpl$AsVarargsCollector (java.base@11.0.8)
 220:           145           3480  java.util.Collections$SingletonList (java.base@11.0.8)
 221:           144           3456  org.apache.activemq.artemis.core.transaction.impl.TransactionImpl$2
 222:           142           3408  org.apache.activemq.artemis.core.persistence.impl.journal.codec.RefEncoding
 223:           105           3360  java.util.zip.ZipFile$CleanableResource (java.base@11.0.8)
 224:            60           3360  jdk.internal.module.ModuleReferenceImpl (java.base@11.0.8)
 225:           164           3288  [Lcom.sun.jmx.mbeanserver.MXBeanMapping; (java.management@11.0.8)
 226:           136           3264  org.eclipse.jetty.webapp.ClassMatcher$ByClass
 227:           136           3264  org.eclipse.jetty.webapp.ClassMatcher$ByLocationOrModule
 228:           136           3264  org.eclipse.jetty.webapp.ClassMatcher$ByModule
 229:           136           3264  org.eclipse.jetty.webapp.ClassMatcher$ByPackageOrName
 230:            81           3240  java.lang.invoke.DirectMethodHandle$Special (java.base@11.0.8)
 231:            80           3200  com.sun.management.internal.DiagnosticCommandArgumentInfo (jdk.management@11.0.8)
 232:           200           3200  com.sun.proxy.$Proxy14
 233:            99           3168  java.util.logging.LogManager$LogNode (java.logging@11.0.8)
 234:            36           3168  jdk.internal.reflect.DelegatingClassLoader (java.base@11.0.8)
 235:           196           3136  java.util.Collections$SingletonSet (java.base@11.0.8)
 236:            49           3136  javax.management.openmbean.OpenMBeanAttributeInfoSupport (java.management@11.0.8)
 237:            77           3080  com.sun.beans.introspect.PropertyInfo (java.desktop@11.0.8)
 238:           191           3056  java.util.LinkedHashSet (java.base@11.0.8)
 239:           190           3040  com.sun.proxy.$Proxy31
 240:           190           3040  java.util.concurrent.atomic.AtomicInteger (java.base@11.0.8)
 241:           113           2992  [Ljavax.management.ObjectName$Property; (java.management@11.0.8)
 242:            93           2976  java.lang.ThreadLocal$ThreadLocalMap$Entry (java.base@11.0.8)
 243:           182           2912  java.util.concurrent.CountDownLatch (java.base@11.0.8)
 244:           180           2880  io.netty.channel.kqueue.KQueueEventLoop$1
 245:           180           2880  java.lang.ThreadLocal (java.base@11.0.8)
 246:           178           2848  java.util.Collections$UnmodifiableSet (java.base@11.0.8)
 247:           118           2832  javax.management.ObjectName$Property (java.management@11.0.8)
 248:           176           2816  java.util.concurrent.atomic.AtomicBoolean (java.base@11.0.8)
 249:            32           2816  java.util.regex.Pattern (java.base@11.0.8)
 250:            47           2752  [Lcom.sun.org.apache.xerces.internal.util.SymbolHash$Entry; (java.xml@11.0.8)
 251:            49           2744  java.util.logging.Logger (java.logging@11.0.8)
 252:           111           2664  java.util.ImmutableCollections$List12 (java.base@11.0.8)
 253:           163           2608  com.sun.proxy.$Proxy32
 254:            30           2528  [Ljava.lang.ThreadLocal$ThreadLocalMap$Entry; (java.base@11.0.8)
 255:           104           2496  java.util.zip.ZipFile$Source$Key (java.base@11.0.8)
 256:           151           2416  java.util.ImmutableCollections$ListN (java.base@11.0.8)
 257:           151           2416  java.util.WeakHashMap$KeySet (java.base@11.0.8)
 258:            60           2400  java.io.FilePermission (java.base@11.0.8)
 259:            30           2400  java.lang.invoke.BoundMethodHandle$Species_LLLLLLLLLIILL (java.base@11.0.8)
 260:            49           2352  java.lang.invoke.BoundMethodHandle$SpeciesData (java.base@11.0.8)
 261:             2           2328  [Lorg.eclipse.jetty.http.HttpStatus$Code;
 262:            97           2328  com.sun.beans.introspect.MethodInfo (java.desktop@11.0.8)
 263:            97           2328  java.util.Collections$UnmodifiableRandomAccessList (java.base@11.0.8)
 264:            18           2304  io.netty.util.internal.InternalThreadLocalMap
 265:            41           2296  java.security.Provider$Service (java.base@11.0.8)
 266:            41           2296  javax.management.openmbean.CompositeType (java.management@11.0.8)
 267:            95           2280  java.security.Provider$ServiceKey (java.base@11.0.8)
 268:            71           2272  com.sun.org.apache.xerces.internal.xni.QName (java.xml@11.0.8)
 269:            46           2208  io.airlift.airline.model.CommandMetadata
 270:           136           2176  org.eclipse.jetty.webapp.ClassMatcher$ByLocation
 271:           136           2176  org.eclipse.jetty.webapp.ClassMatcher$ByPackage
 272:            89           2136  sun.reflect.generics.factory.CoreReflectionFactory (java.base@11.0.8)
 273:            66           2112  java.lang.invoke.LambdaForm$Kind (java.base@11.0.8)
 274:            66           2112  java.security.Permissions (java.base@11.0.8)
 275:            23           2104  [[B (java.base@11.0.8)
 276:           130           2080  java.lang.Character (java.base@11.0.8)
 277:             1           2064  [Lorg.eclipse.jetty.http.HttpGenerator$PreparedResponse;
 278:            86           2064  org.apache.qpid.proton.amqp.Symbol
 279:            50           2000  java.util.logging.Logger$ConfigurationData (java.logging@11.0.8)
 280:            50           2000  org.apache.activemq.artemis.utils.actors.OrderedExecutor
 281:            62           1984  jdk.internal.reflect.UnsafeObjectFieldAccessorImpl (java.base@11.0.8)
 282:            41           1968  com.sun.management.internal.DiagnosticCommandInfo (jdk.management@11.0.8)
 283:            82           1968  jdk.internal.reflect.NativeMethodAccessorImpl (java.base@11.0.8)
 284:            49           1960  [Ljava.lang.invoke.BoundMethodHandle$SpeciesData; (java.base@11.0.8)
 285:            61           1952  org.eclipse.jetty.http.HttpStatus$Code
 286:            81           1944  sun.reflect.generics.reflectiveObjects.ParameterizedTypeImpl (java.base@11.0.8)
 287:            14           1896  [Ljava.lang.ClassValue$Entry; (java.base@11.0.8)
 288:            13           1872  [Lio.netty.buffer.LongPriorityQueue;
 289:            78           1872  io.netty.util.Recycler$DefaultHandle
 290:            46           1840  java.security.AccessControlContext (java.base@11.0.8)
 291:            76           1824  java.util.Arrays$ArrayList (java.base@11.0.8)
 292:            76           1824  java.util.concurrent.locks.AbstractQueuedSynchronizer$ConditionObject (java.base@11.0.8)
 293:            57           1824  javax.management.ObjectName (java.management@11.0.8)
 294:            74           1776  jdk.internal.loader.AbstractClassLoaderValue$Sub (java.base@11.0.8)
 295:            37           1776  org.eclipse.jetty.http.pathmap.ServletPathSpec
 296:           110           1760  [Ljava.security.Principal; (java.base@11.0.8)
 297:           110           1760  java.security.ProtectionDomain$Key (java.base@11.0.8)
 298:             3           1704  org.jctools.queues.MpscUnboundedArrayQueue
 299:            53           1696  sun.nio.fs.UnixFileKey (java.base@11.0.8)
 300:            30           1680  [Lorg.apache.activemq.artemis.utils.collections.LinkedListImpl$Iterator;
 301:           104           1664  sun.nio.fs.UnixFileAttributes$UnixAsBasicFileAttributes (java.base@11.0.8)
 302:            68           1632  org.eclipse.jetty.webapp.ClassMatcher
 303:            40           1600  org.eclipse.jetty.http.HttpMethod
 304:            18           1584  io.netty.buffer.PooledUnsafeDirectByteBuf
 305:            33           1584  java.time.temporal.ValueRange (java.base@11.0.8)
 306:            32           1536  com.sun.org.apache.xerces.internal.impl.dv.xs.DecimalDV$XDecimal (java.xml@11.0.8)
 307:            48           1536  com.sun.org.apache.xerces.internal.impl.xs.traversers.OneAttr (java.xml@11.0.8)
 308:            19           1520  org.eclipse.jetty.servlet.FilterHolder
 309:            38           1520  sun.reflect.generics.repository.MethodRepository (java.base@11.0.8)
 310:            47           1504  com.sun.org.apache.xerces.internal.util.SymbolHash (java.xml@11.0.8)
 311:            47           1504  java.util.Vector (java.base@11.0.8)
 312:             4           1504  org.apache.logging.log4j.core.util.Log4jThread
 313:             2           1448  [Ljava.time.LocalDateTime; (java.base@11.0.8)
 314:            60           1440  java.lang.module.ResolvedModule (java.base@11.0.8)
 315:            45           1440  java.util.zip.ZipFile$CleanableResource$FinalizableResource (java.base@11.0.8)
 316:            60           1440  jdk.internal.module.SystemModuleFinders$2 (java.base@11.0.8)
 317:            60           1440  jdk.internal.module.SystemModuleFinders$SystemModuleReader (java.base@11.0.8)
 318:            30           1440  org.apache.activemq.artemis.utils.collections.LinkedListImpl
 319:            59           1416  java.io.FilePermissionCollection (java.base@11.0.8)
 320:            59           1416  jdk.internal.loader.BuiltinClassLoader$LoadedModule (java.base@11.0.8)
 321:            59           1416  org.eclipse.jetty.http.HttpGenerator$PreparedResponse
 322:            44           1408  org.jolokia.config.ConfigKey
 323:            58           1392  com.sun.org.apache.xerces.internal.util.SymbolTable$Entry (java.xml@11.0.8)
 324:            87           1392  jdk.internal.reflect.DelegatingMethodAccessorImpl (java.base@11.0.8)
 325:             1           1376  [Ljdk.internal.math.FDBigInteger; (java.base@11.0.8)
 326:            57           1368  java.util.jar.Manifest (java.base@11.0.8)
 327:            13           1352  org.eclipse.jetty.servlet.ServletHolder
 328:            56           1344  java.lang.module.ModuleDescriptor$Provides (java.base@11.0.8)
 329:            42           1344  java.util.concurrent.atomic.LongAdder (java.base@11.0.8)
 330:            56           1344  javax.xml.namespace.QName (java.xml@11.0.8)
 331:             8           1336  [Ljava.beans.MethodDescriptor; (java.desktop@11.0.8)
 332:            79           1336  [Lsun.reflect.generics.tree.FormalTypeParameter; (java.base@11.0.8)
 333:            41           1312  com.sun.management.internal.DiagnosticCommandImpl$Wrapper (jdk.management@11.0.8)
 334:            41           1312  sun.reflect.generics.repository.ClassRepository (java.base@11.0.8)
 335:            40           1296  [Ljava.math.BigInteger; (java.base@11.0.8)
 336:            27           1296  javax.management.openmbean.TabularType (java.management@11.0.8)
 337:            27           1296  org.apache.commons.beanutils.converters.ArrayConverter
 338:            41           1264  [Lcom.sun.org.apache.xerces.internal.impl.xs.traversers.OneAttr; (java.xml@11.0.8)
 339:            51           1224  com.sun.jmx.mbeanserver.NamedObject (java.management@11.0.8)
 340:            51           1224  sun.reflect.generics.scope.ClassScope (java.base@11.0.8)
 341:            38           1216  sun.reflect.generics.tree.MethodTypeSignature (java.base@11.0.8)
 342:            30           1200  java.time.temporal.ChronoField (java.base@11.0.8)
 343:             5           1200  org.apache.activemq.artemis.core.remoting.impl.netty.NettyAcceptor
 344:            50           1200  org.eclipse.jetty.servlet.Source
 345:            37           1184  io.netty.channel.ChannelOption
 346:            37           1184  java.lang.invoke.VarHandle$AccessDescriptor (java.base@11.0.8)
 347:            21           1176  org.apache.logging.log4j.core.util.datetime.FixedDateFormat$FixedFormat
 348:            29           1160  com.sun.jmx.mbeanserver.PerInterface (java.management@11.0.8)
 349:            29           1160  java.lang.invoke.VarHandleObjects$FieldInstanceReadWrite (java.base@11.0.8)
 350:            48           1152  java.security.Provider$UString (java.base@11.0.8)
 351:            48           1152  java.util.regex.Pattern$BmpCharPropertyGreedy (java.base@11.0.8)
 352:            71           1136  com.sun.proxy.$Proxy8
 353:            47           1128  org.eclipse.jetty.servlet.ServletHandler$MappedServlet
 354:            28           1120  java.math.BigDecimal (java.base@11.0.8)
 355:            20           1120  javax.management.openmbean.ArrayType (java.management@11.0.8)
 356:            46           1104  org.eclipse.jetty.webapp.ClassMatcher$ClassEntry
 357:             8           1088  org.apache.qpid.proton.codec.EncoderImpl
 358:            34           1088  sun.reflect.annotation.AnnotationType (java.base@11.0.8)
 359:            15           1080  java.util.ResourceBundle$CacheKey (java.base@11.0.8)
 360:             2           1056  [Ljava.lang.Byte; (java.base@11.0.8)
 361:             2           1056  [Ljava.lang.Long; (java.base@11.0.8)
 362:             2           1056  [Ljava.lang.Short; (java.base@11.0.8)
 363:            48           1056  [Ljavax.management.MBeanConstructorInfo; (java.management@11.0.8)
 364:             1           1040  [Lorg.apache.activemq.artemis.utils.collections.TypedProperties$ByteValue;
 365:             1           1040  [Lorg.apache.activemq.openwire.DataStreamMarshaller;
 366:             1           1040  [Lorg.apache.qpid.proton.amqp.UnsignedByte;
 367:             1           1040  [Lorg.apache.qpid.proton.amqp.UnsignedInteger;
 368:             1           1040  [Lorg.apache.qpid.proton.amqp.UnsignedLong;
 369:             1           1040  [Lorg.apache.qpid.proton.amqp.UnsignedShort;
 370:            13           1040  io.netty.buffer.PoolChunk
 371:            26           1040  java.lang.invoke.DirectMethodHandle$Interface (java.base@11.0.8)
 372:            65           1040  java.security.SecureClassLoader$CodeSourceKey (java.base@11.0.8)
 373:            65           1040  java.util.HashMap$EntrySet (java.base@11.0.8)
 374:            26           1040  java.util.IdentityHashMap (java.base@11.0.8)
 375:            65           1040  org.eclipse.jetty.io.AbstractByteBufferPool$$Lambda$290/0x000000080044a440
 376:            65           1040  org.eclipse.jetty.io.AbstractByteBufferPool$$Lambda$291/0x0000000800449840
 377:            43           1032  java.util.regex.Pattern$BmpCharProperty (java.base@11.0.8)
 378:            41           1024  [Lcom.sun.management.internal.DiagnosticCommandArgumentInfo; (jdk.management@11.0.8)
 379:            32           1024  java.util.concurrent.atomic.AtomicIntegerFieldUpdater$AtomicIntegerFieldUpdaterImpl (java.base@11.0.8)
 380:            15           1016  [Ljava.beans.PropertyDescriptor; (java.desktop@11.0.8)
 381:             7           1008  [Ljava.lang.invoke.MemberName; (java.base@11.0.8)
 382:            55           1008  [Lsun.reflect.generics.tree.FieldTypeSignature; (java.base@11.0.8)
 383:            21           1008  java.util.concurrent.ThreadPoolExecutor$Worker (java.base@11.0.8)
 384:             3           1008  org.apache.activemq.artemis.core.server.impl.QueueImpl
 385:            34           1000  [Ljava.security.ProtectionDomain; (java.base@11.0.8)
 386:            31            992  java.lang.invoke.VarHandle$AccessMode (java.base@11.0.8)
 387:            62            992  java.util.HashMap$KeySet (java.base@11.0.8)
 388:            31            992  java.util.concurrent.locks.AbstractQueuedSynchronizer$Node (java.base@11.0.8)
 389:            41            984  sun.reflect.generics.tree.ClassSignature (java.base@11.0.8)
 390:            10            968  [D (java.base@11.0.8)
 391:            60            960  com.sun.proxy.$Proxy15
 392:            12            960  java.lang.invoke.BoundMethodHandle$Species_LLLLLLLLIILL (java.base@11.0.8)
 393:            30            960  java.security.Provider$EngineDescription (java.base@11.0.8)
 394:            30            960  java.util.ResourceBundle$KeyElementReference (java.base@11.0.8)
 395:            30            960  org.apache.activemq.artemis.utils.collections.LinkedListImpl$NodeHolder
 396:            24            960  org.apache.activemq.artemis.utils.critical.CriticalMeasure
 397:            40            960  org.apache.qpid.proton.engine.Event$Type
 398:            41            944  [Lsun.reflect.generics.tree.ClassTypeSignature; (java.base@11.0.8)
 399:            13            936  java.util.concurrent.ScheduledThreadPoolExecutor$ScheduledFutureTask (java.base@11.0.8)
 400:             3            936  org.apache.activemq.artemis.core.settings.impl.AddressSettings
 401:            13            936  org.apache.logging.log4j.core.config.LoggerConfig
 402:            39            936  org.eclipse.jetty.webapp.ClassMatcher$PackageEntry
 403:            29            928  java.util.RegularEnumSet (java.base@11.0.8)
 404:            58            928  jdk.internal.module.SystemModuleFinders$3 (java.base@11.0.8)
 405:            29            928  org.eclipse.jetty.util.resource.PathResource
 406:            23            920  com.sun.jmx.mbeanserver.MXBeanSupport (java.management@11.0.8)
 407:            57            912  java.util.jar.Attributes (java.base@11.0.8)
 408:            19            912  org.eclipse.jetty.http.MimeTypes$Type
 409:            38            912  sun.reflect.generics.scope.MethodScope (java.base@11.0.8)
 410:            28            896  [Ljava.io.ObjectStreamField; (java.base@11.0.8)
 411:            28            896  org.apache.logging.log4j.core.config.builder.api.Component
 412:            37            888  java.lang.invoke.Invokers (java.base@11.0.8)
 413:            37            888  java.util.regex.Pattern$GroupHead (java.base@11.0.8)
 414:            37            888  java.util.regex.Pattern$GroupTail (java.base@11.0.8)
 415:            37            888  org.eclipse.jetty.http.pathmap.MappedResource
 416:             3            888  org.eclipse.jetty.webapp.WebAppContext
 417:            55            880  com.sun.proxy.$Proxy9
 418:            27            872  [Ljava.time.format.DateTimeFormatterBuilder$DateTimePrinterParser; (java.base@11.0.8)
 419:            36            864  com.sun.org.apache.xerces.internal.impl.xs.traversers.SmallContainer (java.xml@11.0.8)
 420:            36            864  io.netty.util.Recycler$LocalPool
 421:            53            848  org.apache.commons.beanutils.converters.ConverterFacade
 422:            35            840  io.netty.util.internal.logging.LocationAwareSlf4JLogger
 423:            35            840  java.lang.management.ManagementPermission (java.management@11.0.8)
 424:            15            840  sun.util.calendar.ZoneInfo (java.base@11.0.8)
 425:            13            832  java.lang.ClassValue$ClassValueMap (java.base@11.0.8)
 426:            52            832  org.apache.activemq.artemis.utils.actors.ProcessorBase$$Lambda$179/0x000000080035ec40
 427:            34            816  java.lang.ProcessEnvironment$Value (java.base@11.0.8)
 428:            34            816  java.lang.ProcessEnvironment$Variable (java.base@11.0.8)
 429:            34            816  java.util.concurrent.ConcurrentHashMap$KeySetView (java.base@11.0.8)
 430:            34            816  org.apache.activemq.artemis.core.management.impl.view.QueueField
 431:            10            800  [Lio.netty.handler.codec.CodecOutputList;
 432:             5            800  [Lio.netty.util.concurrent.EventExecutor;
 433:            25            800  io.airlift.airline.model.ArgumentsMetadata
 434:            25            800  java.util.concurrent.atomic.AtomicLongFieldUpdater$CASUpdater (java.base@11.0.8)
 435:            14            784  javax.management.openmbean.OpenMBeanParameterInfoSupport (java.management@11.0.8)
 436:            48            768  com.google.common.collect.RegularImmutableList
 437:            16            768  com.sun.beans.util.Cache$Kind$Soft (java.desktop@11.0.8)
 438:            32            768  com.sun.jmx.mbeanserver.DefaultMXBeanMappingFactory$IdentityMapping (java.management@11.0.8)
 439:            24            768  com.sun.jmx.mbeanserver.WeakIdentityHashMap$IdentityWeakReference (java.management@11.0.8)
 440:             2            752  [Ljava.time.ZoneOffset; (java.base@11.0.8)
 441:            47            752  com.sun.proxy.$Proxy16
 442:            23            736  [Ljava.lang.invoke.LambdaFormEditor$Transform; (java.base@11.0.8)
 443:            46            736  java.util.HashMap$Values (java.base@11.0.8)
 444:            27            720  [Ljavax.xml.namespace.QName; (java.xml@11.0.8)
 445:            30            720  java.lang.ThreadLocal$ThreadLocalMap (java.base@11.0.8)
 446:             9            720  java.lang.invoke.BoundMethodHandle$Species_LLLLLLLLLLLLL (java.base@11.0.8)
 447:            15            720  java.util.ResourceBundle$BundleReference (java.base@11.0.8)
 448:            30            720  org.apache.activemq.artemis.utils.Suppliers$MemoizingSupplier
 449:             2            672  [Lorg.eclipse.jetty.http.HttpHeader;
 450:            28            672  org.apache.activemq.artemis.api.core.management.CoreNotificationType
 451:             6            672  org.apache.activemq.artemis.core.persistence.impl.journal.OperationContextImpl
 452:            38            664  [Lsun.reflect.generics.tree.TypeSignature; (java.base@11.0.8)
 453:            14            648  [S (java.base@11.0.8)
 454:            27            648  java.time.format.DateTimeFormatterBuilder$CompositePrinterParser (java.base@11.0.8)
 455:            27            648  java.util.regex.Pattern$CharPropertyGreedy (java.base@11.0.8)
 456:             9            648  org.apache.activemq.artemis.core.journal.impl.JournalFileImpl
 457:             8            640  [Ljava.util.concurrent.RunnableScheduledFuture; (java.base@11.0.8)
 458:             8            640  [Lorg.apache.activemq.artemis.utils.collections.ConcurrentLongHashMap$Section;
 459:             8            640  com.google.common.cache.LocalCache$Segment
 460:            20            640  io.netty.buffer.PoolThreadCache$NormalMemoryRegionCache
 461:            10            640  io.netty.channel.ChannelOutboundBuffer$Entry
 462:            10            640  java.lang.invoke.BoundMethodHandle$Species_LLLLLLII (java.base@11.0.8)
 463:            16            640  java.lang.invoke.DirectMethodHandle$Constructor (java.base@11.0.8)
 464:            20            640  java.net.InetAddress$InetAddressHolder (java.base@11.0.8)
 465:            20            640  java.util.Collections$UnmodifiableMap (java.base@11.0.8)
 466:             8            640  java.util.concurrent.ScheduledThreadPoolExecutor (java.base@11.0.8)
 467:            20            640  org.apache.activemq.artemis.utils.AbstractLatch$CountSync
 468:            20            640  org.eclipse.jetty.http.PreEncodedHttpField
 469:             3            624  [Ljava.lang.invoke.LambdaForm; (java.base@11.0.8)
 470:            26            624  com.sun.jmx.mbeanserver.StandardMBeanSupport (java.management@11.0.8)
 471:            13            624  io.netty.buffer.PoolThreadCache
 472:            26            624  java.time.LocalTime (java.base@11.0.8)
 473:            13            624  java.util.concurrent.locks.ReentrantReadWriteLock$NonfairSync (java.base@11.0.8)
 474:             6            616  [[Ljava.lang.Object; (java.base@11.0.8)
 475:            38            608  com.sun.proxy.$Proxy11
 476:            19            608  java.lang.ClassValue$Entry (java.base@11.0.8)
 477:            19            608  java.time.format.DateTimeFormatterBuilder$NumberPrinterParser (java.base@11.0.8)
 478:            19            608  javax.management.MBeanConstructorInfo (java.management@11.0.8)
 479:            19            608  org.eclipse.jetty.servlet.FilterMapping
 480:            33            600  [Ljava.lang.reflect.TypeVariable; (java.base@11.0.8)
 481:            15            600  java.time.format.DateTimeFormatter (java.base@11.0.8)
 482:            15            600  java.util.concurrent.atomic.LongAccumulator (java.base@11.0.8)
 483:             1            592  org.apache.activemq.artemis.core.config.impl.FileConfiguration
 484:            12            576  com.sun.org.apache.xerces.internal.util.XMLAttributesImpl$Attribute (java.xml@11.0.8)
 485:            24            576  com.sun.org.apache.xerces.internal.util.XMLStringBuffer (java.xml@11.0.8)
 486:             8            576  java.lang.invoke.BoundMethodHandle$Species_LLLLLLLIIL (java.base@11.0.8)
 487:             4            576  java.text.DecimalFormat (java.base@11.0.8)
 488:             6            576  org.apache.activemq.artemis.core.protocol.core.impl.ChannelImpl
 489:            12            576  org.apache.activemq.artemis.utils.ActiveMQThreadFactory
 490:            24            576  org.apache.activemq.artemis.utils.critical.CriticalMeasure$1
 491:             8            576  sun.nio.ch.FileChannelImpl (java.base@11.0.8)
 492:             6            576  sun.nio.ch.KQueueSelectorImpl (java.base@11.0.8)
 493:             6            576  sun.util.calendar.Gregorian$Date (java.base@11.0.8)
 494:             2            560  [Lorg.eclipse.jetty.io.ByteBufferPool$Bucket;
 495:            10            560  java.util.Properties (java.base@11.0.8)
 496:             7            560  java.util.concurrent.TimeUnit (java.base@11.0.8)
 497:            14            560  javax.management.openmbean.SimpleType (java.management@11.0.8)
 498:             7            560  org.apache.activemq.artemis.utils.SizeAwareMetric
 499:             2            544  [Ljava.lang.Character; (java.base@11.0.8)
 500:             2            544  [Lorg.eclipse.jetty.io.ArrayRetainableByteBufferPool$Bucket;
 501:            34            544  com.sun.proxy.$Proxy20
 502:             1            528  [Ljava.util.TimerTask; (java.base@11.0.8)
 503:            11            528  com.sun.jmx.mbeanserver.DefaultMXBeanMappingFactory$CompositeMapping (java.management@11.0.8)
 504:            22            528  java.util.regex.Pattern$BitClass (java.base@11.0.8)
 505:             3            528  org.apache.activemq.artemis.core.paging.impl.PagingStoreImpl
 506:             4            520  [Ljava.util.concurrent.ConcurrentMap; (java.base@11.0.8)
 507:            13            520  io.netty.buffer.LongLongHashMap
 508:             5            520  io.netty.channel.kqueue.KQueueServerSocketChannel
 509:            13            520  org.apache.activemq.artemis.core.version.impl.VersionImpl
 510:            13            520  org.eclipse.jetty.util.ArrayTrie
 511:            16            512  java.time.temporal.ChronoUnit (java.base@11.0.8)
 512:            16            512  java.util.regex.Pattern$Branch (java.base@11.0.8)
 513:            21            504  com.sun.org.apache.xerces.internal.xni.XMLString (java.xml@11.0.8)
 514:            21            504  java.util.AbstractMap$SimpleImmutableEntry (java.base@11.0.8)
 515:             9            504  org.apache.activemq.artemis.core.io.nio.NIOSequentialFile
 516:             9            504  org.eclipse.jetty.servlet.ListenerHolder
 517:             7            496  [Lsun.invoke.util.Wrapper; (java.base@11.0.8)
 518:            31            496  jdk.internal.reflect.BootstrapConstructorAccessorImpl (java.base@11.0.8)
 519:             3            480  com.sun.org.apache.xerces.internal.impl.xs.SchemaGrammar$BuiltinSchemaGrammar (java.xml@11.0.8)
 520:             6            480  org.eclipse.jetty.io.ManagedSelector
 521:             6            480  org.eclipse.jetty.util.thread.strategy.AdaptiveExecutionStrategy
 522:            10            480  sun.invoke.util.Wrapper (java.base@11.0.8)
 523:            21            464  [Ljavax.management.MBeanNotificationInfo; (java.management@11.0.8)
 524:            19            456  java.time.Duration (java.base@11.0.8)
 525:             3            456  org.eclipse.jetty.server.session.SessionHandler
 526:            19            456  org.eclipse.jetty.servlet.FilterHolder$Config
 527:             2            448  [Lorg.apache.activemq.artemis.api.core.ActiveMQExceptionType;
 528:             4            448  java.util.GregorianCalendar (java.base@11.0.8)
 529:             8            448  org.apache.qpid.proton.codec.ArrayType
 530:             8            448  sun.management.MemoryPoolImpl (java.management@11.0.8)
 531:            18            432  java.text.DateFormat$Field (java.base@11.0.8)
 532:             6            432  java.util.concurrent.ThreadPoolExecutor (java.base@11.0.8)
 533:             9            432  org.apache.activemq.artemis.core.server.impl.QueueMessageMetrics
 534:            18            432  org.apache.commons.logging.impl.Jdk14Logger
 535:            18            432  org.apache.logging.log4j.core.pattern.PatternFormatter
 536:             3            432  org.eclipse.jetty.servlet.ServletHandler
 537:             6            432  org.eclipse.jetty.util.resource.JarFileResource
 538:            18            432  org.eclipse.jetty.xml.XmlParser$Attribute
 539:             1            424  [Lcom.sun.org.apache.xerces.internal.util.SymbolTable$Entry; (java.xml@11.0.8)
 540:             4            416  com.sun.org.apache.xerces.internal.impl.dv.xs.AbstractDateTimeDV$DateTimeData (java.xml@11.0.8)
 541:            13            416  com.sun.org.apache.xerces.internal.util.AugmentationsImpl$SmallContainer (java.xml@11.0.8)
 542:            26            416  java.util.concurrent.ConcurrentHashMap$ValuesView (java.base@11.0.8)
 543:            13            416  jdk.internal.reflect.UnsafeBooleanFieldAccessorImpl (java.base@11.0.8)
 544:            13            416  org.eclipse.jetty.servlet.ServletMapping
 545:            13            416  sun.security.jca.ProviderConfig (java.base@11.0.8)
 546:            17            408  java.lang.RuntimePermission (java.base@11.0.8)
 547:            17            408  java.util.regex.Pattern$Start (java.base@11.0.8)
 548:            17            408  javax.management.StandardMBean (java.management@11.0.8)
 549:            17            408  jdk.internal.util.jar.JarIndex (java.base@11.0.8)
 550:            17            408  sun.nio.ch.OptionKey (java.base@11.0.8)
 551:            17            408  sun.nio.ch.SocketOptionRegistry$RegistryKey (java.base@11.0.8)
 552:            10            400  com.sun.org.apache.xerces.internal.impl.xpath.regex.RangeToken (java.xml@11.0.8)
 553:            10            400  io.netty.channel.group.DefaultChannelGroup
 554:            10            400  java.lang.OutOfMemoryError (java.base@11.0.8)
 555:             5            400  java.lang.invoke.BoundMethodHandle$Species_LLLLLLLLLLLII (java.base@11.0.8)
 556:            10            400  jdk.internal.reflect.UnsafeQualifiedStaticObjectFieldAccessorImpl (java.base@11.0.8)
 557:             1            400  org.apache.activemq.artemis.core.remoting.server.impl.RemotingServiceImpl$FailureCheckAndFlushThread
 558:             9            392  [Ljava.lang.invoke.MethodType; (java.base@11.0.8)
 559:             7            392  io.netty.channel.DefaultChannelHandlerContext
 560:             4            384  [Lcom.sun.org.apache.xerces.internal.xni.QName; (java.xml@11.0.8)
 561:            16            384  [Ljava.util.regex.Pattern$Node; (java.base@11.0.8)
 562:             6            384  com.google.common.cache.LocalCache$StrongAccessWriteEntry
 563:            16            384  com.sun.org.apache.xerces.internal.impl.xpath.regex.Op$RangeOp (java.xml@11.0.8)
 564:             6            384  io.netty.channel.ChannelOutboundBuffer
 565:             6            384  io.netty.channel.DefaultChannelPipeline$HeadContext
 566:             8            384  java.beans.BeanDescriptor (java.desktop@11.0.8)
 567:             1            384  java.lang.ref.Finalizer$FinalizerThread (java.base@11.0.8)
 568:             1            384  java.util.TimerThread (java.base@11.0.8)
 569:             1            384  java.util.logging.LogManager$Cleaner (java.logging@11.0.8)
 570:             1            384  jdk.internal.misc.InnocuousThread (java.base@11.0.8)
 571:             1            384  org.apache.activemq.artemis.cli.commands.Run$3
 572:            12            384  org.apache.activemq.artemis.commons.shaded.johnzon.core.JsonObjectImpl
 573:             4            384  org.apache.activemq.artemis.core.server.impl.AddressInfo
 574:            12            384  org.apache.logging.log4j.core.config.AwaitCompletionReliabilityStrategy
 575:            16            384  org.apache.qpid.proton.codec.messaging.AcceptedType
 576:            16            384  org.apache.qpid.proton.codec.messaging.AmqpSequenceType
 577:            16            384  org.apache.qpid.proton.codec.messaging.AmqpValueType
 578:            16            384  org.apache.qpid.proton.codec.messaging.ApplicationPropertiesType
 579:            16            384  org.apache.qpid.proton.codec.messaging.DataType
 580:            16            384  org.apache.qpid.proton.codec.messaging.DeliveryAnnotationsType
 581:            16            384  org.apache.qpid.proton.codec.messaging.FooterType
 582:            16            384  org.apache.qpid.proton.codec.messaging.HeaderType
 583:            16            384  org.apache.qpid.proton.codec.messaging.MessageAnnotationsType
 584:            16            384  org.apache.qpid.proton.codec.messaging.PropertiesType
 585:            16            384  org.apache.qpid.proton.codec.transport.DispositionType
 586:            16            384  org.apache.qpid.proton.codec.transport.FlowType
 587:            16            384  org.apache.qpid.proton.codec.transport.TransferType
 588:            16            384  org.apache.qpid.proton.engine.impl.FrameParser$State
 589:            16            384  org.apache.qpid.proton.engine.impl.SaslFrameParser$State
 590:             3            384  org.eclipse.jetty.webapp.WebAppClassLoader
 591:            12            384  sun.reflect.generics.reflectiveObjects.TypeVariableImpl (java.base@11.0.8)
 592:             1            376  java.lang.ref.Reference$ReferenceHandler (java.base@11.0.8)
 593:            10            368  [Ljava.lang.Boolean; (java.base@11.0.8)
 594:            23            368  java.util.TreeSet (java.base@11.0.8)
 595:            23            368  java.util.concurrent.atomic.AtomicReference (java.base@11.0.8)
 596:            23            368  org.apache.activemq.artemis.utils.collections.ConcurrentHashSet
 597:             4            360  [Ljava.lang.Thread; (java.base@11.0.8)
 598:             1            360  com.sun.org.apache.xerces.internal.impl.XMLNSDocumentScannerImpl (java.xml@11.0.8)
 599:             9            360  com.sun.org.apache.xerces.internal.utils.XMLSecurityManager$Limit (java.xml@11.0.8)
 600:             5            360  io.netty.channel.kqueue.KQueueServerSocketChannelConfig
 601:            15            360  io.netty.util.internal.ThreadExecutorMap$2
 602:             9            360  java.lang.ClassLoader$NativeLibrary (java.base@11.0.8)
 603:            15            360  java.util.concurrent.Executors$RunnableAdapter (java.base@11.0.8)
 604:            15            360  java.util.concurrent.locks.ReentrantReadWriteLock (java.base@11.0.8)
 605:             9            360  org.apache.activemq.artemis.core.journal.impl.JournalImpl$3
 606:             9            360  sun.nio.cs.UTF_8$Decoder (java.base@11.0.8)
 607:            11            352  java.util.concurrent.atomic.AtomicReferenceFieldUpdater$AtomicReferenceFieldUpdaterImpl (java.base@11.0.8)
 608:            22            352  java.util.regex.Pattern$$Lambda$26/0x0000000800126840 (java.base@11.0.8)
 609:            22            352  java.util.regex.Pattern$BitClass$$Lambda$25/0x0000000800127440 (java.base@11.0.8)
 610:            11            352  org.eclipse.jetty.http.HttpHeaderValue
 611:            14            336  com.sun.org.apache.xerces.internal.impl.xpath.regex.Op$ChildOp (java.xml@11.0.8)
 612:            21            336  com.sun.proxy.$Proxy3
 613:             6            336  io.netty.channel.DefaultChannelPipeline$TailContext
 614:             6            336  java.nio.DirectLongBufferU (java.base@11.0.8)
 615:            14            336  java.util.Collections$SynchronizedSet (java.base@11.0.8)
 616:            21            336  java.util.IdentityHashMap$KeySet (java.base@11.0.8)
 617:            14            336  java.util.regex.Pattern$$Lambda$158/0x0000000800312040 (java.base@11.0.8)
 618:            14            336  java.util.regex.Pattern$Dollar (java.base@11.0.8)
 619:            14            336  java.util.regex.Pattern$Ques (java.base@11.0.8)
 620:             6            336  org.apache.commons.collections.FastHashMap
 621:             7            336  org.apache.logging.log4j.core.lookup.ConfigurationStrSubstitutor
 622:             7            336  sun.nio.cs.UTF_8$Encoder (java.base@11.0.8)
 623:             7            336  sun.util.resources.Bundles$BundleReference (java.base@11.0.8)
 624:            10            320  com.sun.org.apache.xerces.internal.impl.XMLEntityManager$EncodingInfo (java.xml@11.0.8)
 625:            20            320  com.sun.proxy.$Proxy1
 626:            20            320  com.sun.proxy.$Proxy6
 627:            10            320  io.netty.handler.codec.CodecOutputList$CodecOutputLists
 628:             8            320  java.beans.GenericBeanInfo (java.desktop@11.0.8)
 629:            10            320  java.net.Inet6Address (java.base@11.0.8)
 630:            10            320  java.net.Inet6Address$Inet6AddressHolder (java.base@11.0.8)
 631:             5            320  java.nio.DirectByteBufferR (java.base@11.0.8)
 632:            10            320  javax.management.MBeanNotificationInfo (java.management@11.0.8)
 633:            20            320  org.apache.activemq.artemis.utils.ReusableLatch
 634:             8            320  org.apache.qpid.proton.codec.ArrayType$AllArrayEncoding
 635:             8            320  org.apache.qpid.proton.codec.ArrayType$ShortArrayEncoding
 636:             8            320  sun.management.MemoryPoolImpl$CollectionSensor (java.management@11.0.8)
 637:             8            320  sun.management.MemoryPoolImpl$PoolSensor (java.management@11.0.8)
 638:             6            312  [Lcom.sun.org.apache.xerces.internal.impl.xs.util.SimpleLocator; (java.xml@11.0.8)
 639:             3            312  org.apache.activemq.artemis.core.messagecounter.MessageCounter
 640:            13            312  org.eclipse.jetty.servlet.ServletHolder$Config
 641:            19            304  java.util.concurrent.ConcurrentHashMap$EntrySetView (java.base@11.0.8)
 642:            19            304  java.util.regex.Pattern$$Lambda$38/0x0000000800157440 (java.base@11.0.8)
 643:             2            304  org.apache.activemq.artemis.core.server.impl.ServerSessionImpl
 644:             9            288  com.sun.beans.introspect.ClassInfo (java.desktop@11.0.8)
 645:            12            288  com.sun.org.apache.xerces.internal.impl.xpath.regex.Token$CharToken (java.xml@11.0.8)
 646:             6            288  io.netty.channel.AbstractChannel$CloseFuture
 647:             6            288  io.netty.channel.DefaultChannelPipeline
 648:            12            288  io.netty.channel.VoidChannelPromise
 649:            12            288  java.net.StandardSocketOptions$StdSocketOption (java.base@11.0.8)
 650:             4            288  java.text.DecimalFormatSymbols (java.base@11.0.8)
 651:            12            288  java.time.Month (java.base@11.0.8)
 652:             6            288  java.util.concurrent.LinkedBlockingQueue (java.base@11.0.8)
 653:             9            288  java.util.logging.Level (java.logging@11.0.8)
 654:             9            288  java.util.logging.Level$KnownLevel (java.logging@11.0.8)
 655:            12            288  java.util.regex.Pattern$BmpCharPredicate$$Lambda$73/0x00000008001c1840 (java.base@11.0.8)
 656:             9            288  jdk.internal.org.objectweb.asm.Type (java.base@11.0.8)
 657:             2            288  org.apache.activemq.artemis.core.journal.impl.JournalImpl
 658:             3            288  org.apache.activemq.artemis.core.paging.cursor.impl.PageSubscriptionCounterImpl
 659:             1            288  org.apache.activemq.artemis.core.server.impl.ActiveMQServerImpl
 660:             3            288  org.eclipse.jetty.security.ConstraintSecurityHandler
 661:             9            288  org.eclipse.jetty.util.statistic.SampleStatistic
 662:            12            288  sun.reflect.generics.tree.FormalTypeParameter (java.base@11.0.8)
 663:             1            280  [Ljava.lang.invoke.LambdaForm$Kind; (java.base@11.0.8)
 664:             5            280  io.netty.bootstrap.ServerBootstrap
 665:             5            280  io.netty.channel.kqueue.AbstractKQueueServerChannel$KQueueServerSocketUnsafe
 666:             5            280  java.lang.invoke.BoundMethodHandle$Species_LIILLL (java.base@11.0.8)
 667:             5            280  org.eclipse.jetty.util.thread.ScheduledExecutorScheduler
 668:            17            272  io.netty.channel.$Proxy36
 669:            17            272  java.time.format.DateTimeFormatterBuilder$CharLiteralPrinterParser (java.base@11.0.8)
 670:             2            272  org.apache.activemq.artemis.api.core.QueueConfiguration
 671:            17            272  sun.invoke.util.ValueConversions$WrapperCache (java.base@11.0.8)
 672:            11            264  java.lang.annotation.ElementType (java.base@11.0.8)
 673:            11            264  java.lang.invoke.MethodHandleImpl$Intrinsic (java.base@11.0.8)
 674:            11            264  java.util.concurrent.ConcurrentSkipListMap$Node (java.base@11.0.8)
 675:            11            264  java.util.regex.Pattern$SliceI (java.base@11.0.8)
 676:            11            264  org.apache.activemq.artemis.api.core.ActiveMQExceptionType
 677:            11            264  org.apache.logging.log4j.core.util.datetime.FastDateParser$StrategyAndWidth
 678:            11            264  sun.reflect.generics.repository.FieldRepository (java.base@11.0.8)
 679:             4            256  [Lcom.sun.org.apache.xerces.internal.impl.xs.XSElementDecl; (java.xml@11.0.8)
 680:             2            256  com.google.common.cache.LocalCache
 681:             8            256  com.sun.beans.util.Cache$CacheEntry (java.desktop@11.0.8)
 682:             8            256  java.lang.reflect.ProxyGenerator$PrimitiveTypeInfo (java.base@11.0.8)
 683:             8            256  java.util.concurrent.ScheduledThreadPoolExecutor$DelayedWorkQueue (java.base@11.0.8)
 684:            16            256  java.util.regex.Pattern$BranchConn (java.base@11.0.8)
 685:             8            256  org.apache.logging.log4j.core.lookup.Interpolator
 686:            16            256  org.apache.logging.log4j.core.lookup.SystemPropertiesLookup
 687:             8            256  org.apache.qpid.proton.codec.DecoderImpl
 688:             8            256  org.apache.qpid.proton.codec.ListType
 689:             8            256  org.apache.qpid.proton.codec.ListType$AllListEncoding
 690:             8            256  org.apache.qpid.proton.codec.ListType$ShortListEncoding
 691:             8            256  org.apache.qpid.proton.codec.MapType
 692:             8            256  org.apache.qpid.proton.codec.MapType$AllMapEncoding
 693:             8            256  org.apache.qpid.proton.codec.MapType$ShortMapEncoding
 694:             8            256  org.apache.qpid.proton.codec.StringType$AllStringEncoding
 695:             8            256  org.apache.qpid.proton.codec.StringType$ShortStringEncoding
 696:             8            256  org.apache.qpid.proton.codec.SymbolType
 697:             8            256  org.eclipse.jetty.http.HttpCompliance$Violation
 698:             7            248  [Ljava.lang.annotation.ElementType; (java.base@11.0.8)
 699:             8            248  [Ljava.util.Map$Entry; (java.base@11.0.8)
 700:             3            240  [Lcom.sun.org.apache.xerces.internal.impl.xs.XSComplexTypeDecl; (java.xml@11.0.8)
 701:            10            240  com.sun.org.apache.xerces.internal.impl.XMLScanner$NameType (java.xml@11.0.8)
 702:            15            240  io.netty.util.concurrent.SingleThreadEventExecutor$4
 703:             3            240  java.lang.invoke.BoundMethodHandle$Species_LLLLLLLLLIIL (java.base@11.0.8)
 704:             6            240  java.lang.invoke.MethodHandleImpl$IntrinsicMethodHandle (java.base@11.0.8)
 705:            10            240  java.net.Inet4Address (java.base@11.0.8)
 706:            10            240  java.nio.charset.CoderResult (java.base@11.0.8)
 707:            10            240  java.nio.file.StandardOpenOption (java.base@11.0.8)
 708:             6            240  java.util.Collections$SingletonMap (java.base@11.0.8)
 709:            10            240  java.util.concurrent.LinkedBlockingQueue$Node (java.base@11.0.8)
 710:            15            240  java.util.concurrent.locks.ReentrantReadWriteLock$ReadLock (java.base@11.0.8)
 711:            15            240  java.util.concurrent.locks.ReentrantReadWriteLock$Sync$ThreadLocalHoldCounter (java.base@11.0.8)
 712:            15            240  java.util.concurrent.locks.ReentrantReadWriteLock$WriteLock (java.base@11.0.8)
 713:            15            240  java.util.regex.Pattern$Begin (java.base@11.0.8)
 714:            10            240  org.apache.activemq.artemis.commons.shaded.json.stream.JsonParser$Event
 715:             3            240  org.apache.activemq.artemis.core.paging.cursor.impl.PageSubscriptionImpl
 716:             3            240  org.apache.activemq.artemis.core.paging.impl.PageSyncTimer
 717:            10            240  org.apache.http.message.BasicHeader
 718:             2            240  org.apache.logging.log4j.core.appender.rolling.RollingFileManager
 719:             5            240  org.apache.logging.log4j.core.config.AppenderControl
 720:             3            240  org.apache.logging.log4j.core.util.datetime.FixedDateFormat
 721:             3            240  org.eclipse.jetty.webapp.MetaData
 722:             5            240  sun.util.locale.provider.LocaleResources$ResourceReference (java.base@11.0.8)
 723:             2            224  [Lio.netty.buffer.PoolArena;
 724:             5            224  [Ljava.lang.invoke.LambdaForm$NamedFunction; (java.base@11.0.8)
 725:             7            224  io.airlift.airline.model.CommandGroupMetadata
 726:             7            224  java.lang.invoke.VarHandleInts$FieldInstanceReadWrite (java.base@11.0.8)
 727:             7            224  sun.util.resources.Bundles$CacheKey (java.base@11.0.8)
 728:             9            216  java.nio.file.attribute.PosixFilePermission (java.base@11.0.8)
 729:             3            216  java.security.SecureRandom (java.base@11.0.8)
 730:             9            216  java.util.regex.Pattern$$Lambda$72/0x00000008001c2440 (java.base@11.0.8)
 731:             9            216  java.util.regex.Pattern$Slice (java.base@11.0.8)
 732:             9            216  org.apache.activemq.artemis.core.io.nio.NIOSequentialFile$SyncLocalBufferObserver
 733:             9            216  org.apache.logging.log4j.MarkerManager$Log4jMarker
 734:             3            216  org.eclipse.jetty.server.session.DefaultSessionCache
 735:             3            216  sun.security.provider.NativePRNG$RandomIO (java.base@11.0.8)
 736:            13            208  com.sun.org.apache.xerces.internal.util.AugmentationsImpl (java.xml@11.0.8)
 737:            13            208  com.sun.proxy.$Proxy26
 738:            13            208  java.util.concurrent.CopyOnWriteArraySet (java.base@11.0.8)
 739:            13            208  org.apache.logging.log4j.core.config.AppenderControlArraySet
 740:             2            200  [Ljava.text.DateFormat$Field; (java.base@11.0.8)
 741:             1            200  com.sun.org.apache.xerces.internal.impl.XMLDTDScannerImpl (java.xml@11.0.8)
 742:             1            200  com.sun.org.apache.xerces.internal.parsers.XIncludeAwareParserConfiguration (java.xml@11.0.8)
 743:             5            200  io.netty.bootstrap.ServerBootstrap$ServerBootstrapAcceptor
 744:             5            200  java.util.EnumMap (java.base@11.0.8)
 745:             5            200  java.util.stream.StreamOpFlag (java.base@11.0.8)
 746:             5            200  jdk.internal.loader.URLClassPath (java.base@11.0.8)
 747:             5            200  org.apache.logging.log4j.core.pattern.DatePatternConverter
 748:             5            200  org.eclipse.jetty.http.HttpVersion
 749:             5            192  [Lorg.apache.activemq.artemis.utils.critical.CriticalMeasure;
 750:             1            192  [Lorg.jolokia.config.ConfigKey;
 751:             8            192  com.google.common.cache.LocalCache$AccessQueue$1
 752:             8            192  com.google.common.cache.LocalCache$WriteQueue$1
 753:             8            192  com.sun.beans.introspect.PropertyInfo$Name (java.desktop@11.0.8)
 754:             6            192  com.sun.jmx.mbeanserver.DefaultMXBeanMappingFactory$CollectionMapping (java.management@11.0.8)
 755:             6            192  com.sun.org.apache.xerces.internal.impl.xpath.regex.Token$ClosureToken (java.xml@11.0.8)
 756:             4            192  com.sun.org.apache.xerces.internal.impl.xs.SchemaGrammar$BuiltinAttrDecl (java.xml@11.0.8)
 757:             6            192  com.sun.xml.bind.v2.model.impl.ClassInfoImpl$SecondaryAnnotation
 758:             6            192  io.netty.channel.DefaultChannelId
 759:             3            192  java.lang.invoke.BoundMethodHandle$Species_LLLLLIIL (java.base@11.0.8)
 760:             6            192  java.lang.invoke.LambdaForm$BasicType (java.base@11.0.8)
 761:             8            192  java.math.RoundingMode (java.base@11.0.8)
 762:             8            192  java.net.InetSocketAddress$InetSocketAddressHolder (java.base@11.0.8)
 763:             8            192  java.net.NetPermission (java.base@11.0.8)
 764:             4            192  java.nio.HeapCharBuffer (java.base@11.0.8)
 765:             6            192  java.time.format.TextStyle (java.base@11.0.8)
 766:             6            192  java.util.ImmutableCollections$MapN (java.base@11.0.8)
 767:             8            192  java.util.concurrent.ConcurrentSkipListMap$Index (java.base@11.0.8)
 768:             8            192  java.util.regex.Pattern$CharProperty (java.base@11.0.8)
 769:             8            192  org.apache.activemq.artemis.commons.shaded.johnzon.core.JsonGeneratorImpl$GeneratorState
 770:             8            192  org.apache.activemq.artemis.core.config.HAPolicyConfiguration$TYPE
 771:             3            192  org.apache.activemq.artemis.core.io.nio.NIOSequentialFileFactory
 772:             4            192  org.apache.activemq.artemis.core.management.impl.AddressControlImpl
 773:             6            192  org.apache.activemq.artemis.core.persistence.CoreMessageObjectPools
 774:             6            192  org.apache.activemq.artemis.core.protocol.core.impl.ChannelImpl$CHANNEL_ID
 775:             8            192  org.apache.activemq.artemis.core.server.ActiveMQScheduledComponent$$Lambda$173/0x0000000800337040
 776:             8            192  org.apache.logging.log4j.Level
 777:             8            192  org.apache.logging.log4j.core.appender.rolling.RolloverFrequency
 778:             3            192  org.apache.logging.log4j.core.layout.PatternLayout
 779:             8            192  org.apache.logging.log4j.core.lookup.PropertiesLookup
 780:             8            192  org.apache.logging.log4j.core.pattern.SimpleLiteralPatternConverter$StringValue
 781:             8            192  org.apache.logging.log4j.spi.StandardLevel
 782:             8            192  org.apache.qpid.proton.codec.BigIntegerType
 783:             8            192  org.apache.qpid.proton.codec.BigIntegerType$AllBigIntegerEncoding
 784:             8            192  org.apache.qpid.proton.codec.BigIntegerType$SmallBigIntegerEncoding
 785:             8            192  org.apache.qpid.proton.codec.BinaryType
 786:             8            192  org.apache.qpid.proton.codec.BinaryType$LongBinaryEncoding
 787:             8            192  org.apache.qpid.proton.codec.BinaryType$ShortBinaryEncoding
 788:             8            192  org.apache.qpid.proton.codec.BooleanType
 789:             8            192  org.apache.qpid.proton.codec.BooleanType$AllBooleanEncoding
 790:             8            192  org.apache.qpid.proton.codec.BooleanType$FalseEncoding
 791:             8            192  org.apache.qpid.proton.codec.BooleanType$TrueEncoding
 792:             8            192  org.apache.qpid.proton.codec.ByteType$ByteEncoding
 793:             8            192  org.apache.qpid.proton.codec.CharacterType$CharacterEncoding
 794:             8            192  org.apache.qpid.proton.codec.Decimal128Type$Decimal128Encoding
 795:             8            192  org.apache.qpid.proton.codec.Decimal32Type$Decimal32Encoding
 796:             8            192  org.apache.qpid.proton.codec.Decimal64Type$Decimal64Encoding
 797:             8            192  org.apache.qpid.proton.codec.DoubleType$DoubleEncoding
 798:             8            192  org.apache.qpid.proton.codec.FloatType$FloatEncoding
 799:             8            192  org.apache.qpid.proton.codec.IntegerType
 800:             8            192  org.apache.qpid.proton.codec.IntegerType$AllIntegerEncoding
 801:             8            192  org.apache.qpid.proton.codec.IntegerType$SmallIntegerEncoding
 802:             8            192  org.apache.qpid.proton.codec.ListType$ZeroListEncoding
 803:             8            192  org.apache.qpid.proton.codec.LongType
 804:             8            192  org.apache.qpid.proton.codec.LongType$AllLongEncoding
 805:             8            192  org.apache.qpid.proton.codec.LongType$SmallLongEncoding
 806:             8            192  org.apache.qpid.proton.codec.NullType$NullEncoding
 807:             8            192  org.apache.qpid.proton.codec.ShortType$ShortEncoding
 808:             8            192  org.apache.qpid.proton.codec.StringType
 809:             8            192  org.apache.qpid.proton.codec.SymbolType$LongSymbolEncoding
 810:             8            192  org.apache.qpid.proton.codec.SymbolType$ShortSymbolEncoding
 811:             8            192  org.apache.qpid.proton.codec.TimestampType$TimestampEncoding
 812:             8            192  org.apache.qpid.proton.codec.UUIDType$UUIDEncoding
 813:             8            192  org.apache.qpid.proton.codec.UnsignedByteType$UnsignedByteEncoding
 814:             8            192  org.apache.qpid.proton.codec.UnsignedIntegerType
 815:             8            192  org.apache.qpid.proton.codec.UnsignedIntegerType$AllUnsignedIntegerEncoding
 816:             8            192  org.apache.qpid.proton.codec.UnsignedIntegerType$SmallUnsignedIntegerEncoding
 817:             8            192  org.apache.qpid.proton.codec.UnsignedIntegerType$ZeroUnsignedIntegerEncoding
 818:             8            192  org.apache.qpid.proton.codec.UnsignedLongType
 819:             8            192  org.apache.qpid.proton.codec.UnsignedLongType$AllUnsignedLongEncoding
 820:             8            192  org.apache.qpid.proton.codec.UnsignedLongType$SmallUnsignedLongEncoding
 821:             8            192  org.apache.qpid.proton.codec.UnsignedLongType$ZeroUnsignedLongEncoding
 822:             8            192  org.apache.qpid.proton.codec.UnsignedShortType$UnsignedShortEncoding
 823:             8            192  org.apache.qpid.proton.codec.messaging.DeleteOnCloseType
 824:             8            192  org.apache.qpid.proton.codec.messaging.DeleteOnNoLinksOrMessagesType
 825:             8            192  org.apache.qpid.proton.codec.messaging.DeleteOnNoLinksType
 826:             8            192  org.apache.qpid.proton.codec.messaging.DeleteOnNoMessagesType
 827:             8            192  org.apache.qpid.proton.codec.messaging.FastPathApplicationPropertiesType
 828:             8            192  org.apache.qpid.proton.codec.messaging.FastPathDeliveryAnnotationsType
 829:             8            192  org.apache.qpid.proton.codec.messaging.FastPathMessageAnnotationsType
 830:             8            192  org.apache.qpid.proton.codec.messaging.ModifiedType
 831:             8            192  org.apache.qpid.proton.codec.messaging.ReceivedType
 832:             8            192  org.apache.qpid.proton.codec.messaging.RejectedType
 833:             8            192  org.apache.qpid.proton.codec.messaging.ReleasedType
 834:             8            192  org.apache.qpid.proton.codec.messaging.SourceType
 835:             8            192  org.apache.qpid.proton.codec.messaging.TargetType
 836:             8            192  org.apache.qpid.proton.codec.security.SaslChallengeType
 837:             8            192  org.apache.qpid.proton.codec.security.SaslInitType
 838:             8            192  org.apache.qpid.proton.codec.security.SaslMechanismsType
 839:             8            192  org.apache.qpid.proton.codec.security.SaslOutcomeType
 840:             8            192  org.apache.qpid.proton.codec.security.SaslResponseType
 841:             8            192  org.apache.qpid.proton.codec.transaction.CoordinatorType
 842:             8            192  org.apache.qpid.proton.codec.transaction.DeclareType
 843:             8            192  org.apache.qpid.proton.codec.transaction.DeclaredType
 844:             8            192  org.apache.qpid.proton.codec.transaction.DischargeType
 845:             8            192  org.apache.qpid.proton.codec.transaction.TransactionalStateType
 846:             8            192  org.apache.qpid.proton.codec.transport.AttachType
 847:             8            192  org.apache.qpid.proton.codec.transport.BeginType
 848:             8            192  org.apache.qpid.proton.codec.transport.CloseType
 849:             8            192  org.apache.qpid.proton.codec.transport.DetachType
 850:             8            192  org.apache.qpid.proton.codec.transport.EndType
 851:             8            192  org.apache.qpid.proton.codec.transport.ErrorConditionType
 852:             8            192  org.apache.qpid.proton.codec.transport.OpenType
 853:             6            192  org.eclipse.jetty.http.UriCompliance$Violation
 854:             6            192  org.eclipse.jetty.http.pathmap.PathMappings
 855:             6            192  org.eclipse.jetty.security.ConstraintMapping
 856:             3            192  org.eclipse.jetty.server.session.NullSessionDataStore
 857:             3            192  org.eclipse.jetty.servlet.DefaultServlet
 858:             3            192  org.eclipse.jetty.servlet.ErrorPageErrorHandler
 859:             6            192  org.eclipse.jetty.util.security.Constraint
 860:             8            192  org.jolokia.util.RequestType
 861:             8            192  sun.nio.ch.NativeThreadSet (java.base@11.0.8)
 862:             6            192  sun.security.util.LazyCodeSourcePermissionCollection (java.base@11.0.8)
 863:             1            184  [Lorg.apache.qpid.proton.engine.Event$Type;
 864:             1            176  [Lorg.eclipse.jetty.http.HttpMethod;
 865:             1            176  com.sun.org.apache.xerces.internal.impl.dtd.XMLNSDTDValidator (java.xml@11.0.8)
 866:            11            176  com.sun.org.apache.xerces.internal.impl.xs.util.XInt (java.xml@11.0.8)
 867:             2            176  org.apache.activemq.artemis.core.journal.impl.JournalFilesRepository
 868:             2            176  org.apache.activemq.artemis.protocol.amqp.broker.ProtonProtocolManager
 869:             1            176  org.apache.logging.log4j.core.config.properties.PropertiesConfiguration
 870:            11            176  org.apache.logging.log4j.core.util.datetime.FastDateParser$NumberStrategy
 871:             3            168  [Lorg.apache.activemq.artemis.utils.collections.LinkedListImpl;
 872:             2            168  [[Ljava.lang.String; (java.base@11.0.8)
 873:             1            168  [[Ljava.math.BigInteger; (java.base@11.0.8)
 874:             3            168  com.sun.org.apache.xerces.internal.impl.xs.XSDDescription (java.xml@11.0.8)
 875:             7            168  com.sun.org.apache.xerces.internal.util.FeatureState (java.xml@11.0.8)
 876:             7            168  com.sun.xml.bind.v2.model.impl.ClassInfoImpl$PropertyGroup
 877:             7            168  java.lang.Double (java.base@11.0.8)
 878:             7            168  java.lang.System$Logger$Level (java.base@11.0.8)
 879:             7            168  java.lang.ThreadLocal$SuppliedThreadLocal (java.base@11.0.8)
 880:             7            168  java.lang.invoke.VarForm (java.base@11.0.8)
 881:             7            168  java.time.DayOfWeek (java.base@11.0.8)
 882:             7            168  java.time.ZoneOffset (java.base@11.0.8)
 883:             3            168  javax.management.openmbean.OpenMBeanOperationInfoSupport (java.management@11.0.8)
 884:             7            168  org.apache.activemq.artemis.api.core.Pair
 885:             7            168  org.apache.activemq.artemis.commons.shaded.johnzon.core.BufferStrategyFactory$CharBufferQueueProvider
 886:             7            168  org.apache.activemq.artemis.commons.shaded.json.JsonValue$ValueType
 887:             3            168  org.apache.activemq.artemis.core.management.impl.QueueControlImpl
 888:             7            168  org.apache.activemq.artemis.json.JsonValue$ValueType
 889:             3            168  org.apache.commons.beanutils.WeakFastHashMap
 890:             7            168  org.apache.qpid.proton.engine.Sasl$SaslOutcome
 891:             7            168  org.eclipse.jetty.http.UriCompliance
 892:             7            168  org.eclipse.jetty.http.pathmap.MatchedPath$2
 893:             3            168  org.eclipse.jetty.server.CachedContentFactory
 894:             3            168  org.eclipse.jetty.server.ResourceService
 895:             1            168  org.eclipse.jetty.server.ServerConnector
 896:             3            168  org.eclipse.jetty.util.MultiMap
 897:             7            168  org.eclipse.jetty.webapp.Origin
 898:             4            160  [F (java.base@11.0.8)
 899:             3            160  [Ljava.math.BigDecimal; (java.base@11.0.8)
 900:             3            160  [Ljava.util.logging.Level; (java.logging@11.0.8)
 901:             5            160  com.sun.xml.bind.v2.model.core.PropertyKind
 902:             5            160  io.netty.channel.AbstractChannelHandlerContext$WriteTask
 903:            10            160  io.netty.channel.group.DefaultChannelGroup$1
 904:            10            160  io.netty.channel.group.VoidChannelGroupFuture
 905:             5            160  io.netty.channel.kqueue.KQueueEventLoopGroup
 906:             4            160  io.netty.util.internal.ObjectPool$RecyclerObjectPool$1
 907:             4            160  java.io.FileOutputStream (java.base@11.0.8)
 908:             4            160  java.lang.invoke.BoundMethodHandle$Species_LLL (java.base@11.0.8)
 909:             5            160  java.lang.invoke.VarHandle$AccessType (java.base@11.0.8)
 910:             4            160  java.text.DigitList (java.base@11.0.8)
 911:            10            160  java.util.Formatter$Flags (java.base@11.0.8)
 912:             5            160  java.util.regex.Pattern$Curly (java.base@11.0.8)
 913:             5            160  javax.management.StandardEmitterMBean (java.management@11.0.8)
 914:             4            160  javax.xml.catalog.CatalogFeatures$Feature (java.xml@11.0.8)
 915:             4            160  jdk.xml.internal.JdkXmlFeatures$XmlFeature (java.xml@11.0.8)
 916:             5            160  org.apache.activemq.artemis.api.core.TransportConfiguration
 917:             5            160  org.apache.activemq.artemis.core.management.impl.AcceptorControlImpl
 918:             4            160  org.apache.activemq.artemis.core.postoffice.impl.AddressPartNode
 919:             5            160  org.apache.activemq.artemis.core.protocol.ProtocolHandler
 920:             2            160  org.apache.activemq.artemis.utils.ActiveMQThreadPoolExecutor
 921:             4            160  org.apache.commons.beanutils.converters.ByteConverter
 922:             4            160  org.apache.commons.beanutils.converters.DoubleConverter
 923:             4            160  org.apache.commons.beanutils.converters.FloatConverter
 924:             4            160  org.apache.commons.beanutils.converters.IntegerConverter
 925:             4            160  org.apache.commons.beanutils.converters.LongConverter
 926:             4            160  org.apache.commons.beanutils.converters.ShortConverter
 927:             4            160  org.apache.logging.log4j.core.config.Node
 928:             5            160  org.apache.logging.log4j.core.pattern.DatePatternConverter$CachedTime
 929:             4            160  org.eclipse.jetty.webapp.WebInfConfiguration
 930:             5            160  sun.util.locale.provider.LocaleProviderAdapter$Type (java.base@11.0.8)
 931:            10            160  sun.util.logging.internal.LoggingProviderImpl$JULWrapper (java.logging@11.0.8)
 932:             1            152  [Lorg.apache.activemq.artemis.core.management.impl.view.QueueField;
 933:             1            152  com.sun.org.apache.xerces.internal.impl.XMLEntityManager (java.xml@11.0.8)
 934:             1            144  [Ljava.lang.invoke.VarHandle$AccessMode; (java.base@11.0.8)
 935:             6            144  com.sun.org.apache.xerces.internal.util.Status (java.xml@11.0.8)
 936:             6            144  io.netty.channel.SucceededChannelFuture
 937:             6            144  io.netty.channel.WriteBufferWaterMark
 938:             6            144  io.netty.channel.kqueue.BsdSocket
 939:             3            144  io.netty.util.collection.LongObjectHashMap
 940:             6            144  java.lang.NamedPackage (java.base@11.0.8)
 941:             6            144  java.lang.StringBuilder (java.base@11.0.8)
 942:             6            144  java.lang.StringCoding$Result (java.base@11.0.8)
 943:             6            144  java.lang.Thread$State (java.base@11.0.8)
 944:             3            144  java.lang.ThreadGroup (java.base@11.0.8)
 945:             6            144  java.lang.invoke.StringConcatFactory$Strategy (java.base@11.0.8)
 946:             3            144  java.time.temporal.JulianFields$Field (java.base@11.0.8)
 947:             9            144  java.util.Hashtable$EntrySet (java.base@11.0.8)
 948:             3            144  java.util.concurrent.ConcurrentSkipListMap (java.base@11.0.8)
 949:             6            144  javax.xml.datatype.DatatypeConstants$Field (java.xml@11.0.8)
 950:             6            144  jdk.internal.perf.PerfCounter (java.base@11.0.8)
 951:             6            144  org.apache.activemq.artemis.api.core.SimpleString$StringSimpleStringPool
 952:             6            144  org.apache.activemq.artemis.commons.shaded.johnzon.core.JsonStringImpl
 953:             3            144  org.apache.activemq.artemis.core.paging.cursor.impl.PageSubscriptionImpl$CursorIterator
 954:             9            144  org.apache.activemq.artemis.core.persistence.impl.journal.AbstractJournalStorageManager$$Lambda$444/0x0000000800632040
 955:             3            144  org.apache.activemq.artemis.core.postoffice.QueueInfo
 956:             3            144  org.apache.activemq.artemis.core.postoffice.impl.BindingsImpl
 957:             2            144  org.apache.activemq.artemis.core.protocol.mqtt.MQTTProtocolManager
 958:             3            144  org.apache.activemq.artemis.core.protocol.stomp.StompProtocolManager
 959:             2            144  org.apache.activemq.artemis.core.server.impl.RoutingContextImpl
 960:             6            144  org.apache.activemq.artemis.core.transaction.Transaction$State
 961:             6            144  org.apache.activemq.artemis.protocol.amqp.util.TLSEncode$EncoderDecoderPair
 962:             9            144  org.apache.activemq.artemis.utils.actors.HandlerBase$Counter
 963:             6            144  org.apache.commons.beanutils.BeanIntrospectionData
 964:             3            144  org.apache.commons.beanutils.converters.DateConverter
 965:             6            144  org.apache.logging.log4j.core.LifeCycle$State
 966:             9            144  org.apache.logging.log4j.core.impl.ThreadContextDataInjector$ForDefaultThreadContextMap
 967:             9            144  org.apache.logging.log4j.core.lookup.JmxRuntimeInputArgumentsLookup
 968:             9            144  org.apache.logging.log4j.core.lookup.MapLookup
 969:             6            144  org.eclipse.jetty.http.pathmap.PathSpecGroup
 970:             6            144  org.eclipse.jetty.io.ManagedSelector$SelectorProducer
 971:             6            144  org.eclipse.jetty.security.RoleInfo
 972:             6            144  org.eclipse.jetty.util.statistic.CounterStatistic
 973:             3            144  org.eclipse.jetty.webapp.DefaultsDescriptor
 974:             3            144  org.eclipse.jetty.webapp.WebDescriptor
 975:             1            136  [Lcom.sun.org.apache.xerces.internal.impl.dv.xs.TypeValidator; (java.xml@11.0.8)
 976:             4            136  [Ljava.lang.CharSequence; (java.base@11.0.8)
 977:             1            136  [Ljava.time.temporal.ChronoField; (java.base@11.0.8)
 978:             4            136  [Lsun.invoke.util.ValueConversions$WrapperCache; (java.base@11.0.8)
 979:             1            136  org.apache.activemq.artemis.core.persistence.impl.journal.JournalStorageManager
 980:             1            136  org.apache.activemq.artemis.core.protocol.openwire.OpenWireProtocolManager
 981:             1            136  org.apache.logging.log4j.core.config.NullConfiguration
 982:             2            128  [Lcom.sun.beans.util.Cache$CacheEntry; (java.desktop@11.0.8)
 983:             2            128  [Ljava.time.Month; (java.base@11.0.8)
 984:             1            128  [Lorg.apache.activemq.artemis.api.core.management.CoreNotificationType;
 985:             8            128  [Lorg.apache.logging.log4j.core.config.AppenderRef;
 986:             3            128  [Lorg.apache.logging.log4j.core.pattern.PatternFormatter;
 987:             8            128  com.google.common.cache.LocalCache$AccessQueue
 988:             8            128  com.google.common.cache.LocalCache$WriteQueue
 989:             4            128  com.sun.jmx.mbeanserver.DefaultMXBeanMappingFactory$ArrayMapping (java.management@11.0.8)
 990:             2            128  com.sun.org.apache.xerces.internal.impl.xpath.regex.RegularExpression (java.xml@11.0.8)
 991:             2            128  java.io.ExpiringCache$1 (java.base@11.0.8)
 992:             8            128  java.net.InetSocketAddress (java.base@11.0.8)
 993:             4            128  java.util.Collections$SynchronizedMap (java.base@11.0.8)
 994:             8            128  java.util.Collections$UnmodifiableMap$UnmodifiableEntrySet (java.base@11.0.8)
 995:             4            128  java.util.concurrent.Semaphore$NonfairSync (java.base@11.0.8)
 996:             4            128  java.util.concurrent.SynchronousQueue (java.base@11.0.8)
 997:             8            128  java.util.concurrent.atomic.AtomicReferenceArray (java.base@11.0.8)
 998:             2            128  org.apache.activemq.artemis.core.protocol.core.ServerSessionPacketHandler
 999:             8            128  org.apache.activemq.artemis.utils.collections.ConcurrentLongHashMap
1000:             4            128  org.apache.commons.beanutils.converters.BooleanConverter
1001:             2            128  org.apache.logging.log4j.core.appender.RollingFileAppender
1002:             2            128  org.apache.logging.log4j.core.appender.rolling.PatternProcessor
1003:             8            128  org.apache.logging.log4j.core.lookup.ContextMapLookup
1004:             8            128  org.apache.logging.log4j.core.lookup.DateLookup
1005:             8            128  org.apache.logging.log4j.core.lookup.EnvironmentLookup
1006:             8            128  org.apache.logging.log4j.core.lookup.EventLookup
1007:             8            128  org.apache.logging.log4j.core.lookup.JavaLookup
1008:             8            128  org.apache.logging.log4j.core.lookup.Log4jLookup
1009:             8            128  org.apache.logging.log4j.core.lookup.LowerLookup
1010:             8            128  org.apache.logging.log4j.core.lookup.MainMapLookup
1011:             8            128  org.apache.logging.log4j.core.lookup.MarkerLookup
1012:             8            128  org.apache.logging.log4j.core.lookup.ResourceBundleLookup
1013:             8            128  org.apache.logging.log4j.core.lookup.StructuredDataLookup
1014:             8            128  org.apache.logging.log4j.core.lookup.UpperLookup
1015:             2            128  org.apache.logging.log4j.core.util.CronExpression
1016:             4            128  org.apache.logging.log4j.core.util.Log4jThreadFactory
1017:             8            128  org.apache.qpid.proton.codec.ByteType
1018:             8            128  org.apache.qpid.proton.codec.CharacterType
1019:             8            128  org.apache.qpid.proton.codec.Decimal128Type
1020:             8            128  org.apache.qpid.proton.codec.Decimal32Type
1021:             8            128  org.apache.qpid.proton.codec.Decimal64Type
1022:             8            128  org.apache.qpid.proton.codec.DoubleType
1023:             8            128  org.apache.qpid.proton.codec.FloatType
1024:             8            128  org.apache.qpid.proton.codec.NullType
1025:             8            128  org.apache.qpid.proton.codec.ShortType
1026:             8            128  org.apache.qpid.proton.codec.SymbolType$1
1027:             8            128  org.apache.qpid.proton.codec.TimestampType
1028:             8            128  org.apache.qpid.proton.codec.UUIDType
1029:             8            128  org.apache.qpid.proton.codec.UnsignedByteType
1030:             8            128  org.apache.qpid.proton.codec.UnsignedShortType
1031:             8            128  org.apache.qpid.proton.codec.messaging.FastPathAcceptedType
1032:             8            128  org.apache.qpid.proton.codec.messaging.FastPathAmqpSequenceType
1033:             8            128  org.apache.qpid.proton.codec.messaging.FastPathAmqpValueType
1034:             8            128  org.apache.qpid.proton.codec.messaging.FastPathDataType
1035:             8            128  org.apache.qpid.proton.codec.messaging.FastPathFooterType
1036:             8            128  org.apache.qpid.proton.codec.messaging.FastPathHeaderType
1037:             8            128  org.apache.qpid.proton.codec.messaging.FastPathPropertiesType
1038:             8            128  org.apache.qpid.proton.codec.transport.FastPathDispositionType
1039:             8            128  org.apache.qpid.proton.codec.transport.FastPathFlowType
1040:             8            128  org.apache.qpid.proton.codec.transport.FastPathTransferType
1041:             4            128  org.eclipse.jetty.http.HttpScheme
1042:             8            128  org.eclipse.jetty.servlet.ServletHolder$NotAsync
1043:             4            128  org.eclipse.jetty.webapp.FragmentConfiguration
1044:             4            128  org.eclipse.jetty.webapp.JettyWebXmlConfiguration
1045:             4            128  org.eclipse.jetty.webapp.MetaInfConfiguration
1046:             4            128  org.eclipse.jetty.webapp.WebAppConfiguration
1047:             4            128  org.eclipse.jetty.webapp.WebXmlConfiguration
1048:             8            128  sun.nio.ch.FileDispatcherImpl (java.base@11.0.8)
1049:             3            120  [Ljava.lang.invoke.LambdaForm$BasicType; (java.base@11.0.8)
1050:             5            120  com.sun.org.apache.xerces.internal.impl.xs.traversers.LargeContainer (java.xml@11.0.8)
1051:             1            120  com.sun.org.apache.xerces.internal.jaxp.SAXParserImpl$JAXPSAXParser (java.xml@11.0.8)
1052:             5            120  com.sun.org.apache.xerces.internal.util.PropertyState (java.xml@11.0.8)
1053:             5            120  com.sun.org.apache.xerces.internal.utils.XMLSecurityManager$State (java.xml@11.0.8)
1054:             5            120  com.sun.org.apache.xerces.internal.utils.XMLSecurityPropertyManager$State (java.xml@11.0.8)
1055:             5            120  io.airlift.airline.Context
1056:             5            120  io.netty.bootstrap.ServerBootstrap$ServerBootstrapAcceptor$1
1057:             5            120  io.netty.channel.ServerChannelRecvByteBufAllocator
1058:             5            120  io.netty.util.concurrent.DefaultEventExecutorChooserFactory$GenericEventExecutorChooser
1059:             3            120  java.io.BufferedInputStream (java.base@11.0.8)
1060:             3            120  java.io.FileInputStream (java.base@11.0.8)
1061:             5            120  java.lang.ClassValue$Version (java.base@11.0.8)
1062:             3            120  java.lang.WeakPairMap$Pair$Weak (java.base@11.0.8)
1063:             5            120  java.net.InterfaceAddress (java.base@11.0.8)
1064:             5            120  java.time.format.SignStyle (java.base@11.0.8)
1065:             3            120  java.util.PropertyResourceBundle (java.base@11.0.8)
1066:             5            120  java.util.stream.StreamOpFlag$Type (java.base@11.0.8)
1067:             5            120  javax.servlet.DispatcherType
1068:             5            120  javax.servlet.http.MappingMatch
1069:             5            120  javax.xml.catalog.CatalogFeatures$State (java.xml@11.0.8)
1070:             1            120  jdk.internal.loader.ClassLoaders$AppClassLoader (java.base@11.0.8)
1071:             5            120  jdk.internal.math.FloatingDecimal$PreparedASCIIToBinaryBuffer (java.base@11.0.8)
1072:             5            120  jdk.net.ExtendedSocketOptions$ExtSocketOption (jdk.net@11.0.8)
1073:             5            120  jdk.xml.internal.JdkXmlFeatures$State (java.xml@11.0.8)
1074:             5            120  org.apache.activemq.artemis.core.journal.Journal$JournalState
1075:             5            120  org.apache.activemq.artemis.core.remoting.impl.netty.NettyAcceptor$4
1076:             3            120  org.apache.activemq.artemis.core.server.management.JMXAccessControlList$Access
1077:             5            120  org.apache.logging.log4j.core.config.AppenderRef
1078:             3            120  org.apache.logging.log4j.core.config.ConfigurationSource
1079:             3            120  org.apache.logging.log4j.core.pattern.DatePatternConverter$FixedFormatter
1080:             3            120  org.apache.logging.log4j.core.pattern.ExtendedThrowablePatternConverter
1081:             5            120  org.apache.logging.log4j.core.pattern.PatternParser$ParserState
1082:             5            120  org.apache.qpid.proton.amqp.security.SaslCode
1083:             5            120  org.apache.qpid.proton.engine.Sasl$SaslState
1084:             5            120  org.eclipse.jetty.http.HttpCompliance
1085:             3            120  org.eclipse.jetty.http.MetaData$Response
1086:             1            120  org.eclipse.jetty.server.HttpConfiguration
1087:             3            120  org.eclipse.jetty.server.SymlinkAllowedResourceAliasChecker
1088:             5            120  org.eclipse.jetty.server.handler.ContextHandler$Availability
1089:             5            120  org.eclipse.jetty.util.component.AbstractLifeCycle$State
1090:             1            120  org.eclipse.jetty.util.thread.QueuedThreadPool
1091:             3            120  org.eclipse.jetty.webapp.StandardDescriptorProcessor
1092:             3            120  org.eclipse.jetty.webapp.WebAppContext$Context
1093:             2            112  [Ljava.nio.file.attribute.PosixFilePermission; (java.base@11.0.8)
1094:             1            112  [Ljava.time.LocalTime; (java.base@11.0.8)
1095:             2            112  [Lorg.apache.activemq.artemis.commons.shaded.json.stream.JsonParser$Event;
1096:             5            112  [Lorg.apache.logging.log4j.core.config.AppenderControl;
1097:             1            112  io.netty.channel.kqueue.KQueueSocketChannel
1098:             7            112  java.lang.Float (java.base@11.0.8)
1099:             2            112  java.lang.invoke.BoundMethodHandle$Species_LLLLLII (java.base@11.0.8)
1100:             2            112  java.nio.DirectIntBufferRU (java.base@11.0.8)
1101:             7            112  java.util.TreeMap$EntrySet (java.base@11.0.8)
1102:             7            112  java.util.TreeMap$Values (java.base@11.0.8)
1103:             7            112  jdk.internal.loader.ClassLoaderValue (java.base@11.0.8)
1104:             1            112  jdk.internal.loader.ClassLoaders$BootClassLoader (java.base@11.0.8)
1105:             1            112  jdk.internal.loader.ClassLoaders$PlatformClassLoader (java.base@11.0.8)
1106:             2            112  org.apache.activemq.artemis.core.settings.impl.HierarchicalObjectRepository
1107:             2            112  org.apache.activemq.artemis.spi.core.security.jaas.ReloadableProperties
1108:             2            112  org.apache.activemq.artemis.spi.core.security.jaas.ReloadableProperties$1
1109:             2            112  org.apache.activemq.artemis.utils.ActiveMQThreadPoolExecutor$ThreadPoolQueue
1110:             7            112  org.apache.qpid.proton.codec.ReadableBuffer$ByteBufferReader
1111:             4            104  [Ljava.net.InetAddress; (java.base@11.0.8)
1112:             5            104  [Ljava.nio.file.LinkOption; (java.base@11.0.8)
1113:             1            104  [Lorg.apache.logging.log4j.core.util.datetime.FixedDateFormat$FixedFormat;
1114:             1            104  java.net.URLClassLoader (java.base@11.0.8)
1115:             1            104  org.apache.activemq.artemis.core.paging.cursor.PagedReferenceImpl
1116:             1            104  org.apache.activemq.artemis.core.protocol.core.impl.RemotingConnectionImpl
1117:             1            104  org.apache.activemq.artemis.core.server.impl.FileLockNodeManager
1118:             1            104  sun.security.jca.ProviderList$1 (java.base@11.0.8)
1119:             1            104  sun.security.provider.Sun (java.base@11.0.8)
1120:             2             96  [Lcom.google.common.cache.LocalCache$EntryFactory;
1121:             1             96  [Lcom.sun.org.apache.xerces.internal.impl.xpath.regex.RegularExpression; (java.xml@11.0.8)
1122:             2             96  [Lcom.sun.org.apache.xerces.internal.utils.XMLSecurityManager$State; (java.xml@11.0.8)
1123:             5             96  [Ljava.lang.StackTraceElement; (java.base@11.0.8)
1124:             2             96  [Ljava.time.DayOfWeek; (java.base@11.0.8)
1125:             2             96  [Lorg.apache.activemq.artemis.json.JsonValue$ValueType;
1126:             4             96  [Lorg.apache.logging.log4j.Marker;
1127:             3             96  [Lorg.apache.logging.log4j.core.util.datetime.FastDatePrinter$Rule;
1128:             2             96  [Lorg.apache.logging.log4j.spi.StandardLevel;
1129:             2             96  [Lorg.eclipse.jetty.http.HttpCompliance$Violation;
1130:             1             96  [Lorg.eclipse.jetty.http.MimeTypes$Type;
1131:             3             96  [Lsun.nio.fs.NativeBuffer; (java.base@11.0.8)
1132:             1             96  [[J (java.base@11.0.8)
1133:             4             96  com.google.common.base.AbstractIterator$State
1134:             6             96  com.google.common.cache.LocalCache$StrongValueReference
1135:             4             96  com.sun.jmx.interceptor.DefaultMBeanServerInterceptor$ListenerWrapper (java.management@11.0.8)
1136:             3             96  com.sun.jmx.mbeanserver.DefaultMXBeanMappingFactory$EnumMapping (java.management@11.0.8)
1137:             2             96  com.sun.jmx.mbeanserver.MBeanIntrospector$MBeanInfoMap (java.management@11.0.8)
1138:             2             96  com.sun.jmx.mbeanserver.MBeanIntrospector$PerInterfaceMap (java.management@11.0.8)
1139:             2             96  com.sun.management.internal.GarbageCollectorExtImpl (jdk.management@11.0.8)
1140:             1             96  com.sun.org.apache.xerces.internal.impl.dtd.XMLDTDProcessor (java.xml@11.0.8)
1141:             4             96  com.sun.org.apache.xerces.internal.impl.xpath.regex.Token$ParenToken (java.xml@11.0.8)
1142:             4             96  com.sun.org.apache.xerces.internal.impl.xpath.regex.Token$UnionToken (java.xml@11.0.8)
1143:             3             96  com.sun.org.apache.xerces.internal.util.XMLResourceIdentifierImpl (java.xml@11.0.8)
1144:             3             96  com.sun.org.apache.xerces.internal.utils.XMLSecurityManager$NameMap (java.xml@11.0.8)
1145:             6             96  io.netty.channel.VoidChannelPromise$1
1146:             6             96  io.netty.channel.kqueue.AbstractKQueueChannel$AbstractKQueueUnsafe$1
1147:             4             96  io.netty.util.Recycler$2
1148:             4             96  io.netty.util.ResourceLeakDetector$Level
1149:             3             96  java.lang.Runtime$Version (java.base@11.0.8)
1150:             3             96  java.lang.WeakPairMap$Pair$Weak$1 (java.base@11.0.8)
1151:             2             96  java.lang.invoke.BoundMethodHandle$Species_LLLL (java.base@11.0.8)
1152:             3             96  java.lang.invoke.SimpleMethodHandle (java.base@11.0.8)
1153:             4             96  java.lang.module.ModuleDescriptor$Modifier (java.base@11.0.8)
1154:             4             96  java.lang.module.ModuleDescriptor$Opens (java.base@11.0.8)
1155:             4             96  java.lang.module.ModuleDescriptor$Requires$Modifier (java.base@11.0.8)
1156:             4             96  java.math.MathContext (java.base@11.0.8)
1157:             2             96  java.net.NetworkInterface (java.base@11.0.8)
1158:             1             96  java.net.SocksSocketImpl (java.base@11.0.8)
1159:             6             96  java.nio.channels.spi.AbstractInterruptibleChannel$1 (java.base@11.0.8)
1160:             6             96  java.nio.channels.spi.AbstractSelector$1 (java.base@11.0.8)
1161:             3             96  java.nio.file.attribute.FileTime (java.base@11.0.8)
1162:             4             96  java.time.format.DateTimeFormatterBuilder$OffsetIdPrinterParser (java.base@11.0.8)
1163:             4             96  java.time.format.DateTimeFormatterBuilder$SettingsParser (java.base@11.0.8)
1164:             2             96  java.time.zone.ZoneOffsetTransitionRule (java.base@11.0.8)
1165:             6             96  java.util.Comparator$$Lambda$149/0x00000008002c0c40 (java.base@11.0.8)
1166:             3             96  java.util.Stack (java.base@11.0.8)
1167:             2             96  java.util.concurrent.locks.ReentrantReadWriteLock$FairSync (java.base@11.0.8)
1168:             6             96  java.util.regex.Pattern$CharPredicate$$Lambda$27/0x0000000800126040 (java.base@11.0.8)
1169:             4             96  java.util.regex.Pattern$Qtype (java.base@11.0.8)
1170:             3             96  java.util.stream.Collectors$CollectorImpl (java.base@11.0.8)
1171:             4             96  java.util.stream.StreamShape (java.base@11.0.8)
1172:             4             96  javax.management.NotificationBroadcasterSupport$ListenerInfo (java.management@11.0.8)
1173:             4             96  javax.xml.bind.annotation.XmlAccessType
1174:             1             96  jdk.internal.jimage.ImageReader$SharedImageReader (java.base@11.0.8)
1175:             4             96  jdk.internal.loader.URLClassPath$FileLoader (java.base@11.0.8)
1176:             4             96  jdk.internal.logger.BootstrapLogger$LoggingBackend (java.base@11.0.8)
1177:             1             96  org.apache.activemq.artemis.cli.commands.Run
1178:             3             96  org.apache.activemq.artemis.core.config.WildcardConfiguration
1179:             3             96  org.apache.activemq.artemis.core.paging.cursor.impl.PageCursorProviderImpl
1180:             1             96  org.apache.activemq.artemis.core.paging.impl.PagingManagerImpl
1181:             4             96  org.apache.activemq.artemis.core.postoffice.RoutingStatus
1182:             3             96  org.apache.activemq.artemis.core.postoffice.impl.AddressImpl
1183:             3             96  org.apache.activemq.artemis.core.postoffice.impl.LocalQueueBinding
1184:             2             96  org.apache.activemq.artemis.core.protocol.hornetq.HornetQProtocolManager
1185:             1             96  org.apache.activemq.artemis.core.remoting.impl.netty.ActiveMQFrameDecoder2
1186:             1             96  org.apache.activemq.artemis.core.remoting.server.impl.RemotingServiceImpl
1187:             4             96  org.apache.activemq.artemis.core.server.ActiveMQServer$SERVER_STATE
1188:             4             96  org.apache.activemq.artemis.core.server.ComponentConfigurationRoutingType
1189:             4             96  org.apache.activemq.artemis.core.server.cluster.ClusterManager$State
1190:             4             96  org.apache.activemq.artemis.core.server.cluster.impl.MessageLoadBalancingType
1191:             4             96  org.apache.activemq.artemis.core.server.federation.FederationManager$State
1192:             4             96  org.apache.activemq.artemis.core.server.impl.AckReason
1193:             3             96  org.apache.activemq.artemis.core.server.impl.QueueManagerImpl
1194:             3             96  org.apache.activemq.artemis.core.server.impl.ScheduledDeliveryHandlerImpl
1195:             4             96  org.apache.activemq.artemis.core.settings.impl.AddressFullMessagePolicy
1196:             4             96  org.apache.activemq.artemis.core.settings.impl.SlowConsumerThresholdMeasurementUnit
1197:             4             96  org.apache.activemq.artemis.utils.UTF8Util$StringUtilBuffer
1198:             3             96  org.apache.activemq.artemis.utils.collections.PriorityLinkedListImpl
1199:             4             96  org.apache.activemq.artemis.utils.pools.MpscPool
1200:             4             96  org.apache.commons.beanutils.converters.CharacterConverter
1201:             2             96  org.apache.commons.beanutils.converters.SqlDateConverter
1202:             2             96  org.apache.commons.beanutils.converters.SqlTimeConverter
1203:             2             96  org.apache.commons.beanutils.converters.SqlTimestampConverter
1204:             3             96  org.apache.logging.log4j.core.appender.DefaultErrorHandler
1205:             2             96  org.apache.logging.log4j.core.appender.rolling.RollingFileManager$EmptyQueue
1206:             3             96  org.apache.logging.log4j.core.layout.StringBuilderEncoder
1207:             2             96  org.apache.logging.log4j.core.lookup.RuntimeStrSubstitutor
1208:             3             96  org.apache.logging.log4j.core.util.datetime.FixedDateFormat$FixedTimeZoneFormat
1209:             4             96  org.apache.qpid.proton.amqp.messaging.TerminusExpiryPolicy
1210:             6             96  org.eclipse.jetty.io.ManagedSelector$$Lambda$382/0x000000080055e440
1211:             3             96  org.eclipse.jetty.server.session.SessionContext
1212:             4             96  org.eclipse.jetty.servlet.Source$Origin
1213:             4             96  org.eclipse.jetty.util.Pool$StrategyType
1214:             4             96  org.eclipse.jetty.util.component.ContainerLifeCycle$Managed
1215:             6             96  org.eclipse.jetty.util.thread.strategy.AdaptiveExecutionStrategy$$Lambda$381/0x000000080055ec40
1216:             4             96  org.eclipse.jetty.util.thread.strategy.AdaptiveExecutionStrategy$SubStrategy
1217:             4             96  org.jolokia.backend.MBeanServerHandler$MBeanHandle
1218:             3             96  sun.nio.ch.FileKey (java.base@11.0.8)
1219:             1             96  sun.nio.ch.ServerSocketChannelImpl (java.base@11.0.8)
1220:             6             96  sun.nio.ch.Util$2 (java.base@11.0.8)
1221:             2             96  sun.nio.cs.StreamEncoder (java.base@11.0.8)
1222:             3             96  sun.nio.fs.NativeBuffer (java.base@11.0.8)
1223:             3             96  sun.util.locale.provider.LocaleResources (java.base@11.0.8)
1224:             4             88  [Lorg.apache.activemq.artemis.core.postoffice.Binding;
1225:             2             88  [Lsun.security.jca.ProviderConfig; (java.base@11.0.8)
1226:             1             88  java.lang.invoke.BoundMethodHandle$Species_LLLLLLLLLLLLII (java.base@11.0.8)
1227:             1             88  org.apache.activemq.artemis.core.postoffice.impl.PostOfficeImpl
1228:             1             88  org.apache.activemq.artemis.core.server.NetworkHealthCheck
1229:             1             88  org.apache.activemq.artemis.core.server.management.impl.ManagementServiceImpl
1230:             1             88  org.apache.activemq.artemis.dto.WebServerDTO
1231:             1             88  org.eclipse.jetty.server.Server
1232:             2             80  [Lcom.sun.org.apache.xerces.internal.util.XMLAttributesImpl$Attribute; (java.xml@11.0.8)
1233:             2             80  [Lcom.sun.xml.bind.v2.model.impl.ClassInfoImpl$SecondaryAnnotation;
1234:             1             80  [Lcom.sun.xml.bind.v2.util.QNameMap$Entry;
1235:             2             80  [Lio.netty.util.internal.PriorityQueueNode;
1236:             1             80  [Ljava.time.temporal.ChronoUnit; (java.base@11.0.8)
1237:             2             80  [Ljava.util.stream.StreamOpFlag$Type; (java.base@11.0.8)
1238:             2             80  [Ljavax.servlet.DispatcherType;
1239:             1             80  [Lorg.apache.qpid.proton.engine.impl.FrameParser$State;
1240:             1             80  [Lorg.apache.qpid.proton.engine.impl.SaslFrameParser$State;
1241:             2             80  [Lorg.eclipse.jetty.http.UriCompliance$Violation;
1242:             2             80  com.sun.jmx.mbeanserver.DefaultMXBeanMappingFactory$TabularMapping (java.management@11.0.8)
1243:             2             80  com.sun.org.apache.xerces.internal.impl.dtd.XMLEntityDecl (java.xml@11.0.8)
1244:             2             80  com.sun.org.apache.xerces.internal.impl.dtd.XMLSimpleType (java.xml@11.0.8)
1245:             2             80  com.sun.org.apache.xerces.internal.impl.xs.XSParticleDecl (java.xml@11.0.8)
1246:             5             80  com.sun.proxy.$Proxy0
1247:             5             80  com.sun.proxy.$Proxy19
1248:             5             80  com.sun.proxy.$Proxy21
1249:             5             80  com.sun.proxy.$Proxy22
1250:             5             80  com.sun.proxy.$Proxy24
1251:             5             80  com.sun.proxy.$Proxy28
1252:             5             80  io.netty.bootstrap.ServerBootstrapConfig
1253:             5             80  io.netty.channel.ReflectiveChannelFactory
1254:             2             80  io.netty.channel.kqueue.KQueueRecvByteAllocatorHandle
1255:             5             80  io.netty.util.concurrent.MultithreadEventExecutorGroup$1
1256:             5             80  io.netty.util.concurrent.ThreadPerTaskExecutor
1257:             2             80  java.io.BufferedWriter (java.base@11.0.8)
1258:             2             80  java.io.ExpiringCache (java.base@11.0.8)
1259:             2             80  java.io.PrintStream (java.base@11.0.8)
1260:             5             80  java.lang.ClassValue$Identity (java.base@11.0.8)
1261:             2             80  java.lang.ModuleLayer (java.base@11.0.8)
1262:             2             80  java.lang.VirtualMachineError (java.base@11.0.8)
1263:             1             80  java.lang.invoke.BoundMethodHandle$Species_LLLLLLLLLLIIL (java.base@11.0.8)
1264:             2             80  java.lang.module.Configuration (java.base@11.0.8)
1265:             2             80  java.net.InetAddress$CachedAddresses (java.base@11.0.8)
1266:             2             80  java.util.Locale$Category (java.base@11.0.8)
1267:             2             80  java.util.concurrent.LinkedBlockingDeque (java.base@11.0.8)
1268:             2             80  jdk.internal.math.FloatingDecimal$BinaryToASCIIBuffer (java.base@11.0.8)
1269:             2             80  org.apache.activemq.artemis.commons.shaded.johnzon.core.JsonParserFactoryImpl
1270:             1             80  org.apache.activemq.artemis.core.io.buffer.TimedBuffer
1271:             2             80  org.apache.activemq.artemis.core.journal.impl.TransactionCallback
1272:             2             80  org.apache.activemq.artemis.core.protocol.core.impl.CoreProtocolManager$LocalChannelHandler
1273:             2             80  org.apache.activemq.artemis.core.protocol.core.impl.CoreSessionCallback
1274:             2             80  org.apache.activemq.artemis.core.protocol.core.impl.wireformat.NullResponseMessage_V2
1275:             5             80  org.apache.activemq.artemis.core.remoting.impl.netty.NettyAcceptorFactory
1276:             5             80  org.apache.activemq.artemis.core.remoting.server.impl.RemotingServiceImpl$DelegatingBufferHandler
1277:             1             80  org.apache.activemq.artemis.core.server.cluster.ClusterManager
1278:             1             80  org.apache.activemq.artemis.core.server.files.FileStoreMonitor
1279:             2             80  org.apache.activemq.artemis.core.server.reload.ReloadManagerImpl$ReloadRegistry
1280:             2             80  org.apache.activemq.artemis.utils.actors.Actor
1281:             2             80  org.apache.commons.beanutils.converters.BigDecimalConverter
1282:             2             80  org.apache.commons.beanutils.converters.BigIntegerConverter
1283:             2             80  org.apache.logging.log4j.core.appender.rolling.CronTriggeringPolicy
1284:             2             80  org.apache.logging.log4j.core.appender.rolling.DefaultRolloverStrategy
1285:             5             80  org.apache.logging.log4j.core.lookup.StrMatcher$CharMatcher
1286:             2             80  org.apache.logging.log4j.core.util.WatchManager
1287:             2             80  org.apache.logging.log4j.core.util.datetime.FastDateParser
1288:             5             80  org.apache.logging.log4j.core.util.datetime.FastDateParser$CopyQuotedStrategy
1289:             5             80  org.apache.logging.log4j.core.util.datetime.FastDatePrinter$CharacterLiteral
1290:             1             80  org.eclipse.jetty.server.ServerConnector$ServerConnectorManager
1291:             2             80  org.eclipse.jetty.server.ServletPathMapping
1292:             5             80  org.eclipse.jetty.util.thread.ScheduledExecutorScheduler$$Lambda$343/0x0000000800509440
1293:             2             80  sun.management.MemoryManagerImpl (java.management@11.0.8)
1294:             2             80  sun.nio.ch.FileLockImpl (java.base@11.0.8)
1295:             5             80  sun.reflect.generics.tree.TypeVariableSignature (java.base@11.0.8)
1296:             1             80  sun.util.cldr.CLDRLocaleProviderAdapter (java.base@11.0.8)
1297:             1             80  sun.util.locale.provider.JRELocaleProviderAdapter (java.base@11.0.8)
1298:             1             80  sun.util.locale.provider.LocaleProviderAdapter$NonExistentAdapter (java.base@11.0.8)
1299:             3             72  [Lcom.sun.org.apache.xerces.internal.impl.xs.XSGroupDecl; (java.xml@11.0.8)
1300:             1             72  [Ljavax.management.openmbean.SimpleType; (java.management@11.0.8)
1301:             3             72  [Lorg.apache.activemq.artemis.api.core.SimpleString;
1302:             1             72  [Lorg.apache.activemq.artemis.core.version.Version;
1303:             3             72  [Lorg.apache.qpid.proton.amqp.Symbol;
1304:             3             72  com.sun.xml.bind.v2.model.core.ID
1305:             3             72  io.airlift.airline.OptionType
1306:             1             72  io.netty.channel.AdaptiveRecvByteBufAllocator$HandleImpl
1307:             3             72  io.netty.channel.ChannelMetadata
1308:             1             72  io.netty.channel.kqueue.KQueueSocketChannelConfig
1309:             3             72  io.netty.handler.codec.socksx.SocksVersion
1310:             3             72  java.lang.StackStreamFactory$WalkerState (java.base@11.0.8)
1311:             3             72  java.lang.StackWalker$Option (java.base@11.0.8)
1312:             3             72  java.lang.WeakPairMap (java.base@11.0.8)
1313:             3             72  java.lang.annotation.RetentionPolicy (java.base@11.0.8)
1314:             1             72  java.lang.invoke.BoundMethodHandle$Species_LLLLLLLLIIL (java.base@11.0.8)
1315:             3             72  java.lang.invoke.MethodHandleImpl$ArrayAccess (java.base@11.0.8)
1316:             3             72  java.lang.invoke.MethodHandleNatives$CallSiteContext (java.base@11.0.8)
1317:             3             72  java.lang.invoke.MethodHandles$Lookup (java.base@11.0.8)
1318:             3             72  java.lang.invoke.StringConcatFactory$Mode (java.base@11.0.8)
1319:             3             72  java.nio.file.StandardCopyOption (java.base@11.0.8)
1320:             3             72  java.security.SecurityPermission (java.base@11.0.8)
1321:             3             72  java.time.Instant (java.base@11.0.8)
1322:             3             72  java.time.format.ResolverStyle (java.base@11.0.8)
1323:             3             72  java.time.zone.ZoneOffsetTransitionRule$TimeDefinition (java.base@11.0.8)
1324:             3             72  java.util.concurrent.ConcurrentLinkedDeque$Node (java.base@11.0.8)
1325:             3             72  java.util.stream.Collector$Characteristics (java.base@11.0.8)
1326:             3             72  javax.management.NotificationBroadcasterSupport (java.management@11.0.8)
1327:             3             72  javax.security.auth.Subject$SecureSet (java.base@11.0.8)
1328:             3             72  javax.servlet.SessionTrackingMode
1329:             3             72  javax.xml.bind.annotation.XmlNsForm
1330:             3             72  jdk.internal.math.FloatingDecimal$ExceptionalBinaryToASCIIBuffer (java.base@11.0.8)
1331:             3             72  jdk.internal.misc.Signal (java.base@11.0.8)
1332:             3             72  jdk.internal.module.IllegalAccessLogger$Mode (java.base@11.0.8)
1333:             3             72  org.apache.activemq.artemis.core.io.util.ThreadLocalByteBufferPool
1334:             1             72  org.apache.activemq.artemis.core.message.impl.CoreMessage$BytesMessageOpenTypeFactory
1335:             3             72  org.apache.activemq.artemis.core.messagecounter.MessageCounter$DayCounter
1336:             3             72  org.apache.activemq.artemis.core.paging.cursor.PageIterator$NextResult
1337:             3             72  org.apache.activemq.artemis.core.paging.impl.PageCache
1338:             3             72  org.apache.activemq.artemis.core.postoffice.BindingType
1339:             3             72  org.apache.activemq.artemis.core.postoffice.impl.CopyOnWriteBindings$BindingsAndPosition
1340:             3             72  org.apache.activemq.artemis.core.postoffice.impl.PostOfficeImpl$DuplicateCheckResult
1341:             3             72  org.apache.activemq.artemis.core.server.HandleStatus
1342:             3             72  org.apache.activemq.artemis.core.server.JournalType
1343:             3             72  org.apache.activemq.artemis.core.server.impl.QueueConsumersImpl
1344:             3             72  org.apache.activemq.artemis.core.server.impl.QueueImpl$AddressSettingsRepositoryListener
1345:             3             72  org.apache.activemq.artemis.core.settings.impl.Match
1346:             3             72  org.apache.activemq.artemis.dto.AppDTO
1347:             3             72  org.apache.activemq.artemis.json.impl.JsonObjectImpl
1348:             3             72  org.apache.activemq.artemis.json.impl.JsonValueImpl
1349:             3             72  org.apache.activemq.artemis.protocol.amqp.broker.AMQPMessage$MessageDataScanningStatus
1350:             3             72  org.apache.activemq.artemis.protocol.amqp.broker.KMPNeedle
1351:             3             72  org.apache.activemq.artemis.utils.actors.OrderedExecutorFactory
1352:             3             72  org.apache.activemq.artemis.utils.collections.MultiResettableIterator
1353:             3             72  org.apache.activemq.artemis.utils.collections.PriorityCollection
1354:             3             72  org.apache.activemq.artemis.utils.collections.RepeatableIteratorWrapper
1355:             3             72  org.apache.activemq.artemis.utils.collections.TypedProperties$ByteValue
1356:             3             72  org.apache.activemq.artemis.utils.collections.UpdatableIterator
1357:             3             72  org.apache.activemq.artemis.utils.critical.CriticalAnalyzerPolicy
1358:             1             72  org.apache.activemq.openwire.OpenWireFormatFactory
1359:             3             72  org.apache.logging.log4j.core.pattern.FormattingInfo
1360:             3             72  org.apache.qpid.proton.amqp.messaging.TerminusDurability
1361:             3             72  org.apache.qpid.proton.amqp.transport.SenderSettleMode
1362:             3             72  org.apache.qpid.proton.engine.EndpointState
1363:             3             72  org.eclipse.jetty.http.HttpMethod$Type
1364:             3             72  org.eclipse.jetty.security.UserDataConstraint
1365:             3             72  org.eclipse.jetty.server.handler.ContextHandler$ContextStatus
1366:             1             72  org.eclipse.jetty.server.session.DefaultSessionIdManager
1367:             3             72  org.eclipse.jetty.servlet.NoJspServlet
1368:             3             72  org.eclipse.jetty.util.component.DumpableCollection
1369:             3             72  org.eclipse.jetty.util.thread.Invocable$InvocationType
1370:             3             72  org.eclipse.jetty.util.thread.ThreadPoolBudget$Leased
1371:             3             72  org.eclipse.jetty.util.thread.strategy.AdaptiveExecutionStrategy$State
1372:             3             72  org.eclipse.jetty.webapp.Configurations
1373:             3             72  org.eclipse.jetty.webapp.MetaData$Complete
1374:             3             72  sun.nio.ch.FileLockTable (java.base@11.0.8)
1375:             3             72  sun.nio.fs.NativeBuffer$Deallocator (java.base@11.0.8)
1376:             3             72  sun.security.provider.NativePRNG$Variant (java.base@11.0.8)
1377:             2             64  [Lcom.google.common.cache.LocalCache$Segment;
1378:             2             64  [Lcom.sun.org.apache.xerces.internal.utils.XMLSecurityPropertyManager$State; (java.xml@11.0.8)
1379:             2             64  [Lio.airlift.airline.OptionType;
1380:             2             64  [Ljava.lang.StackWalker$Option; (java.base@11.0.8)
1381:             4             64  [Ljava.lang.annotation.Annotation; (java.base@11.0.8)
1382:             2             64  [Ljava.lang.annotation.RetentionPolicy; (java.base@11.0.8)
1383:             1             64  [Ljava.lang.invoke.MethodHandleImpl$Intrinsic; (java.base@11.0.8)
1384:             2             64  [Ljava.nio.charset.CoderResult; (java.base@11.0.8)
1385:             2             64  [Ljava.util.stream.Collector$Characteristics; (java.base@11.0.8)
1386:             2             64  [Ljavax.servlet.SessionTrackingMode;
1387:             2             64  [Ljavax.xml.bind.annotation.XmlAccessType;
1388:             2             64  [Ljavax.xml.bind.annotation.XmlNsForm;
1389:             2             64  [Lorg.apache.activemq.artemis.core.server.JournalType;
1390:             2             64  [Lorg.apache.activemq.artemis.core.settings.impl.AddressFullMessagePolicy;
1391:             2             64  [Lorg.apache.activemq.artemis.protocol.amqp.broker.AMQPMessage$MessageDataScanningStatus;
1392:             2             64  [Lorg.apache.activemq.artemis.utils.critical.CriticalAnalyzerPolicy;
1393:             4             64  [Lorg.apache.logging.log4j.core.config.Property;
1394:             3             64  [Lorg.apache.logging.log4j.core.pattern.FormattingInfo;
1395:             1             64  [Lorg.eclipse.jetty.http.HttpHeaderValue;
1396:             1             64  com.google.common.cache.CacheStats
1397:             1             64  com.sun.org.apache.xerces.internal.impl.XMLEntityScanner (java.xml@11.0.8)
1398:             1             64  com.sun.org.apache.xerces.internal.impl.xs.SchemaGrammar$XSAnyType (java.xml@11.0.8)
1399:             2             64  com.sun.org.apache.xerces.internal.impl.xs.XSWildcardDecl (java.xml@11.0.8)
1400:             2             64  com.sun.org.apache.xerces.internal.utils.XMLSecurityPropertyManager$Property (java.xml@11.0.8)
1401:             4             64  com.sun.proxy.$Proxy13
1402:             4             64  com.sun.proxy.$Proxy17
1403:             4             64  com.sun.proxy.$Proxy23
1404:             4             64  com.sun.proxy.$Proxy27
1405:             2             64  io.netty.buffer.EmptyByteBuf
1406:             1             64  io.netty.buffer.PooledByteBufAllocator
1407:             2             64  io.netty.channel.AdaptiveRecvByteBufAllocator
1408:             1             64  io.netty.util.concurrent.GlobalEventExecutor
1409:             1             64  io.netty.util.concurrent.ScheduledFutureTask
1410:             4             64  io.netty.util.internal.ObjectPool$RecyclerObjectPool
1411:             2             64  java.io.BufferedOutputStream (java.base@11.0.8)
1412:             2             64  java.io.ByteArrayInputStream (java.base@11.0.8)
1413:             1             64  java.io.StreamTokenizer (java.base@11.0.8)
1414:             2             64  java.lang.StackWalker (java.base@11.0.8)
1415:             1             64  java.lang.invoke.BoundMethodHandle$Species_LLLIILLL (java.base@11.0.8)
1416:             1             64  java.lang.invoke.BoundMethodHandle$Species_LLLIILLLL (java.base@11.0.8)
1417:             1             64  java.lang.invoke.BoundMethodHandle$Species_LLLLLLLII (java.base@11.0.8)
1418:             2             64  java.lang.invoke.VarHandleLongs$FieldInstanceReadWrite (java.base@11.0.8)
1419:             2             64  java.lang.ref.ReferenceQueue$Null (java.base@11.0.8)
1420:             1             64  java.text.DateFormatSymbols (java.base@11.0.8)
1421:             2             64  java.time.format.DateTimeFormatterBuilder$TextPrinterParser (java.base@11.0.8)
1422:             2             64  java.time.temporal.IsoFields$Unit (java.base@11.0.8)
1423:             2             64  java.time.zone.ZoneOffsetTransition (java.base@11.0.8)
1424:             4             64  java.util.LinkedHashMap$LinkedKeySet (java.base@11.0.8)
1425:             2             64  java.util.PropertyPermission (java.base@11.0.8)
1426:             2             64  java.util.UUID (java.base@11.0.8)
1427:             4             64  java.util.concurrent.Semaphore (java.base@11.0.8)
1428:             4             64  java.util.concurrent.SynchronousQueue$TransferStack (java.base@11.0.8)
1429:             2             64  java.util.concurrent.SynchronousQueue$TransferStack$SNode (java.base@11.0.8)
1430:             1             64  java.util.logging.LogManager$RootLogger (java.logging@11.0.8)
1431:             2             64  java.util.regex.Pattern$BnM (java.base@11.0.8)
1432:             2             64  java.util.stream.FindOps$FindOp (java.base@11.0.8)
1433:             4             64  javax.security.auth.login.AppConfigurationEntry$LoginModuleControlFlag (java.base@11.0.8)
1434:             1             64  org.apache.activemq.artemis.component.DefaultHandler
1435:             1             64  org.apache.activemq.artemis.core.journal.impl.JournalTransaction
1436:             1             64  org.apache.activemq.artemis.core.management.impl.ActiveMQServerControlImpl
1437:             1             64  org.apache.activemq.artemis.core.message.impl.CoreMessage$TextMessageOpenTypeFactory
1438:             1             64  org.apache.activemq.artemis.core.postoffice.impl.PostOfficeImpl$ExpiryReaper
1439:             4             64  org.apache.activemq.artemis.core.protocol.hornetq.HQPropertiesConversionInterceptor
1440:             1             64  org.apache.activemq.artemis.core.protocol.mqtt.MQTTProtocolManagerFactory$MQTTPeriodicTasks
1441:             1             64  org.apache.activemq.artemis.core.server.impl.ServerConsumerImpl$ServerConsumerMetrics
1442:             1             64  org.apache.activemq.artemis.core.server.reload.ReloadManagerImpl
1443:             1             64  org.apache.activemq.artemis.dto.BindingDTO
1444:             1             64  org.apache.activemq.artemis.protocol.amqp.broker.AMQPMessage$AmqpMessageOpenTypeFactory
1445:             1             64  org.apache.activemq.artemis.selector.impl.LRUCache
1446:             1             64  org.apache.activemq.openwire.OpenWireFormat
1447:             2             64  org.apache.logging.log4j.core.config.ConfigurationScheduler
1448:             2             64  org.apache.logging.log4j.core.config.ConfigurationScheduler$CronRunnable
1449:             4             64  org.apache.logging.log4j.core.lookup.StrMatcher$StringMatcher
1450:             2             64  org.apache.logging.log4j.core.pattern.DatePatternConverter$PatternFormatter
1451:             2             64  org.apache.logging.log4j.core.util.datetime.FastDatePrinter
1452:             2             64  org.apache.logging.log4j.util.PropertiesUtil$Environment
1453:             2             64  org.apache.logging.log4j.util.SortedArrayStringMap
1454:             2             64  org.eclipse.jetty.http.CookieCompliance$Violation
1455:             1             64  org.eclipse.jetty.io.ArrayByteBufferPool
1456:             4             64  org.eclipse.jetty.security.DefaultAuthenticatorFactory
1457:             1             64  org.eclipse.jetty.util.thread.ReservedThreadExecutor
1458:             2             64  sun.nio.ch.FileLockTable$FileLockReference (java.base@11.0.8)
1459:             2             64  sun.security.provider.FileInputStreamPool$StreamRef (java.base@11.0.8)
1460:             2             64  sun.util.locale.UnicodeLocaleExtension (java.base@11.0.8)
1461:             1             56  [Lcom.sun.org.apache.xerces.internal.impl.XMLScanner$NameType; (java.xml@11.0.8)
1462:             1             56  [Lcom.sun.org.apache.xerces.internal.impl.dv.XSSimpleType; (java.xml@11.0.8)
1463:             1             56  [Lcom.sun.org.apache.xerces.internal.impl.xs.util.XInt; (java.xml@11.0.8)
1464:             1             56  [Lcom.sun.org.apache.xerces.internal.utils.XMLSecurityManager$Limit; (java.xml@11.0.8)
1465:             1             56  [Ljava.lang.Runnable; (java.base@11.0.8)
1466:             2             56  [Ljava.net.InterfaceAddress; (java.base@11.0.8)
1467:             1             56  [Ljava.nio.file.StandardOpenOption; (java.base@11.0.8)
1468:             1             56  [Ljava.util.Map; (java.base@11.0.8)
1469:             1             56  [Lorg.apache.activemq.artemis.core.security.CheckType;
1470:             1             56  [[I (java.base@11.0.8)
1471:             1             56  com.sun.org.apache.xerces.internal.impl.xpath.regex.RegularExpression$Context (java.xml@11.0.8)
1472:             1             56  com.sun.org.apache.xerces.internal.jaxp.SAXParserImpl (java.xml@11.0.8)
1473:             1             56  com.sun.org.apache.xerces.internal.util.XMLAttributesIteratorImpl (java.xml@11.0.8)
1474:             1             56  io.hawt.web.servlets.JolokiaConfiguredAgentServlet
1475:             1             56  io.netty.channel.ServerChannelRecvByteBufAllocator$1
1476:             1             56  io.netty.channel.kqueue.KQueueSocketChannel$KQueueSocketChannelUnsafe
1477:             1             56  java.lang.invoke.BoundMethodHandle$Specializer (java.base@11.0.8)
1478:             1             56  java.net.SocketPermission (java.base@11.0.8)
1479:             1             56  java.util.logging.LogManager (java.logging@11.0.8)
1480:             1             56  jdk.internal.ref.CleanerImpl$SoftCleanableRef (java.base@11.0.8)
1481:             1             56  org.apache.activemq.artemis.component.WebServerComponent
1482:             1             56  org.apache.activemq.artemis.core.messagecounter.impl.MessageCounterManagerImpl$MessageCountersPinger
1483:             1             56  org.apache.activemq.artemis.core.paging.impl.PagingManagerImpl$1
1484:             1             56  org.apache.activemq.artemis.core.paging.impl.PagingStoreFactoryNIO
1485:             1             56  org.apache.activemq.artemis.core.postoffice.impl.PostOfficeImpl$AddressQueueReaper
1486:             1             56  org.apache.activemq.artemis.core.server.cluster.ClusterController
1487:             1             56  org.apache.activemq.artemis.core.server.impl.FileLockNodeManager$MonitorLock
1488:             1             56  org.apache.activemq.artemis.core.server.impl.ServiceRegistryImpl
1489:             1             56  org.apache.activemq.artemis.utils.critical.CriticalAnalyzerImpl$1
1490:             1             56  org.apache.commons.logging.impl.WeakHashtable
1491:             1             56  org.apache.logging.log4j.core.LoggerContext
1492:             1             56  org.apache.logging.log4j.core.appender.ConsoleAppender
1493:             1             56  org.apache.logging.log4j.status.StatusLogger
1494:             1             56  org.eclipse.jetty.io.ArrayRetainableByteBufferPool
1495:             1             56  org.eclipse.jetty.server.HttpConnectionFactory
1496:             1             56  org.eclipse.jetty.server.session.HouseKeeper
1497:             1             56  org.jolokia.backend.BackendManager
1498:             1             56  sun.security.provider.SHA (java.base@11.0.8)
1499:             1             48  [Lcom.sun.beans.introspect.PropertyInfo$Name; (java.desktop@11.0.8)
1500:             1             48  [Lcom.sun.xml.bind.v2.model.impl.ClassInfoImpl$PropertyGroup;
1501:             1             48  [Ljava.beans.WeakIdentityMap$Entry; (java.desktop@11.0.8)
1502:             1             48  [Ljava.lang.System$Logger$Level; (java.base@11.0.8)
1503:             1             48  [Ljava.lang.management.MemoryPoolMXBean; (java.management@11.0.8)
1504:             1             48  [Ljava.math.RoundingMode; (java.base@11.0.8)
1505:             1             48  [Ljava.util.concurrent.TimeUnit; (java.base@11.0.8)
1506:             2             48  [Lorg.apache.activemq.artemis.api.core.RoutingType;
1507:             1             48  [Lorg.apache.activemq.artemis.commons.shaded.johnzon.core.JsonGeneratorImpl$GeneratorState;
1508:             1             48  [Lorg.apache.activemq.artemis.commons.shaded.json.JsonValue$ValueType;
1509:             1             48  [Lorg.apache.activemq.artemis.core.config.HAPolicyConfiguration$TYPE;
1510:             2             48  [Lorg.apache.activemq.artemis.protocol.amqp.broker.KMPNeedle;
1511:             3             48  [Lorg.apache.activemq.artemis.utils.collections.PriorityCollection$PriorityHolder;
1512:             3             48  [Lorg.apache.activemq.artemis.utils.collections.ResettableIterator;
1513:             1             48  [Lorg.apache.logging.log4j.core.appender.rolling.RolloverFrequency;
1514:             2             48  [Lorg.apache.logging.log4j.core.appender.rolling.TriggeringPolicy;
1515:             2             48  [Lorg.apache.logging.log4j.core.pattern.ArrayPatternConverter;
1516:             1             48  [Lorg.apache.logging.log4j.core.pattern.LogEventPatternConverter;
1517:             1             48  [Lorg.apache.qpid.proton.engine.Sasl$SaslOutcome;
1518:             3             48  [Lorg.eclipse.jetty.http.CompressedContentFormat;
1519:             2             48  [Lorg.eclipse.jetty.http.CookieCompliance$Violation;
1520:             1             48  [Lorg.eclipse.jetty.webapp.Origin;
1521:             1             48  [Lorg.jolokia.util.RequestType;
1522:             2             48  com.sun.jmx.mbeanserver.ClassLoaderRepositorySupport$LoaderEntry (java.management@11.0.8)
1523:             1             48  com.sun.jmx.mbeanserver.DefaultMXBeanMappingFactory$Mappings (java.management@11.0.8)
1524:             2             48  com.sun.jmx.mbeanserver.WeakIdentityHashMap (java.management@11.0.8)
1525:             2             48  com.sun.jmx.remote.util.ClassLogger (java.management@11.0.8)
1526:             1             48  com.sun.org.apache.xerces.internal.impl.XMLDocumentFragmentScannerImpl$ElementStack (java.xml@11.0.8)
1527:             3             48  com.sun.org.apache.xerces.internal.impl.dv.dtd.ListDatatypeValidator (java.xml@11.0.8)
1528:             1             48  com.sun.org.apache.xerces.internal.impl.xs.XSAttributeGroupDecl (java.xml@11.0.8)
1529:             1             48  com.sun.org.apache.xerces.internal.util.URI (java.xml@11.0.8)
1530:             1             48  com.sun.org.apache.xerces.internal.util.XMLAttributesImpl (java.xml@11.0.8)
1531:             1             48  io.hawt.jmx.PluginRegistry
1532:             2             48  io.netty.buffer.PoolArena$SizeClass
1533:             1             48  io.netty.util.collection.ByteObjectHashMap
1534:             3             48  io.netty.util.collection.LongObjectHashMap$1
1535:             3             48  io.netty.util.collection.LongObjectHashMap$EntrySet
1536:             3             48  io.netty.util.collection.LongObjectHashMap$KeySet
1537:             3             48  io.netty.util.concurrent.PromiseTask$SentinelRunnable
1538:             1             48  java.io.BufferedReader (java.base@11.0.8)
1539:             2             48  java.io.ExpiringCache$Entry (java.base@11.0.8)
1540:             2             48  java.io.File$PathStatus (java.base@11.0.8)
1541:             2             48  java.io.OutputStreamWriter (java.base@11.0.8)
1542:             1             48  java.lang.ProcessHandleImpl (java.base@11.0.8)
1543:             1             48  java.lang.StackTraceElement (java.base@11.0.8)
1544:             1             48  java.lang.invoke.BoundMethodHandle$Specializer$Factory (java.base@11.0.8)
1545:             1             48  java.lang.invoke.BoundMethodHandle$Species_LIILL (java.base@11.0.8)
1546:             1             48  java.lang.invoke.MethodHandleImpl$WrappedMember (java.base@11.0.8)
1547:             2             48  java.lang.reflect.ReflectPermission (java.base@11.0.8)
1548:             2             48  java.net.StandardProtocolFamily (java.base@11.0.8)
1549:             1             48  java.nio.HeapByteBufferR (java.base@11.0.8)
1550:             3             48  java.nio.charset.CodingErrorAction (java.base@11.0.8)
1551:             3             48  java.text.AttributedCharacterIterator$Attribute (java.base@11.0.8)
1552:             2             48  java.time.format.DateTimeFormatterBuilder$1 (java.base@11.0.8)
1553:             2             48  java.time.format.DateTimeFormatterBuilder$ZoneIdPrinterParser (java.base@11.0.8)
1554:             2             48  java.time.format.DateTimeTextProvider$LocaleStore (java.base@11.0.8)
1555:             2             48  java.util.BitSet (java.base@11.0.8)
1556:             2             48  java.util.Collections$SynchronizedList (java.base@11.0.8)
1557:             2             48  java.util.Collections$SynchronizedRandomAccessList (java.base@11.0.8)
1558:             3             48  java.util.Collections$UnmodifiableCollection (java.base@11.0.8)
1559:             3             48  java.util.ResourceBundle$NoFallbackControl (java.base@11.0.8)
1560:             3             48  java.util.TreeMap$KeySet (java.base@11.0.8)
1561:             3             48  java.util.concurrent.ConcurrentSkipListMap$KeySet (java.base@11.0.8)
1562:             3             48  java.util.concurrent.ConcurrentSkipListSet (java.base@11.0.8)
1563:             2             48  java.util.logging.Logger$LoggerBundle (java.logging@11.0.8)
1564:             2             48  java.util.logging.LoggingPermission (java.logging@11.0.8)
1565:             2             48  java.util.regex.Pattern$$Lambda$375/0x000000080055ac40 (java.base@11.0.8)
1566:             2             48  java.util.regex.Pattern$CharPredicate$$Lambda$376/0x000000080055f840 (java.base@11.0.8)
1567:             3             48  java.util.zip.Adler32 (java.base@11.0.8)
1568:             2             48  javax.management.relation.MBeanServerNotificationFilter (java.management@11.0.8)
1569:             2             48  javax.security.auth.login.AppConfigurationEntry (java.base@11.0.8)
1570:             2             48  javax.xml.bind.annotation.XmlAccessOrder
1571:             1             48  jdk.internal.jimage.ImageHeader (java.base@11.0.8)
1572:             2             48  jdk.internal.misc.Signal$NativeHandler (java.base@11.0.8)
1573:             3             48  jdk.internal.module.ServicesCatalog (java.base@11.0.8)
1574:             1             48  jdk.internal.ref.CleanerImpl$WeakCleanableRef (java.base@11.0.8)
1575:             1             48  jdk.management.jfr.FlightRecorderMXBeanImpl (jdk.management.jfr@11.0.8)
1576:             2             48  org.apache.activemq.artemis.api.core.RoutingType
1577:             2             48  org.apache.activemq.artemis.api.core.management.ObjectNameBuilder
1578:             1             48  org.apache.activemq.artemis.cli.commands.Run$2
1579:             2             48  org.apache.activemq.artemis.commons.shaded.johnzon.core.JsonGeneratorFactoryImpl
1580:             2             48  org.apache.activemq.artemis.commons.shaded.johnzon.core.JsonProviderImpl$Cached
1581:             2             48  org.apache.activemq.artemis.commons.shaded.johnzon.core.RejectDuplicateKeysMode
1582:             3             48  org.apache.activemq.artemis.commons.shaded.json.JsonValueImpl
1583:             3             48  org.apache.activemq.artemis.component.AuthenticationFilter
1584:             3             48  org.apache.activemq.artemis.component.JolokiaFilter
1585:             2             48  org.apache.activemq.artemis.core.config.CoreAddressConfiguration
1586:             1             48  org.apache.activemq.artemis.core.journal.impl.dataformat.JournalAddRecordTX
1587:             2             48  org.apache.activemq.artemis.core.journal.impl.dataformat.JournalCompleteRecordTX$TX_RECORD_TYPE
1588:             3             48  org.apache.activemq.artemis.core.messagecounter.MessageCounter$1
1589:             3             48  org.apache.activemq.artemis.core.paging.impl.PageSyncTimer$1
1590:             3             48  org.apache.activemq.artemis.core.paging.impl.PagingStoreImpl$$Lambda$193/0x00000008003bf840
1591:             3             48  org.apache.activemq.artemis.core.paging.impl.PagingStoreImpl$$Lambda$194/0x00000008003bfc40
1592:             3             48  org.apache.activemq.artemis.core.paging.impl.PagingStoreImpl$$Lambda$195/0x00000008003bf440
1593:             3             48  org.apache.activemq.artemis.core.postoffice.impl.CopyOnWriteBindings
1594:             1             48  org.apache.activemq.artemis.core.postoffice.impl.WildcardAddressManager
1595:             3             48  org.apache.activemq.artemis.core.protocol.core.impl.ActiveMQRoutingHandler
1596:             1             48  org.apache.activemq.artemis.core.protocol.core.impl.CoreProtocolManager
1597:             1             48  org.apache.activemq.artemis.core.remoting.impl.netty.NettyServerConnection
1598:             1             48  org.apache.activemq.artemis.core.security.impl.SecurityStoreImpl
1599:             1             48  org.apache.activemq.artemis.core.server.cluster.BackupManager
1600:             3             48  org.apache.activemq.artemis.core.server.impl.QueueImpl$DeliverRunner
1601:             3             48  org.apache.activemq.artemis.core.server.impl.QueueManagerImpl$$Lambda$197/0x00000008003bec40
1602:             3             48  org.apache.activemq.artemis.core.server.impl.ScheduledDeliveryHandlerImpl$MessageReferenceComparator
1603:             3             48  org.apache.activemq.artemis.core.server.impl.SimpleMessageGroups
1604:             2             48  org.apache.activemq.artemis.core.settings.impl.DeletionPolicy
1605:             2             48  org.apache.activemq.artemis.core.settings.impl.HierarchicalObjectRepository$MatchComparator
1606:             2             48  org.apache.activemq.artemis.core.settings.impl.SlowConsumerPolicy
1607:             1             48  org.apache.activemq.artemis.core.transaction.impl.ResourceManagerImpl
1608:             3             48  org.apache.activemq.artemis.logs.AuditLogger_impl
1609:             2             48  org.apache.activemq.artemis.spi.core.security.jaas.PropertiesLoader$FileNameKey
1610:             2             48  org.apache.activemq.artemis.spi.core.security.scram.SCRAM
1611:             2             48  org.apache.activemq.artemis.utils.collections.TypedProperties$BooleanValue
1612:             1             48  org.apache.activemq.artemis.utils.critical.CriticalAnalyzerImpl
1613:             1             48  org.apache.activemq.command.ProducerId
1614:             2             48  org.apache.activemq.util.IdGenerator
1615:             1             48  org.apache.commons.beanutils.ConvertUtilsBean
1616:             1             48  org.apache.commons.beanutils.converters.CalendarConverter
1617:             2             48  org.apache.commons.beanutils.converters.ClassConverter
1618:             2             48  org.apache.commons.beanutils.converters.FileConverter
1619:             2             48  org.apache.commons.beanutils.converters.URLConverter
1620:             1             48  org.apache.commons.logging.impl.LogFactoryImpl
1621:             2             48  org.apache.logging.log4j.core.appender.rolling.CompositeTriggeringPolicy
1622:             1             48  org.apache.logging.log4j.core.config.ConfigurationFileWatcher
1623:             2             48  org.apache.logging.log4j.core.config.CronScheduledFuture$FutureData
1624:             2             48  org.apache.logging.log4j.core.config.plugins.util.PluginManager
1625:             2             48  org.apache.logging.log4j.core.config.status.StatusConfiguration$Verbosity
1626:             1             48  org.apache.logging.log4j.core.impl.Log4jProvider
1627:             2             48  org.apache.logging.log4j.core.util.DummyNanoClock
1628:             2             48  org.apache.logging.log4j.core.util.Source
1629:             2             48  org.apache.logging.log4j.core.util.datetime.FastDateFormat
1630:             2             48  org.apache.logging.log4j.core.util.datetime.FastDatePrinter$PaddedNumberField
1631:             2             48  org.apache.logging.log4j.core.util.datetime.FormatCache$MultipartKey
1632:             1             48  org.apache.logging.log4j.simple.SimpleLogger
1633:             2             48  org.apache.logging.log4j.util.PropertyFilePropertySource
1634:             2             48  org.apache.qpid.proton.amqp.transport.ReceiverSettleMode
1635:             2             48  org.apache.qpid.proton.amqp.transport.Role
1636:             2             48  org.apache.qpid.proton.engine.TransportResult$Status
1637:             2             48  org.apache.qpid.proton.engine.impl.SaslImpl$Role
1638:             2             48  org.apache.qpid.proton.message.impl.MessageImpl$EncoderDecoderPair
1639:             2             48  org.eclipse.jetty.http.CookieCompliance
1640:             3             48  org.eclipse.jetty.http.MimeTypes
1641:             3             48  org.eclipse.jetty.security.DefaultIdentityService
1642:             3             48  org.eclipse.jetty.server.AllowedResourceAliasChecker$AllowedResourceAliasCheckListener
1643:             2             48  org.eclipse.jetty.server.MultiPartFormDataCompliance
1644:             2             48  org.eclipse.jetty.server.handler.ContextHandler$ProtectedTargetType
1645:             1             48  org.eclipse.jetty.server.handler.ErrorHandler
1646:             1             48  org.eclipse.jetty.server.handler.HandlerList
1647:             3             48  org.eclipse.jetty.server.session.SessionHandler$CookieConfig
1648:             3             48  org.eclipse.jetty.servlet.listener.ELContextCleaner
1649:             3             48  org.eclipse.jetty.servlet.listener.IntrospectorCleaner
1650:             2             48  org.eclipse.jetty.util.AtomicBiInteger
1651:             3             48  org.eclipse.jetty.util.AttributesMap
1652:             1             48  org.eclipse.jetty.util.BlockingArrayQueue
1653:             3             48  org.eclipse.jetty.util.DecoratedObjectFactory
1654:             3             48  org.eclipse.jetty.util.DeprecationWarning
1655:             1             48  org.eclipse.jetty.util.component.AttributeContainerMap
1656:             2             48  org.eclipse.jetty.util.thread.AutoLock$WithCondition
1657:             1             48  org.eclipse.jetty.webapp.WebDescriptor$1
1658:             2             48  org.jolokia.backend.Config
1659:             1             48  org.jolokia.converter.json.JsonConvertOptions$Builder
1660:             1             48  org.jolokia.discovery.AgentDetails
1661:             2             48  sun.management.ManagementFactoryHelper$1 (java.management@11.0.8)
1662:             1             48  sun.nio.cs.StreamDecoder (java.base@11.0.8)
1663:             1             48  sun.nio.fs.UnixMountEntry (java.base@11.0.8)
1664:             2             48  sun.reflect.generics.reflectiveObjects.WildcardTypeImpl (java.base@11.0.8)
1665:             2             48  sun.reflect.generics.tree.Wildcard (java.base@11.0.8)
1666:             2             48  sun.security.jca.ProviderList (java.base@11.0.8)
1667:             2             48  sun.security.jca.ProviderList$3 (java.base@11.0.8)
1668:             3             48  sun.security.provider.NativePRNG (java.base@11.0.8)
1669:             2             48  sun.util.locale.LocaleExtensions (java.base@11.0.8)
1670:             2             48  sun.util.locale.provider.LocaleServiceProviderPool (java.base@11.0.8)
1671:             1             48  sun.util.resources.cldr.TimeZoneNames (java.base@11.0.8)
1672:             1             48  sun.util.resources.cldr.TimeZoneNames_en (java.base@11.0.8)
1673:             1             40  [Lcom.google.common.cache.RemovalCause;
1674:             2             40  [Lcom.sun.jmx.mbeanserver.ClassLoaderRepositorySupport$LoaderEntry; (java.management@11.0.8)
1675:             1             40  [Lcom.sun.org.apache.xerces.internal.impl.xs.XSAttributeUseImpl; (java.xml@11.0.8)
1676:             1             40  [Lcom.sun.org.apache.xerces.internal.util.Status; (java.xml@11.0.8)
1677:             1             40  [Lcom.sun.xml.bind.v2.model.core.PropertyKind;
1678:             1             40  [Lio.airlift.airline.Context;
1679:             1             40  [Ljava.lang.Thread$State; (java.base@11.0.8)
1680:             1             40  [Ljava.lang.invoke.StringConcatFactory$Strategy; (java.base@11.0.8)
1681:             1             40  [Ljava.lang.invoke.VarHandle$AccessType; (java.base@11.0.8)
1682:             1             40  [Ljava.nio.charset.Charset; (java.base@11.0.8)
1683:             1             40  [Ljava.time.format.SignStyle; (java.base@11.0.8)
1684:             1             40  [Ljava.time.format.TextStyle; (java.base@11.0.8)
1685:             2             40  [Ljava.time.zone.ZoneOffsetTransitionRule; (java.base@11.0.8)
1686:             1             40  [Ljava.util.stream.StreamOpFlag; (java.base@11.0.8)
1687:             1             40  [Ljavax.servlet.http.MappingMatch;
1688:             1             40  [Ljavax.xml.catalog.CatalogFeatures$State; (java.xml@11.0.8)
1689:             1             40  [Ljdk.xml.internal.JdkXmlFeatures$State; (java.xml@11.0.8)
1690:             1             40  [Lorg.apache.activemq.artemis.core.journal.Journal$JournalState;
1691:             1             40  [Lorg.apache.activemq.artemis.core.persistence.Persister;
1692:             1             40  [Lorg.apache.activemq.artemis.core.protocol.core.impl.ChannelImpl$CHANNEL_ID;
1693:             1             40  [Lorg.apache.activemq.artemis.core.transaction.Transaction$State;
1694:             1             40  [Lorg.apache.logging.log4j.core.LifeCycle$State;
1695:             1             40  [Lorg.apache.logging.log4j.core.appender.rolling.FileExtension;
1696:             1             40  [Lorg.apache.logging.log4j.core.pattern.PatternParser$ParserState;
1697:             1             40  [Lorg.apache.qpid.proton.amqp.security.SaslCode;
1698:             1             40  [Lorg.apache.qpid.proton.engine.Sasl$SaslState;
1699:             1             40  [Lorg.eclipse.jetty.http.HttpCompliance;
1700:             2             40  [Lorg.eclipse.jetty.http.HttpField;
1701:             1             40  [Lorg.eclipse.jetty.http.HttpVersion;
1702:             1             40  [Lorg.eclipse.jetty.http.pathmap.PathSpecGroup;
1703:             1             40  [Lorg.eclipse.jetty.io.ManagedSelector;
1704:             1             40  [Lorg.eclipse.jetty.server.handler.ContextHandler$Availability;
1705:             1             40  [Lorg.eclipse.jetty.util.component.AbstractLifeCycle$State;
1706:             1             40  [Lsun.util.locale.provider.LocaleProviderAdapter$Type; (java.base@11.0.8)
1707:             1             40  [[Ljava.lang.invoke.LambdaForm$Name; (java.base@11.0.8)
1708:             1             40  [[S (java.base@11.0.8)
1709:             1             40  com.sun.beans.finder.MethodFinder$1 (java.desktop@11.0.8)
1710:             1             40  com.sun.beans.introspect.ClassInfo$1 (java.desktop@11.0.8)
1711:             1             40  com.sun.jmx.interceptor.DefaultMBeanServerInterceptor (java.management@11.0.8)
1712:             1             40  com.sun.jmx.mbeanserver.JmxMBeanServer (java.management@11.0.8)
1713:             1             40  com.sun.jmx.mbeanserver.MBeanServerDelegateImpl (java.management@11.0.8)
1714:             1             40  com.sun.management.internal.DiagnosticCommandImpl (jdk.management@11.0.8)
1715:             1             40  com.sun.org.apache.xerces.internal.impl.XMLDocumentFragmentScannerImpl$ElementStack2 (java.xml@11.0.8)
1716:             1             40  com.sun.org.apache.xerces.internal.impl.XMLEntityScanner$1 (java.xml@11.0.8)
1717:             1             40  com.sun.org.apache.xerces.internal.impl.XMLErrorReporter (java.xml@11.0.8)
1718:             1             40  com.sun.org.apache.xerces.internal.impl.XMLVersionDetector (java.xml@11.0.8)
1719:             1             40  com.sun.org.apache.xerces.internal.impl.dtd.XMLDTDDescription (java.xml@11.0.8)
1720:             1             40  com.sun.org.apache.xerces.internal.impl.validation.ValidationState (java.xml@11.0.8)
1721:             1             40  com.sun.org.apache.xerces.internal.util.SymbolTable (java.xml@11.0.8)
1722:             1             40  com.sun.org.apache.xerces.internal.utils.XMLLimitAnalyzer (java.xml@11.0.8)
1723:             1             40  com.sun.org.apache.xerces.internal.utils.XMLSecurityManager (java.xml@11.0.8)
1724:             1             40  com.sun.xml.internal.stream.XMLEntityStorage (java.xml@11.0.8)
1725:             1             40  io.airlift.airline.model.GlobalMetadata
1726:             1             40  io.hawt.HawtioContextListener
1727:             1             40  io.hawt.jmx.JmxTreeWatcher
1728:             1             40  io.hawt.web.plugin.HawtioPlugin
1729:             1             40  io.hawt.web.plugin.HawtioPlugin
1730:             1             40  io.netty.util.concurrent.DefaultPromise$StacklessCancellationException
1731:             1             40  java.beans.WeakIdentityMap$Entry (java.desktop@11.0.8)
1732:             1             40  java.io.PrintWriter (java.base@11.0.8)
1733:             1             40  java.lang.ArithmeticException (java.base@11.0.8)
1734:             1             40  java.lang.NullPointerException (java.base@11.0.8)
1735:             1             40  java.lang.UnsupportedOperationException (java.base@11.0.8)
1736:             1             40  java.lang.invoke.VarHandleObjects$Array (java.base@11.0.8)
1737:             1             40  java.time.format.DateTimeFormatterBuilder (java.base@11.0.8)
1738:             1             40  java.time.format.DateTimeFormatterBuilder$FractionPrinterParser (java.base@11.0.8)
1739:             1             40  java.time.zone.ZoneRules (java.base@11.0.8)
1740:             1             40  java.util.HashMap$KeyIterator (java.base@11.0.8)
1741:             1             40  java.util.ResourceBundle$2 (java.base@11.0.8)
1742:             1             40  java.util.regex.Pattern$Loop (java.base@11.0.8)
1743:             1             40  jdk.internal.ref.CleanerImpl$CleanerCleanable (java.base@11.0.8)
1744:             1             40  org.apache.activemq.artemis.commons.shaded.johnzon.core.JsonProviderImpl
1745:             1             40  org.apache.activemq.artemis.core.persistence.impl.journal.BatchingIDGenerator
1746:             1             40  org.apache.activemq.artemis.core.protocol.core.impl.wireformat.SessionConsumerCloseMessage
1747:             1             40  org.apache.activemq.artemis.core.remoting.impl.netty.NettyAcceptor$ActiveMQServerChannelHandler
1748:             1             40  org.apache.activemq.artemis.core.server.cluster.ClusterController$ClusterControllerChannelHandler
1749:             1             40  org.apache.activemq.artemis.core.server.cluster.qourum.QuorumManager
1750:             1             40  org.apache.activemq.artemis.core.server.impl.ConnectorsService
1751:             1             40  org.apache.activemq.artemis.core.server.impl.QueueFactoryImpl
1752:             1             40  org.apache.activemq.artemis.core.server.management.ManagementContext
1753:             1             40  org.apache.activemq.artemis.spi.core.protocol.ConnectionEntry
1754:             1             40  org.apache.activemq.artemis.utils.UUIDTimer
1755:             1             40  org.apache.activemq.command.WireFormatInfo
1756:             1             40  org.apache.logging.log4j.core.appender.OutputStreamManager
1757:             1             40  org.apache.logging.log4j.core.config.status.StatusConfiguration
1758:             1             40  org.eclipse.jetty.server.ShutdownMonitor
1759:             1             40  sun.nio.cs.StandardCharsets$Aliases (java.base@11.0.8)
1760:             1             40  sun.nio.cs.StandardCharsets$Cache (java.base@11.0.8)
1761:             1             40  sun.security.provider.ConfigFile$Spi (java.base@11.0.8)
1762:             1             40  sun.security.util.AuthResources (java.base@11.0.8)
1763:             1             40  sun.security.util.Resources (java.base@11.0.8)
1764:             1             40  sun.text.resources.cldr.FormatData (java.base@11.0.8)
1765:             1             40  sun.text.resources.cldr.FormatData_en (java.base@11.0.8)
1766:             1             40  sun.util.resources.Bundles$1 (java.base@11.0.8)
1767:             1             40  sun.util.resources.cldr.CalendarData (java.base@11.0.8)
1768:             1             32  [Lcom.google.common.base.AbstractIterator$State;
1769:             1             32  [Lcom.google.common.cache.LocalCache$Strength;
1770:             1             32  [Lcom.sun.beans.util.Cache$Kind; (java.desktop@11.0.8)
1771:             1             32  [Lcom.sun.org.apache.xerces.internal.impl.dv.xs.AbstractDateTimeDV$DateTimeData; (java.xml@11.0.8)
1772:             1             32  [Lcom.sun.org.apache.xerces.internal.utils.XMLSecurityManager$NameMap; (java.xml@11.0.8)
1773:             1             32  [Lcom.sun.xml.bind.v2.model.core.ID;
1774:             1             32  [Lio.netty.handler.codec.socksx.SocksVersion;
1775:             1             32  [Lio.netty.util.ResourceLeakDetector$Level;
1776:             1             32  [Ljava.lang.OutOfMemoryError; (java.base@11.0.8)
1777:             1             32  [Ljava.lang.StackStreamFactory$WalkerState; (java.base@11.0.8)
1778:             1             32  [Ljava.lang.ThreadGroup; (java.base@11.0.8)
1779:             1             32  [Ljava.lang.invoke.MethodHandleImpl$ArrayAccess; (java.base@11.0.8)
1780:             1             32  [Ljava.lang.invoke.StringConcatFactory$Mode; (java.base@11.0.8)
1781:             1             32  [Ljava.lang.management.MemoryManagerMXBean; (java.management@11.0.8)
1782:             1             32  [Ljava.lang.module.ModuleDescriptor$Modifier; (java.base@11.0.8)
1783:             1             32  [Ljava.lang.module.ModuleDescriptor$Requires$Modifier; (java.base@11.0.8)
1784:             2             32  [Ljava.net.NetworkInterface; (java.base@11.0.8)
1785:             1             32  [Ljava.nio.channels.FileChannel; (java.base@11.0.8)
1786:             1             32  [Ljava.nio.file.StandardCopyOption; (java.base@11.0.8)
1787:             2             32  [Ljava.security.cert.Certificate; (java.base@11.0.8)
1788:             1             32  [Ljava.time.format.DateTimeFormatterBuilder$SettingsParser; (java.base@11.0.8)
1789:             1             32  [Ljava.time.format.ResolverStyle; (java.base@11.0.8)
1790:             1             32  [Ljava.time.temporal.IsoFields$Field; (java.base@11.0.8)
1791:             1             32  [Ljava.time.temporal.JulianFields$Field; (java.base@11.0.8)
1792:             1             32  [Ljava.time.zone.ZoneOffsetTransitionRule$TimeDefinition; (java.base@11.0.8)
1793:             1             32  [Ljava.util.regex.Pattern$Qtype; (java.base@11.0.8)
1794:             1             32  [Ljava.util.stream.StreamShape; (java.base@11.0.8)
1795:             1             32  [Ljavax.xml.catalog.CatalogFeatures$Feature; (java.xml@11.0.8)
1796:             1             32  [Ljdk.internal.logger.BootstrapLogger$LoggingBackend; (java.base@11.0.8)
1797:             1             32  [Ljdk.internal.module.IllegalAccessLogger$Mode; (java.base@11.0.8)
1798:             1             32  [Ljdk.xml.internal.JdkXmlFeatures$XmlFeature; (java.xml@11.0.8)
1799:             1             32  [Lorg.apache.activemq.artemis.core.paging.cursor.PageIterator$NextResult;
1800:             1             32  [Lorg.apache.activemq.artemis.core.postoffice.BindingType;
1801:             1             32  [Lorg.apache.activemq.artemis.core.postoffice.RoutingStatus;
1802:             1             32  [Lorg.apache.activemq.artemis.core.postoffice.impl.PostOfficeImpl$DuplicateCheckResult;
1803:             1             32  [Lorg.apache.activemq.artemis.core.server.ActiveMQServer$SERVER_STATE;
1804:             1             32  [Lorg.apache.activemq.artemis.core.server.ComponentConfigurationRoutingType;
1805:             1             32  [Lorg.apache.activemq.artemis.core.server.HandleStatus;
1806:             1             32  [Lorg.apache.activemq.artemis.core.server.cluster.ClusterManager$State;
1807:             1             32  [Lorg.apache.activemq.artemis.core.server.cluster.impl.MessageLoadBalancingType;
1808:             1             32  [Lorg.apache.activemq.artemis.core.server.federation.FederationManager$State;
1809:             1             32  [Lorg.apache.activemq.artemis.core.server.impl.AckReason;
1810:             1             32  [Lorg.apache.activemq.artemis.core.settings.impl.SlowConsumerThresholdMeasurementUnit;
1811:             1             32  [Lorg.apache.logging.log4j.core.config.LoggerConfig$LoggerConfigPredicate;
1812:             1             32  [Lorg.apache.logging.log4j.core.util.datetime.FixedDateFormat$FixedTimeZoneFormat;
1813:             1             32  [Lorg.apache.qpid.proton.amqp.messaging.TerminusDurability;
1814:             1             32  [Lorg.apache.qpid.proton.amqp.messaging.TerminusExpiryPolicy;
1815:             1             32  [Lorg.apache.qpid.proton.amqp.transport.SenderSettleMode;
1816:             1             32  [Lorg.apache.qpid.proton.engine.EndpointState;
1817:             1             32  [Lorg.eclipse.jetty.http.HttpMethod$Type;
1818:             1             32  [Lorg.eclipse.jetty.http.HttpScheme;
1819:             1             32  [Lorg.eclipse.jetty.security.UserDataConstraint;
1820:             1             32  [Lorg.eclipse.jetty.server.Handler;
1821:             1             32  [Lorg.eclipse.jetty.server.handler.ContextHandler$ContextStatus;
1822:             1             32  [Lorg.eclipse.jetty.servlet.Source$Origin;
1823:             1             32  [Lorg.eclipse.jetty.util.Pool$StrategyType;
1824:             1             32  [Lorg.eclipse.jetty.util.component.ContainerLifeCycle$Managed;
1825:             1             32  [Lorg.eclipse.jetty.util.thread.Invocable$InvocationType;
1826:             1             32  [Lorg.eclipse.jetty.util.thread.strategy.AdaptiveExecutionStrategy$State;
1827:             1             32  [Lorg.eclipse.jetty.util.thread.strategy.AdaptiveExecutionStrategy$SubStrategy;
1828:             1             32  [Lorg.eclipse.jetty.webapp.MetaData$Complete;
1829:             1             32  [Lorg.jolokia.converter.object.OpenTypeConverter;
1830:             1             32  [Lsun.security.provider.NativePRNG$Variant; (java.base@11.0.8)
1831:             2             32  com.google.common.cache.LocalCache$LocalManualCache
1832:             1             32  com.google.common.collect.Iterators$ArrayItr
1833:             2             32  com.sun.beans.WeakCache (java.desktop@11.0.8)
1834:             1             32  com.sun.beans.finder.BeanInfoFinder (java.desktop@11.0.8)
1835:             1             32  com.sun.jmx.mbeanserver.Repository (java.management@11.0.8)
1836:             1             32  com.sun.org.apache.xerces.internal.impl.dtd.XMLElementDecl (java.xml@11.0.8)
1837:             2             32  com.sun.org.apache.xerces.internal.impl.dv.dtd.ENTITYDatatypeValidator (java.xml@11.0.8)
1838:             2             32  com.sun.org.apache.xerces.internal.impl.dv.xs.QNameDV (java.xml@11.0.8)
1839:             1             32  com.sun.org.apache.xerces.internal.impl.xpath.regex.Op$ModifierOp (java.xml@11.0.8)
1840:             2             32  com.sun.org.apache.xerces.internal.impl.xpath.regex.Token (java.xml@11.0.8)
1841:             1             32  com.sun.org.apache.xerces.internal.impl.xs.XSModelGroupImpl (java.xml@11.0.8)
1842:             1             32  com.sun.org.apache.xerces.internal.jaxp.SAXParserFactoryImpl (java.xml@11.0.8)
1843:             1             32  com.sun.org.apache.xerces.internal.util.NamespaceSupport (java.xml@11.0.8)
1844:             2             32  com.sun.proxy.$Proxy12
1845:             2             32  com.sun.proxy.jdk.proxy1.$Proxy34 (jdk.proxy1@)
1846:             1             32  com.sun.xml.bind.v2.util.QNameMap
1847:             1             32  io.hawt.jmx.JMXSecurity
1848:             1             32  io.hawt.web.auth.AuthenticationConfiguration
1849:             1             32  io.hawt.web.auth.LoginRedirectFilter
1850:             1             32  io.hawt.web.proxy.ProxyServlet
1851:             1             32  io.netty.buffer.UnpooledByteBufAllocator
1852:             2             32  io.netty.channel.DefaultMaxMessagesRecvByteBufAllocator$MaxMessageHandle$1
1853:             2             32  io.netty.channel.kqueue.KQueueRecvByteAllocatorHandle$1
1854:             2             32  io.netty.channel.unix.PreferredDirectByteBufAllocator
1855:             1             32  io.netty.util.ResourceLeakDetector
1856:             1             32  io.netty.util.concurrent.DefaultThreadFactory
1857:             2             32  io.netty.util.concurrent.FastThreadLocal
1858:             2             32  io.netty.util.internal.logging.Slf4JLoggerFactory
1859:             1             32  java.beans.ThreadGroupContext (java.desktop@11.0.8)
1860:             1             32  java.beans.ThreadGroupContext$1 (java.desktop@11.0.8)
1861:             1             32  java.io.UnixFileSystem (java.base@11.0.8)
1862:             2             32  java.lang.Boolean (java.base@11.0.8)
1863:             1             32  java.lang.ClassLoader$NativeLibrary$Unloader (java.base@11.0.8)
1864:             2             32  java.lang.Shutdown$Lock (java.base@11.0.8)
1865:             1             32  java.lang.module.ModuleDescriptor$Version (java.base@11.0.8)
1866:             1             32  java.net.InetAddress$CachedLocalHost (java.base@11.0.8)
1867:             2             32  java.nio.ByteOrder (java.base@11.0.8)
1868:             2             32  java.nio.file.attribute.PosixFilePermissions$1 (java.base@11.0.8)
1869:             1             32  java.security.BasicPermissionCollection (java.base@11.0.8)
1870:             1             32  java.security.MessageDigest$Delegate (java.base@11.0.8)
1871:             2             32  java.time.format.DateTimeFormatterBuilder$StringLiteralPrinterParser (java.base@11.0.8)
1872:             1             32  java.util.JumboEnumSet (java.base@11.0.8)
1873:             2             32  java.util.Optional (java.base@11.0.8)
1874:             2             32  java.util.ResourceBundle$SingleFormatControl (java.base@11.0.8)
1875:             1             32  java.util.concurrent.FutureTask (java.base@11.0.8)
1876:             1             32  java.util.concurrent.ThreadLocalRandom (java.base@11.0.8)
1877:             1             32  java.util.logging.LogManager$SystemLoggerContext (java.logging@11.0.8)
1878:             2             32  java.util.regex.Pattern$Caret (java.base@11.0.8)
1879:             1             32  javax.security.auth.Subject (java.base@11.0.8)
1880:             1             32  jdk.internal.module.IllegalAccessLogger (java.base@11.0.8)
1881:             1             32  jdk.internal.ref.CleanerImpl (java.base@11.0.8)
1882:             1             32  jdk.internal.reflect.UnsafeIntegerFieldAccessorImpl (java.base@11.0.8)
1883:             1             32  org.apache.activemq.artemis.core.io.buffer.TimedBuffer$CheckTimer
1884:             2             32  org.apache.activemq.artemis.core.journal.impl.JournalFilesRepository$1
1885:             2             32  org.apache.activemq.artemis.core.protocol.core.ServerSessionPacketHandler$$Lambda$425/0x000000080060dc40
1886:             2             32  org.apache.activemq.artemis.core.protocol.core.ServerSessionPacketHandler$$Lambda$426/0x000000080060d040
1887:             1             32  org.apache.activemq.artemis.core.protocol.core.impl.ActiveMQPacketHandler
1888:             2             32  org.apache.activemq.artemis.core.protocol.hornetq.HQFilterConversionInterceptor
1889:             2             32  org.apache.activemq.artemis.core.protocol.mqtt.MQTTRoutingHandler
1890:             1             32  org.apache.activemq.artemis.core.protocol.mqtt.MQTTUtil$MQTTWildcardConfiguration
1891:             2             32  org.apache.activemq.artemis.core.remoting.impl.netty.NettyAcceptor$Listener
1892:             1             32  org.apache.activemq.artemis.core.security.Role
1893:             1             32  org.apache.activemq.artemis.core.server.impl.LiveOnlyActivation
1894:             2             32  org.apache.activemq.artemis.core.server.impl.ServerProducersImpl
1895:             1             32  org.apache.activemq.artemis.core.server.management.JMXAccessControlList
1896:             1             32  org.apache.activemq.artemis.core.server.management.impl.HawtioSecurityControlImpl
1897:             1             32  org.apache.activemq.artemis.core.server.routing.ConnectionRouterManager
1898:             1             32  org.apache.activemq.artemis.dto.BrokerDTO
1899:             1             32  org.apache.activemq.artemis.integration.FileBroker
1900:             2             32  org.apache.activemq.artemis.protocol.amqp.proton.AMQPRoutingHandler
1901:             1             32  org.apache.activemq.artemis.spi.core.security.ActiveMQJAASSecurityManager
1902:             1             32  org.apache.activemq.artemis.utils.UUIDGenerator
1903:             1             32  org.apache.commons.beanutils.PropertyUtilsBean
1904:             1             32  org.apache.commons.logging.impl.WeakHashtable$WeakKey
1905:             2             32  org.apache.logging.log4j.core.appender.rolling.CronTriggeringPolicy$CronTrigger
1906:             2             32  org.apache.logging.log4j.core.config.CronScheduledFuture
1907:             2             32  org.apache.logging.log4j.core.config.DefaultAdvertiser
1908:             2             32  org.apache.logging.log4j.core.impl.DefaultLogEventFactory
1909:             1             32  org.apache.logging.log4j.core.impl.ThrowableFormatOptions
1910:             2             32  org.apache.logging.log4j.core.layout.PatternLayout$PatternFormatterPatternSerializer
1911:             2             32  org.apache.logging.log4j.core.lookup.StrMatcher$CharSetMatcher
1912:             1             32  org.apache.logging.log4j.core.util.DefaultShutdownCallbackRegistry
1913:             2             32  org.apache.logging.log4j.core.util.SystemClock
1914:             1             32  org.apache.logging.log4j.core.util.WatchManager$ConfigurationMonitor
1915:             2             32  org.apache.logging.log4j.core.util.datetime.FastDatePrinter$TwoDigitNumberField
1916:             1             32  org.apache.logging.log4j.status.StatusLogger$BoundedQueue
1917:             2             32  org.apache.logging.log4j.util.EnvironmentPropertySource
1918:             2             32  org.apache.logging.log4j.util.PropertiesUtil
1919:             2             32  org.apache.logging.log4j.util.PropertySource$Comparator
1920:             2             32  org.apache.logging.log4j.util.SystemPropertiesPropertySource
1921:             1             32  org.apache.qpid.proton.amqp.Binary
1922:             1             32  org.eclipse.jetty.http.HttpField
1923:             2             32  org.eclipse.jetty.http.HttpFields$Immutable
1924:             2             32  org.eclipse.jetty.util.EmptyTrie
1925:             1             32  org.eclipse.jetty.util.thread.ThreadPoolBudget
1926:             1             32  org.eclipse.jetty.webapp.JaasConfiguration
1927:             1             32  org.eclipse.jetty.webapp.JaspiConfiguration
1928:             1             32  org.eclipse.jetty.webapp.JmxConfiguration
1929:             1             32  org.eclipse.jetty.webapp.JndiConfiguration
1930:             1             32  org.eclipse.jetty.webapp.JspConfiguration
1931:             1             32  org.eclipse.jetty.webapp.ServletsConfiguration
1932:             1             32  org.eclipse.jetty.xml.XmlParser$Handler
1933:             1             32  org.jolokia.backend.LocalRequestDispatcher
1934:             1             32  org.jolokia.backend.MBeanServerExecutorLocal
1935:             1             32  org.jolokia.backend.MBeanServerHandler
1936:             1             32  org.jolokia.backend.MBeanServers
1937:             1             32  org.jolokia.converter.json.ObjectToJsonConverter
1938:             2             32  org.jolokia.converter.object.StringToObjectConverter$BooleanParser
1939:             2             32  org.jolokia.converter.object.StringToObjectConverter$ByteParser
1940:             2             32  org.jolokia.converter.object.StringToObjectConverter$CharParser
1941:             2             32  org.jolokia.converter.object.StringToObjectConverter$DoubleParser
1942:             2             32  org.jolokia.converter.object.StringToObjectConverter$FloatParser
1943:             2             32  org.jolokia.converter.object.StringToObjectConverter$IntParser
1944:             2             32  org.jolokia.converter.object.StringToObjectConverter$LongParser
1945:             2             32  org.jolokia.converter.object.StringToObjectConverter$ShortParser
1946:             1             32  org.jolokia.detector.ServerHandle
1947:             1             32  org.jolokia.history.HistoryStore
1948:             1             32  org.jolokia.restrictor.PolicyRestrictor
1949:             1             32  org.xml.sax.helpers.LocatorImpl (java.xml@11.0.8)
1950:             1             32  sun.nio.ch.ServerSocketAdaptor (java.base@11.0.8)
1951:             1             32  sun.nio.cs.StandardCharsets (java.base@11.0.8)
1952:             1             32  sun.nio.fs.BsdFileStore (java.base@11.0.8)
1953:             1             32  sun.nio.fs.MacOSXFileSystem (java.base@11.0.8)
1954:             2             32  sun.reflect.generics.tree.ArrayTypeSignature (java.base@11.0.8)
1955:             2             32  sun.security.provider.FileInputStreamPool$UnclosableInputStream (java.base@11.0.8)
1956:             1             32  sun.security.provider.SecureRandom (java.base@11.0.8)
1957:             2             32  sun.util.resources.LocaleData (java.base@11.0.8)
1958:             1             24  [Lcom.google.common.cache.CacheBuilder$NullListener;
1959:             1             24  [Lcom.google.common.cache.CacheBuilder$OneWeigher;
1960:             1             24  [Lcom.google.common.cache.LocalCache$NullEntry;
1961:             1             24  [Lcom.sun.org.apache.xerces.internal.impl.xpath.regex.RegularExpression$ClosureContext; (java.xml@11.0.8)
1962:             1             24  [Lcom.sun.org.apache.xerces.internal.impl.xs.XSParticleDecl; (java.xml@11.0.8)
1963:             1             24  [Lcom.sun.org.apache.xerces.internal.utils.XMLSecurityPropertyManager$Property; (java.xml@11.0.8)
1964:             1             24  [Lio.netty.buffer.PoolArena$SizeClass;
1965:             1             24  [Ljava.io.File$PathStatus; (java.base@11.0.8)
1966:             1             24  [Ljava.lang.StackWalker$ExtendedOption; (java.base@11.0.8)
1967:             1             24  [Ljava.net.InetSocketAddress; (java.base@11.0.8)
1968:             1             24  [Ljava.net.StandardProtocolFamily; (java.base@11.0.8)
1969:             1             24  [Ljava.time.temporal.IsoFields$Unit; (java.base@11.0.8)
1970:             1             24  [Ljava.time.zone.ZoneOffsetTransition; (java.base@11.0.8)
1971:             1             24  [Ljava.util.Comparators$NaturalOrderComparator; (java.base@11.0.8)
1972:             1             24  [Ljava.util.Locale$Category; (java.base@11.0.8)
1973:             1             24  [Ljavax.xml.bind.annotation.XmlAccessOrder;
1974:             1             24  [Lorg.apache.activemq.artemis.commons.shaded.johnzon.core.RejectDuplicateKeysMode;
1975:             1             24  [Lorg.apache.activemq.artemis.core.journal.impl.dataformat.JournalCompleteRecordTX$TX_RECORD_TYPE;
1976:             1             24  [Lorg.apache.activemq.artemis.core.settings.impl.DeletionPolicy;
1977:             1             24  [Lorg.apache.activemq.artemis.core.settings.impl.SlowConsumerPolicy;
1978:             1             24  [Lorg.apache.activemq.artemis.spi.core.security.scram.SCRAM;
1979:             1             24  [Lorg.apache.logging.log4j.core.appender.ConsoleAppender$Target;
1980:             1             24  [Lorg.apache.logging.log4j.core.async.ThreadNameCachingStrategy;
1981:             1             24  [Lorg.apache.logging.log4j.core.config.status.StatusConfiguration$Verbosity;
1982:             1             24  [Lorg.apache.logging.log4j.core.pattern.NameAbbreviator$MaxElementAbbreviator$Strategy;
1983:             1             24  [Lorg.apache.qpid.proton.amqp.transport.ReceiverSettleMode;
1984:             1             24  [Lorg.apache.qpid.proton.amqp.transport.Role;
1985:             1             24  [Lorg.apache.qpid.proton.engine.TransportResult$Status;
1986:             1             24  [Lorg.apache.qpid.proton.engine.impl.SaslImpl$Role;
1987:             1             24  [Lorg.eclipse.jetty.http.CookieCompliance;
1988:             1             24  [Lorg.eclipse.jetty.http.HttpFieldPreEncoder;
1989:             1             24  [Lorg.eclipse.jetty.server.MultiPartFormDataCompliance;
1990:             1             24  [Lorg.eclipse.jetty.server.ServerConnector;
1991:             1             24  [Lorg.eclipse.jetty.server.handler.ContextHandler$ProtectedTargetType;
1992:             1             24  com.google.common.cache.CacheBuilder$NullListener
1993:             1             24  com.google.common.cache.CacheBuilder$OneWeigher
1994:             1             24  com.google.common.cache.LocalCache$EntryFactory$1
1995:             1             24  com.google.common.cache.LocalCache$EntryFactory$2
1996:             1             24  com.google.common.cache.LocalCache$EntryFactory$3
1997:             1             24  com.google.common.cache.LocalCache$EntryFactory$4
1998:             1             24  com.google.common.cache.LocalCache$EntryFactory$5
1999:             1             24  com.google.common.cache.LocalCache$EntryFactory$6
2000:             1             24  com.google.common.cache.LocalCache$EntryFactory$7
2001:             1             24  com.google.common.cache.LocalCache$EntryFactory$8
2002:             1             24  com.google.common.cache.LocalCache$NullEntry
2003:             1             24  com.google.common.cache.LocalCache$Strength$1
2004:             1             24  com.google.common.cache.LocalCache$Strength$2
2005:             1             24  com.google.common.cache.LocalCache$Strength$3
2006:             1             24  com.google.common.cache.RemovalCause$1
2007:             1             24  com.google.common.cache.RemovalCause$2
2008:             1             24  com.google.common.cache.RemovalCause$3
2009:             1             24  com.google.common.cache.RemovalCause$4
2010:             1             24  com.google.common.cache.RemovalCause$5
2011:             1             24  com.sun.beans.util.Cache$Kind$1 (java.desktop@11.0.8)
2012:             1             24  com.sun.beans.util.Cache$Kind$2 (java.desktop@11.0.8)
2013:             1             24  com.sun.beans.util.Cache$Kind$3 (java.desktop@11.0.8)
2014:             1             24  com.sun.jmx.mbeanserver.ClassLoaderRepositorySupport (java.management@11.0.8)
2015:             1             24  com.sun.jmx.mbeanserver.MXBeanLookup (java.management@11.0.8)
2016:             1             24  com.sun.management.internal.HotSpotThreadImpl (jdk.management@11.0.8)
2017:             1             24  com.sun.management.internal.OperatingSystemImpl (jdk.management@11.0.8)
2018:             1             24  com.sun.management.internal.PlatformMBeanProviderImpl$1 (jdk.management@11.0.8)
2019:             1             24  com.sun.management.internal.PlatformMBeanProviderImpl$2 (jdk.management@11.0.8)
2020:             1             24  com.sun.management.internal.PlatformMBeanProviderImpl$3 (jdk.management@11.0.8)
2021:             1             24  com.sun.management.internal.PlatformMBeanProviderImpl$4 (jdk.management@11.0.8)
2022:             1             24  com.sun.management.internal.PlatformMBeanProviderImpl$5 (jdk.management@11.0.8)
2023:             1             24  com.sun.org.apache.xerces.internal.impl.Constants$ArrayEnumeration (java.xml@11.0.8)
2024:             1             24  com.sun.org.apache.xerces.internal.impl.XMLNSDocumentScannerImpl$NSContentDriver (java.xml@11.0.8)
2025:             1             24  com.sun.org.apache.xerces.internal.impl.dtd.DTDGrammarBucket (java.xml@11.0.8)
2026:             1             24  com.sun.org.apache.xerces.internal.impl.dtd.XMLAttributeDecl (java.xml@11.0.8)
2027:             1             24  com.sun.org.apache.xerces.internal.impl.msg.XMLMessageFormatter (java.xml@11.0.8)
2028:             1             24  com.sun.org.apache.xerces.internal.impl.validation.ValidationManager (java.xml@11.0.8)
2029:             1             24  com.sun.org.apache.xerces.internal.impl.xpath.regex.Op$CharOp (java.xml@11.0.8)
2030:             1             24  com.sun.org.apache.xerces.internal.impl.xpath.regex.RegularExpression$ClosureContext (java.xml@11.0.8)
2031:             1             24  com.sun.org.apache.xerces.internal.impl.xs.util.ShortListImpl (java.xml@11.0.8)
2032:             1             24  com.sun.org.apache.xerces.internal.impl.xs.util.XSObjectListImpl (java.xml@11.0.8)
2033:             1             24  com.sun.org.apache.xerces.internal.utils.XMLSecurityPropertyManager (java.xml@11.0.8)
2034:             1             24  com.sun.xml.bind.v2.model.annotation.XmlAttributeQuick
2035:             1             24  com.sun.xml.bind.v2.model.annotation.XmlElementDeclQuick
2036:             1             24  com.sun.xml.bind.v2.model.annotation.XmlElementQuick
2037:             1             24  com.sun.xml.bind.v2.model.annotation.XmlElementRefQuick
2038:             1             24  com.sun.xml.bind.v2.model.annotation.XmlElementRefsQuick
2039:             1             24  com.sun.xml.bind.v2.model.annotation.XmlEnumQuick
2040:             1             24  com.sun.xml.bind.v2.model.annotation.XmlRootElementQuick
2041:             1             24  com.sun.xml.bind.v2.model.annotation.XmlSchemaQuick
2042:             1             24  com.sun.xml.bind.v2.model.annotation.XmlSchemaTypeQuick
2043:             1             24  com.sun.xml.bind.v2.model.annotation.XmlTransientQuick
2044:             1             24  com.sun.xml.bind.v2.model.annotation.XmlTypeQuick
2045:             1             24  com.sun.xml.bind.v2.model.annotation.XmlValueQuick
2046:             1             24  com.sun.xml.bind.v2.model.impl.RuntimeAnyTypeImpl
2047:             1             24  com.sun.xml.bind.v2.model.impl.RuntimeBuiltinLeafInfoImpl$10
2048:             1             24  com.sun.xml.bind.v2.model.impl.RuntimeBuiltinLeafInfoImpl$11
2049:             1             24  com.sun.xml.bind.v2.model.impl.RuntimeBuiltinLeafInfoImpl$12
2050:             1             24  com.sun.xml.bind.v2.model.impl.RuntimeBuiltinLeafInfoImpl$13
2051:             1             24  com.sun.xml.bind.v2.model.impl.RuntimeBuiltinLeafInfoImpl$14
2052:             1             24  com.sun.xml.bind.v2.model.impl.RuntimeBuiltinLeafInfoImpl$15
2053:             1             24  com.sun.xml.bind.v2.model.impl.RuntimeBuiltinLeafInfoImpl$16
2054:             1             24  com.sun.xml.bind.v2.model.impl.RuntimeBuiltinLeafInfoImpl$17
2055:             1             24  com.sun.xml.bind.v2.model.impl.RuntimeBuiltinLeafInfoImpl$18
2056:             1             24  com.sun.xml.bind.v2.model.impl.RuntimeBuiltinLeafInfoImpl$19
2057:             1             24  com.sun.xml.bind.v2.model.impl.RuntimeBuiltinLeafInfoImpl$2
2058:             1             24  com.sun.xml.bind.v2.model.impl.RuntimeBuiltinLeafInfoImpl$20
2059:             1             24  com.sun.xml.bind.v2.model.impl.RuntimeBuiltinLeafInfoImpl$21
2060:             1             24  com.sun.xml.bind.v2.model.impl.RuntimeBuiltinLeafInfoImpl$22
2061:             1             24  com.sun.xml.bind.v2.model.impl.RuntimeBuiltinLeafInfoImpl$23
2062:             1             24  com.sun.xml.bind.v2.model.impl.RuntimeBuiltinLeafInfoImpl$24
2063:             1             24  com.sun.xml.bind.v2.model.impl.RuntimeBuiltinLeafInfoImpl$26
2064:             1             24  com.sun.xml.bind.v2.model.impl.RuntimeBuiltinLeafInfoImpl$27
2065:             1             24  com.sun.xml.bind.v2.model.impl.RuntimeBuiltinLeafInfoImpl$3
2066:             1             24  com.sun.xml.bind.v2.model.impl.RuntimeBuiltinLeafInfoImpl$4
2067:             1             24  com.sun.xml.bind.v2.model.impl.RuntimeBuiltinLeafInfoImpl$5
2068:             1             24  com.sun.xml.bind.v2.model.impl.RuntimeBuiltinLeafInfoImpl$6
2069:             1             24  com.sun.xml.bind.v2.model.impl.RuntimeBuiltinLeafInfoImpl$7
2070:             1             24  com.sun.xml.bind.v2.model.impl.RuntimeBuiltinLeafInfoImpl$8
2071:             1             24  com.sun.xml.bind.v2.model.impl.RuntimeBuiltinLeafInfoImpl$9
2072:             1             24  com.sun.xml.bind.v2.model.impl.RuntimeBuiltinLeafInfoImpl$StringImplImpl
2073:             1             24  com.sun.xml.bind.v2.model.impl.RuntimeBuiltinLeafInfoImpl$UUIDImpl
2074:             1             24  com.sun.xml.bind.v2.runtime.unmarshaller.DomLoader
2075:             1             24  io.hawt.jmx.About
2076:             1             24  io.hawt.jmx.QuartzFacade
2077:             1             24  io.hawt.jmx.RBACRegistry
2078:             1             24  io.hawt.system.ConfigManager
2079:             1             24  io.hawt.web.auth.AuthenticationFilter
2080:             1             24  io.hawt.web.auth.Redirector
2081:             1             24  io.hawt.web.auth.SessionExpiryFilter
2082:             1             24  io.hawt.web.filters.BaseTagHrefFilter
2083:             1             24  io.hawt.web.filters.CacheHeadersFilter
2084:             1             24  io.hawt.web.filters.PublicKeyPinningFilter
2085:             1             24  io.hawt.web.filters.StrictTransportSecurityFilter
2086:             1             24  io.hawt.web.servlets.JolokiaConfiguredAgentServlet$ServletConfigWrapper
2087:             1             24  io.netty.buffer.PooledByteBufAllocator$PoolThreadLocalCache
2088:             1             24  io.netty.buffer.UnpooledByteBufAllocator$UnpooledByteBufAllocatorMetric
2089:             1             24  io.netty.buffer.UnreleasableByteBuf
2090:             1             24  io.netty.channel.ChannelOption$1
2091:             1             24  io.netty.util.ResourceLeakDetectorFactory$DefaultResourceLeakDetectorFactory
2092:             1             24  io.netty.util.concurrent.FailedFuture
2093:             1             24  io.netty.util.internal.DefaultPriorityQueue
2094:             1             24  io.netty.util.internal.ThreadExecutorMap$3
2095:             1             24  java.io.InputStreamReader (java.base@11.0.8)
2096:             1             24  java.lang.ProcessEnvironment$StringEnvironment (java.base@11.0.8)
2097:             1             24  java.lang.ProcessHandleImpl$$Lambda$279/0x000000080044d840 (java.base@11.0.8)
2098:             1             24  java.lang.StackWalker$ExtendedOption (java.base@11.0.8)
2099:             1             24  java.lang.invoke.DirectMethodHandle$EnsureInitialized (java.base@11.0.8)
2100:             1             24  java.lang.invoke.MethodHandleImpl$ArrayAccessor$1 (java.base@11.0.8)
2101:             1             24  java.lang.invoke.MethodHandleImpl$BindCaller$1 (java.base@11.0.8)
2102:             1             24  java.lang.invoke.MethodType$ConcurrentWeakInternSet (java.base@11.0.8)
2103:             1             24  java.lang.invoke.StringConcatFactory$Stringifiers$StringifierAny (java.base@11.0.8)
2104:             1             24  java.lang.invoke.StringConcatFactory$Stringifiers$StringifierMost (java.base@11.0.8)
2105:             1             24  java.lang.management.DefaultPlatformMBeanProvider$1 (java.management@11.0.8)
2106:             1             24  java.lang.management.DefaultPlatformMBeanProvider$10 (java.management@11.0.8)
2107:             1             24  java.lang.management.DefaultPlatformMBeanProvider$11 (java.management@11.0.8)
2108:             1             24  java.lang.management.DefaultPlatformMBeanProvider$2 (java.management@11.0.8)
2109:             1             24  java.lang.management.DefaultPlatformMBeanProvider$3 (java.management@11.0.8)
2110:             1             24  java.lang.management.DefaultPlatformMBeanProvider$4 (java.management@11.0.8)
2111:             1             24  java.lang.management.DefaultPlatformMBeanProvider$5 (java.management@11.0.8)
2112:             1             24  java.lang.management.DefaultPlatformMBeanProvider$6 (java.management@11.0.8)
2113:             1             24  java.lang.management.DefaultPlatformMBeanProvider$7 (java.management@11.0.8)
2114:             1             24  java.lang.management.DefaultPlatformMBeanProvider$8 (java.management@11.0.8)
2115:             1             24  java.lang.management.DefaultPlatformMBeanProvider$9 (java.management@11.0.8)
2116:             1             24  java.net.Inet6AddressImpl (java.base@11.0.8)
2117:             1             24  java.nio.file.LinkOption (java.base@11.0.8)
2118:             1             24  java.security.AllPermissionCollection (java.base@11.0.8)
2119:             1             24  java.time.Clock$SystemClock (java.base@11.0.8)
2120:             1             24  java.time.ZoneRegion (java.base@11.0.8)
2121:             1             24  java.time.format.DecimalStyle (java.base@11.0.8)
2122:             1             24  java.time.temporal.IsoFields$Field$1 (java.base@11.0.8)
2123:             1             24  java.time.temporal.IsoFields$Field$2 (java.base@11.0.8)
2124:             1             24  java.time.temporal.IsoFields$Field$3 (java.base@11.0.8)
2125:             1             24  java.time.temporal.IsoFields$Field$4 (java.base@11.0.8)
2126:             1             24  java.time.zone.TzdbZoneRulesProvider (java.base@11.0.8)
2127:             1             24  java.util.Collections$3 (java.base@11.0.8)
2128:             1             24  java.util.Collections$EmptyMap (java.base@11.0.8)
2129:             1             24  java.util.Collections$SynchronizedCollection (java.base@11.0.8)
2130:             1             24  java.util.Comparators$NaturalOrderComparator (java.base@11.0.8)
2131:             1             24  java.util.Locale$Cache (java.base@11.0.8)
2132:             1             24  java.util.ResourceBundle$Control$CandidateListCache (java.base@11.0.8)
2133:             1             24  java.util.TaskQueue (java.base@11.0.8)
2134:             1             24  java.util.Timer (java.base@11.0.8)
2135:             1             24  java.util.concurrent.ConcurrentLinkedDeque (java.base@11.0.8)
2136:             1             24  java.util.concurrent.Executors$DefaultThreadFactory (java.base@11.0.8)
2137:             1             24  java.util.concurrent.LinkedBlockingDeque$Node (java.base@11.0.8)
2138:             1             24  java.util.logging.LogManager$LoggerContext (java.logging@11.0.8)
2139:             1             24  java.util.regex.Pattern$Pos (java.base@11.0.8)
2140:             1             24  java.util.regex.Pattern$Prolog (java.base@11.0.8)
2141:             1             24  java.util.zip.ZipCoder$UTF8 (java.base@11.0.8)
2142:             1             24  javax.management.ObjectInstance (java.management@11.0.8)
2143:             1             24  javax.management.ObjectName$PatternProperty (java.management@11.0.8)
2144:             1             24  javax.security.auth.callback.TextOutputCallback (java.base@11.0.8)
2145:             1             24  jdk.internal.jimage.ImageReader (java.base@11.0.8)
2146:             1             24  jdk.internal.logger.BootstrapLogger$RedirectedLoggers (java.base@11.0.8)
2147:             1             24  jdk.internal.module.ModuleHashes (java.base@11.0.8)
2148:             1             24  jdk.internal.module.SystemModuleFinders$SystemModuleFinder (java.base@11.0.8)
2149:             1             24  jdk.management.jfr.StreamManager (jdk.management.jfr@11.0.8)
2150:             1             24  jdk.management.jfr.internal.FlightRecorderMXBeanProvider$SingleMBeanComponent (jdk.management.jfr@11.0.8)
2151:             1             24  org.apache.activemq.artemis.api.core.ActiveMQExceptionType$1
2152:             1             24  org.apache.activemq.artemis.api.core.ActiveMQExceptionType$10
2153:             1             24  org.apache.activemq.artemis.api.core.ActiveMQExceptionType$11
2154:             1             24  org.apache.activemq.artemis.api.core.ActiveMQExceptionType$12
2155:             1             24  org.apache.activemq.artemis.api.core.ActiveMQExceptionType$13
2156:             1             24  org.apache.activemq.artemis.api.core.ActiveMQExceptionType$14
2157:             1             24  org.apache.activemq.artemis.api.core.ActiveMQExceptionType$15
2158:             1             24  org.apache.activemq.artemis.api.core.ActiveMQExceptionType$16
2159:             1             24  org.apache.activemq.artemis.api.core.ActiveMQExceptionType$17
2160:             1             24  org.apache.activemq.artemis.api.core.ActiveMQExceptionType$18
2161:             1             24  org.apache.activemq.artemis.api.core.ActiveMQExceptionType$19
2162:             1             24  org.apache.activemq.artemis.api.core.ActiveMQExceptionType$2
2163:             1             24  org.apache.activemq.artemis.api.core.ActiveMQExceptionType$20
2164:             1             24  org.apache.activemq.artemis.api.core.ActiveMQExceptionType$21
2165:             1             24  org.apache.activemq.artemis.api.core.ActiveMQExceptionType$22
2166:             1             24  org.apache.activemq.artemis.api.core.ActiveMQExceptionType$23
2167:             1             24  org.apache.activemq.artemis.api.core.ActiveMQExceptionType$24
2168:             1             24  org.apache.activemq.artemis.api.core.ActiveMQExceptionType$25
2169:             1             24  org.apache.activemq.artemis.api.core.ActiveMQExceptionType$26
2170:             1             24  org.apache.activemq.artemis.api.core.ActiveMQExceptionType$27
2171:             1             24  org.apache.activemq.artemis.api.core.ActiveMQExceptionType$28
2172:             1             24  org.apache.activemq.artemis.api.core.ActiveMQExceptionType$29
2173:             1             24  org.apache.activemq.artemis.api.core.ActiveMQExceptionType$3
2174:             1             24  org.apache.activemq.artemis.api.core.ActiveMQExceptionType$30
2175:             1             24  org.apache.activemq.artemis.api.core.ActiveMQExceptionType$31
2176:             1             24  org.apache.activemq.artemis.api.core.ActiveMQExceptionType$32
2177:             1             24  org.apache.activemq.artemis.api.core.ActiveMQExceptionType$33
2178:             1             24  org.apache.activemq.artemis.api.core.ActiveMQExceptionType$34
2179:             1             24  org.apache.activemq.artemis.api.core.ActiveMQExceptionType$35
2180:             1             24  org.apache.activemq.artemis.api.core.ActiveMQExceptionType$36
2181:             1             24  org.apache.activemq.artemis.api.core.ActiveMQExceptionType$37
2182:             1             24  org.apache.activemq.artemis.api.core.ActiveMQExceptionType$38
2183:             1             24  org.apache.activemq.artemis.api.core.ActiveMQExceptionType$39
2184:             1             24  org.apache.activemq.artemis.api.core.ActiveMQExceptionType$4
2185:             1             24  org.apache.activemq.artemis.api.core.ActiveMQExceptionType$40
2186:             1             24  org.apache.activemq.artemis.api.core.ActiveMQExceptionType$5
2187:             1             24  org.apache.activemq.artemis.api.core.ActiveMQExceptionType$6
2188:             1             24  org.apache.activemq.artemis.api.core.ActiveMQExceptionType$7
2189:             1             24  org.apache.activemq.artemis.api.core.ActiveMQExceptionType$8
2190:             1             24  org.apache.activemq.artemis.api.core.ActiveMQExceptionType$9
2191:             1             24  org.apache.activemq.artemis.cli.commands.ActionContext
2192:             1             24  org.apache.activemq.artemis.commons.shaded.johnzon.core.JsonBuilderFactoryImpl
2193:             1             24  org.apache.activemq.artemis.commons.shaded.johnzon.core.JsonReaderFactoryImpl
2194:             1             24  org.apache.activemq.artemis.commons.shaded.johnzon.core.JsonWriterFactoryImpl
2195:             1             24  org.apache.activemq.artemis.commons.shaded.json.EmptyObject
2196:             1             24  org.apache.activemq.artemis.core.buffers.impl.ChannelBufferWrapper
2197:             1             24  org.apache.activemq.artemis.core.config.MetricsConfiguration
2198:             1             24  org.apache.activemq.artemis.core.config.impl.RoleSet
2199:             1             24  org.apache.activemq.artemis.core.messagecounter.impl.MessageCounterManagerImpl
2200:             1             24  org.apache.activemq.artemis.core.paging.impl.PagingManagerImpl$LocalMonitor
2201:             1             24  org.apache.activemq.artemis.core.postoffice.impl.AddressMap
2202:             1             24  org.apache.activemq.artemis.core.protocol.ServerPacketDecoder
2203:             1             24  org.apache.activemq.artemis.core.protocol.openwire.OpenWireRoutingHandler
2204:             1             24  org.apache.activemq.artemis.core.security.CheckType$1
2205:             1             24  org.apache.activemq.artemis.core.security.CheckType$10
2206:             1             24  org.apache.activemq.artemis.core.security.CheckType$2
2207:             1             24  org.apache.activemq.artemis.core.security.CheckType$3
2208:             1             24  org.apache.activemq.artemis.core.security.CheckType$4
2209:             1             24  org.apache.activemq.artemis.core.security.CheckType$5
2210:             1             24  org.apache.activemq.artemis.core.security.CheckType$6
2211:             1             24  org.apache.activemq.artemis.core.security.CheckType$7
2212:             1             24  org.apache.activemq.artemis.core.security.CheckType$8
2213:             1             24  org.apache.activemq.artemis.core.security.CheckType$9
2214:             1             24  org.apache.activemq.artemis.core.server.cluster.ha.StandaloneHAManager
2215:             1             24  org.apache.activemq.artemis.core.server.federation.FederationManager
2216:             1             24  org.apache.activemq.artemis.core.server.impl.ActiveMQServerImpl$$Lambda$185/0x000000080035b840
2217:             1             24  org.apache.activemq.artemis.core.server.impl.ActiveMQServerImpl$DefaultCriticalErrorListener
2218:             1             24  org.apache.activemq.artemis.core.server.impl.QueueImpl$13
2219:             1             24  org.apache.activemq.artemis.core.server.impl.ServerStatus
2220:             1             24  org.apache.activemq.artemis.core.server.management.ArtemisMBeanServerBuilder$MBeanInvocationHandler
2221:             1             24  org.apache.activemq.artemis.core.transaction.impl.ResourceManagerImpl$TxTimeoutHandler
2222:             1             24  org.apache.activemq.artemis.core.transaction.impl.TransactionImpl$4
2223:             1             24  org.apache.activemq.artemis.dto.JaasSecurityDTO
2224:             1             24  org.apache.activemq.artemis.dto.ServerDTO
2225:             1             24  org.apache.activemq.artemis.json.impl.JsonArrayImpl
2226:             1             24  org.apache.activemq.artemis.protocol.amqp.sasl.scram.SHA256SCRAMServerSASLFactory
2227:             1             24  org.apache.activemq.artemis.protocol.amqp.sasl.scram.SHA512SCRAMServerSASLFactory
2228:             1             24  org.apache.activemq.artemis.spi.core.security.jaas.RolePrincipal
2229:             1             24  org.apache.activemq.artemis.spi.core.security.jaas.UserPrincipal
2230:             1             24  org.apache.activemq.artemis.utils.SimpleIDGenerator
2231:             1             24  org.apache.activemq.artemis.utils.UUID
2232:             1             24  org.apache.activemq.artemis.utils.collections.TypedProperties$TypedPropertiesStringSimpleStringPools
2233:             1             24  org.apache.activemq.artemis.utils.uri.FluentPropertyBeanIntrospectorWithIgnores
2234:             1             24  org.apache.activemq.util.DataByteArrayInputStream
2235:             1             24  org.apache.activemq.util.DataByteArrayOutputStream
2236:             1             24  org.apache.activemq.util.LongSequenceGenerator
2237:             1             24  org.apache.commons.beanutils.BeanUtilsBean
2238:             1             24  org.apache.commons.beanutils.BeanUtilsBean$1
2239:             1             24  org.apache.commons.beanutils.converters.StringConverter
2240:             1             24  org.apache.commons.logging.impl.WeakHashtable$Referenced
2241:             1             24  org.apache.logging.log4j.core.appender.ConsoleAppender$Target$1
2242:             1             24  org.apache.logging.log4j.core.appender.ConsoleAppender$Target$2
2243:             1             24  org.apache.logging.log4j.core.appender.rolling.FileExtension$1
2244:             1             24  org.apache.logging.log4j.core.appender.rolling.FileExtension$2
2245:             1             24  org.apache.logging.log4j.core.appender.rolling.FileExtension$3
2246:             1             24  org.apache.logging.log4j.core.appender.rolling.FileExtension$4
2247:             1             24  org.apache.logging.log4j.core.appender.rolling.FileExtension$5
2248:             1             24  org.apache.logging.log4j.core.appender.rolling.FileExtension$6
2249:             1             24  org.apache.logging.log4j.core.async.ThreadNameCachingStrategy$1
2250:             1             24  org.apache.logging.log4j.core.async.ThreadNameCachingStrategy$2
2251:             1             24  org.apache.logging.log4j.core.config.LoggerConfig$LoggerConfigPredicate$1
2252:             1             24  org.apache.logging.log4j.core.config.LoggerConfig$LoggerConfigPredicate$2
2253:             1             24  org.apache.logging.log4j.core.config.LoggerConfig$LoggerConfigPredicate$3
2254:             1             24  org.apache.logging.log4j.core.config.Loggers
2255:             1             24  org.apache.logging.log4j.core.config.json.JsonConfigurationFactory
2256:             1             24  org.apache.logging.log4j.core.config.plugins.util.PluginRegistry
2257:             1             24  org.apache.logging.log4j.core.config.yaml.YamlConfigurationFactory
2258:             1             24  org.apache.logging.log4j.core.impl.Log4jContextFactory
2259:             1             24  org.apache.logging.log4j.core.pattern.LevelPatternConverter$SimpleLevelPatternConverter
2260:             1             24  org.apache.logging.log4j.core.pattern.LineSeparatorPatternConverter
2261:             1             24  org.apache.logging.log4j.core.pattern.LoggerPatternConverter
2262:             1             24  org.apache.logging.log4j.core.pattern.MessagePatternConverter$SimpleMessagePatternConverter
2263:             1             24  org.apache.logging.log4j.core.pattern.NameAbbreviator$MaxElementAbbreviator$Strategy$1
2264:             1             24  org.apache.logging.log4j.core.pattern.NameAbbreviator$MaxElementAbbreviator$Strategy$2
2265:             1             24  org.apache.logging.log4j.core.pattern.PatternParser
2266:             1             24  org.apache.logging.log4j.core.pattern.SimpleLiteralPatternConverter$Space
2267:             1             24  org.apache.logging.log4j.core.pattern.ThreadNamePatternConverter
2268:             1             24  org.apache.logging.log4j.core.util.WatchManager$WatchRunnable
2269:             1             24  org.apache.logging.log4j.spi.DefaultThreadContextMap
2270:             1             24  org.apache.logging.log4j.spi.LoggerRegistry
2271:             1             24  org.apache.logging.log4j.status.StatusConsoleListener
2272:             1             24  org.apache.logging.slf4j.Log4jLoggerFactory
2273:             1             24  org.apache.logging.slf4j.Log4jMarker
2274:             1             24  org.apache.qpid.proton.engine.Event$Type$1
2275:             1             24  org.apache.qpid.proton.engine.TransportResultFactory$TransportResultImpl
2276:             1             24  org.eclipse.jetty.server.AbstractConnector$2
2277:             1             24  org.eclipse.jetty.server.AbstractConnector$Acceptor
2278:             1             24  org.eclipse.jetty.util.IO$NullWrite
2279:             1             24  org.eclipse.jetty.util.Uptime$DefaultImpl
2280:             1             24  org.eclipse.jetty.xml.XmlParser$NoopHandler
2281:             1             24  org.jolokia.converter.Converters
2282:             1             24  org.jolokia.converter.json.simplifier.BigIntegerSimplifier
2283:             1             24  org.jolokia.converter.json.simplifier.ClassSimplifier
2284:             1             24  org.jolokia.converter.json.simplifier.DomElementSimplifier
2285:             1             24  org.jolokia.converter.json.simplifier.FileSimplifier
2286:             1             24  org.jolokia.converter.json.simplifier.ObjectNameSimplifier
2287:             1             24  org.jolokia.converter.json.simplifier.UrlSimplifier
2288:             1             24  org.jolokia.converter.object.ArrayTypeConverter
2289:             1             24  org.jolokia.converter.object.CompositeTypeConverter
2290:             1             24  org.jolokia.converter.object.SimpleTypeConverter
2291:             1             24  org.jolokia.converter.object.StringToOpenTypeConverter
2292:             1             24  org.jolokia.converter.object.TabularDataConverter
2293:             1             24  org.jolokia.discovery.JolokiaDiscovery
2294:             1             24  org.jolokia.handler.ExecHandler
2295:             1             24  org.jolokia.handler.VersionHandler
2296:             1             24  org.jolokia.handler.WriteHandler
2297:             1             24  org.jolokia.http.AgentServlet$1
2298:             1             24  org.jolokia.http.HttpRequestHandler
2299:             1             24  org.jolokia.restrictor.policy.CorsChecker
2300:             1             24  org.jolokia.restrictor.policy.MBeanAccessChecker
2301:             1             24  org.jolokia.restrictor.policy.NetworkChecker
2302:             1             24  org.jolokia.util.DebugStore
2303:             1             24  org.slf4j.helpers.FormattingTuple
2304:             1             24  org.slf4j.helpers.SubstituteLoggerFactory
2305:             1             24  sun.management.CompilationImpl (java.management@11.0.8)
2306:             1             24  sun.management.ManagementFactoryHelper$LoggingMXBeanAccess (java.management@11.0.8)
2307:             1             24  sun.management.ManagementFactoryHelper$PlatformLoggingImpl (java.management@11.0.8)
2308:             1             24  sun.management.MemoryImpl (java.management@11.0.8)
2309:             1             24  sun.management.RuntimeImpl (java.management@11.0.8)
2310:             1             24  sun.management.VMManagementImpl (java.management@11.0.8)
2311:             1             24  sun.net.ProgressMonitor (java.base@11.0.8)
2312:             1             24  sun.net.sdp.SdpProvider (java.base@11.0.8)
2313:             1             24  sun.nio.cs.ISO_8859_1 (java.base@11.0.8)
2314:             1             24  sun.nio.cs.US_ASCII (java.base@11.0.8)
2315:             1             24  sun.nio.cs.UTF_16 (java.base@11.0.8)
2316:             1             24  sun.nio.cs.UTF_16BE (java.base@11.0.8)
2317:             1             24  sun.nio.cs.UTF_16LE (java.base@11.0.8)
2318:             1             24  sun.nio.cs.UTF_8 (java.base@11.0.8)
2319:             1             24  sun.security.provider.ConfigFile (java.base@11.0.8)
2320:             1             24  sun.util.cldr.CLDRCalendarDataProviderImpl (java.base@11.0.8)
2321:             1             24  sun.util.cldr.CLDRTimeZoneNameProviderImpl (java.base@11.0.8)
2322:             1             24  sun.util.locale.BaseLocale$Cache (java.base@11.0.8)
2323:             1             24  sun.util.locale.provider.CalendarProviderImpl (java.base@11.0.8)
2324:             1             24  sun.util.locale.provider.DateFormatSymbolsProviderImpl (java.base@11.0.8)
2325:             1             24  sun.util.locale.provider.DecimalFormatSymbolsProviderImpl (java.base@11.0.8)
2326:             1             24  sun.util.locale.provider.NumberFormatProviderImpl (java.base@11.0.8)
2327:             1             24  sun.util.locale.provider.TimeZoneNameProviderImpl (java.base@11.0.8)
2328:             1             16  [Lcom.sun.org.apache.xerces.internal.impl.xs.SubstitutionGroupHandler$OneSubGroup; (java.xml@11.0.8)
2329:             1             16  [Lcom.sun.org.apache.xerces.internal.xni.grammars.Grammar; (java.xml@11.0.8)
2330:             1             16  [Lcom.sun.org.apache.xerces.internal.xs.XSObject; (java.xml@11.0.8)
2331:             1             16  [Lcom.sun.xml.bind.v2.runtime.property.AttributeProperty;
2332:             1             16  [Lio.netty.util.AsciiString;
2333:             1             16  [Lio.netty.util.DefaultAttributeMap$DefaultAttribute;
2334:             1             16  [Ljava.beans.EventSetDescriptor; (java.desktop@11.0.8)
2335:             1             16  [Ljava.io.File; (java.base@11.0.8)
2336:             1             16  [Ljava.lang.ClassLoader; (java.base@11.0.8)
2337:             1             16  [Ljava.lang.Double; (java.base@11.0.8)
2338:             1             16  [Ljava.lang.Float; (java.base@11.0.8)
2339:             1             16  [Ljava.lang.Throwable; (java.base@11.0.8)
2340:             1             16  [Ljava.net.URL; (java.base@11.0.8)
2341:             1             16  [Ljava.nio.ByteBuffer; (java.base@11.0.8)
2342:             1             16  [Ljava.nio.file.attribute.FileAttribute; (java.base@11.0.8)
2343:             1             16  [Ljava.security.Provider; (java.base@11.0.8)
2344:             1             16  [Ljava.security.cert.X509Certificate; (java.base@11.0.8)
2345:             1             16  [Ljava.sql.Date; (java.sql@11.0.8)
2346:             1             16  [Ljava.sql.Time; (java.sql@11.0.8)
2347:             1             16  [Ljava.sql.Timestamp; (java.sql@11.0.8)
2348:             1             16  [Ljava.text.FieldPosition; (java.base@11.0.8)
2349:             1             16  [Ljava.util.Calendar; (java.base@11.0.8)
2350:             1             16  [Ljava.util.Date; (java.base@11.0.8)
2351:             1             16  [Ljava.util.logging.Handler; (java.logging@11.0.8)
2352:             1             16  [Ljavax.security.cert.X509Certificate; (java.base@11.0.8)
2353:             1             16  [Ljavax.xml.bind.annotation.XmlNs;
2354:             1             16  [Lorg.apache.http.Header;
2355:             1             16  [Lorg.apache.http.HeaderElement;
2356:             1             16  [Lorg.apache.logging.log4j.Level;
2357:             1             16  [Lorg.apache.logging.log4j.core.Appender;
2358:             1             16  [Lorg.apache.logging.log4j.spi.LoggerContext;
2359:             1             16  com.google.common.base.CharMatcher$None
2360:             1             16  com.google.common.base.Equivalence$Equals
2361:             1             16  com.google.common.base.Platform$JdkPatternCompiler
2362:             1             16  com.google.common.base.Suppliers$SupplierOfInstance
2363:             1             16  com.google.common.base.Ticker$1
2364:             1             16  com.google.common.cache.CacheBuilder$1
2365:             1             16  com.google.common.cache.CacheBuilder$2
2366:             1             16  com.google.common.cache.CacheBuilder$3
2367:             1             16  com.google.common.cache.LocalCache$1
2368:             1             16  com.google.common.cache.LocalCache$2
2369:             1             16  com.google.common.collect.CollectCollectors$$Lambda$46/0x0000000800155440
2370:             1             16  com.google.common.collect.CollectCollectors$$Lambda$47/0x0000000800154840
2371:             1             16  com.google.common.collect.CollectCollectors$$Lambda$48/0x0000000800154c40
2372:             1             16  com.google.common.collect.CollectCollectors$$Lambda$49/0x0000000800154040
2373:             1             16  com.google.common.collect.CollectCollectors$$Lambda$50/0x0000000800154440
2374:             1             16  com.google.common.collect.CollectCollectors$$Lambda$51/0x0000000800153c40
2375:             1             16  com.google.common.collect.CollectCollectors$$Lambda$52/0x0000000800153040
2376:             1             16  com.google.common.collect.CollectCollectors$$Lambda$53/0x0000000800153440
2377:             1             16  com.google.common.collect.CollectCollectors$$Lambda$54/0x0000000800152840
2378:             1             16  com.google.common.collect.CollectCollectors$$Lambda$55/0x0000000800152c40
2379:             1             16  com.google.common.collect.CollectCollectors$$Lambda$56/0x0000000800152040
2380:             1             16  com.google.common.collect.CollectCollectors$$Lambda$57/0x0000000800152440
2381:             1             16  com.sun.beans.introspect.MethodInfo$MethodOrder (java.desktop@11.0.8)
2382:             1             16  com.sun.jmx.interceptor.DefaultMBeanServerInterceptor$ResourceContext$1 (java.management@11.0.8)
2383:             1             16  com.sun.jmx.mbeanserver.DefaultMXBeanMappingFactory (java.management@11.0.8)
2384:             1             16  com.sun.jmx.mbeanserver.DescriptorCache (java.management@11.0.8)
2385:             1             16  com.sun.jmx.mbeanserver.MBeanAnalyzer$MethodOrder (java.management@11.0.8)
2386:             1             16  com.sun.jmx.mbeanserver.MBeanInstantiator (java.management@11.0.8)
2387:             1             16  com.sun.jmx.mbeanserver.MXBeanIntrospector (java.management@11.0.8)
2388:             1             16  com.sun.jmx.mbeanserver.SecureClassLoaderRepository (java.management@11.0.8)
2389:             1             16  com.sun.jmx.mbeanserver.StandardMBeanIntrospector (java.management@11.0.8)
2390:             1             16  com.sun.management.internal.HotSpotDiagnostic (jdk.management@11.0.8)
2391:             1             16  com.sun.management.internal.PlatformMBeanProviderImpl (jdk.management@11.0.8)
2392:             1             16  com.sun.management.internal.PlatformMBeanProviderImpl$$Lambda$95/0x0000000800230040 (jdk.management@11.0.8)
2393:             1             16  com.sun.naming.internal.VersionHelper (java.naming@11.0.8)
2394:             1             16  com.sun.naming.internal.VersionHelper$$Lambda$367/0x0000000800533440 (java.naming@11.0.8)
2395:             1             16  com.sun.naming.internal.VersionHelper$$Lambda$368/0x0000000800537840 (java.naming@11.0.8)
2396:             1             16  com.sun.naming.internal.VersionHelper$$Lambda$369/0x0000000800537c40 (java.naming@11.0.8)
2397:             1             16  com.sun.org.apache.xerces.internal.dom.CharacterDataImpl$1 (java.xml@11.0.8)
2398:             1             16  com.sun.org.apache.xerces.internal.impl.XMLDocumentScannerImpl$PrologDriver (java.xml@11.0.8)
2399:             1             16  com.sun.org.apache.xerces.internal.impl.XMLDocumentScannerImpl$TrailingMiscDriver (java.xml@11.0.8)
2400:             1             16  com.sun.org.apache.xerces.internal.impl.XMLDocumentScannerImpl$XMLDeclDriver (java.xml@11.0.8)
2401:             1             16  com.sun.org.apache.xerces.internal.impl.dv.dtd.DTDDVFactoryImpl (java.xml@11.0.8)
2402:             1             16  com.sun.org.apache.xerces.internal.impl.dv.dtd.IDDatatypeValidator (java.xml@11.0.8)
2403:             1             16  com.sun.org.apache.xerces.internal.impl.dv.dtd.IDREFDatatypeValidator (java.xml@11.0.8)
2404:             1             16  com.sun.org.apache.xerces.internal.impl.dv.dtd.NMTOKENDatatypeValidator (java.xml@11.0.8)
2405:             1             16  com.sun.org.apache.xerces.internal.impl.dv.dtd.NOTATIONDatatypeValidator (java.xml@11.0.8)
2406:             1             16  com.sun.org.apache.xerces.internal.impl.dv.dtd.StringDatatypeValidator (java.xml@11.0.8)
2407:             1             16  com.sun.org.apache.xerces.internal.impl.dv.xs.AnyAtomicDV (java.xml@11.0.8)
2408:             1             16  com.sun.org.apache.xerces.internal.impl.dv.xs.AnySimpleDV (java.xml@11.0.8)
2409:             1             16  com.sun.org.apache.xerces.internal.impl.dv.xs.AnyURIDV (java.xml@11.0.8)
2410:             1             16  com.sun.org.apache.xerces.internal.impl.dv.xs.Base64BinaryDV (java.xml@11.0.8)
2411:             1             16  com.sun.org.apache.xerces.internal.impl.dv.xs.BooleanDV (java.xml@11.0.8)
2412:             1             16  com.sun.org.apache.xerces.internal.impl.dv.xs.DateDV (java.xml@11.0.8)
2413:             1             16  com.sun.org.apache.xerces.internal.impl.dv.xs.DateTimeDV (java.xml@11.0.8)
2414:             1             16  com.sun.org.apache.xerces.internal.impl.dv.xs.DayDV (java.xml@11.0.8)
2415:             1             16  com.sun.org.apache.xerces.internal.impl.dv.xs.DayTimeDurationDV (java.xml@11.0.8)
2416:             1             16  com.sun.org.apache.xerces.internal.impl.dv.xs.DecimalDV (java.xml@11.0.8)
2417:             1             16  com.sun.org.apache.xerces.internal.impl.dv.xs.DoubleDV (java.xml@11.0.8)
2418:             1             16  com.sun.org.apache.xerces.internal.impl.dv.xs.DurationDV (java.xml@11.0.8)
2419:             1             16  com.sun.org.apache.xerces.internal.impl.dv.xs.EntityDV (java.xml@11.0.8)
2420:             1             16  com.sun.org.apache.xerces.internal.impl.dv.xs.FloatDV (java.xml@11.0.8)
2421:             1             16  com.sun.org.apache.xerces.internal.impl.dv.xs.HexBinaryDV (java.xml@11.0.8)
2422:             1             16  com.sun.org.apache.xerces.internal.impl.dv.xs.IDDV (java.xml@11.0.8)
2423:             1             16  com.sun.org.apache.xerces.internal.impl.dv.xs.IDREFDV (java.xml@11.0.8)
2424:             1             16  com.sun.org.apache.xerces.internal.impl.dv.xs.IntegerDV (java.xml@11.0.8)
2425:             1             16  com.sun.org.apache.xerces.internal.impl.dv.xs.ListDV (java.xml@11.0.8)
2426:             1             16  com.sun.org.apache.xerces.internal.impl.dv.xs.MonthDV (java.xml@11.0.8)
2427:             1             16  com.sun.org.apache.xerces.internal.impl.dv.xs.MonthDayDV (java.xml@11.0.8)
2428:             1             16  com.sun.org.apache.xerces.internal.impl.dv.xs.PrecisionDecimalDV (java.xml@11.0.8)
2429:             1             16  com.sun.org.apache.xerces.internal.impl.dv.xs.StringDV (java.xml@11.0.8)
2430:             1             16  com.sun.org.apache.xerces.internal.impl.dv.xs.TimeDV (java.xml@11.0.8)
2431:             1             16  com.sun.org.apache.xerces.internal.impl.dv.xs.UnionDV (java.xml@11.0.8)
2432:             1             16  com.sun.org.apache.xerces.internal.impl.dv.xs.XSSimpleTypeDecl$1 (java.xml@11.0.8)
2433:             1             16  com.sun.org.apache.xerces.internal.impl.dv.xs.XSSimpleTypeDecl$4 (java.xml@11.0.8)
2434:             1             16  com.sun.org.apache.xerces.internal.impl.dv.xs.YearDV (java.xml@11.0.8)
2435:             1             16  com.sun.org.apache.xerces.internal.impl.dv.xs.YearMonthDV (java.xml@11.0.8)
2436:             1             16  com.sun.org.apache.xerces.internal.impl.dv.xs.YearMonthDurationDV (java.xml@11.0.8)
2437:             1             16  com.sun.org.apache.xerces.internal.impl.xpath.regex.RegularExpression$StringTarget (java.xml@11.0.8)
2438:             1             16  com.sun.org.apache.xerces.internal.impl.xs.XSConstraints$1 (java.xml@11.0.8)
2439:             1             16  com.sun.org.apache.xerces.internal.impl.xs.models.XSEmptyCM (java.xml@11.0.8)
2440:             1             16  com.sun.org.apache.xerces.internal.impl.xs.util.XIntPool (java.xml@11.0.8)
2441:             1             16  com.sun.org.apache.xerces.internal.impl.xs.util.XSObjectListImpl$EmptyIterator (java.xml@11.0.8)
2442:             1             16  com.sun.org.apache.xerces.internal.jaxp.datatype.DatatypeFactoryImpl (java.xml@11.0.8)
2443:             1             16  com.sun.org.apache.xerces.internal.jaxp.validation.DraconianErrorHandler (java.xml@11.0.8)
2444:             1             16  com.sun.org.apache.xerces.internal.parsers.AbstractSAXParser$AttributesProxy (java.xml@11.0.8)
2445:             1             16  com.sun.org.apache.xerces.internal.util.EntityResolverWrapper (java.xml@11.0.8)
2446:             1             16  com.sun.org.apache.xerces.internal.util.ErrorHandlerWrapper (java.xml@11.0.8)
2447:             1             16  com.sun.proxy.$Proxy18
2448:             1             16  com.sun.proxy.$Proxy25
2449:             1             16  com.sun.proxy.$Proxy30
2450:             1             16  com.sun.proxy.$Proxy35
2451:             1             16  com.sun.proxy.$Proxy4
2452:             1             16  com.sun.proxy.$Proxy7
2453:             1             16  com.sun.xml.bind.AccessorFactoryImpl
2454:             1             16  com.sun.xml.bind.api.impl.NameConverter$1
2455:             1             16  com.sun.xml.bind.api.impl.NameConverter$2
2456:             1             16  com.sun.xml.bind.api.impl.NameConverter$Standard
2457:             1             16  com.sun.xml.bind.v2.ClassFactory$1
2458:             1             16  com.sun.xml.bind.v2.model.nav.ReflectionNavigator
2459:             1             16  com.sun.xml.bind.v2.model.nav.ReflectionNavigator$1
2460:             1             16  com.sun.xml.bind.v2.model.nav.ReflectionNavigator$2
2461:             1             16  com.sun.xml.bind.v2.model.nav.ReflectionNavigator$6
2462:             1             16  com.sun.xml.bind.v2.runtime.JAXBContextImpl$6
2463:             1             16  com.sun.xml.bind.v2.runtime.reflect.Accessor$1
2464:             1             16  com.sun.xml.bind.v2.runtime.reflect.Accessor$2
2465:             1             16  com.sun.xml.bind.v2.runtime.reflect.Lister$1
2466:             1             16  com.sun.xml.bind.v2.runtime.reflect.Lister$2
2467:             1             16  com.sun.xml.bind.v2.runtime.reflect.PrimitiveArrayListerBoolean
2468:             1             16  com.sun.xml.bind.v2.runtime.reflect.PrimitiveArrayListerByte
2469:             1             16  com.sun.xml.bind.v2.runtime.reflect.PrimitiveArrayListerCharacter
2470:             1             16  com.sun.xml.bind.v2.runtime.reflect.PrimitiveArrayListerDouble
2471:             1             16  com.sun.xml.bind.v2.runtime.reflect.PrimitiveArrayListerFloat
2472:             1             16  com.sun.xml.bind.v2.runtime.reflect.PrimitiveArrayListerInteger
2473:             1             16  com.sun.xml.bind.v2.runtime.reflect.PrimitiveArrayListerLong
2474:             1             16  com.sun.xml.bind.v2.runtime.reflect.PrimitiveArrayListerShort
2475:             1             16  com.sun.xml.bind.v2.runtime.unmarshaller.LocatorExWrapper
2476:             1             16  com.sun.xml.bind.v2.runtime.unmarshaller.UnmarshallingContext$DefaultRootLoader
2477:             1             16  com.sun.xml.bind.v2.runtime.unmarshaller.UnmarshallingContext$ExpectedTypeRootLoader
2478:             1             16  io.airlift.airline.Accessor$$Lambda$40/0x0000000800156c40
2479:             1             16  io.airlift.airline.Cli$$Lambda$59/0x0000000800151040
2480:             1             16  io.airlift.airline.Parser$$Lambda$60/0x00000008001c0040
2481:             1             16  io.airlift.airline.Parser$$Lambda$61/0x00000008001c0440
2482:             1             16  io.airlift.airline.model.MetadataLoader$$Lambda$45/0x0000000800155040
2483:             1             16  io.airlift.airline.model.MetadataLoader$$Lambda$58/0x0000000800151840
2484:             1             16  io.hawt.jmx.JmxTreeWatcher$$Lambda$373/0x0000000800546840
2485:             1             16  io.hawt.jmx.JmxTreeWatcher$1
2486:             1             16  io.hawt.jmx.PluginRegistry$$Lambda$374/0x0000000800546c40
2487:             1             16  io.hawt.jmx.PluginRegistry$1
2488:             1             16  io.hawt.system.ConfigManager$$Lambda$366/0x0000000800533040
2489:             1             16  io.hawt.web.filters.CORSFilter
2490:             1             16  io.hawt.web.filters.ContentSecurityPolicyFilter
2491:             1             16  io.hawt.web.filters.FlightRecordingDownloadFacade
2492:             1             16  io.hawt.web.filters.XContentTypeOptionsFilter
2493:             1             16  io.hawt.web.filters.XFrameOptionsFilter
2494:             1             16  io.hawt.web.filters.XXSSProtectionFilter
2495:             1             16  io.hawt.web.plugin.HawtioPlugin$$Lambda$349/0x000000080052d040
2496:             1             16  io.hawt.web.plugin.HawtioPlugin$$Lambda$350/0x000000080052d440
2497:             1             16  io.hawt.web.plugin.HawtioPlugin$$Lambda$364/0x0000000800530c40
2498:             1             16  io.hawt.web.plugin.HawtioPlugin$$Lambda$365/0x0000000800532040
2499:             1             16  io.netty.buffer.AbstractReferenceCountedByteBuf$1
2500:             1             16  io.netty.buffer.ByteBufUtil$1
2501:             1             16  io.netty.buffer.ByteBufUtil$2
2502:             1             16  io.netty.buffer.PoolThreadCache$MemoryRegionCache$1
2503:             1             16  io.netty.buffer.PooledByteBufAllocator$1
2504:             1             16  io.netty.buffer.PooledByteBufAllocatorMetric
2505:             1             16  io.netty.buffer.PooledUnsafeDirectByteBuf$1
2506:             1             16  io.netty.channel.AbstractChannelHandlerContext$WriteTask$1
2507:             1             16  io.netty.channel.ChannelFutureListener$1
2508:             1             16  io.netty.channel.ChannelFutureListener$2
2509:             1             16  io.netty.channel.ChannelFutureListener$3
2510:             1             16  io.netty.channel.ChannelHandlerMask$1
2511:             1             16  io.netty.channel.ChannelOutboundBuffer$1
2512:             1             16  io.netty.channel.ChannelOutboundBuffer$Entry$1
2513:             1             16  io.netty.channel.DefaultChannelPipeline$1
2514:             1             16  io.netty.channel.DefaultMessageSizeEstimator
2515:             1             16  io.netty.channel.DefaultMessageSizeEstimator$HandleImpl
2516:             1             16  io.netty.channel.DefaultSelectStrategy
2517:             1             16  io.netty.channel.DefaultSelectStrategyFactory
2518:             1             16  io.netty.channel.kqueue.AbstractKQueueStreamChannel$1
2519:             1             16  io.netty.handler.codec.ByteToMessageDecoder$1
2520:             1             16  io.netty.handler.codec.ByteToMessageDecoder$2
2521:             1             16  io.netty.handler.codec.CodecOutputList$1
2522:             1             16  io.netty.handler.codec.CodecOutputList$2
2523:             1             16  io.netty.util.AbstractReferenceCounted$1
2524:             1             16  io.netty.util.NettyRuntime$AvailableProcessorsHolder
2525:             1             16  io.netty.util.Recycler$1
2526:             1             16  io.netty.util.collection.ByteObjectHashMap$1
2527:             1             16  io.netty.util.collection.ByteObjectHashMap$EntrySet
2528:             1             16  io.netty.util.collection.ByteObjectHashMap$KeySet
2529:             1             16  io.netty.util.concurrent.AbstractScheduledEventExecutor$1
2530:             1             16  io.netty.util.concurrent.AbstractScheduledEventExecutor$2
2531:             1             16  io.netty.util.concurrent.DefaultEventExecutorChooserFactory
2532:             1             16  io.netty.util.concurrent.DefaultPromise$CauseHolder
2533:             1             16  io.netty.util.concurrent.GlobalEventExecutor$1
2534:             1             16  io.netty.util.concurrent.GlobalEventExecutor$TaskRunner
2535:             1             16  io.netty.util.concurrent.RejectedExecutionHandlers$1
2536:             1             16  io.netty.util.concurrent.SingleThreadEventExecutor$1
2537:             1             16  io.netty.util.internal.CleanerJava9
2538:             1             16  io.netty.util.internal.PlatformDependent$1
2539:             1             16  io.netty.util.internal.PlatformDependent$2
2540:             1             16  java.beans.Introspector$1 (java.desktop@11.0.8)
2541:             1             16  java.io.DeleteOnExitHook$1 (java.base@11.0.8)
2542:             1             16  java.io.FileDescriptor$1 (java.base@11.0.8)
2543:             1             16  java.io.FilePermission$1 (java.base@11.0.8)
2544:             1             16  java.io.RandomAccessFile$2 (java.base@11.0.8)
2545:             1             16  java.lang.ApplicationShutdownHooks$1 (java.base@11.0.8)
2546:             1             16  java.lang.CharacterDataLatin1 (java.base@11.0.8)
2547:             1             16  java.lang.InheritableThreadLocal (java.base@11.0.8)
2548:             1             16  java.lang.Module$$Lambda$265/0x000000080040f040 (java.base@11.0.8)
2549:             1             16  java.lang.ProcessEnvironment$StringKeySet (java.base@11.0.8)
2550:             1             16  java.lang.ProcessHandleImpl$$Lambda$278/0x000000080044ec40 (java.base@11.0.8)
2551:             1             16  java.lang.Runtime (java.base@11.0.8)
2552:             1             16  java.lang.String$CaseInsensitiveComparator (java.base@11.0.8)
2553:             1             16  java.lang.StringCoding$1 (java.base@11.0.8)
2554:             1             16  java.lang.System$2 (java.base@11.0.8)
2555:             1             16  java.lang.System$LoggerFinder$$Lambda$159/0x0000000800312440 (java.base@11.0.8)
2556:             1             16  java.lang.Terminator$1 (java.base@11.0.8)
2557:             1             16  java.lang.invoke.ClassSpecializer$1 (java.base@11.0.8)
2558:             1             16  java.lang.invoke.MemberName$Factory (java.base@11.0.8)
2559:             1             16  java.lang.invoke.MethodHandleImpl$1 (java.base@11.0.8)
2560:             1             16  java.lang.invoke.StringConcatFactory$MethodHandleInlineCopyStrategy$1 (java.base@11.0.8)
2561:             1             16  java.lang.invoke.StringConcatFactory$MethodHandleInlineCopyStrategy$2 (java.base@11.0.8)
2562:             1             16  java.lang.invoke.StringConcatFactory$MethodHandleInlineCopyStrategy$3 (java.base@11.0.8)
2563:             1             16  java.lang.invoke.VarHandle$1 (java.base@11.0.8)
2564:             1             16  java.lang.management.DefaultPlatformMBeanProvider (java.management@11.0.8)
2565:             1             16  java.lang.management.DefaultPlatformMBeanProvider$5$$Lambda$165/0x0000000800330440 (java.management@11.0.8)
2566:             1             16  java.lang.management.ManagementFactory$$Lambda$160/0x0000000800317840 (java.management@11.0.8)
2567:             1             16  java.lang.management.ManagementFactory$$Lambda$161/0x0000000800317c40 (java.management@11.0.8)
2568:             1             16  java.lang.management.ManagementFactory$$Lambda$162/0x0000000800317040 (java.management@11.0.8)
2569:             1             16  java.lang.management.ManagementFactory$$Lambda$92/0x00000008001e3440 (java.management@11.0.8)
2570:             1             16  java.lang.management.ManagementFactory$PlatformMBeanFinder$$Lambda$100/0x0000000800231440 (java.management@11.0.8)
2571:             1             16  java.lang.management.ManagementFactory$PlatformMBeanFinder$$Lambda$101/0x0000000800237840 (java.management@11.0.8)
2572:             1             16  java.lang.management.ManagementFactory$PlatformMBeanFinder$$Lambda$103/0x0000000800237040 (java.management@11.0.8)
2573:             1             16  java.lang.management.ManagementFactory$PlatformMBeanFinder$$Lambda$107/0x0000000800236440 (java.management@11.0.8)
2574:             1             16  java.lang.management.ManagementFactory$PlatformMBeanFinder$$Lambda$108/0x0000000800235840 (java.management@11.0.8)
2575:             1             16  java.lang.management.ManagementFactory$PlatformMBeanFinder$$Lambda$93/0x00000008001e2840 (java.management@11.0.8)
2576:             1             16  java.lang.module.ModuleDescriptor$1 (java.base@11.0.8)
2577:             1             16  java.lang.module.ModuleDescriptor$Builder$$Lambda$264/0x000000080040fc40 (java.base@11.0.8)
2578:             1             16  java.lang.ref.Cleaner (java.base@11.0.8)
2579:             1             16  java.lang.ref.Cleaner$1 (java.base@11.0.8)
2580:             1             16  java.lang.ref.Reference$1 (java.base@11.0.8)
2581:             1             16  java.lang.reflect.Proxy$$Lambda$12/0x0000000800092440 (java.base@11.0.8)
2582:             1             16  java.lang.reflect.Proxy$$Lambda$8/0x0000000800093440 (java.base@11.0.8)
2583:             1             16  java.lang.reflect.Proxy$ProxyBuilder$$Lambda$263/0x000000080040f840 (java.base@11.0.8)
2584:             1             16  java.lang.reflect.ReflectAccess (java.base@11.0.8)
2585:             1             16  java.math.BigDecimal$1 (java.base@11.0.8)
2586:             1             16  java.net.InetAddress$2 (java.base@11.0.8)
2587:             1             16  java.net.InetAddress$PlatformNameService (java.base@11.0.8)
2588:             1             16  java.net.ServerSocket$2 (java.base@11.0.8)
2589:             1             16  java.net.URI$1 (java.base@11.0.8)
2590:             1             16  java.net.URL$3 (java.base@11.0.8)
2591:             1             16  java.net.URL$DefaultFactory (java.base@11.0.8)
2592:             1             16  java.net.URLClassLoader$7 (java.base@11.0.8)
2593:             1             16  java.nio.Bits$1 (java.base@11.0.8)
2594:             1             16  java.nio.Buffer$1 (java.base@11.0.8)
2595:             1             16  java.nio.file.Files$AcceptAllFilter (java.base@11.0.8)
2596:             1             16  java.security.AllPermission (java.base@11.0.8)
2597:             1             16  java.security.ProtectionDomain$JavaSecurityAccessImpl (java.base@11.0.8)
2598:             1             16  java.time.chrono.IsoChronology (java.base@11.0.8)
2599:             1             16  java.time.format.DateTimeFormatter$$Lambda$282/0x000000080044c040 (java.base@11.0.8)
2600:             1             16  java.time.format.DateTimeFormatter$$Lambda$283/0x000000080044c440 (java.base@11.0.8)
2601:             1             16  java.time.format.DateTimeFormatterBuilder$$Lambda$281/0x000000080044cc40 (java.base@11.0.8)
2602:             1             16  java.time.format.DateTimeFormatterBuilder$2 (java.base@11.0.8)
2603:             1             16  java.time.format.DateTimeFormatterBuilder$InstantPrinterParser (java.base@11.0.8)
2604:             1             16  java.time.format.DateTimeTextProvider (java.base@11.0.8)
2605:             1             16  java.time.format.DateTimeTextProvider$1 (java.base@11.0.8)
2606:             1             16  java.util.Collections$EmptyEnumeration (java.base@11.0.8)
2607:             1             16  java.util.Collections$EmptyIterator (java.base@11.0.8)
2608:             1             16  java.util.Collections$EmptyList (java.base@11.0.8)
2609:             1             16  java.util.Collections$EmptySet (java.base@11.0.8)
2610:             1             16  java.util.Collections$ReverseComparator (java.base@11.0.8)
2611:             1             16  java.util.Comparator$$Lambda$181/0x000000080035d840 (java.base@11.0.8)
2612:             1             16  java.util.EnumMap$1 (java.base@11.0.8)
2613:             1             16  java.util.Hashtable$KeySet (java.base@11.0.8)
2614:             1             16  java.util.IdentityHashMap$Values (java.base@11.0.8)
2615:             1             16  java.util.ResourceBundle$1 (java.base@11.0.8)
2616:             1             16  java.util.ResourceBundle$Control (java.base@11.0.8)
2617:             1             16  java.util.ResourceBundle$ResourceBundleControlProviderHolder$$Lambda$354/0x000000080052e440 (java.base@11.0.8)
2618:             1             16  java.util.ResourceBundle$ResourceBundleControlProviderHolder$$Lambda$355/0x000000080052e840 (java.base@11.0.8)
2619:             1             16  java.util.Spliterators$EmptySpliterator$OfDouble (java.base@11.0.8)
2620:             1             16  java.util.Spliterators$EmptySpliterator$OfInt (java.base@11.0.8)
2621:             1             16  java.util.Spliterators$EmptySpliterator$OfLong (java.base@11.0.8)
2622:             1             16  java.util.Spliterators$EmptySpliterator$OfRef (java.base@11.0.8)
2623:             1             16  java.util.Timer$1 (java.base@11.0.8)
2624:             1             16  java.util.concurrent.ConcurrentLinkedQueue$$Lambda$188/0x000000080035b440 (java.base@11.0.8)
2625:             1             16  java.util.concurrent.Executors$FinalizableDelegatedExecutorService (java.base@11.0.8)
2626:             1             16  java.util.concurrent.ThreadPoolExecutor$AbortPolicy (java.base@11.0.8)
2627:             1             16  java.util.function.Function$$Lambda$102/0x0000000800237c40 (java.base@11.0.8)
2628:             1             16  java.util.jar.JavaUtilJarAccessImpl (java.base@11.0.8)
2629:             1             16  java.util.logging.Level$$Lambda$1/0x0000000800062440 (java.logging@11.0.8)
2630:             1             16  java.util.logging.Level$KnownLevel$$Lambda$2/0x0000000800090440 (java.logging@11.0.8)
2631:             1             16  java.util.logging.LogManager$LoggingProviderAccess (java.logging@11.0.8)
2632:             1             16  java.util.logging.LogManager$VisitedLoggers (java.logging@11.0.8)
2633:             1             16  java.util.logging.Logging (java.logging@11.0.8)
2634:             1             16  java.util.regex.CharPredicates$$Lambda$127/0x0000000800267040 (java.base@11.0.8)
2635:             1             16  java.util.regex.CharPredicates$$Lambda$129/0x0000000800266440 (java.base@11.0.8)
2636:             1             16  java.util.regex.CharPredicates$$Lambda$332/0x000000080050d440 (java.base@11.0.8)
2637:             1             16  java.util.regex.Pattern$$Lambda$28/0x0000000800126440 (java.base@11.0.8)
2638:             1             16  java.util.regex.Pattern$$Lambda$377/0x000000080055fc40 (java.base@11.0.8)
2639:             1             16  java.util.regex.Pattern$1 (java.base@11.0.8)
2640:             1             16  java.util.regex.Pattern$LastNode (java.base@11.0.8)
2641:             1             16  java.util.regex.Pattern$Node (java.base@11.0.8)
2642:             1             16  java.util.stream.Collectors$$Lambda$104/0x0000000800237440 (java.base@11.0.8)
2643:             1             16  java.util.stream.Collectors$$Lambda$113/0x0000000800234c40 (java.base@11.0.8)
2644:             1             16  java.util.stream.Collectors$$Lambda$114/0x0000000800234040 (java.base@11.0.8)
2645:             1             16  java.util.stream.Collectors$$Lambda$115/0x0000000800234440 (java.base@11.0.8)
2646:             1             16  java.util.stream.Collectors$$Lambda$166/0x0000000800330840 (java.base@11.0.8)
2647:             1             16  java.util.stream.Collectors$$Lambda$168/0x0000000800331440 (java.base@11.0.8)
2648:             1             16  java.util.stream.Collectors$$Lambda$259/0x0000000800404c40 (java.base@11.0.8)
2649:             1             16  java.util.stream.Collectors$$Lambda$311/0x00000008004f7840 (java.base@11.0.8)
2650:             1             16  java.util.stream.Collectors$$Lambda$312/0x00000008004f7c40 (java.base@11.0.8)
2651:             1             16  java.util.stream.Collectors$$Lambda$313/0x00000008004f7040 (java.base@11.0.8)
2652:             1             16  java.util.stream.Collectors$$Lambda$314/0x00000008004f7440 (java.base@11.0.8)
2653:             1             16  java.util.stream.Collectors$$Lambda$42/0x0000000800156440 (java.base@11.0.8)
2654:             1             16  java.util.stream.Collectors$$Lambda$43/0x0000000800155840 (java.base@11.0.8)
2655:             1             16  java.util.stream.Collectors$$Lambda$44/0x0000000800155c40 (java.base@11.0.8)
2656:             1             16  java.util.stream.Collectors$$Lambda$96/0x0000000800230440 (java.base@11.0.8)
2657:             1             16  java.util.stream.Collectors$$Lambda$97/0x0000000800230840 (java.base@11.0.8)
2658:             1             16  java.util.stream.Collectors$$Lambda$98/0x0000000800230c40 (java.base@11.0.8)
2659:             1             16  java.util.stream.Collectors$$Lambda$99/0x0000000800231040 (java.base@11.0.8)
2660:             1             16  java.util.stream.FindOps$FindSink$OfRef$$Lambda$3/0x0000000800090840 (java.base@11.0.8)
2661:             1             16  java.util.stream.FindOps$FindSink$OfRef$$Lambda$4/0x0000000800090c40 (java.base@11.0.8)
2662:             1             16  java.util.stream.FindOps$FindSink$OfRef$$Lambda$5/0x0000000800091040 (java.base@11.0.8)
2663:             1             16  java.util.stream.FindOps$FindSink$OfRef$$Lambda$6/0x0000000800091440 (java.base@11.0.8)
2664:             1             16  java.util.stream.IntPipeline$$Lambda$218/0x00000008003f2840 (java.base@11.0.8)
2665:             1             16  java.util.stream.Nodes$EmptyNode$OfDouble (java.base@11.0.8)
2666:             1             16  java.util.stream.Nodes$EmptyNode$OfInt (java.base@11.0.8)
2667:             1             16  java.util.stream.Nodes$EmptyNode$OfLong (java.base@11.0.8)
2668:             1             16  java.util.stream.Nodes$EmptyNode$OfRef (java.base@11.0.8)
2669:             1             16  java.util.zip.ZipFile$1 (java.base@11.0.8)
2670:             1             16  javax.management.JMX (java.management@11.0.8)
2671:             1             16  javax.management.NotificationBroadcasterSupport$1 (java.management@11.0.8)
2672:             1             16  javax.xml.bind.ContextFinder$1
2673:             1             16  javax.xml.bind.annotation.W3CDomHandler
2674:             1             16  javax.xml.validation.SchemaFactoryFinder$$Lambda$17/0x0000000800107040 (java.xml@11.0.8)
2675:             1             16  javax.xml.validation.SchemaFactoryFinder$$Lambda$20/0x0000000800124840 (java.xml@11.0.8)
2676:             1             16  jdk.internal.jimage.ImageReaderFactory$1 (java.base@11.0.8)
2677:             1             16  jdk.internal.jimage.ImageStringsReader (java.base@11.0.8)
2678:             1             16  jdk.internal.jimage.decompressor.Decompressor (java.base@11.0.8)
2679:             1             16  jdk.internal.logger.LazyLoggers$1 (java.base@11.0.8)
2680:             1             16  jdk.internal.logger.LazyLoggers$LazyLoggerFactories (java.base@11.0.8)
2681:             1             16  jdk.internal.math.FloatingDecimal$1 (java.base@11.0.8)
2682:             1             16  jdk.internal.misc.TerminatingThreadLocal$1 (java.base@11.0.8)
2683:             1             16  jdk.internal.misc.Unsafe (java.base@11.0.8)
2684:             1             16  jdk.internal.module.ModulePatcher (java.base@11.0.8)
2685:             1             16  jdk.internal.module.ModuleTarget (java.base@11.0.8)
2686:             1             16  jdk.internal.module.SystemModules$default (java.base@11.0.8)
2687:             1             16  jdk.internal.perf.Perf (java.base@11.0.8)
2688:             1             16  jdk.internal.reflect.GeneratedConstructorAccessor1
2689:             1             16  jdk.internal.reflect.GeneratedConstructorAccessor10
2690:             1             16  jdk.internal.reflect.GeneratedConstructorAccessor11
2691:             1             16  jdk.internal.reflect.GeneratedConstructorAccessor12 (java.base@11.0.8)
2692:             1             16  jdk.internal.reflect.GeneratedConstructorAccessor13
2693:             1             16  jdk.internal.reflect.GeneratedConstructorAccessor14
2694:             1             16  jdk.internal.reflect.GeneratedConstructorAccessor15
2695:             1             16  jdk.internal.reflect.GeneratedConstructorAccessor16
2696:             1             16  jdk.internal.reflect.GeneratedConstructorAccessor17
2697:             1             16  jdk.internal.reflect.GeneratedConstructorAccessor18
2698:             1             16  jdk.internal.reflect.GeneratedConstructorAccessor19
2699:             1             16  jdk.internal.reflect.GeneratedConstructorAccessor2 (java.base@11.0.8)
2700:             1             16  jdk.internal.reflect.GeneratedConstructorAccessor20
2701:             1             16  jdk.internal.reflect.GeneratedConstructorAccessor21
2702:             1             16  jdk.internal.reflect.GeneratedConstructorAccessor22
2703:             1             16  jdk.internal.reflect.GeneratedConstructorAccessor23
2704:             1             16  jdk.internal.reflect.GeneratedConstructorAccessor24
2705:             1             16  jdk.internal.reflect.GeneratedConstructorAccessor25 (java.base@11.0.8)
2706:             1             16  jdk.internal.reflect.GeneratedConstructorAccessor26
2707:             1             16  jdk.internal.reflect.GeneratedConstructorAccessor27
2708:             1             16  jdk.internal.reflect.GeneratedConstructorAccessor28
2709:             1             16  jdk.internal.reflect.GeneratedConstructorAccessor29
2710:             1             16  jdk.internal.reflect.GeneratedConstructorAccessor3
2711:             1             16  jdk.internal.reflect.GeneratedConstructorAccessor30
2712:             1             16  jdk.internal.reflect.GeneratedConstructorAccessor31
2713:             1             16  jdk.internal.reflect.GeneratedConstructorAccessor4
2714:             1             16  jdk.internal.reflect.GeneratedConstructorAccessor5
2715:             1             16  jdk.internal.reflect.GeneratedConstructorAccessor6
2716:             1             16  jdk.internal.reflect.GeneratedConstructorAccessor7
2717:             1             16  jdk.internal.reflect.GeneratedConstructorAccessor8
2718:             1             16  jdk.internal.reflect.GeneratedConstructorAccessor9
2719:             1             16  jdk.internal.reflect.GeneratedMethodAccessor1 (java.base@11.0.8)
2720:             1             16  jdk.internal.reflect.GeneratedMethodAccessor2
2721:             1             16  jdk.internal.reflect.GeneratedMethodAccessor3
2722:             1             16  jdk.internal.reflect.GeneratedMethodAccessor4 (java.base@11.0.8)
2723:             1             16  jdk.internal.reflect.GeneratedMethodAccessor5 (java.base@11.0.8)
2724:             1             16  jdk.internal.reflect.ReflectionFactory (java.base@11.0.8)
2725:             1             16  jdk.internal.util.Preconditions$1 (java.base@11.0.8)
2726:             1             16  jdk.management.jfr.SettingDescriptorInfo$1 (jdk.management.jfr@11.0.8)
2727:             1             16  jdk.net.ExtendedSocketOptions$1 (jdk.net@11.0.8)
2728:             1             16  jdk.net.MacOSXSocketOptions (jdk.net@11.0.8)
2729:             1             16  jdk.net.MacOSXSocketOptions$$Lambda$273/0x0000000800426040 (jdk.net@11.0.8)
2730:             1             16  jdk.xml.internal.SecuritySupport$$Lambda$14/0x0000000800102440 (java.xml@11.0.8)
2731:             1             16  jdk.xml.internal.SecuritySupport$$Lambda$23/0x0000000800127c40 (java.xml@11.0.8)
2732:             1             16  org.apache.activemq.ActiveMQConnectionMetaData
2733:             1             16  org.apache.activemq.artemis.ActiveMQWebLogger_impl
2734:             1             16  org.apache.activemq.artemis.api.core.Message$$Lambda$401/0x00000008005e6840
2735:             1             16  org.apache.activemq.artemis.cli.commands.ActionContext$$Lambda$39/0x0000000800156840
2736:             1             16  org.apache.activemq.artemis.cli.commands.Run$$Lambda$170/0x0000000800332440
2737:             1             16  org.apache.activemq.artemis.cli.commands.Run$1
2738:             1             16  org.apache.activemq.artemis.commons.shaded.johnzon.core.BufferStrategyFactory$$Lambda$140/0x00000008002a7040
2739:             1             16  org.apache.activemq.artemis.commons.shaded.johnzon.core.BufferStrategyFactory$$Lambda$141/0x00000008002a7440
2740:             1             16  org.apache.activemq.artemis.commons.shaded.johnzon.core.BufferStrategyFactory$$Lambda$142/0x00000008002a6840
2741:             1             16  org.apache.activemq.artemis.commons.shaded.johnzon.core.BufferStrategyFactory$$Lambda$143/0x00000008002a6c40
2742:             1             16  org.apache.activemq.artemis.commons.shaded.johnzon.core.DefaultJsonPointerFactory
2743:             1             16  org.apache.activemq.artemis.commons.shaded.johnzon.core.JsonParserFactoryImpl$$Lambda$146/0x00000008002a5c40
2744:             1             16  org.apache.activemq.artemis.commons.shaded.johnzon.core.JsonProviderImpl$$Lambda$139/0x00000008002a7840
2745:             1             16  org.apache.activemq.artemis.commons.shaded.johnzon.core.JsonProviderImpl$$Lambda$147/0x00000008002c0040
2746:             1             16  org.apache.activemq.artemis.commons.shaded.johnzon.core.JsonProviderImpl$$Lambda$148/0x00000008002c0840
2747:             1             16  org.apache.activemq.artemis.commons.shaded.johnzon.core.JsonProviderImpl$$Lambda$151/0x00000008002c1440
2748:             1             16  org.apache.activemq.artemis.commons.shaded.johnzon.core.RejectDuplicateKeysMode$$Lambda$144/0x00000008002a6440
2749:             1             16  org.apache.activemq.artemis.commons.shaded.johnzon.core.RejectDuplicateKeysMode$$Lambda$145/0x00000008002a5840
2750:             1             16  org.apache.activemq.artemis.commons.shaded.json.EmptyArray
2751:             1             16  org.apache.activemq.artemis.component.WebServerComponent$$Lambda$383/0x000000080055d840
2752:             1             16  org.apache.activemq.artemis.core.client.ActiveMQClientLogger_impl
2753:             1             16  org.apache.activemq.artemis.core.client.ActiveMQClientMessageBundle_impl
2754:             1             16  org.apache.activemq.artemis.core.config.ha.LiveOnlyPolicyConfiguration
2755:             1             16  org.apache.activemq.artemis.core.config.impl.Validators$1
2756:             1             16  org.apache.activemq.artemis.core.config.impl.Validators$10
2757:             1             16  org.apache.activemq.artemis.core.config.impl.Validators$11
2758:             1             16  org.apache.activemq.artemis.core.config.impl.Validators$12
2759:             1             16  org.apache.activemq.artemis.core.config.impl.Validators$13
2760:             1             16  org.apache.activemq.artemis.core.config.impl.Validators$14
2761:             1             16  org.apache.activemq.artemis.core.config.impl.Validators$15
2762:             1             16  org.apache.activemq.artemis.core.config.impl.Validators$16
2763:             1             16  org.apache.activemq.artemis.core.config.impl.Validators$17
2764:             1             16  org.apache.activemq.artemis.core.config.impl.Validators$18
2765:             1             16  org.apache.activemq.artemis.core.config.impl.Validators$19
2766:             1             16  org.apache.activemq.artemis.core.config.impl.Validators$2
2767:             1             16  org.apache.activemq.artemis.core.config.impl.Validators$20
2768:             1             16  org.apache.activemq.artemis.core.config.impl.Validators$21
2769:             1             16  org.apache.activemq.artemis.core.config.impl.Validators$22
2770:             1             16  org.apache.activemq.artemis.core.config.impl.Validators$23
2771:             1             16  org.apache.activemq.artemis.core.config.impl.Validators$3
2772:             1             16  org.apache.activemq.artemis.core.config.impl.Validators$4
2773:             1             16  org.apache.activemq.artemis.core.config.impl.Validators$5
2774:             1             16  org.apache.activemq.artemis.core.config.impl.Validators$6
2775:             1             16  org.apache.activemq.artemis.core.config.impl.Validators$7
2776:             1             16  org.apache.activemq.artemis.core.config.impl.Validators$8
2777:             1             16  org.apache.activemq.artemis.core.config.impl.Validators$9
2778:             1             16  org.apache.activemq.artemis.core.io.DelegateCallback
2779:             1             16  org.apache.activemq.artemis.core.io.DummyCallback
2780:             1             16  org.apache.activemq.artemis.core.io.IOCallback$$Lambda$224/0x00000008003f6840
2781:             1             16  org.apache.activemq.artemis.core.journal.EncoderPersister
2782:             1             16  org.apache.activemq.artemis.core.journal.impl.JournalBase$NullEncoding
2783:             1             16  org.apache.activemq.artemis.core.journal.impl.JournalImpl$$Lambda$180/0x000000080035e440
2784:             1             16  org.apache.activemq.artemis.core.journal.impl.JournalImpl$$Lambda$182/0x000000080035dc40
2785:             1             16  org.apache.activemq.artemis.core.journal.impl.JournalRecord$$Lambda$201/0x00000008003e4c40
2786:             1             16  org.apache.activemq.artemis.core.message.impl.CoreMessage$$Lambda$433/0x000000080060b040
2787:             1             16  org.apache.activemq.artemis.core.message.impl.CoreMessagePersister
2788:             1             16  org.apache.activemq.artemis.core.paging.cursor.impl.PageCounterRebuildManager$$Lambda$214/0x00000008003f1040
2789:             1             16  org.apache.activemq.artemis.core.paging.cursor.impl.PageCounterRebuildManager$$Lambda$221/0x00000008003f7c40
2790:             1             16  org.apache.activemq.artemis.core.paging.impl.PagingManagerImpl$$Lambda$183/0x000000080035d040
2791:             1             16  org.apache.activemq.artemis.core.paging.impl.PagingManagerImpl$$Lambda$184/0x000000080035d440
2792:             1             16  org.apache.activemq.artemis.core.paging.impl.PagingManagerImpl$$Lambda$220/0x00000008003f7840
2793:             1             16  org.apache.activemq.artemis.core.persistence.CoreMessageObjectPools$$Lambda$204/0x00000008003e7840
2794:             1             16  org.apache.activemq.artemis.core.persistence.CoreMessageObjectPools$$Lambda$205/0x00000008003e7c40
2795:             1             16  org.apache.activemq.artemis.core.persistence.CoreMessageObjectPools$$Lambda$206/0x00000008003e7040
2796:             1             16  org.apache.activemq.artemis.core.persistence.CoreMessageObjectPools$$Lambda$207/0x00000008003e7440
2797:             1             16  org.apache.activemq.artemis.core.persistence.CoreMessageObjectPools$$Lambda$208/0x00000008003e6840
2798:             1             16  org.apache.activemq.artemis.core.persistence.impl.journal.AbstractJournalStorageManager$$Lambda$175/0x000000080035f840
2799:             1             16  org.apache.activemq.artemis.core.persistence.impl.journal.AbstractJournalStorageManager$$Lambda$176/0x000000080035fc40
2800:             1             16  org.apache.activemq.artemis.core.persistence.impl.journal.AbstractJournalStorageManager$$Lambda$177/0x000000080035f440
2801:             1             16  org.apache.activemq.artemis.core.persistence.impl.journal.AbstractJournalStorageManager$DummyOperationContext
2802:             1             16  org.apache.activemq.artemis.core.postoffice.impl.CopyOnWriteBindings$$Lambda$441/0x0000000800631440
2803:             1             16  org.apache.activemq.artemis.core.postoffice.impl.PostOfficeImpl$$Lambda$275/0x000000080044fc40
2804:             1             16  org.apache.activemq.artemis.core.postoffice.impl.PostOfficeImpl$$Lambda$276/0x000000080044f040
2805:             1             16  org.apache.activemq.artemis.core.postoffice.impl.SimpleAddressManager$$Lambda$274/0x000000080044f840
2806:             1             16  org.apache.activemq.artemis.core.protocol.core.ServerSessionPacketHandler$$Lambda$427/0x000000080060d440
2807:             1             16  org.apache.activemq.artemis.core.protocol.core.ServerSessionPacketHandler$$Lambda$428/0x000000080060c840
2808:             1             16  org.apache.activemq.artemis.core.protocol.core.ServerSessionPacketHandler$$Lambda$429/0x000000080060cc40
2809:             1             16  org.apache.activemq.artemis.core.protocol.core.ServerSessionPacketHandler$$Lambda$430/0x000000080060c040
2810:             1             16  org.apache.activemq.artemis.core.protocol.core.impl.CoreProtocolManagerFactory
2811:             1             16  org.apache.activemq.artemis.core.protocol.hornetq.HornetQProtocolManagerFactory
2812:             1             16  org.apache.activemq.artemis.core.protocol.mqtt.MQTTProtocolManagerFactory
2813:             1             16  org.apache.activemq.artemis.core.protocol.mqtt.MQTTProtocolManagerFactory$MQTTPeriodicTasks$$Lambda$304/0x00000008004ccc40
2814:             1             16  org.apache.activemq.artemis.core.protocol.mqtt.MQTTProtocolManagerFactory$MQTTPeriodicTasks$$Lambda$305/0x00000008004f0040
2815:             1             16  org.apache.activemq.artemis.core.protocol.openwire.OpenWireProtocolManagerFactory
2816:             1             16  org.apache.activemq.artemis.core.protocol.stomp.StompProtocolManagerFactory
2817:             1             16  org.apache.activemq.artemis.core.server.ActiveMQServerLogger_impl
2818:             1             16  org.apache.activemq.artemis.core.server.cluster.ha.LiveOnlyPolicy
2819:             1             16  org.apache.activemq.artemis.core.server.impl.ActiveMQServerImpl$$Lambda$174/0x000000080035a840
2820:             1             16  org.apache.activemq.artemis.core.server.impl.ActiveMQServerImpl$$Lambda$186/0x000000080035bc40
2821:             1             16  org.apache.activemq.artemis.core.server.impl.ActiveMQServerImpl$$Lambda$255/0x0000000800403c40
2822:             1             16  org.apache.activemq.artemis.core.server.impl.ActiveMQServerImpl$$Lambda$256/0x0000000800404040
2823:             1             16  org.apache.activemq.artemis.core.server.impl.ActiveMQServerImpl$$Lambda$257/0x0000000800404440
2824:             1             16  org.apache.activemq.artemis.core.server.impl.ActiveMQServerImpl$$Lambda$258/0x0000000800404840
2825:             1             16  org.apache.activemq.artemis.core.server.impl.ActiveMQServerImpl$1
2826:             1             16  org.apache.activemq.artemis.core.server.impl.ActiveMQServerImpl$2
2827:             1             16  org.apache.activemq.artemis.core.server.impl.FileLockNodeManager$1
2828:             1             16  org.apache.activemq.artemis.core.server.impl.MessageReferenceImpl$MessageReferenceComparatorByID
2829:             1             16  org.apache.activemq.artemis.core.server.impl.QueueConsumersImpl$$Lambda$196/0x00000008003be840
2830:             1             16  org.apache.activemq.artemis.core.server.impl.QueueImpl$$Lambda$212/0x00000008003f1840
2831:             1             16  org.apache.activemq.artemis.core.server.management.ArtemisMBeanServerBuilder
2832:             1             16  org.apache.activemq.artemis.core.server.management.ArtemisMBeanServerGuard
2833:             1             16  org.apache.activemq.artemis.core.server.management.JMXAccessControlList$$Lambda$137/0x00000008002a5040
2834:             1             16  org.apache.activemq.artemis.core.server.management.impl.ManagementServiceImpl$1
2835:             1             16  org.apache.activemq.artemis.core.settings.impl.HierarchicalObjectRepository$1
2836:             1             16  org.apache.activemq.artemis.integration.bootstrap.ActiveMQBootstrapLogger_impl
2837:             1             16  org.apache.activemq.artemis.protocol.amqp.broker.AMQPLargeMessagePersister
2838:             1             16  org.apache.activemq.artemis.protocol.amqp.broker.AMQPMessagePersister
2839:             1             16  org.apache.activemq.artemis.protocol.amqp.broker.AMQPMessagePersisterV2
2840:             1             16  org.apache.activemq.artemis.protocol.amqp.broker.AMQPMessagePersisterV3
2841:             1             16  org.apache.activemq.artemis.protocol.amqp.broker.AMQPMessageSymbolSearch$$Lambda$406/0x00000008005e5440
2842:             1             16  org.apache.activemq.artemis.protocol.amqp.broker.AMQPMessageSymbolSearch$$Lambda$407/0x00000008005e4840
2843:             1             16  org.apache.activemq.artemis.protocol.amqp.broker.ProtonProtocolManagerFactory
2844:             1             16  org.apache.activemq.artemis.protocol.amqp.converter.AMQPMessageIdHelper
2845:             1             16  org.apache.activemq.artemis.protocol.amqp.proton.AMQPConnectionContext$$Lambda$391/0x00000008003f1440
2846:             1             16  org.apache.activemq.artemis.protocol.amqp.proton.transaction.ProtonTransactionImpl$TXOperations$$Lambda$422/0x000000080060ec40
2847:             1             16  org.apache.activemq.artemis.protocol.amqp.sasl.AnonymousServerSASLFactory
2848:             1             16  org.apache.activemq.artemis.protocol.amqp.sasl.ExternalServerSASLFactory
2849:             1             16  org.apache.activemq.artemis.protocol.amqp.sasl.GSSAPIServerSASLFactory
2850:             1             16  org.apache.activemq.artemis.protocol.amqp.sasl.MechanismFinder$$Lambda$267/0x0000000800420440
2851:             1             16  org.apache.activemq.artemis.protocol.amqp.sasl.MechanismFinder$$Lambda$268/0x0000000800427840
2852:             1             16  org.apache.activemq.artemis.protocol.amqp.sasl.MechanismFinder$$Lambda$269/0x0000000800427c40
2853:             1             16  org.apache.activemq.artemis.protocol.amqp.sasl.MechanismFinder$$Lambda$270/0x0000000800427040
2854:             1             16  org.apache.activemq.artemis.protocol.amqp.sasl.MechanismFinder$$Lambda$271/0x0000000800426840
2855:             1             16  org.apache.activemq.artemis.protocol.amqp.sasl.PlainServerSASLFactory
2856:             1             16  org.apache.activemq.artemis.protocol.amqp.util.TLSEncode$1
2857:             1             16  org.apache.activemq.artemis.spi.core.protocol.MessagePersister
2858:             1             16  org.apache.activemq.artemis.utils.FactoryFinder$StandaloneObjectFactory
2859:             1             16  org.apache.activemq.artemis.utils.SimpleFuture$1
2860:             1             16  org.apache.activemq.artemis.utils.actors.HandlerBase$$Lambda$178/0x000000080035e840
2861:             1             16  org.apache.activemq.artemis.utils.collections.TypedProperties$NullValue
2862:             1             16  org.apache.activemq.artemis.utils.critical.CriticalMeasure$2
2863:             1             16  org.apache.activemq.artemis.utils.critical.EmptyCriticalAnalyzer
2864:             1             16  org.apache.activemq.artemis.utils.uri.BeanSupport$$Lambda$262/0x000000080040b440
2865:             1             16  org.apache.activemq.artemis.utils.uri.BeanSupport$1
2866:             1             16  org.apache.activemq.hawtio.branding.PluginContextListener
2867:             1             16  org.apache.activemq.hawtio.plugin.PluginContextListener
2868:             1             16  org.apache.activemq.openwire.v12.ActiveMQBlobMessageMarshaller
2869:             1             16  org.apache.activemq.openwire.v12.ActiveMQBytesMessageMarshaller
2870:             1             16  org.apache.activemq.openwire.v12.ActiveMQMapMessageMarshaller
2871:             1             16  org.apache.activemq.openwire.v12.ActiveMQMessageMarshaller
2872:             1             16  org.apache.activemq.openwire.v12.ActiveMQObjectMessageMarshaller
2873:             1             16  org.apache.activemq.openwire.v12.ActiveMQQueueMarshaller
2874:             1             16  org.apache.activemq.openwire.v12.ActiveMQStreamMessageMarshaller
2875:             1             16  org.apache.activemq.openwire.v12.ActiveMQTempQueueMarshaller
2876:             1             16  org.apache.activemq.openwire.v12.ActiveMQTempTopicMarshaller
2877:             1             16  org.apache.activemq.openwire.v12.ActiveMQTextMessageMarshaller
2878:             1             16  org.apache.activemq.openwire.v12.ActiveMQTopicMarshaller
2879:             1             16  org.apache.activemq.openwire.v12.BrokerIdMarshaller
2880:             1             16  org.apache.activemq.openwire.v12.BrokerInfoMarshaller
2881:             1             16  org.apache.activemq.openwire.v12.BrokerSubscriptionInfoMarshaller
2882:             1             16  org.apache.activemq.openwire.v12.ConnectionControlMarshaller
2883:             1             16  org.apache.activemq.openwire.v12.ConnectionErrorMarshaller
2884:             1             16  org.apache.activemq.openwire.v12.ConnectionIdMarshaller
2885:             1             16  org.apache.activemq.openwire.v12.ConnectionInfoMarshaller
2886:             1             16  org.apache.activemq.openwire.v12.ConsumerControlMarshaller
2887:             1             16  org.apache.activemq.openwire.v12.ConsumerIdMarshaller
2888:             1             16  org.apache.activemq.openwire.v12.ConsumerInfoMarshaller
2889:             1             16  org.apache.activemq.openwire.v12.ControlCommandMarshaller
2890:             1             16  org.apache.activemq.openwire.v12.DataArrayResponseMarshaller
2891:             1             16  org.apache.activemq.openwire.v12.DataResponseMarshaller
2892:             1             16  org.apache.activemq.openwire.v12.DestinationInfoMarshaller
2893:             1             16  org.apache.activemq.openwire.v12.DiscoveryEventMarshaller
2894:             1             16  org.apache.activemq.openwire.v12.ExceptionResponseMarshaller
2895:             1             16  org.apache.activemq.openwire.v12.FlushCommandMarshaller
2896:             1             16  org.apache.activemq.openwire.v12.IntegerResponseMarshaller
2897:             1             16  org.apache.activemq.openwire.v12.JournalQueueAckMarshaller
2898:             1             16  org.apache.activemq.openwire.v12.JournalTopicAckMarshaller
2899:             1             16  org.apache.activemq.openwire.v12.JournalTraceMarshaller
2900:             1             16  org.apache.activemq.openwire.v12.JournalTransactionMarshaller
2901:             1             16  org.apache.activemq.openwire.v12.KeepAliveInfoMarshaller
2902:             1             16  org.apache.activemq.openwire.v12.LastPartialCommandMarshaller
2903:             1             16  org.apache.activemq.openwire.v12.LocalTransactionIdMarshaller
2904:             1             16  org.apache.activemq.openwire.v12.MessageAckMarshaller
2905:             1             16  org.apache.activemq.openwire.v12.MessageDispatchMarshaller
2906:             1             16  org.apache.activemq.openwire.v12.MessageDispatchNotificationMarshaller
2907:             1             16  org.apache.activemq.openwire.v12.MessageIdMarshaller
2908:             1             16  org.apache.activemq.openwire.v12.MessagePullMarshaller
2909:             1             16  org.apache.activemq.openwire.v12.NetworkBridgeFilterMarshaller
2910:             1             16  org.apache.activemq.openwire.v12.PartialCommandMarshaller
2911:             1             16  org.apache.activemq.openwire.v12.ProducerAckMarshaller
2912:             1             16  org.apache.activemq.openwire.v12.ProducerIdMarshaller
2913:             1             16  org.apache.activemq.openwire.v12.ProducerInfoMarshaller
2914:             1             16  org.apache.activemq.openwire.v12.RemoveInfoMarshaller
2915:             1             16  org.apache.activemq.openwire.v12.RemoveSubscriptionInfoMarshaller
2916:             1             16  org.apache.activemq.openwire.v12.ReplayCommandMarshaller
2917:             1             16  org.apache.activemq.openwire.v12.ResponseMarshaller
2918:             1             16  org.apache.activemq.openwire.v12.SessionIdMarshaller
2919:             1             16  org.apache.activemq.openwire.v12.SessionInfoMarshaller
2920:             1             16  org.apache.activemq.openwire.v12.ShutdownInfoMarshaller
2921:             1             16  org.apache.activemq.openwire.v12.SubscriptionInfoMarshaller
2922:             1             16  org.apache.activemq.openwire.v12.TransactionInfoMarshaller
2923:             1             16  org.apache.activemq.openwire.v12.WireFormatInfoMarshaller
2924:             1             16  org.apache.activemq.openwire.v12.XATransactionIdMarshaller
2925:             1             16  org.apache.commons.beanutils.DefaultBeanIntrospector
2926:             1             16  org.apache.commons.beanutils.SuppressPropertiesBeanIntrospector
2927:             1             16  org.apache.commons.beanutils.expression.DefaultResolver
2928:             1             16  org.apache.http.message.HeaderGroup
2929:             1             16  org.apache.logging.log4j.ThreadContext$EmptyIterator
2930:             1             16  org.apache.logging.log4j.ThreadContext$EmptyThreadContextStack
2931:             1             16  org.apache.logging.log4j.core.LoggerContext$$Lambda$126/0x0000000800267c40
2932:             1             16  org.apache.logging.log4j.core.appender.ConsoleAppender$ConsoleManagerFactory
2933:             1             16  org.apache.logging.log4j.core.appender.FileManager$FileManagerFactory
2934:             1             16  org.apache.logging.log4j.core.appender.rolling.RollingFileManager$RollingFileManagerFactory
2935:             1             16  org.apache.logging.log4j.core.config.ConfigurationFactory$Factory
2936:             1             16  org.apache.logging.log4j.core.config.DefaultReliabilityStrategy
2937:             1             16  org.apache.logging.log4j.core.config.OrderComparator
2938:             1             16  org.apache.logging.log4j.core.config.plugins.convert.EnumConverter
2939:             1             16  org.apache.logging.log4j.core.config.plugins.convert.TypeConverterRegistry
2940:             1             16  org.apache.logging.log4j.core.config.plugins.convert.TypeConverters$BigDecimalConverter
2941:             1             16  org.apache.logging.log4j.core.config.plugins.convert.TypeConverters$BigIntegerConverter
2942:             1             16  org.apache.logging.log4j.core.config.plugins.convert.TypeConverters$BooleanConverter
2943:             1             16  org.apache.logging.log4j.core.config.plugins.convert.TypeConverters$ByteArrayConverter
2944:             1             16  org.apache.logging.log4j.core.config.plugins.convert.TypeConverters$ByteConverter
2945:             1             16  org.apache.logging.log4j.core.config.plugins.convert.TypeConverters$CharArrayConverter
2946:             1             16  org.apache.logging.log4j.core.config.plugins.convert.TypeConverters$CharacterConverter
2947:             1             16  org.apache.logging.log4j.core.config.plugins.convert.TypeConverters$CharsetConverter
2948:             1             16  org.apache.logging.log4j.core.config.plugins.convert.TypeConverters$ClassConverter
2949:             1             16  org.apache.logging.log4j.core.config.plugins.convert.TypeConverters$CronExpressionConverter
2950:             1             16  org.apache.logging.log4j.core.config.plugins.convert.TypeConverters$DoubleConverter
2951:             1             16  org.apache.logging.log4j.core.config.plugins.convert.TypeConverters$DurationConverter
2952:             1             16  org.apache.logging.log4j.core.config.plugins.convert.TypeConverters$FileConverter
2953:             1             16  org.apache.logging.log4j.core.config.plugins.convert.TypeConverters$FloatConverter
2954:             1             16  org.apache.logging.log4j.core.config.plugins.convert.TypeConverters$InetAddressConverter
2955:             1             16  org.apache.logging.log4j.core.config.plugins.convert.TypeConverters$IntegerConverter
2956:             1             16  org.apache.logging.log4j.core.config.plugins.convert.TypeConverters$LevelConverter
2957:             1             16  org.apache.logging.log4j.core.config.plugins.convert.TypeConverters$LongConverter
2958:             1             16  org.apache.logging.log4j.core.config.plugins.convert.TypeConverters$PathConverter
2959:             1             16  org.apache.logging.log4j.core.config.plugins.convert.TypeConverters$PatternConverter
2960:             1             16  org.apache.logging.log4j.core.config.plugins.convert.TypeConverters$SecurityProviderConverter
2961:             1             16  org.apache.logging.log4j.core.config.plugins.convert.TypeConverters$ShortConverter
2962:             1             16  org.apache.logging.log4j.core.config.plugins.convert.TypeConverters$StringConverter
2963:             1             16  org.apache.logging.log4j.core.config.plugins.convert.TypeConverters$UriConverter
2964:             1             16  org.apache.logging.log4j.core.config.plugins.convert.TypeConverters$UrlConverter
2965:             1             16  org.apache.logging.log4j.core.config.plugins.convert.TypeConverters$UuidConverter
2966:             1             16  org.apache.logging.log4j.core.config.plugins.processor.PluginCache$$Lambda$86/0x00000008001e7440
2967:             1             16  org.apache.logging.log4j.core.config.properties.PropertiesConfigurationFactory
2968:             1             16  org.apache.logging.log4j.core.config.xml.XmlConfigurationFactory
2969:             1             16  org.apache.logging.log4j.core.impl.ThreadContextDataProvider
2970:             1             16  org.apache.logging.log4j.core.layout.PatternLayout$NoFormatPatternSerializer
2971:             1             16  org.apache.logging.log4j.core.lookup.StrMatcher$NoMatcher
2972:             1             16  org.apache.logging.log4j.core.lookup.StrMatcher$TrimMatcher
2973:             1             16  org.apache.logging.log4j.core.net.JndiManager$JndiManagerFactory
2974:             1             16  org.apache.logging.log4j.core.pattern.NameAbbreviator$NOPAbbreviator
2975:             1             16  org.apache.logging.log4j.core.pattern.NotANumber
2976:             1             16  org.apache.logging.log4j.core.pattern.PlainTextRenderer
2977:             1             16  org.apache.logging.log4j.core.selector.ClassLoaderContextSelector
2978:             1             16  org.apache.logging.log4j.core.util.BasicAuthorizationProvider
2979:             1             16  org.apache.logging.log4j.core.util.CloseShieldOutputStream
2980:             1             16  org.apache.logging.log4j.core.util.datetime.FastDateFormat$1
2981:             1             16  org.apache.logging.log4j.core.util.datetime.FastDateParser$$Lambda$132/0x0000000800264840
2982:             1             16  org.apache.logging.log4j.core.util.datetime.FastDateParser$1
2983:             1             16  org.apache.logging.log4j.core.util.datetime.FastDateParser$2
2984:             1             16  org.apache.logging.log4j.core.util.datetime.FastDateParser$3
2985:             1             16  org.apache.logging.log4j.core.util.datetime.FastDateParser$4
2986:             1             16  org.apache.logging.log4j.core.util.datetime.FastDateParser$5
2987:             1             16  org.apache.logging.log4j.core.util.datetime.FastDatePrinter$TwoDigitMonthField
2988:             1             16  org.apache.logging.log4j.message.ParameterFormatter$$Lambda$171/0x0000000800337840
2989:             1             16  org.apache.logging.log4j.message.ParameterizedNoReferenceMessageFactory
2990:             1             16  org.apache.logging.log4j.message.ReusableMessageFactory
2991:             1             16  org.apache.logging.log4j.spi.DefaultThreadContextStack
2992:             1             16  org.apache.logging.log4j.spi.LoggerRegistry$ConcurrentMapFactory
2993:             1             16  org.apache.logging.log4j.util.LoaderUtil$ThreadContextClassLoaderGetter
2994:             1             16  org.apache.logging.log4j.util.PropertiesUtil$Environment$$Lambda$62/0x00000008001c7840
2995:             1             16  org.apache.logging.log4j.util.PropertiesUtil$Environment$$Lambda$68/0x00000008001c3440
2996:             1             16  org.apache.logging.log4j.util.PropertiesUtil$Environment$$Lambda$69/0x00000008001c2840
2997:             1             16  org.apache.logging.log4j.util.PropertiesUtil$Environment$$Lambda$70/0x00000008001c2c40
2998:             1             16  org.apache.logging.log4j.util.ProviderUtil
2999:             1             16  org.apache.logging.log4j.util.ProviderUtil$$Lambda$79/0x00000008001e1840
3000:             1             16  org.apache.logging.log4j.util.ServiceLoaderUtil$$Lambda$65/0x00000008001c3840
3001:             1             16  org.apache.logging.log4j.util.SortedArrayStringMap$$Lambda$89/0x00000008001e4440
3002:             1             16  org.apache.logging.log4j.util.StackLocator
3003:             1             16  org.apache.logging.log4j.util.StackLocator$$Lambda$83/0x00000008001e7840
3004:             1             16  org.apache.logging.log4j.util.Strings$$Lambda$76/0x00000008001e0440
3005:             1             16  org.apache.logging.slf4j.Log4jLoggerFactory$$Lambda$77/0x00000008001e0c40
3006:             1             16  org.apache.logging.slf4j.Log4jMarkerFactory
3007:             1             16  org.apache.qpid.proton.amqp.messaging.Accepted
3008:             1             16  org.apache.qpid.proton.amqp.messaging.Data
3009:             1             16  org.apache.qpid.proton.amqp.messaging.Released
3010:             1             16  org.apache.qpid.proton.codec.StringType$1
3011:             1             16  org.apache.qpid.proton.message.impl.MessageImpl$1
3012:             1             16  org.eclipse.jetty.http.Http1FieldPreEncoder
3013:             1             16  org.eclipse.jetty.http.HttpHeader$$Lambda$302/0x00000008004cd440
3014:             1             16  org.eclipse.jetty.http.HttpHeaderValue$$Lambda$306/0x00000008004f0440
3015:             1             16  org.eclipse.jetty.http.HttpMethod$$Lambda$286/0x000000080044b040
3016:             1             16  org.eclipse.jetty.http.HttpMethod$$Lambda$287/0x000000080044b440
3017:             1             16  org.eclipse.jetty.http.HttpMethod$$Lambda$288/0x000000080044a840
3018:             1             16  org.eclipse.jetty.http.HttpScheme$$Lambda$284/0x000000080044b840
3019:             1             16  org.eclipse.jetty.http.HttpVersion$$Lambda$289/0x000000080044ac40
3020:             1             16  org.eclipse.jetty.http.MimeTypes$$Lambda$333/0x000000080050c840
3021:             1             16  org.eclipse.jetty.http.MimeTypes$$Lambda$334/0x000000080050cc40
3022:             1             16  org.eclipse.jetty.http.MimeTypes$$Lambda$336/0x000000080050c440
3023:             1             16  org.eclipse.jetty.http.pathmap.MatchedPath$1
3024:             1             16  org.eclipse.jetty.http.pathmap.PathMappings$$Lambda$299/0x00000008004cec40
3025:             1             16  org.eclipse.jetty.http.pathmap.PathMappings$$Lambda$346/0x000000080052bc40
3026:             1             16  org.eclipse.jetty.io.ArrayRetainableByteBufferPool$$Lambda$292/0x0000000800449c40
3027:             1             16  org.eclipse.jetty.io.SelectorManager$$Lambda$294/0x00000008004c8440
3028:             1             16  org.eclipse.jetty.security.SecurityHandler$1
3029:             1             16  org.eclipse.jetty.security.SecurityHandler$2
3030:             1             16  org.eclipse.jetty.server.AbstractConnector$1
3031:             1             16  org.eclipse.jetty.server.HttpChannel$1
3032:             1             16  org.eclipse.jetty.server.ResourceService$$Lambda$357/0x000000080052f040
3033:             1             16  org.eclipse.jetty.server.ResourceService$$Lambda$358/0x000000080052f440
3034:             1             16  org.eclipse.jetty.server.handler.ContextHandler$$Lambda$363/0x0000000800530840
3035:             1             16  org.eclipse.jetty.server.handler.HandlerCollection$Handlers
3036:             1             16  org.eclipse.jetty.server.session.HouseKeeper$Runner
3037:             1             16  org.eclipse.jetty.server.session.SessionHandler$1
3038:             1             16  org.eclipse.jetty.servlet.FilterHolder$$Lambda$352/0x000000080052dc40
3039:             1             16  org.eclipse.jetty.servlet.ListenerHolder$$Lambda$340/0x000000080050ac40
3040:             1             16  org.eclipse.jetty.servlet.ServletHandler$$Lambda$347/0x000000080052c040
3041:             1             16  org.eclipse.jetty.servlet.ServletHolder$$Lambda$356/0x000000080052ec40
3042:             1             16  org.eclipse.jetty.util.AbstractTrie$$Lambda$285/0x000000080044bc40
3043:             1             16  org.eclipse.jetty.util.ArrayTrie$$Lambda$359/0x000000080052f840
3044:             1             16  org.eclipse.jetty.util.ArrayTrie$$Lambda$360/0x000000080052fc40
3045:             1             16  org.eclipse.jetty.util.ArrayTrie$$Lambda$361/0x0000000800530040
3046:             1             16  org.eclipse.jetty.util.IO$ClosedIS
3047:             1             16  org.eclipse.jetty.util.IO$NullOS
3048:             1             16  org.eclipse.jetty.util.TypeUtil$$Lambda$297/0x00000008004cf440
3049:             1             16  org.eclipse.jetty.util.Uptime
3050:             1             16  org.eclipse.jetty.util.resource.EmptyResource
3051:             1             16  org.eclipse.jetty.util.statistic.CounterStatistic$$Lambda$296/0x00000008004cf040
3052:             1             16  org.eclipse.jetty.util.statistic.SampleStatistic$$Lambda$295/0x00000008004cfc40
3053:             1             16  org.eclipse.jetty.util.thread.QueuedThreadPool$$Lambda$280/0x000000080044c840
3054:             1             16  org.eclipse.jetty.util.thread.QueuedThreadPool$Runner
3055:             1             16  org.eclipse.jetty.util.thread.ReservedThreadExecutor$1
3056:             1             16  org.eclipse.jetty.util.thread.ScheduledExecutorScheduler$ScheduledFutureTask
3057:             1             16  org.eclipse.jetty.util.thread.ThreadPoolBudget$$Lambda$315/0x00000008004f6840
3058:             1             16  org.eclipse.jetty.util.thread.ThreadPoolBudget$1
3059:             1             16  org.eclipse.jetty.util.thread.TryExecutor$1
3060:             1             16  org.eclipse.jetty.webapp.AbstractConfiguration$$Lambda$318/0x0000000800504840
3061:             1             16  org.eclipse.jetty.webapp.AbstractConfiguration$$Lambda$319/0x0000000800504c40
3062:             1             16  org.eclipse.jetty.webapp.ClassMatcher$$Lambda$320/0x0000000800505440
3063:             1             16  org.eclipse.jetty.webapp.ClassMatcher$$Lambda$321/0x0000000800505840
3064:             1             16  org.eclipse.jetty.webapp.ClassMatcher$$Lambda$322/0x0000000800505c40
3065:             1             16  org.eclipse.jetty.webapp.ClassMatcher$$Lambda$328/0x0000000800507440
3066:             1             16  org.eclipse.jetty.webapp.ClassMatcher$$Lambda$329/0x0000000800507840
3067:             1             16  org.eclipse.jetty.webapp.ClassMatcher$$Lambda$330/0x0000000800507c40
3068:             1             16  org.eclipse.jetty.webapp.Configurations$$Lambda$317/0x0000000800504440
3069:             1             16  org.eclipse.jetty.webapp.Configurations$$Lambda$323/0x0000000800506040
3070:             1             16  org.eclipse.jetty.webapp.Configurations$$Lambda$324/0x0000000800506440
3071:             1             16  org.eclipse.jetty.webapp.Configurations$$Lambda$325/0x0000000800506840
3072:             1             16  org.eclipse.jetty.webapp.Configurations$$Lambda$326/0x0000000800506c40
3073:             1             16  org.eclipse.jetty.webapp.Configurations$$Lambda$327/0x0000000800507040
3074:             1             16  org.jolokia.config.Configuration
3075:             1             16  org.jolokia.converter.json.ArrayExtractor
3076:             1             16  org.jolokia.converter.json.BeanExtractor
3077:             1             16  org.jolokia.converter.json.CollectionExtractor
3078:             1             16  org.jolokia.converter.json.CompositeDataExtractor
3079:             1             16  org.jolokia.converter.json.DateExtractor
3080:             1             16  org.jolokia.converter.json.EnumExtractor
3081:             1             16  org.jolokia.converter.json.ListExtractor
3082:             1             16  org.jolokia.converter.json.MapExtractor
3083:             1             16  org.jolokia.converter.json.TabularDataExtractor
3084:             1             16  org.jolokia.converter.json.ValueFaultHandler$1
3085:             1             16  org.jolokia.converter.json.ValueFaultHandler$2
3086:             1             16  org.jolokia.converter.json.simplifier.BigIntegerSimplifier$BigIntegerAttributeExtractor
3087:             1             16  org.jolokia.converter.json.simplifier.ClassSimplifier$InterfaceAttributeExtractor
3088:             1             16  org.jolokia.converter.json.simplifier.ClassSimplifier$NameAttributeExtractor
3089:             1             16  org.jolokia.converter.json.simplifier.DomElementSimplifier$ChildAttributeExtractor
3090:             1             16  org.jolokia.converter.json.simplifier.DomElementSimplifier$NameAttributeExtractor
3091:             1             16  org.jolokia.converter.json.simplifier.DomElementSimplifier$ValueAttributeExtractor
3092:             1             16  org.jolokia.converter.json.simplifier.FileSimplifier$ExistsAttributeExtractor
3093:             1             16  org.jolokia.converter.json.simplifier.FileSimplifier$IsDirectoryAttributeExtractor
3094:             1             16  org.jolokia.converter.json.simplifier.FileSimplifier$LastModifiedAttributeExtractor
3095:             1             16  org.jolokia.converter.json.simplifier.FileSimplifier$LengthAttributeExtractor
3096:             1             16  org.jolokia.converter.json.simplifier.FileSimplifier$NameAttributeExtractor
3097:             1             16  org.jolokia.converter.json.simplifier.FileSimplifier$PathAttributeExtractor
3098:             1             16  org.jolokia.converter.json.simplifier.ObjectNameSimplifier$ObjectNameAttributeExtractor
3099:             1             16  org.jolokia.converter.json.simplifier.UrlSimplifier$UrlAttributeExtractor
3100:             1             16  org.jolokia.converter.object.StringToObjectConverter
3101:             1             16  org.jolokia.converter.object.StringToObjectConverter$BigDecimalParser
3102:             1             16  org.jolokia.converter.object.StringToObjectConverter$BigIntegerParser
3103:             1             16  org.jolokia.converter.object.StringToObjectConverter$DateParser
3104:             1             16  org.jolokia.converter.object.StringToObjectConverter$JSONParser
3105:             1             16  org.jolokia.converter.object.StringToObjectConverter$ObjectNameParser
3106:             1             16  org.jolokia.converter.object.StringToObjectConverter$StringParser
3107:             1             16  org.jolokia.converter.object.StringToObjectConverter$URLParser
3108:             1             16  org.jolokia.detector.AbstractServerDetector$1
3109:             1             16  org.jolokia.handler.ListHandler
3110:             1             16  org.jolokia.handler.ReadHandler
3111:             1             16  org.jolokia.handler.ReadHandler$1
3112:             1             16  org.jolokia.handler.ReadHandler$2
3113:             1             16  org.jolokia.handler.RequestHandlerManager
3114:             1             16  org.jolokia.handler.SearchHandler
3115:             1             16  org.jolokia.history.HistoryStore$1
3116:             1             16  org.jolokia.history.HistoryStore$2
3117:             1             16  org.jolokia.history.HistoryStore$3
3118:             1             16  org.jolokia.http.AgentServlet$3
3119:             1             16  org.jolokia.http.AgentServlet$4
3120:             1             16  org.jolokia.http.Jsr160ProxyNotEnabledByDefaultAnymoreDispatcher
3121:             1             16  org.jolokia.restrictor.policy.HttpMethodChecker
3122:             1             16  org.jolokia.restrictor.policy.RequestTypeChecker
3123:             1             16  org.jolokia.util.ServiceObjectFactory$ServiceEntry$1
3124:             1             16  org.slf4j.helpers.NOPLoggerFactory
3125:             1             16  org.slf4j.impl.StaticLoggerBinder
3126:             1             16  org.slf4j.impl.StaticMarkerBinder
3127:             1             16  org.xml.sax.helpers.DefaultHandler (java.xml@11.0.8)
3128:             1             16  sun.management.ClassLoadingImpl (java.management@11.0.8)
3129:             1             16  sun.misc.Unsafe (jdk.unsupported@11.0.8)
3130:             1             16  sun.net.DefaultProgressMeteringPolicy (java.base@11.0.8)
3131:             1             16  sun.net.ext.ExtendedSocketOptions$$Lambda$310/0x00000008004f6440 (java.base@11.0.8)
3132:             1             16  sun.net.www.protocol.file.Handler (java.base@11.0.8)
3133:             1             16  sun.net.www.protocol.jar.Handler (java.base@11.0.8)
3134:             1             16  sun.net.www.protocol.jar.JarFileFactory (java.base@11.0.8)
3135:             1             16  sun.net.www.protocol.jrt.Handler (java.base@11.0.8)
3136:             1             16  sun.nio.ch.ExtendedSocketOption$1 (java.base@11.0.8)
3137:             1             16  sun.nio.ch.FileChannelImpl$1 (java.base@11.0.8)
3138:             1             16  sun.nio.ch.KQueueSelectorProvider (java.base@11.0.8)
3139:             1             16  sun.nio.ch.Net$1 (java.base@11.0.8)
3140:             1             16  sun.nio.ch.SocketDispatcher (java.base@11.0.8)
3141:             1             16  sun.nio.ch.Util$1 (java.base@11.0.8)
3142:             1             16  sun.nio.fs.MacOSXFileSystemProvider (java.base@11.0.8)
3143:             1             16  sun.nio.fs.NativeBuffers$1 (java.base@11.0.8)
3144:             1             16  sun.reflect.generics.tree.BottomSignature (java.base@11.0.8)
3145:             1             16  sun.reflect.generics.tree.ByteSignature (java.base@11.0.8)
3146:             1             16  sun.reflect.generics.tree.CharSignature (java.base@11.0.8)
3147:             1             16  sun.reflect.generics.tree.LongSignature (java.base@11.0.8)
3148:             1             16  sun.reflect.generics.tree.VoidDescriptor (java.base@11.0.8)
3149:             1             16  sun.security.util.ResourcesMgr$$Lambda$395/0x00000008001c4840 (java.base@11.0.8)
3150:             1             16  sun.util.calendar.Gregorian (java.base@11.0.8)
3151:             1             16  sun.util.cldr.CLDRBaseLocaleDataMetaInfo (java.base@11.0.8)
3152:             1             16  sun.util.locale.InternalLocaleBuilder$CaseInsensitiveChar (java.base@11.0.8)
3153:             1             16  sun.util.locale.provider.CalendarDataUtility$CalendarWeekParameterGetter (java.base@11.0.8)
3154:             1             16  sun.util.locale.provider.TimeZoneNameUtility$TimeZoneNameGetter (java.base@11.0.8)
3155:             1             16  sun.util.logging.internal.LoggingProviderImpl (java.logging@11.0.8)
3156:             1             16  sun.util.resources.LocaleData$LocaleDataStrategy (java.base@11.0.8)
3157:             1             16  sun.util.resources.cldr.provider.CLDRLocaleDataMetaInfo (jdk.localedata@11.0.8)
Total        367414       29316880
