 num     #instances         #bytes  class name (module)
-------------------------------------------------------
   1:         41507        5366048  [B (java.base@11.0.8)
   2:         13201        5224944  [Ljava.lang.Object; (java.base@11.0.8)
   3:          3523        4031680  [I (java.base@11.0.8)
   4:         42803        1027272  java.lang.String (java.base@11.0.8)
   5:           759         948376  [C (java.base@11.0.8)
   6:          7687         914656  java.lang.Class (java.base@11.0.8)
   7:         19492         623744  java.util.concurrent.ConcurrentHashMap$Node (java.base@11.0.8)
   8:          4902         431376  java.lang.reflect.Method (java.base@11.0.8)
   9:         20179         322864  java.lang.Integer (java.base@11.0.8)
  10:          9691         310112  java.util.HashMap$Node (java.base@11.0.8)
  11:          1948         280512  [Lorg.eclipse.jetty.util.TreeTrie$Node;
  12:          6589         263560  java.util.LinkedHashMap$Entry (java.base@11.0.8)
  13:          2756         243408  [Ljava.util.HashMap$Node; (java.base@11.0.8)
  14:           360         207360  io.netty.util.internal.shaded.org.jctools.queues.MpscUnboundedArrayQueue
  15:         12231         195696  java.lang.Object (java.base@11.0.8)
  16:          6106         195392  java.lang.invoke.LambdaForm$Name (java.base@11.0.8)
  17:           289         175760  [Ljava.util.concurrent.ConcurrentHashMap$Node; (java.base@11.0.8)
  18:          6330         159248  [Ljava.lang.Class; (java.base@11.0.8)
  19:          1872         134784  io.netty.buffer.PoolSubpage
  20:          1773         127656  java.lang.reflect.Field (java.base@11.0.8)
  21:          2202         123312  java.util.LinkedHashMap (java.base@11.0.8)
  22:           184         104072  [J (java.base@11.0.8)
  23:          2059          98832  java.lang.invoke.MemberName (java.base@11.0.8)
  24:          3900          93600  java.util.ArrayList (java.base@11.0.8)
  25:          2159          86360  java.lang.ref.SoftReference (java.base@11.0.8)
  26:          1687          80976  java.util.HashMap (java.base@11.0.8)
  27:             2          80552  [Ljava.lang.Integer; (java.base@11.0.8)
  28:          2296          73472  java.util.concurrent.locks.ReentrantLock$NonfairSync (java.base@11.0.8)
  29:          1477          70896  sun.util.locale.LocaleObjectCache$CacheEntry (java.base@11.0.8)
  30:          1948          62336  org.eclipse.jetty.util.TreeTrie$Node
  31:          1652          58664  [Ljava.lang.String; (java.base@11.0.8)
  32:           818          52352  java.lang.Class$ReflectionData (java.base@11.0.8)
  33:          1257          50280  java.lang.invoke.MethodType (java.base@11.0.8)
  34:           626          50080  java.lang.reflect.Constructor (java.base@11.0.8)
  35:           657          49616  [Ljava.lang.invoke.LambdaForm$Name; (java.base@11.0.8)
  36:          1527          48864  java.lang.invoke.MethodType$ConcurrentWeakInternSet$WeakEntry (java.base@11.0.8)
  37:          1516          48512  javax.management.MBeanParameterInfo (java.management@11.0.8)
  38:           732          46848  java.nio.DirectByteBuffer (java.base@11.0.8)
  39:           566          38488  [Ljava.lang.ref.SoftReference; (java.base@11.0.8)
  40:          2288          36608  java.util.concurrent.locks.ReentrantLock (java.base@11.0.8)
  41:          1524          36576  java.lang.invoke.ResolvedMethodName (java.base@11.0.8)
  42:          1087          34784  java.lang.ref.WeakReference (java.base@11.0.8)
  43:           848          33920  org.eclipse.jetty.xml.XmlParser$Node
  44:           491          31424  java.util.concurrent.ConcurrentHashMap (java.base@11.0.8)
  45:           652          31296  java.lang.invoke.LambdaForm (java.base@11.0.8)
  46:           399          28216  [Ljava.lang.reflect.Method; (java.base@11.0.8)
  47:           692          27680  java.util.TreeMap$Entry (java.base@11.0.8)
  48:           180          27360  io.netty.channel.kqueue.KQueueEventLoop
  49:           844          27008  java.lang.invoke.LambdaForm$NamedFunction (java.base@11.0.8)
  50:          1125          27000  com.google.common.collect.SingletonImmutableSet
  51:           553          26544  jdk.internal.ref.CleanerImpl$PhantomCleanableRef (java.base@11.0.8)
  52:           550          26400  io.airlift.airline.model.OptionMetadata
  53:           444          24864  java.lang.invoke.LambdaFormEditor$Transform (java.base@11.0.8)
  54:           995          23880  sun.reflect.annotation.AnnotationInvocationHandler (java.base@11.0.8)
  55:           739          23648  java.util.Locale (java.base@11.0.8)
  56:           738          23616  sun.util.locale.BaseLocale (java.base@11.0.8)
  57:           738          23616  sun.util.locale.BaseLocale$Key (java.base@11.0.8)
  58:           569          22760  jdk.internal.ref.Cleaner (java.base@11.0.8)
  59:           327          20928  java.net.URL (java.base@11.0.8)
  60:           642          20544  java.lang.invoke.DirectMethodHandle (java.base@11.0.8)
  61:           237          20384  [Ljava.util.WeakHashMap$Entry; (java.base@11.0.8)
  62:            99          19800  com.sun.org.apache.xerces.internal.impl.dv.xs.XSSimpleTypeDecl (java.xml@11.0.8)
  63:           595          19040  io.airlift.airline.Accessor
  64:           334          18704  java.lang.invoke.MethodTypeForm (java.base@11.0.8)
  65:           569          18208  java.nio.DirectByteBuffer$Deallocator (java.base@11.0.8)
  66:           438          17520  javax.management.MBeanOperationInfo (java.management@11.0.8)
  67:           700          16800  org.eclipse.jetty.util.ArrayTrie$Node
  68:           398          15920  java.lang.invoke.DirectMethodHandle$Accessor (java.base@11.0.8)
  69:           469          15008  java.util.Hashtable$Entry (java.base@11.0.8)
  70:           152          14592  java.util.jar.JarFile$JarFileEntry (java.base@11.0.8)
  71:           288          13824  io.netty.buffer.PoolChunkList
  72:           345          13800  java.util.WeakHashMap$Entry (java.base@11.0.8)
  73:           842          13568  [Lorg.eclipse.jetty.xml.XmlParser$Attribute;
  74:           208          13312  java.util.zip.Inflater (java.base@11.0.8)
  75:           104          13312  sun.nio.fs.UnixFileAttributes (java.base@11.0.8)
  76:           528          12672  java.util.concurrent.CopyOnWriteArrayList (java.base@11.0.8)
  77:           396          12672  javax.management.MBeanAttributeInfo (java.management@11.0.8)
  78:           319          12064  [Ljavax.management.MBeanParameterInfo; (java.management@11.0.8)
  79:           494          11848  [Ljava.lang.reflect.Constructor; (java.base@11.0.8)
  80:           207          11592  java.beans.MethodDescriptor (java.desktop@11.0.8)
  81:           181          11584  io.netty.buffer.UnpooledUnsafeDirectByteBuf
  82:           360          11520  io.netty.channel.kqueue.KQueueEventArray
  83:           273          10920  java.lang.Package$VersionInfo (java.base@11.0.8)
  84:           341          10912  jdk.internal.math.FDBigInteger (java.base@11.0.8)
  85:           452          10848  java.util.LinkedList$Node (java.base@11.0.8)
  86:           336          10752  org.eclipse.jetty.webapp.MetaData$OriginInfo
  87:           220          10560  java.util.WeakHashMap (java.base@11.0.8)
  88:           321          10272  java.lang.Package (java.base@11.0.8)
  89:           616           9856  com.google.common.collect.SingletonImmutableList
  90:           390           9360  jdk.internal.reflect.NativeConstructorAccessorImpl (java.base@11.0.8)
  91:           385           9240  java.beans.MethodRef (java.desktop@11.0.8)
  92:           128           9216  org.apache.activemq.artemis.utils.collections.ConcurrentLongHashMap$Section
  93:           229           9160  org.apache.logging.log4j.core.Logger
  94:           229           9160  org.apache.logging.log4j.core.Logger$PrivateConfig
  95:           135           8704  [Ljava.util.Hashtable$Entry; (java.base@11.0.8)
  96:           180           8640  io.netty.channel.unix.IovArray
  97:           180           8640  io.netty.util.collection.IntObjectHashMap
  98:           358           8592  java.time.LocalDateTime (java.base@11.0.8)
  99:           355           8520  java.lang.module.ModuleDescriptor$Exports (java.base@11.0.8)
 100:            48           8448  [Lio.netty.buffer.PoolSubpage;
 101:           263           8416  java.lang.ref.ReferenceQueue (java.base@11.0.8)
 102:           257           8224  java.util.LinkedList (java.base@11.0.8)
 103:            21           8064  org.apache.activemq.artemis.utils.ActiveMQThreadFactory$1
 104:           502           8032  java.util.LinkedHashMap$LinkedValues (java.base@11.0.8)
 105:           166           7968  java.nio.HeapByteBuffer (java.base@11.0.8)
 106:            13           7824  [Lorg.eclipse.jetty.util.ArrayTrie$Node;
 107:           324           7776  java.util.jar.Attributes$Name (java.base@11.0.8)
 108:            49           7376  [Z (java.base@11.0.8)
 109:            92           7360  java.net.URI (java.base@11.0.8)
 110:           100           7344  [Ljavax.management.MBeanAttributeInfo; (java.management@11.0.8)
 111:           229           7328  org.apache.logging.slf4j.Log4jLogger
 112:           225           7200  org.apache.logging.log4j.core.config.plugins.processor.PluginEntry
 113:           128           7168  org.eclipse.jetty.io.ArrayRetainableByteBufferPool$Bucket
 114:            19           7144  java.lang.Thread (java.base@11.0.8)
 115:           221           7072  java.lang.invoke.BoundMethodHandle$Species_L (java.base@11.0.8)
 116:           294           7056  com.sun.org.apache.xerces.internal.util.SymbolHash$Entry (java.xml@11.0.8)
 117:           294           7056  javax.management.ImmutableDescriptor (java.management@11.0.8)
 118:           291           6984  org.eclipse.jetty.util.TreeTrie
 119:           147           6952  [Ljava.lang.reflect.Field; (java.base@11.0.8)
 120:           214           6848  sun.nio.fs.UnixPath (java.base@11.0.8)
 121:           281           6744  java.util.ImmutableCollections$Set12 (java.base@11.0.8)
 122:           105           6720  java.util.jar.JarFile (java.base@11.0.8)
 123:           420           6720  jdk.internal.reflect.DelegatingConstructorAccessorImpl (java.base@11.0.8)
 124:           104           6656  java.util.zip.ZipFile$Source (java.base@11.0.8)
 125:           276           6624  sun.reflect.generics.tree.SimpleClassTypeSignature (java.base@11.0.8)
 126:           116           6496  java.io.FileCleanable (java.base@11.0.8)
 127:            91           6440  [Ljavax.management.MBeanOperationInfo; (java.management@11.0.8)
 128:           161           6440  java.lang.invoke.BoundMethodHandle$Species_LL (java.base@11.0.8)
 129:           134           6432  java.util.Hashtable (java.base@11.0.8)
 130:            89           6408  java.beans.PropertyDescriptor (java.desktop@11.0.8)
 131:           108           6376  [Ljava.lang.invoke.MethodHandle; (java.base@11.0.8)
 132:           263           6312  java.lang.Long (java.base@11.0.8)
 133:           194           6208  io.netty.util.internal.LongAdderCounter
 134:           255           6120  java.lang.Class$AnnotationData (java.base@11.0.8)
 135:           250           6000  com.sun.jmx.mbeanserver.PerInterface$MethodAndSig (java.management@11.0.8)
 136:           106           5936  java.lang.Module (java.base@11.0.8)
 137:           185           5920  io.netty.util.concurrent.DefaultPromise
 138:           182           5824  java.util.concurrent.CountDownLatch$Sync (java.base@11.0.8)
 139:           232           5568  java.util.concurrent.atomic.AtomicLong (java.base@11.0.8)
 140:           231           5544  org.apache.logging.log4j.message.DefaultFlowMessageFactory
 141:           231           5544  org.apache.logging.log4j.spi.AbstractLogger$LocalLogBuilder
 142:           225           5400  org.apache.logging.log4j.core.config.plugins.util.PluginType
 143:           276           5240  [Lsun.reflect.generics.tree.TypeArgument; (java.base@11.0.8)
 144:           130           5200  org.eclipse.jetty.io.ByteBufferPool$Bucket
 145:           105           5040  jdk.internal.loader.URLClassPath$JarLoader (java.base@11.0.8)
 146:           208           4992  java.util.zip.Inflater$InflaterZStreamRef (java.base@11.0.8)
 147:           207           4968  com.sun.org.apache.xerces.internal.util.SymbolTable$Entry (java.xml@11.0.8)
 148:           206           4944  java.util.concurrent.ConcurrentLinkedQueue$Node (java.base@11.0.8)
 149:           205           4920  java.lang.invoke.MethodHandleNatives$CallSiteContext (java.base@11.0.8)
 150:           153           4896  com.sun.jmx.mbeanserver.ConvertingMethod (java.management@11.0.8)
 151:           121           4840  java.io.FileDescriptor (java.base@11.0.8)
 152:           100           4800  java.util.logging.LogManager$LoggerWeakRef (java.logging@11.0.8)
 153:           100           4800  javax.management.MBeanInfo (java.management@11.0.8)
 154:            56           4736  [Lcom.sun.xml.bind.v2.util.QNameMap$Entry;
 155:           294           4704  org.eclipse.jetty.util.thread.AutoLock
 156:            73           4672  java.lang.invoke.BoundMethodHandle$Species_LLLLLLIIL (java.base@11.0.8)
 157:           190           4560  java.util.concurrent.ConcurrentLinkedQueue (java.base@11.0.8)
 158:            71           4544  com.sun.xml.bind.v2.model.impl.RuntimeAttributePropertyInfoImpl
 159:           142           4544  java.io.File (java.base@11.0.8)
 160:           137           4384  com.sun.xml.bind.v2.util.QNameMap$Entry
 161:           274           4384  sun.reflect.generics.tree.ClassTypeSignature (java.base@11.0.8)
 162:           182           4368  java.time.LocalDate (java.base@11.0.8)
 163:           136           4352  org.eclipse.jetty.util.IncludeExcludeSet
 164:           180           4320  io.netty.channel.unix.FileDescriptor
 165:           180           4320  io.netty.util.internal.ThreadExecutorMap$1
 166:           108           4320  java.math.BigInteger (java.base@11.0.8)
 167:           133           4256  java.lang.module.ModuleDescriptor$Requires (java.base@11.0.8)
 168:           265           4240  java.lang.ref.ReferenceQueue$Lock (java.base@11.0.8)
 169:           265           4240  java.util.HashSet (java.base@11.0.8)
 170:           174           4176  java.util.ArrayDeque (java.base@11.0.8)
 171:           104           4160  java.security.ProtectionDomain (java.base@11.0.8)
 172:           259           4144  java.lang.Byte (java.base@11.0.8)
 173:           259           4144  java.lang.Short (java.base@11.0.8)
 174:           171           4104  java.util.ImmutableCollections$SetN (java.base@11.0.8)
 175:           171           4104  javax.xml.namespace.QName (java.xml@11.0.8)
 176:           102           4080  java.security.CodeSource (java.base@11.0.8)
 177:           170           4080  java.util.Collections$SetFromMap (java.base@11.0.8)
 178:           168           4032  org.eclipse.jetty.util.component.ContainerLifeCycle$Bean
 179:           166           3984  jdk.internal.module.ServicesCatalog$ServiceProvider (java.base@11.0.8)
 180:            99           3960  java.lang.ref.Finalizer (java.base@11.0.8)
 181:            61           3904  java.lang.module.ModuleDescriptor (java.base@11.0.8)
 182:           176           3848  [Ljava.lang.reflect.Type; (java.base@11.0.8)
 183:            80           3840  org.eclipse.jetty.http.HttpHeader
 184:            48           3840  sun.net.www.protocol.jar.URLJarFile (java.base@11.0.8)
 185:            95           3800  java.io.ObjectStreamField (java.base@11.0.8)
 186:            62           3752  [Lcom.sun.org.apache.xerces.internal.util.SymbolHash$Entry; (java.xml@11.0.8)
 187:           231           3696  java.util.LinkedHashSet (java.base@11.0.8)
 188:           230           3680  org.apache.logging.log4j.message.ParameterizedMessageFactory
 189:            24           3648  io.netty.buffer.PoolArena$DirectArena
 190:            24           3648  io.netty.buffer.PoolArena$HeapArena
 191:           112           3584  java.io.RandomAccessFile (java.base@11.0.8)
 192:           145           3480  java.util.Collections$SingletonList (java.base@11.0.8)
 193:            71           3408  com.sun.org.apache.xerces.internal.impl.xs.XSAttributeDecl (java.xml@11.0.8)
 194:           105           3360  java.util.zip.ZipFile$CleanableResource (java.base@11.0.8)
 195:            60           3360  jdk.internal.module.ModuleReferenceImpl (java.base@11.0.8)
 196:           164           3288  [Lcom.sun.jmx.mbeanserver.MXBeanMapping; (java.management@11.0.8)
 197:           136           3264  org.eclipse.jetty.webapp.ClassMatcher$ByClass
 198:           136           3264  org.eclipse.jetty.webapp.ClassMatcher$ByLocationOrModule
 199:           136           3264  org.eclipse.jetty.webapp.ClassMatcher$ByModule
 200:           136           3264  org.eclipse.jetty.webapp.ClassMatcher$ByPackageOrName
 201:            81           3240  java.lang.invoke.MethodHandleImpl$AsVarargsCollector (java.base@11.0.8)
 202:            80           3200  com.sun.management.internal.DiagnosticCommandArgumentInfo (jdk.management@11.0.8)
 203:           200           3200  com.sun.proxy.$Proxy14
 204:           198           3168  java.util.Collections$UnmodifiableSet (java.base@11.0.8)
 205:           196           3136  java.util.Collections$SingletonSet (java.base@11.0.8)
 206:            49           3136  javax.management.openmbean.OpenMBeanAttributeInfoSupport (java.management@11.0.8)
 207:            77           3080  com.sun.beans.introspect.PropertyInfo (java.desktop@11.0.8)
 208:            35           3080  jdk.internal.reflect.DelegatingClassLoader (java.base@11.0.8)
 209:           190           3040  com.sun.proxy.$Proxy31
 210:            63           3024  java.util.TreeMap (java.base@11.0.8)
 211:           113           2992  [Ljavax.management.ObjectName$Property; (java.management@11.0.8)
 212:            93           2976  com.sun.xml.bind.v2.runtime.Name
 213:           182           2912  java.util.concurrent.CountDownLatch (java.base@11.0.8)
 214:           180           2880  io.netty.channel.kqueue.KQueueEventLoop$1
 215:           180           2880  io.netty.util.collection.IntObjectHashMap$1
 216:           180           2880  io.netty.util.collection.IntObjectHashMap$EntrySet
 217:           180           2880  io.netty.util.collection.IntObjectHashMap$KeySet
 218:           179           2864  java.lang.ThreadLocal (java.base@11.0.8)
 219:            71           2840  com.sun.xml.bind.v2.runtime.property.AttributeProperty
 220:           118           2832  javax.management.ObjectName$Property (java.management@11.0.8)
 221:           175           2800  java.util.concurrent.atomic.AtomicInteger (java.base@11.0.8)
 222:            31           2728  java.util.regex.Pattern (java.base@11.0.8)
 223:            85           2720  java.util.logging.LogManager$LogNode (java.logging@11.0.8)
 224:           111           2664  java.util.ImmutableCollections$List12 (java.base@11.0.8)
 225:           163           2608  com.sun.proxy.$Proxy32
 226:           163           2608  java.util.concurrent.atomic.AtomicBoolean (java.base@11.0.8)
 227:            79           2528  org.apache.activemq.artemis.api.core.SimpleString
 228:           104           2496  java.util.zip.ZipFile$Source$Key (java.base@11.0.8)
 229:           154           2464  java.util.WeakHashMap$KeySet (java.base@11.0.8)
 230:            44           2464  java.util.logging.Logger (java.logging@11.0.8)
 231:           151           2416  java.util.ImmutableCollections$ListN (java.base@11.0.8)
 232:            99           2376  sun.reflect.generics.factory.CoreReflectionFactory (java.base@11.0.8)
 233:            49           2352  java.lang.invoke.BoundMethodHandle$SpeciesData (java.base@11.0.8)
 234:             2           2328  [Lorg.eclipse.jetty.http.HttpStatus$Code;
 235:            97           2328  com.sun.beans.introspect.MethodInfo (java.desktop@11.0.8)
 236:            29           2320  java.lang.invoke.BoundMethodHandle$Species_LLLLLLLLLIILL (java.base@11.0.8)
 237:            41           2296  java.security.Provider$Service (java.base@11.0.8)
 238:            57           2280  java.io.FilePermission (java.base@11.0.8)
 239:            95           2280  java.security.Provider$ServiceKey (java.base@11.0.8)
 240:            71           2272  com.sun.org.apache.xerces.internal.impl.xs.XSAttributeUseImpl (java.xml@11.0.8)
 241:            71           2272  com.sun.org.apache.xerces.internal.xni.QName (java.xml@11.0.8)
 242:            93           2232  com.sun.xml.bind.v2.model.impl.FieldPropertySeed
 243:            93           2232  com.sun.xml.bind.v2.model.impl.RuntimeClassInfoImpl$RuntimePropertySeed
 244:            93           2232  com.sun.xml.bind.v2.runtime.reflect.Accessor$FieldReflection
 245:            46           2208  io.airlift.airline.model.CommandMetadata
 246:            91           2184  sun.reflect.generics.reflectiveObjects.ParameterizedTypeImpl (java.base@11.0.8)
 247:           136           2176  org.eclipse.jetty.webapp.ClassMatcher$ByLocation
 248:           136           2176  org.eclipse.jetty.webapp.ClassMatcher$ByPackage
 249:            66           2112  java.lang.invoke.LambdaForm$Kind (java.base@11.0.8)
 250:            23           2104  [[B (java.base@11.0.8)
 251:           130           2080  java.lang.Character (java.base@11.0.8)
 252:             1           2064  [Lorg.eclipse.jetty.http.HttpGenerator$PreparedResponse;
 253:            51           2040  java.lang.invoke.DirectMethodHandle$Special (java.base@11.0.8)
 254:            62           1984  com.sun.org.apache.xerces.internal.util.SymbolHash (java.xml@11.0.8)
 255:            62           1984  jdk.internal.reflect.UnsafeObjectFieldAccessorImpl (java.base@11.0.8)
 256:            41           1968  com.sun.management.internal.DiagnosticCommandInfo (jdk.management@11.0.8)
 257:            49           1960  [Ljava.lang.invoke.BoundMethodHandle$SpeciesData; (java.base@11.0.8)
 258:            61           1952  java.security.Permissions (java.base@11.0.8)
 259:            61           1952  org.eclipse.jetty.http.HttpStatus$Code
 260:            78           1872  jdk.internal.reflect.NativeMethodAccessorImpl (java.base@11.0.8)
 261:            21           1848  com.sun.xml.bind.v2.runtime.ClassBeanInfoImpl
 262:            76           1824  java.util.Arrays$ArrayList (java.base@11.0.8)
 263:            57           1824  javax.management.ObjectName (java.management@11.0.8)
 264:            45           1800  java.security.AccessControlContext (java.base@11.0.8)
 265:            45           1800  java.util.logging.Logger$ConfigurationData (java.logging@11.0.8)
 266:            56           1792  com.sun.xml.bind.v2.util.QNameMap
 267:            74           1776  java.util.Collections$UnmodifiableRandomAccessList (java.base@11.0.8)
 268:            74           1776  jdk.internal.loader.AbstractClassLoaderValue$Sub (java.base@11.0.8)
 269:            37           1776  org.eclipse.jetty.http.pathmap.ServletPathSpec
 270:            13           1752  [Ljava.lang.ClassValue$Entry; (java.base@11.0.8)
 271:            73           1752  com.sun.xml.bind.v2.runtime.reflect.TransducedAccessor$CompositeTransducedAccessorImpl
 272:             3           1704  org.jctools.queues.MpscUnboundedArrayQueue
 273:            53           1696  sun.nio.fs.UnixFileKey (java.base@11.0.8)
 274:            21           1680  [Ljava.lang.ThreadLocal$ThreadLocalMap$Entry; (java.base@11.0.8)
 275:            30           1680  [Lorg.apache.activemq.artemis.utils.collections.LinkedListImpl$Iterator;
 276:            21           1680  com.sun.xml.bind.v2.model.impl.RuntimeClassInfoImpl
 277:           104           1664  [Ljava.security.Principal; (java.base@11.0.8)
 278:           104           1664  java.security.ProtectionDomain$Key (java.base@11.0.8)
 279:           104           1664  sun.nio.fs.UnixFileAttributes$UnixAsBasicFileAttributes (java.base@11.0.8)
 280:            68           1632  org.eclipse.jetty.webapp.ClassMatcher
 281:            40           1600  com.sun.org.apache.xerces.internal.impl.xs.XSParticleDecl (java.xml@11.0.8)
 282:            20           1600  com.sun.xml.bind.v2.model.impl.RuntimeReferencePropertyInfoImpl
 283:            40           1600  org.eclipse.jetty.http.HttpMethod
 284:            22           1584  com.sun.org.apache.xerces.internal.impl.xs.XSElementDecl (java.xml@11.0.8)
 285:            33           1584  java.time.temporal.ValueRange (java.base@11.0.8)
 286:            39           1560  org.apache.activemq.artemis.utils.actors.OrderedExecutor
 287:            32           1536  com.sun.org.apache.xerces.internal.impl.dv.xs.DecimalDV$XDecimal (java.xml@11.0.8)
 288:            48           1536  com.sun.org.apache.xerces.internal.impl.xs.traversers.OneAttr (java.xml@11.0.8)
 289:            64           1536  java.util.concurrent.locks.AbstractQueuedSynchronizer$ConditionObject (java.base@11.0.8)
 290:            48           1536  java.util.zip.ZipFile$CleanableResource$FinalizableResource (java.base@11.0.8)
 291:            19           1520  org.eclipse.jetty.servlet.FilterHolder
 292:            38           1520  sun.reflect.generics.repository.MethodRepository (java.base@11.0.8)
 293:             4           1504  org.apache.logging.log4j.core.util.Log4jThread
 294:            46           1472  java.util.Vector (java.base@11.0.8)
 295:            61           1464  sun.reflect.generics.scope.ClassScope (java.base@11.0.8)
 296:             2           1448  [Ljava.time.LocalDateTime; (java.base@11.0.8)
 297:            60           1440  java.lang.module.ResolvedModule (java.base@11.0.8)
 298:            60           1440  jdk.internal.module.SystemModuleFinders$2 (java.base@11.0.8)
 299:            60           1440  jdk.internal.module.SystemModuleFinders$SystemModuleReader (java.base@11.0.8)
 300:            30           1440  org.apache.activemq.artemis.utils.collections.LinkedListImpl
 301:            59           1416  jdk.internal.loader.BuiltinClassLoader$LoadedModule (java.base@11.0.8)
 302:            59           1416  org.eclipse.jetty.http.HttpGenerator$PreparedResponse
 303:            44           1408  org.jolokia.config.ConfigKey
 304:             1           1376  [Ljdk.internal.math.FDBigInteger; (java.base@11.0.8)
 305:            13           1352  org.eclipse.jetty.servlet.ServletHolder
 306:            21           1344  com.sun.org.apache.xerces.internal.impl.xs.XSComplexTypeDecl (java.xml@11.0.8)
 307:            56           1344  java.io.FilePermissionCollection (java.base@11.0.8)
 308:            56           1344  java.lang.module.ModuleDescriptor$Provides (java.base@11.0.8)
 309:            42           1344  java.util.concurrent.atomic.LongAdder (java.base@11.0.8)
 310:             8           1336  [Ljava.beans.MethodDescriptor; (java.desktop@11.0.8)
 311:            79           1336  [Lsun.reflect.generics.tree.FormalTypeParameter; (java.base@11.0.8)
 312:            83           1328  jdk.internal.reflect.DelegatingMethodAccessorImpl (java.base@11.0.8)
 313:            41           1312  com.sun.management.internal.DiagnosticCommandImpl$Wrapper (jdk.management@11.0.8)
 314:            41           1312  sun.reflect.generics.repository.ClassRepository (java.base@11.0.8)
 315:            40           1296  [Ljava.math.BigInteger; (java.base@11.0.8)
 316:            27           1296  com.sun.xml.bind.v2.runtime.LeafBeanInfoImpl
 317:            54           1296  java.util.jar.Manifest (java.base@11.0.8)
 318:            27           1296  org.apache.commons.beanutils.converters.ArrayConverter
 319:            41           1264  [Lcom.sun.org.apache.xerces.internal.impl.xs.traversers.OneAttr; (java.xml@11.0.8)
 320:             2           1256  [Lcom.sun.org.apache.xerces.internal.util.SymbolTable$Entry; (java.xml@11.0.8)
 321:            51           1224  com.sun.jmx.mbeanserver.NamedObject (java.management@11.0.8)
 322:            38           1216  sun.reflect.generics.tree.MethodTypeSignature (java.base@11.0.8)
 323:            30           1200  java.time.temporal.ChronoField (java.base@11.0.8)
 324:             5           1200  org.apache.activemq.artemis.core.remoting.impl.netty.NettyAcceptor
 325:            50           1200  org.eclipse.jetty.servlet.Source
 326:            37           1184  io.netty.channel.ChannelOption
 327:            37           1184  java.lang.ThreadLocal$ThreadLocalMap$Entry (java.base@11.0.8)
 328:            21           1176  org.apache.logging.log4j.core.util.datetime.FixedDateFormat$FixedFormat
 329:            29           1160  com.sun.jmx.mbeanserver.PerInterface (java.management@11.0.8)
 330:            29           1160  java.lang.invoke.VarHandleObjects$FieldInstanceReadWrite (java.base@11.0.8)
 331:            48           1152  java.security.Provider$UString (java.base@11.0.8)
 332:            48           1152  java.util.regex.Pattern$BmpCharPropertyGreedy (java.base@11.0.8)
 333:            71           1136  com.sun.proxy.$Proxy8
 334:            47           1128  org.eclipse.jetty.servlet.ServletHandler$MappedServlet
 335:            28           1120  java.math.BigDecimal (java.base@11.0.8)
 336:            46           1104  org.eclipse.jetty.webapp.ClassMatcher$ClassEntry
 337:            34           1088  sun.reflect.annotation.AnnotationType (java.base@11.0.8)
 338:            19           1064  javax.management.openmbean.ArrayType (java.management@11.0.8)
 339:             2           1056  [Ljava.lang.Byte; (java.base@11.0.8)
 340:             2           1056  [Ljava.lang.Long; (java.base@11.0.8)
 341:             2           1056  [Ljava.lang.Short; (java.base@11.0.8)
 342:            48           1056  [Ljavax.management.MBeanConstructorInfo; (java.management@11.0.8)
 343:            22           1056  com.sun.org.apache.xerces.internal.impl.xs.XSAttributeGroupDecl (java.xml@11.0.8)
 344:             1           1040  [Lorg.apache.activemq.openwire.DataStreamMarshaller;
 345:            65           1040  org.eclipse.jetty.io.AbstractByteBufferPool$$Lambda$290/0x000000080044a440
 346:            65           1040  org.eclipse.jetty.io.AbstractByteBufferPool$$Lambda$291/0x0000000800449840
 347:            43           1032  java.util.regex.Pattern$BmpCharProperty (java.base@11.0.8)
 348:            41           1024  [Lcom.sun.management.internal.DiagnosticCommandArgumentInfo; (jdk.management@11.0.8)
 349:            64           1024  java.util.HashMap$EntrySet (java.base@11.0.8)
 350:            15           1016  [Ljava.beans.PropertyDescriptor; (java.desktop@11.0.8)
 351:             7           1008  [Ljava.lang.invoke.MemberName; (java.base@11.0.8)
 352:            55           1008  [Lsun.reflect.generics.tree.FieldTypeSignature; (java.base@11.0.8)
 353:            21           1008  com.sun.xml.bind.v2.runtime.unmarshaller.StructureLoader
 354:            21           1008  java.util.concurrent.ThreadPoolExecutor$Worker (java.base@11.0.8)
 355:             3           1008  org.apache.activemq.artemis.core.server.impl.QueueImpl
 356:            31            992  java.lang.invoke.VarHandle$AccessDescriptor (java.base@11.0.8)
 357:            31            992  java.lang.invoke.VarHandle$AccessMode (java.base@11.0.8)
 358:            33            984  [Ljava.security.ProtectionDomain; (java.base@11.0.8)
 359:            41            984  sun.reflect.generics.tree.ClassSignature (java.base@11.0.8)
 360:            61            976  java.util.HashMap$KeySet (java.base@11.0.8)
 361:            10            968  [D (java.base@11.0.8)
 362:            60            960  com.sun.proxy.$Proxy15
 363:            24            960  java.lang.invoke.DirectMethodHandle$Interface (java.base@11.0.8)
 364:            30            960  java.security.Provider$EngineDescription (java.base@11.0.8)
 365:            60            960  java.security.SecureClassLoader$CodeSourceKey (java.base@11.0.8)
 366:            30            960  java.util.concurrent.locks.AbstractQueuedSynchronizer$Node (java.base@11.0.8)
 367:            30            960  org.apache.activemq.artemis.utils.collections.LinkedListImpl$NodeHolder
 368:            24            960  org.apache.activemq.artemis.utils.critical.CriticalMeasure
 369:            41            944  [Lsun.reflect.generics.tree.ClassTypeSignature; (java.base@11.0.8)
 370:            13            936  java.util.concurrent.ScheduledThreadPoolExecutor$ScheduledFutureTask (java.base@11.0.8)
 371:             3            936  org.apache.activemq.artemis.core.settings.impl.AddressSettings
 372:            13            936  org.apache.logging.log4j.core.config.LoggerConfig
 373:            39            936  org.eclipse.jetty.webapp.ClassMatcher$PackageEntry
 374:            22            928  [Lcom.sun.org.apache.xerces.internal.impl.xs.XSAttributeUseImpl; (java.xml@11.0.8)
 375:            29            928  java.util.RegularEnumSet (java.base@11.0.8)
 376:            58            928  jdk.internal.module.SystemModuleFinders$3 (java.base@11.0.8)
 377:            29            928  org.eclipse.jetty.util.resource.PathResource
 378:            23            920  com.sun.jmx.mbeanserver.MXBeanSupport (java.management@11.0.8)
 379:            19            912  org.eclipse.jetty.http.MimeTypes$Type
 380:            38            912  sun.reflect.generics.scope.MethodScope (java.base@11.0.8)
 381:            28            896  org.apache.logging.log4j.core.config.builder.api.Component
 382:            37            888  java.util.regex.Pattern$GroupHead (java.base@11.0.8)
 383:            37            888  java.util.regex.Pattern$GroupTail (java.base@11.0.8)
 384:            37            888  org.eclipse.jetty.http.pathmap.MappedResource
 385:             3            888  org.eclipse.jetty.webapp.WebAppContext
 386:            55            880  com.sun.proxy.$Proxy9
 387:            11            880  java.lang.invoke.BoundMethodHandle$Species_LLLLLLLLIILL (java.base@11.0.8)
 388:            27            872  [Ljava.time.format.DateTimeFormatterBuilder$DateTimePrinterParser; (java.base@11.0.8)
 389:            27            864  [Ljava.io.ObjectStreamField; (java.base@11.0.8)
 390:            36            864  com.sun.org.apache.xerces.internal.impl.xs.traversers.SmallContainer (java.xml@11.0.8)
 391:            27            864  java.util.concurrent.atomic.AtomicIntegerFieldUpdater$AtomicIntegerFieldUpdaterImpl (java.base@11.0.8)
 392:            54            864  java.util.jar.Attributes (java.base@11.0.8)
 393:            53            848  org.apache.commons.beanutils.converters.ConverterFacade
 394:            35            840  java.lang.management.ManagementPermission (java.management@11.0.8)
 395:            15            840  sun.util.calendar.ZoneInfo (java.base@11.0.8)
 396:            34            816  java.lang.ProcessEnvironment$Value (java.base@11.0.8)
 397:            34            816  java.lang.ProcessEnvironment$Variable (java.base@11.0.8)
 398:             5            800  [Lio.netty.util.concurrent.EventExecutor;
 399:            25            800  io.airlift.airline.model.ArgumentsMetadata
 400:            50            800  java.util.LinkedHashMap$LinkedEntrySet (java.base@11.0.8)
 401:            33            792  java.lang.invoke.Invokers (java.base@11.0.8)
 402:            14            784  javax.management.openmbean.CompositeType (java.management@11.0.8)
 403:            14            784  javax.management.openmbean.OpenMBeanParameterInfoSupport (java.management@11.0.8)
 404:            48            768  com.google.common.collect.RegularImmutableList
 405:            16            768  com.sun.beans.util.Cache$Kind$Soft (java.desktop@11.0.8)
 406:            32            768  com.sun.jmx.mbeanserver.DefaultMXBeanMappingFactory$IdentityMapping (java.management@11.0.8)
 407:            24            768  com.sun.jmx.mbeanserver.WeakIdentityHashMap$IdentityWeakReference (java.management@11.0.8)
 408:            32            768  com.sun.org.apache.xerces.internal.impl.xs.util.XSObjectListImpl (java.xml@11.0.8)
 409:            32            768  io.netty.util.internal.logging.LocationAwareSlf4JLogger
 410:            12            768  java.lang.ClassValue$ClassValueMap (java.base@11.0.8)
 411:             2            752  [Ljava.time.ZoneOffset; (java.base@11.0.8)
 412:            47            752  com.sun.proxy.$Proxy16
 413:            31            744  java.util.concurrent.ConcurrentHashMap$KeySetView (java.base@11.0.8)
 414:            21            736  [Lcom.sun.xml.bind.v2.runtime.property.Property;
 415:            27            720  [Ljavax.xml.namespace.QName; (java.xml@11.0.8)
 416:            30            720  com.sun.xml.bind.v2.runtime.unmarshaller.XsiTypeLoader
 417:            45            720  java.util.HashMap$Values (java.base@11.0.8)
 418:            30            720  java.util.zip.ZipFile$InflaterCleanupAction (java.base@11.0.8)
 419:            22            704  [Ljava.lang.invoke.LambdaFormEditor$Transform; (java.base@11.0.8)
 420:            44            704  java.util.LinkedHashMap$LinkedKeySet (java.base@11.0.8)
 421:             2            672  [Lorg.eclipse.jetty.http.HttpHeader;
 422:            21            672  com.sun.org.apache.xerces.internal.impl.xs.util.SimpleLocator (java.xml@11.0.8)
 423:            21            672  com.sun.xml.bind.v2.runtime.LifecycleMethods
 424:            28            672  org.apache.activemq.artemis.api.core.management.CoreNotificationType
 425:            38            664  [Lsun.reflect.generics.tree.TypeSignature; (java.base@11.0.8)
 426:            14            648  [S (java.base@11.0.8)
 427:            27            648  com.sun.xml.bind.v2.runtime.unmarshaller.TextLoader
 428:            27            648  java.time.format.DateTimeFormatterBuilder$CompositePrinterParser (java.base@11.0.8)
 429:             9            648  java.util.ResourceBundle$CacheKey (java.base@11.0.8)
 430:            27            648  java.util.regex.Pattern$CharPropertyGreedy (java.base@11.0.8)
 431:             9            648  org.apache.activemq.artemis.core.journal.impl.JournalFileImpl
 432:             8            640  [Ljava.util.concurrent.RunnableScheduledFuture; (java.base@11.0.8)
 433:             8            640  [Lorg.apache.activemq.artemis.utils.collections.ConcurrentLongHashMap$Section;
 434:             8            640  com.google.common.cache.LocalCache$Segment
 435:             5            640  io.netty.util.internal.InternalThreadLocalMap
 436:            10            640  java.lang.invoke.BoundMethodHandle$Species_LLLLLLII (java.base@11.0.8)
 437:             8            640  java.lang.invoke.BoundMethodHandle$Species_LLLLLLLLLLLLL (java.base@11.0.8)
 438:            16            640  java.lang.invoke.DirectMethodHandle$Constructor (java.base@11.0.8)
 439:             8            640  java.util.concurrent.ScheduledThreadPoolExecutor (java.base@11.0.8)
 440:            20            640  org.eclipse.jetty.http.PreEncodedHttpField
 441:             3            624  [Ljava.lang.invoke.LambdaForm; (java.base@11.0.8)
 442:            26            624  com.sun.jmx.mbeanserver.StandardMBeanSupport (java.management@11.0.8)
 443:            26            624  java.time.LocalTime (java.base@11.0.8)
 444:            39            624  org.apache.activemq.artemis.utils.actors.ProcessorBase$$Lambda$179/0x000000080035ec40
 445:            38            608  com.sun.proxy.$Proxy11
 446:            19            608  java.time.format.DateTimeFormatterBuilder$NumberPrinterParser (java.base@11.0.8)
 447:            19            608  java.util.concurrent.atomic.AtomicLongFieldUpdater$CASUpdater (java.base@11.0.8)
 448:            19            608  javax.management.MBeanConstructorInfo (java.management@11.0.8)
 449:            19            608  org.eclipse.jetty.servlet.FilterMapping
 450:            33            600  [Ljava.lang.reflect.TypeVariable; (java.base@11.0.8)
 451:            15            600  java.time.format.DateTimeFormatter (java.base@11.0.8)
 452:            15            600  java.util.concurrent.atomic.LongAccumulator (java.base@11.0.8)
 453:             1            592  org.apache.activemq.artemis.core.config.impl.FileConfiguration
 454:            12            576  com.sun.org.apache.xerces.internal.util.XMLAttributesImpl$Attribute (java.xml@11.0.8)
 455:            24            576  com.sun.org.apache.xerces.internal.util.XMLStringBuffer (java.xml@11.0.8)
 456:            18            576  java.lang.ClassValue$Entry (java.base@11.0.8)
 457:            18            576  java.net.InetAddress$InetAddressHolder (java.base@11.0.8)
 458:             4            576  java.text.DecimalFormat (java.base@11.0.8)
 459:            18            576  java.util.Collections$UnmodifiableMap (java.base@11.0.8)
 460:            18            576  java.util.ResourceBundle$KeyElementReference (java.base@11.0.8)
 461:            12            576  java.util.concurrent.locks.ReentrantReadWriteLock$NonfairSync (java.base@11.0.8)
 462:            18            576  org.apache.activemq.artemis.utils.AbstractLatch$CountSync
 463:            12            576  org.apache.activemq.artemis.utils.ActiveMQThreadFactory
 464:            24            576  org.apache.activemq.artemis.utils.critical.CriticalMeasure$1
 465:             8            576  sun.nio.ch.FileChannelImpl (java.base@11.0.8)
 466:             6            576  sun.nio.ch.KQueueSelectorImpl (java.base@11.0.8)
 467:             6            576  sun.util.calendar.Gregorian$Date (java.base@11.0.8)
 468:             2            560  [Lorg.eclipse.jetty.io.ByteBufferPool$Bucket;
 469:            10            560  com.sun.xml.bind.v2.runtime.property.ArrayReferenceNodeProperty
 470:            10            560  java.util.Properties (java.base@11.0.8)
 471:             7            560  java.util.concurrent.TimeUnit (java.base@11.0.8)
 472:            14            560  javax.management.openmbean.SimpleType (java.management@11.0.8)
 473:             7            560  org.apache.activemq.artemis.utils.SizeAwareMetric
 474:            23            552  com.sun.istack.FinalArrayList
 475:            23            552  com.sun.xml.bind.v2.runtime.unmarshaller.ChildLoader
 476:             2            544  [Ljava.lang.Character; (java.base@11.0.8)
 477:             2            544  [Lorg.eclipse.jetty.io.ArrayRetainableByteBufferPool$Bucket;
 478:            34            544  com.sun.proxy.$Proxy20
 479:            22            528  [Lcom.sun.org.apache.xerces.internal.impl.xs.identity.IdentityConstraint; (java.xml@11.0.8)
 480:            14            528  [Lcom.sun.xml.bind.v2.runtime.property.AttributeProperty;
 481:             1            528  [Ljava.util.TimerTask; (java.base@11.0.8)
 482:            11            528  com.sun.jmx.mbeanserver.DefaultMXBeanMappingFactory$CompositeMapping (java.management@11.0.8)
 483:            22            528  java.util.regex.Pattern$BitClass (java.base@11.0.8)
 484:             3            528  org.apache.activemq.artemis.core.paging.impl.PagingStoreImpl
 485:             4            520  [Ljava.util.concurrent.ConcurrentMap; (java.base@11.0.8)
 486:             5            520  io.netty.channel.kqueue.KQueueServerSocketChannel
 487:            13            520  org.apache.activemq.artemis.core.version.impl.VersionImpl
 488:            13            520  org.eclipse.jetty.util.ArrayTrie
 489:            16            512  com.sun.xml.bind.v2.runtime.unmarshaller.Scope
 490:            16            512  java.time.temporal.ChronoUnit (java.base@11.0.8)
 491:            16            512  java.util.regex.Pattern$Branch (java.base@11.0.8)
 492:            21            504  com.sun.org.apache.xerces.internal.xni.XMLString (java.xml@11.0.8)
 493:            21            504  java.lang.ThreadLocal$ThreadLocalMap (java.base@11.0.8)
 494:             7            504  java.lang.invoke.BoundMethodHandle$Species_LLLLLLLIIL (java.base@11.0.8)
 495:            21            504  java.util.AbstractMap$SimpleImmutableEntry (java.base@11.0.8)
 496:             9            504  org.apache.activemq.artemis.core.io.nio.NIOSequentialFile
 497:             9            504  org.eclipse.jetty.servlet.ListenerHolder
 498:            21            504  sun.reflect.generics.repository.FieldRepository (java.base@11.0.8)
 499:             7            496  [Lsun.invoke.util.Wrapper; (java.base@11.0.8)
 500:             8            480  [Lcom.sun.org.apache.xerces.internal.impl.xs.util.SimpleLocator; (java.xml@11.0.8)
 501:             3            480  com.sun.org.apache.xerces.internal.impl.xs.SchemaGrammar$BuiltinSchemaGrammar (java.xml@11.0.8)
 502:            15            480  com.sun.org.apache.xerces.internal.impl.xs.XSModelGroupImpl (java.xml@11.0.8)
 503:             6            480  com.sun.org.apache.xerces.internal.impl.xs.models.XSDFACM (java.xml@11.0.8)
 504:            30            480  jdk.internal.reflect.BootstrapConstructorAccessorImpl (java.base@11.0.8)
 505:             6            480  org.eclipse.jetty.io.ManagedSelector
 506:             6            480  org.eclipse.jetty.util.thread.strategy.AdaptiveExecutionStrategy
 507:            10            480  sun.invoke.util.Wrapper (java.base@11.0.8)
 508:            21            464  [Ljavax.management.MBeanNotificationInfo; (java.management@11.0.8)
 509:            19            456  java.time.Duration (java.base@11.0.8)
 510:             3            456  org.eclipse.jetty.server.session.SessionHandler
 511:            19            456  org.eclipse.jetty.servlet.FilterHolder$Config
 512:            14            448  com.sun.org.apache.xerces.internal.util.AugmentationsImpl$SmallContainer (java.xml@11.0.8)
 513:             4            448  java.util.GregorianCalendar (java.base@11.0.8)
 514:             8            448  sun.management.MemoryPoolImpl (java.management@11.0.8)
 515:            11            440  java.util.IdentityHashMap (java.base@11.0.8)
 516:            18            432  java.text.DateFormat$Field (java.base@11.0.8)
 517:             9            432  java.util.ResourceBundle$BundleReference (java.base@11.0.8)
 518:             6            432  java.util.concurrent.ThreadPoolExecutor (java.base@11.0.8)
 519:             9            432  org.apache.activemq.artemis.core.server.impl.QueueMessageMetrics
 520:            18            432  org.apache.commons.logging.impl.Jdk14Logger
 521:            18            432  org.apache.logging.log4j.core.pattern.PatternFormatter
 522:             3            432  org.eclipse.jetty.servlet.ServletHandler
 523:             6            432  org.eclipse.jetty.util.resource.JarFileResource
 524:            18            432  org.eclipse.jetty.xml.XmlParser$Attribute
 525:             4            416  com.sun.org.apache.xerces.internal.impl.dv.xs.AbstractDateTimeDV$DateTimeData (java.xml@11.0.8)
 526:            13            416  jdk.internal.reflect.UnsafeBooleanFieldAccessorImpl (java.base@11.0.8)
 527:            13            416  org.eclipse.jetty.servlet.ServletMapping
 528:            13            416  sun.security.jca.ProviderConfig (java.base@11.0.8)
 529:             7            408  [[I (java.base@11.0.8)
 530:            17            408  java.lang.RuntimePermission (java.base@11.0.8)
 531:            17            408  java.util.regex.Pattern$Start (java.base@11.0.8)
 532:            17            408  javax.management.StandardMBean (java.management@11.0.8)
 533:            17            408  jdk.internal.util.jar.JarIndex (java.base@11.0.8)
 534:            17            408  sun.nio.ch.OptionKey (java.base@11.0.8)
 535:            17            408  sun.nio.ch.SocketOptionRegistry$RegistryKey (java.base@11.0.8)
 536:            10            400  com.sun.org.apache.xerces.internal.impl.xpath.regex.RangeToken (java.xml@11.0.8)
 537:            10            400  com.sun.xml.bind.v2.runtime.property.SingleReferenceNodeProperty
 538:            10            400  io.netty.channel.group.DefaultChannelGroup
 539:            10            400  java.lang.OutOfMemoryError (java.base@11.0.8)
 540:            10            400  jdk.internal.reflect.UnsafeQualifiedStaticObjectFieldAccessorImpl (java.base@11.0.8)
 541:             1            400  org.apache.activemq.artemis.core.remoting.server.impl.RemotingServiceImpl$FailureCheckAndFlushThread
 542:             9            392  [Ljava.lang.invoke.MethodType; (java.base@11.0.8)
 543:             4            384  [Lcom.sun.org.apache.xerces.internal.impl.xs.XSComplexTypeDecl; (java.xml@11.0.8)
 544:            15            384  [Lcom.sun.org.apache.xerces.internal.impl.xs.XSParticleDecl; (java.xml@11.0.8)
 545:             4            384  [Lcom.sun.org.apache.xerces.internal.xni.QName; (java.xml@11.0.8)
 546:            16            384  [Ljava.util.regex.Pattern$Node; (java.base@11.0.8)
 547:            16            384  com.sun.org.apache.xerces.internal.impl.xpath.regex.Op$RangeOp (java.xml@11.0.8)
 548:             8            384  java.beans.BeanDescriptor (java.desktop@11.0.8)
 549:             1            384  java.lang.ref.Finalizer$FinalizerThread (java.base@11.0.8)
 550:             1            384  java.util.TimerThread (java.base@11.0.8)
 551:             1            384  java.util.logging.LogManager$Cleaner (java.logging@11.0.8)
 552:             1            384  jdk.internal.misc.InnocuousThread (java.base@11.0.8)
 553:             1            384  org.apache.activemq.artemis.cli.commands.Run$3
 554:             4            384  org.apache.activemq.artemis.core.server.impl.AddressInfo
 555:            12            384  org.apache.logging.log4j.core.config.AwaitCompletionReliabilityStrategy
 556:             3            384  org.eclipse.jetty.webapp.WebAppClassLoader
 557:            12            384  sun.reflect.generics.reflectiveObjects.TypeVariableImpl (java.base@11.0.8)
 558:             1            376  java.lang.ref.Reference$ReferenceHandler (java.base@11.0.8)
 559:            10            368  [Ljava.lang.Boolean; (java.base@11.0.8)
 560:            23            368  java.util.TreeSet (java.base@11.0.8)
 561:            23            368  java.util.concurrent.ConcurrentHashMap$ValuesView (java.base@11.0.8)
 562:            23            368  java.util.concurrent.atomic.AtomicReference (java.base@11.0.8)
 563:             4            360  [Ljava.lang.Thread; (java.base@11.0.8)
 564:             1            360  com.sun.org.apache.xerces.internal.impl.XMLNSDocumentScannerImpl (java.xml@11.0.8)
 565:             9            360  com.sun.org.apache.xerces.internal.utils.XMLSecurityManager$Limit (java.xml@11.0.8)
 566:             5            360  io.netty.channel.kqueue.KQueueServerSocketChannelConfig
 567:             9            360  java.lang.ClassLoader$NativeLibrary (java.base@11.0.8)
 568:            11            352  java.util.concurrent.atomic.AtomicReferenceFieldUpdater$AtomicReferenceFieldUpdaterImpl (java.base@11.0.8)
 569:            22            352  java.util.regex.Pattern$$Lambda$26/0x0000000800126840 (java.base@11.0.8)
 570:            22            352  java.util.regex.Pattern$BitClass$$Lambda$25/0x0000000800127440 (java.base@11.0.8)
 571:            11            352  org.eclipse.jetty.http.HttpHeaderValue
 572:             5            336  [Lcom.sun.org.apache.xerces.internal.impl.xs.XSElementDecl; (java.xml@11.0.8)
 573:            14            336  com.sun.org.apache.xerces.internal.impl.xpath.regex.Op$ChildOp (java.xml@11.0.8)
 574:            21            336  com.sun.proxy.$Proxy3
 575:             6            336  java.nio.DirectLongBufferU (java.base@11.0.8)
 576:            14            336  java.util.concurrent.Executors$RunnableAdapter (java.base@11.0.8)
 577:            14            336  java.util.concurrent.locks.ReentrantReadWriteLock (java.base@11.0.8)
 578:            14            336  java.util.regex.Pattern$$Lambda$158/0x0000000800312040 (java.base@11.0.8)
 579:            14            336  java.util.regex.Pattern$Dollar (java.base@11.0.8)
 580:            14            336  java.util.regex.Pattern$Ques (java.base@11.0.8)
 581:             6            336  org.apache.commons.collections.FastHashMap
 582:             7            336  org.apache.logging.log4j.core.lookup.ConfigurationStrSubstitutor
 583:             7            336  sun.util.resources.Bundles$BundleReference (java.base@11.0.8)
 584:            10            320  com.sun.org.apache.xerces.internal.impl.XMLEntityManager$EncodingInfo (java.xml@11.0.8)
 585:            20            320  com.sun.proxy.$Proxy1
 586:            20            320  com.sun.proxy.$Proxy6
 587:            20            320  com.sun.xml.bind.v2.util.QNameMap$EntrySet
 588:             5            320  io.netty.channel.ChannelOutboundBuffer
 589:             5            320  io.netty.channel.DefaultChannelPipeline$HeadContext
 590:             8            320  java.beans.GenericBeanInfo (java.desktop@11.0.8)
 591:             4            320  java.lang.invoke.BoundMethodHandle$Species_LLLLLLLLLLLII (java.base@11.0.8)
 592:            10            320  java.net.Inet6Address (java.base@11.0.8)
 593:            10            320  java.net.Inet6Address$Inet6AddressHolder (java.base@11.0.8)
 594:             5            320  java.nio.DirectByteBufferR (java.base@11.0.8)
 595:            10            320  javax.management.MBeanNotificationInfo (java.management@11.0.8)
 596:             8            320  sun.management.MemoryPoolImpl$CollectionSensor (java.management@11.0.8)
 597:             8            320  sun.management.MemoryPoolImpl$PoolSensor (java.management@11.0.8)
 598:             3            312  org.apache.activemq.artemis.core.messagecounter.MessageCounter
 599:            13            312  org.eclipse.jetty.servlet.ServletHolder$Config
 600:             2            304  com.sun.org.apache.xerces.internal.impl.XMLEntityManager (java.xml@11.0.8)
 601:            19            304  java.util.regex.Pattern$$Lambda$38/0x0000000800157440 (java.base@11.0.8)
 602:             9            288  com.sun.beans.introspect.ClassInfo (java.desktop@11.0.8)
 603:            12            288  com.sun.org.apache.xerces.internal.impl.xpath.regex.Token$CharToken (java.xml@11.0.8)
 604:            12            288  java.net.StandardSocketOptions$StdSocketOption (java.base@11.0.8)
 605:             4            288  java.text.DecimalFormatSymbols (java.base@11.0.8)
 606:            12            288  java.time.Month (java.base@11.0.8)
 607:            18            288  java.util.concurrent.ConcurrentHashMap$EntrySetView (java.base@11.0.8)
 608:             6            288  java.util.concurrent.LinkedBlockingQueue (java.base@11.0.8)
 609:             9            288  java.util.logging.Level (java.logging@11.0.8)
 610:             9            288  java.util.logging.Level$KnownLevel (java.logging@11.0.8)
 611:            12            288  java.util.regex.Pattern$BmpCharPredicate$$Lambda$73/0x00000008001c1840 (java.base@11.0.8)
 612:             9            288  jdk.internal.org.objectweb.asm.Type (java.base@11.0.8)
 613:             2            288  org.apache.activemq.artemis.core.journal.impl.JournalImpl
 614:             3            288  org.apache.activemq.artemis.core.paging.cursor.impl.PageSubscriptionCounterImpl
 615:             1            288  org.apache.activemq.artemis.core.server.impl.ActiveMQServerImpl
 616:            18            288  org.apache.activemq.artemis.utils.ReusableLatch
 617:            18            288  org.apache.activemq.artemis.utils.collections.ConcurrentHashSet
 618:             3            288  org.eclipse.jetty.security.ConstraintSecurityHandler
 619:             9            288  org.eclipse.jetty.util.statistic.SampleStatistic
 620:            12            288  sun.reflect.generics.tree.FormalTypeParameter (java.base@11.0.8)
 621:             1            280  [Ljava.lang.invoke.LambdaForm$Kind; (java.base@11.0.8)
 622:             5            280  io.netty.bootstrap.ServerBootstrap
 623:             5            280  io.netty.channel.DefaultChannelHandlerContext
 624:             5            280  io.netty.channel.DefaultChannelPipeline$TailContext
 625:             5            280  io.netty.channel.kqueue.AbstractKQueueServerChannel$KQueueServerSocketUnsafe
 626:             5            280  java.lang.invoke.BoundMethodHandle$Species_LIILLL (java.base@11.0.8)
 627:             5            280  org.eclipse.jetty.util.thread.ScheduledExecutorScheduler
 628:            17            272  java.time.format.DateTimeFormatterBuilder$CharLiteralPrinterParser (java.base@11.0.8)
 629:             2            272  org.apache.activemq.artemis.api.core.QueueConfiguration
 630:            17            272  sun.invoke.util.ValueConversions$WrapperCache (java.base@11.0.8)
 631:            11            264  java.lang.annotation.ElementType (java.base@11.0.8)
 632:            11            264  java.lang.invoke.MethodHandleImpl$Intrinsic (java.base@11.0.8)
 633:            11            264  java.util.Collections$SynchronizedSet (java.base@11.0.8)
 634:            11            264  java.util.concurrent.ConcurrentSkipListMap$Node (java.base@11.0.8)
 635:            11            264  java.util.regex.Pattern$SliceI (java.base@11.0.8)
 636:            11            264  org.apache.logging.log4j.core.util.datetime.FastDateParser$StrategyAndWidth
 637:             2            256  com.google.common.cache.LocalCache
 638:             8            256  com.sun.beans.util.Cache$CacheEntry (java.desktop@11.0.8)
 639:             8            256  java.lang.reflect.ProxyGenerator$PrimitiveTypeInfo (java.base@11.0.8)
 640:             8            256  java.util.concurrent.ScheduledThreadPoolExecutor$DelayedWorkQueue (java.base@11.0.8)
 641:            16            256  java.util.regex.Pattern$BranchConn (java.base@11.0.8)
 642:             8            256  org.apache.logging.log4j.core.lookup.Interpolator
 643:            16            256  org.apache.logging.log4j.core.lookup.SystemPropertiesLookup
 644:             8            256  org.eclipse.jetty.http.HttpCompliance$Violation
 645:             7            248  [Ljava.lang.annotation.ElementType; (java.base@11.0.8)
 646:             8            248  [Ljava.util.Map$Entry; (java.base@11.0.8)
 647:            10            240  com.sun.org.apache.xerces.internal.impl.XMLScanner$NameType (java.xml@11.0.8)
 648:            10            240  com.sun.xml.bind.v2.runtime.property.ArrayERProperty$ReceiverImpl
 649:             5            240  io.netty.channel.AbstractChannel$CloseFuture
 650:             5            240  io.netty.channel.DefaultChannelPipeline
 651:            10            240  io.netty.channel.VoidChannelPromise
 652:             3            240  java.lang.invoke.BoundMethodHandle$Species_LLLLLLLLLIIL (java.base@11.0.8)
 653:            10            240  java.nio.charset.CoderResult (java.base@11.0.8)
 654:            10            240  java.nio.file.StandardOpenOption (java.base@11.0.8)
 655:             6            240  java.util.Collections$SingletonMap (java.base@11.0.8)
 656:            10            240  java.util.concurrent.LinkedBlockingQueue$Node (java.base@11.0.8)
 657:            15            240  java.util.regex.Pattern$Begin (java.base@11.0.8)
 658:            10            240  org.apache.activemq.artemis.commons.shaded.json.stream.JsonParser$Event
 659:             3            240  org.apache.activemq.artemis.core.paging.cursor.impl.PageSubscriptionImpl
 660:             3            240  org.apache.activemq.artemis.core.paging.impl.PageSyncTimer
 661:            10            240  org.apache.http.message.BasicHeader
 662:             2            240  org.apache.logging.log4j.core.appender.rolling.RollingFileManager
 663:             5            240  org.apache.logging.log4j.core.config.AppenderControl
 664:             3            240  org.apache.logging.log4j.core.util.datetime.FixedDateFormat
 665:             3            240  org.eclipse.jetty.webapp.MetaData
 666:             5            240  sun.util.locale.provider.LocaleResources$ResourceReference (java.base@11.0.8)
 667:             2            224  [Lio.netty.buffer.PoolArena;
 668:             5            224  [Ljava.lang.invoke.LambdaForm$NamedFunction; (java.base@11.0.8)
 669:             4            224  com.sun.org.apache.xerces.internal.impl.xs.XSDDescription (java.xml@11.0.8)
 670:            14            224  com.sun.org.apache.xerces.internal.util.AugmentationsImpl (java.xml@11.0.8)
 671:             7            224  io.airlift.airline.model.CommandGroupMetadata
 672:             7            224  java.lang.invoke.VarHandleInts$FieldInstanceReadWrite (java.base@11.0.8)
 673:            14            224  java.util.concurrent.locks.ReentrantReadWriteLock$ReadLock (java.base@11.0.8)
 674:            14            224  java.util.concurrent.locks.ReentrantReadWriteLock$Sync$ThreadLocalHoldCounter (java.base@11.0.8)
 675:            14            224  java.util.concurrent.locks.ReentrantReadWriteLock$WriteLock (java.base@11.0.8)
 676:             7            224  org.apache.activemq.artemis.commons.shaded.johnzon.core.JsonObjectImpl
 677:             7            224  sun.util.resources.Bundles$CacheKey (java.base@11.0.8)
 678:             9            216  java.nio.file.attribute.PosixFilePermission (java.base@11.0.8)
 679:             3            216  java.security.SecureRandom (java.base@11.0.8)
 680:             9            216  java.util.regex.Pattern$$Lambda$72/0x00000008001c2440 (java.base@11.0.8)
 681:             9            216  org.apache.activemq.artemis.core.io.nio.NIOSequentialFile$SyncLocalBufferObserver
 682:             9            216  org.apache.activemq.artemis.core.journal.impl.JournalRecord
 683:             9            216  org.apache.logging.log4j.MarkerManager$Log4jMarker
 684:             3            216  org.eclipse.jetty.server.session.DefaultSessionCache
 685:             3            216  sun.security.provider.NativePRNG$RandomIO (java.base@11.0.8)
 686:             4            208  [Lcom.sun.org.apache.xerces.internal.utils.XMLSecurityManager$State; (java.xml@11.0.8)
 687:            13            208  com.sun.proxy.$Proxy26
 688:            13            208  java.util.concurrent.CopyOnWriteArraySet (java.base@11.0.8)
 689:            13            208  org.apache.logging.log4j.core.config.AppenderControlArraySet
 690:             2            200  [Ljava.text.DateFormat$Field; (java.base@11.0.8)
 691:             1            200  com.sun.org.apache.xerces.internal.impl.XMLDTDScannerImpl (java.xml@11.0.8)
 692:             1            200  com.sun.org.apache.xerces.internal.parsers.XIncludeAwareParserConfiguration (java.xml@11.0.8)
 693:             5            200  io.netty.bootstrap.ServerBootstrap$ServerBootstrapAcceptor
 694:             5            200  java.lang.invoke.MethodHandleImpl$IntrinsicMethodHandle (java.base@11.0.8)
 695:             5            200  java.util.EnumMap (java.base@11.0.8)
 696:             5            200  java.util.stream.StreamOpFlag (java.base@11.0.8)
 697:             5            200  jdk.internal.loader.URLClassPath (java.base@11.0.8)
 698:             5            200  org.apache.logging.log4j.core.pattern.DatePatternConverter
 699:             5            200  org.eclipse.jetty.http.HttpVersion
 700:             5            192  [Lorg.apache.activemq.artemis.utils.critical.CriticalMeasure;
 701:             1            192  [Lorg.jolokia.config.ConfigKey;
 702:             8            192  com.google.common.cache.LocalCache$AccessQueue$1
 703:             8            192  com.google.common.cache.LocalCache$WriteQueue$1
 704:             8            192  com.sun.beans.introspect.PropertyInfo$Name (java.desktop@11.0.8)
 705:             6            192  com.sun.jmx.mbeanserver.DefaultMXBeanMappingFactory$CollectionMapping (java.management@11.0.8)
 706:             6            192  com.sun.org.apache.xerces.internal.impl.xpath.regex.Token$ClosureToken (java.xml@11.0.8)
 707:             4            192  com.sun.org.apache.xerces.internal.impl.xs.SchemaGrammar$BuiltinAttrDecl (java.xml@11.0.8)
 708:             6            192  com.sun.xml.bind.v2.model.impl.ClassInfoImpl$SecondaryAnnotation
 709:             6            192  java.lang.invoke.LambdaForm$BasicType (java.base@11.0.8)
 710:             8            192  java.math.RoundingMode (java.base@11.0.8)
 711:             8            192  java.net.Inet4Address (java.base@11.0.8)
 712:             8            192  java.net.NetPermission (java.base@11.0.8)
 713:             6            192  java.time.format.TextStyle (java.base@11.0.8)
 714:             6            192  java.util.ImmutableCollections$MapN (java.base@11.0.8)
 715:             8            192  java.util.concurrent.ConcurrentSkipListMap$Index (java.base@11.0.8)
 716:             8            192  java.util.regex.Pattern$CharProperty (java.base@11.0.8)
 717:             8            192  java.util.regex.Pattern$Slice (java.base@11.0.8)
 718:             8            192  org.apache.activemq.artemis.commons.shaded.johnzon.core.JsonGeneratorImpl$GeneratorState
 719:             8            192  org.apache.activemq.artemis.core.config.HAPolicyConfiguration$TYPE
 720:             3            192  org.apache.activemq.artemis.core.io.nio.NIOSequentialFileFactory
 721:             4            192  org.apache.activemq.artemis.core.management.impl.AddressControlImpl
 722:             8            192  org.apache.activemq.artemis.core.server.ActiveMQScheduledComponent$$Lambda$173/0x0000000800337040
 723:             8            192  org.apache.logging.log4j.Level
 724:             8            192  org.apache.logging.log4j.core.appender.rolling.RolloverFrequency
 725:             3            192  org.apache.logging.log4j.core.layout.PatternLayout
 726:             8            192  org.apache.logging.log4j.core.lookup.PropertiesLookup
 727:             8            192  org.apache.logging.log4j.core.pattern.SimpleLiteralPatternConverter$StringValue
 728:             8            192  org.apache.logging.log4j.spi.StandardLevel
 729:             6            192  org.eclipse.jetty.http.UriCompliance$Violation
 730:             6            192  org.eclipse.jetty.http.pathmap.PathMappings
 731:             6            192  org.eclipse.jetty.security.ConstraintMapping
 732:             3            192  org.eclipse.jetty.server.session.NullSessionDataStore
 733:             3            192  org.eclipse.jetty.servlet.DefaultServlet
 734:             3            192  org.eclipse.jetty.servlet.ErrorPageErrorHandler
 735:             6            192  org.eclipse.jetty.util.security.Constraint
 736:             8            192  org.jolokia.util.RequestType
 737:             8            192  sun.nio.ch.NativeThreadSet (java.base@11.0.8)
 738:             1            176  [Lorg.eclipse.jetty.http.HttpMethod;
 739:             1            176  com.sun.org.apache.xerces.internal.impl.dtd.XMLNSDTDValidator (java.xml@11.0.8)
 740:            11            176  com.sun.org.apache.xerces.internal.impl.xs.util.XInt (java.xml@11.0.8)
 741:             2            176  org.apache.activemq.artemis.core.journal.impl.JournalFilesRepository
 742:             2            176  org.apache.activemq.artemis.protocol.amqp.broker.ProtonProtocolManager
 743:             1            176  org.apache.logging.log4j.core.config.properties.PropertiesConfiguration
 744:            11            176  org.apache.logging.log4j.core.util.datetime.FastDateParser$NumberStrategy
 745:             3            168  [Lorg.apache.activemq.artemis.utils.collections.LinkedListImpl;
 746:             2            168  [[Ljava.lang.String; (java.base@11.0.8)
 747:             1            168  [[Ljava.math.BigInteger; (java.base@11.0.8)
 748:             7            168  com.sun.org.apache.xerces.internal.util.FeatureState (java.xml@11.0.8)
 749:             7            168  com.sun.xml.bind.v2.model.impl.ClassInfoImpl$PropertyGroup
 750:             7            168  java.lang.Double (java.base@11.0.8)
 751:             7            168  java.lang.System$Logger$Level (java.base@11.0.8)
 752:             7            168  java.lang.ThreadLocal$SuppliedThreadLocal (java.base@11.0.8)
 753:             7            168  java.lang.invoke.VarForm (java.base@11.0.8)
 754:             7            168  java.time.DayOfWeek (java.base@11.0.8)
 755:             7            168  java.time.ZoneOffset (java.base@11.0.8)
 756:             3            168  javax.management.openmbean.OpenMBeanOperationInfoSupport (java.management@11.0.8)
 757:             7            168  org.apache.activemq.artemis.commons.shaded.johnzon.core.BufferStrategyFactory$CharBufferQueueProvider
 758:             7            168  org.apache.activemq.artemis.commons.shaded.json.JsonValue$ValueType
 759:             3            168  org.apache.activemq.artemis.core.management.impl.QueueControlImpl
 760:             3            168  org.apache.commons.beanutils.WeakFastHashMap
 761:             7            168  org.eclipse.jetty.http.UriCompliance
 762:             7            168  org.eclipse.jetty.http.pathmap.MatchedPath$2
 763:             3            168  org.eclipse.jetty.server.CachedContentFactory
 764:             3            168  org.eclipse.jetty.server.ResourceService
 765:             1            168  org.eclipse.jetty.server.ServerConnector
 766:             3            168  org.eclipse.jetty.util.MultiMap
 767:             7            168  org.eclipse.jetty.webapp.Origin
 768:             4            160  [F (java.base@11.0.8)
 769:             3            160  [Ljava.math.BigDecimal; (java.base@11.0.8)
 770:             3            160  [Ljava.util.logging.Level; (java.logging@11.0.8)
 771:             1            160  com.sun.org.apache.xerces.internal.impl.xs.SchemaGrammar (java.xml@11.0.8)
 772:             5            160  com.sun.xml.bind.v2.model.core.PropertyKind
 773:            10            160  com.sun.xml.bind.v2.runtime.reflect.Lister$CollectionLister
 774:             5            160  io.netty.channel.DefaultChannelId
 775:            10            160  io.netty.channel.group.DefaultChannelGroup$1
 776:            10            160  io.netty.channel.group.VoidChannelGroupFuture
 777:             5            160  io.netty.channel.kqueue.KQueueEventLoopGroup
 778:             4            160  java.io.FileOutputStream (java.base@11.0.8)
 779:             5            160  java.lang.invoke.VarHandle$AccessType (java.base@11.0.8)
 780:             4            160  java.text.DigitList (java.base@11.0.8)
 781:            10            160  java.util.Formatter$Flags (java.base@11.0.8)
 782:             5            160  java.util.Stack (java.base@11.0.8)
 783:             5            160  java.util.regex.Pattern$Curly (java.base@11.0.8)
 784:             5            160  javax.management.StandardEmitterMBean (java.management@11.0.8)
 785:             4            160  javax.xml.catalog.CatalogFeatures$Feature (java.xml@11.0.8)
 786:             4            160  jdk.xml.internal.JdkXmlFeatures$XmlFeature (java.xml@11.0.8)
 787:             5            160  org.apache.activemq.artemis.api.core.TransportConfiguration
 788:             5            160  org.apache.activemq.artemis.core.management.impl.AcceptorControlImpl
 789:             4            160  org.apache.activemq.artemis.core.postoffice.impl.AddressPartNode
 790:             5            160  org.apache.activemq.artemis.core.protocol.ProtocolHandler
 791:             2            160  org.apache.activemq.artemis.utils.ActiveMQThreadPoolExecutor
 792:            10            160  org.apache.activemq.artemis.utils.actors.HandlerBase$Counter
 793:             4            160  org.apache.commons.beanutils.converters.ByteConverter
 794:             4            160  org.apache.commons.beanutils.converters.DoubleConverter
 795:             4            160  org.apache.commons.beanutils.converters.FloatConverter
 796:             4            160  org.apache.commons.beanutils.converters.IntegerConverter
 797:             4            160  org.apache.commons.beanutils.converters.LongConverter
 798:             4            160  org.apache.commons.beanutils.converters.ShortConverter
 799:             4            160  org.apache.logging.log4j.core.config.Node
 800:             5            160  org.apache.logging.log4j.core.pattern.DatePatternConverter$CachedTime
 801:             4            160  org.eclipse.jetty.webapp.WebInfConfiguration
 802:             5            160  sun.util.locale.provider.LocaleProviderAdapter$Type (java.base@11.0.8)
 803:             1            144  [Ljava.lang.invoke.VarHandle$AccessMode; (java.base@11.0.8)
 804:             6            144  com.sun.org.apache.xerces.internal.util.Status (java.xml@11.0.8)
 805:             2            144  com.sun.xml.bind.v2.model.impl.RuntimeElementPropertyInfoImpl
 806:             6            144  io.netty.channel.WriteBufferWaterMark
 807:             3            144  io.netty.util.collection.LongObjectHashMap
 808:             6            144  java.lang.Thread$State (java.base@11.0.8)
 809:             3            144  java.lang.ThreadGroup (java.base@11.0.8)
 810:             6            144  java.lang.invoke.StringConcatFactory$Strategy (java.base@11.0.8)
 811:             6            144  java.net.InetSocketAddress$InetSocketAddressHolder (java.base@11.0.8)
 812:             3            144  java.time.temporal.JulianFields$Field (java.base@11.0.8)
 813:             9            144  java.util.Collections$UnmodifiableMap$UnmodifiableEntrySet (java.base@11.0.8)
 814:             6            144  java.util.Date (java.base@11.0.8)
 815:             9            144  java.util.Hashtable$EntrySet (java.base@11.0.8)
 816:             3            144  java.util.concurrent.ConcurrentSkipListMap (java.base@11.0.8)
 817:             3            144  javax.management.openmbean.TabularType (java.management@11.0.8)
 818:             6            144  javax.xml.datatype.DatatypeConstants$Field (java.xml@11.0.8)
 819:             6            144  jdk.internal.perf.PerfCounter (java.base@11.0.8)
 820:             6            144  org.apache.activemq.artemis.api.core.Pair
 821:             3            144  org.apache.activemq.artemis.core.paging.cursor.impl.PageSubscriptionImpl$CursorIterator
 822:             3            144  org.apache.activemq.artemis.core.postoffice.QueueInfo
 823:             3            144  org.apache.activemq.artemis.core.postoffice.impl.BindingsImpl
 824:             2            144  org.apache.activemq.artemis.core.protocol.mqtt.MQTTProtocolManager
 825:             3            144  org.apache.activemq.artemis.core.protocol.stomp.StompProtocolManager
 826:             6            144  org.apache.activemq.artemis.core.transaction.Transaction$State
 827:             6            144  org.apache.commons.beanutils.BeanIntrospectionData
 828:             3            144  org.apache.commons.beanutils.converters.DateConverter
 829:             6            144  org.apache.logging.log4j.core.LifeCycle$State
 830:             9            144  org.apache.logging.log4j.core.impl.ThreadContextDataInjector$ForDefaultThreadContextMap
 831:             9            144  org.apache.logging.log4j.core.lookup.JmxRuntimeInputArgumentsLookup
 832:             9            144  org.apache.logging.log4j.core.lookup.MapLookup
 833:             6            144  org.eclipse.jetty.http.pathmap.PathSpecGroup
 834:             6            144  org.eclipse.jetty.io.ManagedSelector$SelectorProducer
 835:             6            144  org.eclipse.jetty.security.RoleInfo
 836:             6            144  org.eclipse.jetty.util.statistic.CounterStatistic
 837:             3            144  org.eclipse.jetty.webapp.DefaultsDescriptor
 838:             3            144  org.eclipse.jetty.webapp.WebDescriptor
 839:             9            144  sun.util.logging.internal.LoggingProviderImpl$JULWrapper (java.logging@11.0.8)
 840:             1            136  [Lcom.sun.org.apache.xerces.internal.impl.dv.xs.TypeValidator; (java.xml@11.0.8)
 841:             4            136  [Ljava.lang.CharSequence; (java.base@11.0.8)
 842:             1            136  [Ljava.time.temporal.ChronoField; (java.base@11.0.8)
 843:             4            136  [Lsun.invoke.util.ValueConversions$WrapperCache; (java.base@11.0.8)
 844:             1            136  org.apache.activemq.artemis.core.persistence.impl.journal.JournalStorageManager
 845:             1            136  org.apache.activemq.artemis.core.protocol.openwire.OpenWireProtocolManager
 846:             1            136  org.apache.logging.log4j.core.config.NullConfiguration
 847:             2            128  [Lcom.sun.beans.util.Cache$CacheEntry; (java.desktop@11.0.8)
 848:             2            128  [Ljava.time.Month; (java.base@11.0.8)
 849:             1            128  [Lorg.apache.activemq.artemis.api.core.management.CoreNotificationType;
 850:             8            128  [Lorg.apache.logging.log4j.core.config.AppenderRef;
 851:             3            128  [Lorg.apache.logging.log4j.core.pattern.PatternFormatter;
 852:             8            128  com.google.common.cache.LocalCache$AccessQueue
 853:             8            128  com.google.common.cache.LocalCache$WriteQueue
 854:             4            128  com.sun.jmx.mbeanserver.DefaultMXBeanMappingFactory$ArrayMapping (java.management@11.0.8)
 855:             2            128  com.sun.org.apache.xerces.internal.impl.XMLEntityScanner (java.xml@11.0.8)
 856:             2            128  com.sun.org.apache.xerces.internal.impl.xpath.regex.RegularExpression (java.xml@11.0.8)
 857:             4            128  com.sun.org.apache.xerces.internal.util.XMLResourceIdentifierImpl (java.xml@11.0.8)
 858:             8            128  io.netty.channel.$Proxy36
 859:             2            128  java.io.ExpiringCache$1 (java.base@11.0.8)
 860:             2            128  java.lang.invoke.BoundMethodHandle$Species_LLLLLIIL (java.base@11.0.8)
 861:             8            128  java.util.IdentityHashMap$KeySet (java.base@11.0.8)
 862:             4            128  java.util.concurrent.Semaphore$NonfairSync (java.base@11.0.8)
 863:             4            128  java.util.concurrent.SynchronousQueue (java.base@11.0.8)
 864:             8            128  java.util.concurrent.atomic.AtomicReferenceArray (java.base@11.0.8)
 865:             8            128  org.apache.activemq.artemis.utils.collections.ConcurrentLongHashMap
 866:             4            128  org.apache.commons.beanutils.converters.BooleanConverter
 867:             2            128  org.apache.logging.log4j.core.appender.RollingFileAppender
 868:             2            128  org.apache.logging.log4j.core.appender.rolling.PatternProcessor
 869:             8            128  org.apache.logging.log4j.core.lookup.ContextMapLookup
 870:             8            128  org.apache.logging.log4j.core.lookup.DateLookup
 871:             8            128  org.apache.logging.log4j.core.lookup.EnvironmentLookup
 872:             8            128  org.apache.logging.log4j.core.lookup.EventLookup
 873:             8            128  org.apache.logging.log4j.core.lookup.JavaLookup
 874:             8            128  org.apache.logging.log4j.core.lookup.Log4jLookup
 875:             8            128  org.apache.logging.log4j.core.lookup.LowerLookup
 876:             8            128  org.apache.logging.log4j.core.lookup.MainMapLookup
 877:             8            128  org.apache.logging.log4j.core.lookup.MarkerLookup
 878:             8            128  org.apache.logging.log4j.core.lookup.ResourceBundleLookup
 879:             8            128  org.apache.logging.log4j.core.lookup.StructuredDataLookup
 880:             8            128  org.apache.logging.log4j.core.lookup.UpperLookup
 881:             2            128  org.apache.logging.log4j.core.util.CronExpression
 882:             4            128  org.apache.logging.log4j.core.util.Log4jThreadFactory
 883:             4            128  org.eclipse.jetty.http.HttpScheme
 884:             8            128  org.eclipse.jetty.servlet.ServletHolder$NotAsync
 885:             4            128  org.eclipse.jetty.webapp.FragmentConfiguration
 886:             4            128  org.eclipse.jetty.webapp.JettyWebXmlConfiguration
 887:             4            128  org.eclipse.jetty.webapp.MetaInfConfiguration
 888:             4            128  org.eclipse.jetty.webapp.WebAppConfiguration
 889:             4            128  org.eclipse.jetty.webapp.WebXmlConfiguration
 890:             8            128  sun.nio.ch.FileDispatcherImpl (java.base@11.0.8)
 891:             4            128  sun.security.util.LazyCodeSourcePermissionCollection (java.base@11.0.8)
 892:             3            120  [Ljava.lang.invoke.LambdaForm$BasicType; (java.base@11.0.8)
 893:             5            120  com.sun.org.apache.xerces.internal.impl.xs.traversers.LargeContainer (java.xml@11.0.8)
 894:             1            120  com.sun.org.apache.xerces.internal.jaxp.SAXParserImpl$JAXPSAXParser (java.xml@11.0.8)
 895:             5            120  com.sun.org.apache.xerces.internal.util.PropertyState (java.xml@11.0.8)
 896:             3            120  com.sun.org.apache.xerces.internal.utils.XMLSecurityManager (java.xml@11.0.8)
 897:             5            120  com.sun.org.apache.xerces.internal.utils.XMLSecurityManager$State (java.xml@11.0.8)
 898:             5            120  com.sun.org.apache.xerces.internal.utils.XMLSecurityPropertyManager$State (java.xml@11.0.8)
 899:             5            120  io.airlift.airline.Context
 900:             5            120  io.netty.bootstrap.ServerBootstrap$ServerBootstrapAcceptor$1
 901:             5            120  io.netty.channel.ServerChannelRecvByteBufAllocator
 902:             5            120  io.netty.channel.SucceededChannelFuture
 903:             5            120  io.netty.channel.kqueue.BsdSocket
 904:             5            120  io.netty.util.concurrent.DefaultEventExecutorChooserFactory$GenericEventExecutorChooser
 905:             5            120  io.netty.util.internal.ThreadExecutorMap$2
 906:             3            120  java.io.FileInputStream (java.base@11.0.8)
 907:             5            120  java.lang.ClassValue$Version (java.base@11.0.8)
 908:             3            120  java.lang.WeakPairMap$Pair$Weak (java.base@11.0.8)
 909:             3            120  java.lang.invoke.BoundMethodHandle$Species_LLL (java.base@11.0.8)
 910:             5            120  java.net.InterfaceAddress (java.base@11.0.8)
 911:             5            120  java.time.format.SignStyle (java.base@11.0.8)
 912:             3            120  java.util.PropertyResourceBundle (java.base@11.0.8)
 913:             5            120  java.util.stream.StreamOpFlag$Type (java.base@11.0.8)
 914:             5            120  javax.servlet.DispatcherType
 915:             5            120  javax.servlet.http.MappingMatch
 916:             5            120  javax.xml.catalog.CatalogFeatures$State (java.xml@11.0.8)
 917:             1            120  jdk.internal.loader.ClassLoaders$AppClassLoader (java.base@11.0.8)
 918:             5            120  jdk.internal.math.FloatingDecimal$PreparedASCIIToBinaryBuffer (java.base@11.0.8)
 919:             5            120  jdk.net.ExtendedSocketOptions$ExtSocketOption (jdk.net@11.0.8)
 920:             5            120  jdk.xml.internal.JdkXmlFeatures$State (java.xml@11.0.8)
 921:             5            120  org.apache.activemq.artemis.core.journal.Journal$JournalState
 922:             5            120  org.apache.activemq.artemis.core.remoting.impl.netty.NettyAcceptor$4
 923:             3            120  org.apache.activemq.artemis.core.server.management.JMXAccessControlList$Access
 924:             5            120  org.apache.logging.log4j.core.config.AppenderRef
 925:             3            120  org.apache.logging.log4j.core.config.ConfigurationSource
 926:             3            120  org.apache.logging.log4j.core.pattern.DatePatternConverter$FixedFormatter
 927:             3            120  org.apache.logging.log4j.core.pattern.ExtendedThrowablePatternConverter
 928:             5            120  org.apache.logging.log4j.core.pattern.PatternParser$ParserState
 929:             5            120  org.eclipse.jetty.http.HttpCompliance
 930:             3            120  org.eclipse.jetty.http.MetaData$Response
 931:             1            120  org.eclipse.jetty.server.HttpConfiguration
 932:             3            120  org.eclipse.jetty.server.SymlinkAllowedResourceAliasChecker
 933:             5            120  org.eclipse.jetty.server.handler.ContextHandler$Availability
 934:             5            120  org.eclipse.jetty.util.component.AbstractLifeCycle$State
 935:             1            120  org.eclipse.jetty.util.thread.QueuedThreadPool
 936:             3            120  org.eclipse.jetty.webapp.StandardDescriptorProcessor
 937:             3            120  org.eclipse.jetty.webapp.WebAppContext$Context
 938:             2            112  [Ljava.nio.file.attribute.PosixFilePermission; (java.base@11.0.8)
 939:             1            112  [Ljava.time.LocalTime; (java.base@11.0.8)
 940:             2            112  [Lorg.apache.activemq.artemis.commons.shaded.json.stream.JsonParser$Event;
 941:             5            112  [Lorg.apache.logging.log4j.core.config.AppenderControl;
 942:             2            112  com.sun.xml.bind.v2.runtime.unmarshaller.UnmarshallingContext$State
 943:             7            112  java.lang.Float (java.base@11.0.8)
 944:             2            112  java.nio.DirectIntBufferRU (java.base@11.0.8)
 945:             7            112  java.util.TreeMap$EntrySet (java.base@11.0.8)
 946:             7            112  java.util.TreeMap$Values (java.base@11.0.8)
 947:             7            112  jdk.internal.loader.ClassLoaderValue (java.base@11.0.8)
 948:             1            112  jdk.internal.loader.ClassLoaders$BootClassLoader (java.base@11.0.8)
 949:             1            112  jdk.internal.loader.ClassLoaders$PlatformClassLoader (java.base@11.0.8)
 950:             2            112  org.apache.activemq.artemis.core.settings.impl.HierarchicalObjectRepository
 951:             2            112  org.apache.activemq.artemis.utils.ActiveMQThreadPoolExecutor$ThreadPoolQueue
 952:             4            104  [Ljava.net.InetAddress; (java.base@11.0.8)
 953:             5            104  [Ljava.nio.file.LinkOption; (java.base@11.0.8)
 954:             1            104  [Lorg.apache.logging.log4j.core.util.datetime.FixedDateFormat$FixedFormat;
 955:             1            104  com.sun.xml.bind.v2.runtime.JAXBContextImpl
 956:             1            104  com.sun.xml.bind.v2.runtime.unmarshaller.UnmarshallingContext
 957:             1            104  java.net.URLClassLoader (java.base@11.0.8)
 958:             1            104  org.apache.activemq.artemis.core.paging.cursor.PagedReferenceImpl
 959:             1            104  org.apache.activemq.artemis.core.server.impl.FileLockNodeManager
 960:             1            104  sun.security.jca.ProviderList$1 (java.base@11.0.8)
 961:             1            104  sun.security.provider.Sun (java.base@11.0.8)
 962:             2             96  [Lcom.google.common.cache.LocalCache$EntryFactory;
 963:             1             96  [Lcom.sun.org.apache.xerces.internal.impl.xpath.regex.RegularExpression; (java.xml@11.0.8)
 964:             4             96  [Lcom.sun.org.apache.xerces.internal.impl.xs.XSGroupDecl; (java.xml@11.0.8)
 965:             5             96  [Ljava.lang.StackTraceElement; (java.base@11.0.8)
 966:             2             96  [Ljava.time.DayOfWeek; (java.base@11.0.8)
 967:             4             96  [Lorg.apache.logging.log4j.Marker;
 968:             3             96  [Lorg.apache.logging.log4j.core.util.datetime.FastDatePrinter$Rule;
 969:             2             96  [Lorg.apache.logging.log4j.spi.StandardLevel;
 970:             2             96  [Lorg.eclipse.jetty.http.HttpCompliance$Violation;
 971:             1             96  [Lorg.eclipse.jetty.http.MimeTypes$Type;
 972:             3             96  [Lsun.nio.fs.NativeBuffer; (java.base@11.0.8)
 973:             1             96  [[J (java.base@11.0.8)
 974:             4             96  com.google.common.base.AbstractIterator$State
 975:             4             96  com.sun.jmx.interceptor.DefaultMBeanServerInterceptor$ListenerWrapper (java.management@11.0.8)
 976:             3             96  com.sun.jmx.mbeanserver.DefaultMXBeanMappingFactory$EnumMapping (java.management@11.0.8)
 977:             2             96  com.sun.jmx.mbeanserver.MBeanIntrospector$MBeanInfoMap (java.management@11.0.8)
 978:             2             96  com.sun.jmx.mbeanserver.MBeanIntrospector$PerInterfaceMap (java.management@11.0.8)
 979:             2             96  com.sun.management.internal.GarbageCollectorExtImpl (jdk.management@11.0.8)
 980:             1             96  com.sun.org.apache.xerces.internal.impl.dtd.XMLDTDProcessor (java.xml@11.0.8)
 981:             4             96  com.sun.org.apache.xerces.internal.impl.xpath.regex.Token$ParenToken (java.xml@11.0.8)
 982:             4             96  com.sun.org.apache.xerces.internal.impl.xpath.regex.Token$UnionToken (java.xml@11.0.8)
 983:             3             96  com.sun.org.apache.xerces.internal.utils.XMLSecurityManager$NameMap (java.xml@11.0.8)
 984:             2             96  com.sun.xml.bind.v2.runtime.property.SingleElementLeafProperty
 985:             4             96  io.netty.util.ResourceLeakDetector$Level
 986:             4             96  java.lang.NamedPackage (java.base@11.0.8)
 987:             3             96  java.lang.Runtime$Version (java.base@11.0.8)
 988:             4             96  java.lang.StringBuilder (java.base@11.0.8)
 989:             3             96  java.lang.WeakPairMap$Pair$Weak$1 (java.base@11.0.8)
 990:             3             96  java.lang.invoke.SimpleMethodHandle (java.base@11.0.8)
 991:             4             96  java.lang.module.ModuleDescriptor$Modifier (java.base@11.0.8)
 992:             4             96  java.lang.module.ModuleDescriptor$Opens (java.base@11.0.8)
 993:             4             96  java.lang.module.ModuleDescriptor$Requires$Modifier (java.base@11.0.8)
 994:             4             96  java.math.MathContext (java.base@11.0.8)
 995:             6             96  java.net.InetSocketAddress (java.base@11.0.8)
 996:             2             96  java.net.NetworkInterface (java.base@11.0.8)
 997:             1             96  java.net.SocksSocketImpl (java.base@11.0.8)
 998:             6             96  java.nio.channels.spi.AbstractInterruptibleChannel$1 (java.base@11.0.8)
 999:             6             96  java.nio.channels.spi.AbstractSelector$1 (java.base@11.0.8)
1000:             3             96  java.nio.file.attribute.FileTime (java.base@11.0.8)
1001:             4             96  java.time.format.DateTimeFormatterBuilder$OffsetIdPrinterParser (java.base@11.0.8)
1002:             4             96  java.time.format.DateTimeFormatterBuilder$SettingsParser (java.base@11.0.8)
1003:             2             96  java.time.zone.ZoneOffsetTransitionRule (java.base@11.0.8)
1004:             3             96  java.util.Collections$SynchronizedMap (java.base@11.0.8)
1005:             6             96  java.util.Comparator$$Lambda$149/0x00000008002c0c40 (java.base@11.0.8)
1006:             2             96  java.util.concurrent.locks.ReentrantReadWriteLock$FairSync (java.base@11.0.8)
1007:             6             96  java.util.regex.Pattern$CharPredicate$$Lambda$27/0x0000000800126040 (java.base@11.0.8)
1008:             4             96  java.util.regex.Pattern$Qtype (java.base@11.0.8)
1009:             3             96  java.util.stream.Collectors$CollectorImpl (java.base@11.0.8)
1010:             4             96  java.util.stream.StreamShape (java.base@11.0.8)
1011:             4             96  javax.management.NotificationBroadcasterSupport$ListenerInfo (java.management@11.0.8)
1012:             4             96  javax.xml.bind.annotation.XmlAccessType
1013:             1             96  jdk.internal.jimage.ImageReader$SharedImageReader (java.base@11.0.8)
1014:             4             96  jdk.internal.loader.URLClassPath$FileLoader (java.base@11.0.8)
1015:             4             96  jdk.internal.logger.BootstrapLogger$LoggingBackend (java.base@11.0.8)
1016:             1             96  org.apache.activemq.artemis.cli.commands.Run
1017:             3             96  org.apache.activemq.artemis.core.config.WildcardConfiguration
1018:             3             96  org.apache.activemq.artemis.core.paging.cursor.impl.PageCursorProviderImpl
1019:             1             96  org.apache.activemq.artemis.core.paging.impl.PagingManagerImpl
1020:             3             96  org.apache.activemq.artemis.core.postoffice.impl.AddressImpl
1021:             3             96  org.apache.activemq.artemis.core.postoffice.impl.LocalQueueBinding
1022:             2             96  org.apache.activemq.artemis.core.protocol.hornetq.HornetQProtocolManager
1023:             1             96  org.apache.activemq.artemis.core.remoting.server.impl.RemotingServiceImpl
1024:             4             96  org.apache.activemq.artemis.core.server.ActiveMQServer$SERVER_STATE
1025:             4             96  org.apache.activemq.artemis.core.server.ComponentConfigurationRoutingType
1026:             4             96  org.apache.activemq.artemis.core.server.cluster.ClusterManager$State
1027:             4             96  org.apache.activemq.artemis.core.server.cluster.impl.MessageLoadBalancingType
1028:             4             96  org.apache.activemq.artemis.core.server.federation.FederationManager$State
1029:             3             96  org.apache.activemq.artemis.core.server.impl.QueueManagerImpl
1030:             3             96  org.apache.activemq.artemis.core.server.impl.ScheduledDeliveryHandlerImpl
1031:             4             96  org.apache.activemq.artemis.core.settings.impl.AddressFullMessagePolicy
1032:             4             96  org.apache.activemq.artemis.core.settings.impl.SlowConsumerThresholdMeasurementUnit
1033:             3             96  org.apache.activemq.artemis.utils.collections.PriorityLinkedListImpl
1034:             4             96  org.apache.commons.beanutils.converters.CharacterConverter
1035:             2             96  org.apache.commons.beanutils.converters.SqlDateConverter
1036:             2             96  org.apache.commons.beanutils.converters.SqlTimeConverter
1037:             2             96  org.apache.commons.beanutils.converters.SqlTimestampConverter
1038:             3             96  org.apache.logging.log4j.core.appender.DefaultErrorHandler
1039:             2             96  org.apache.logging.log4j.core.appender.rolling.RollingFileManager$EmptyQueue
1040:             3             96  org.apache.logging.log4j.core.layout.StringBuilderEncoder
1041:             2             96  org.apache.logging.log4j.core.lookup.RuntimeStrSubstitutor
1042:             3             96  org.apache.logging.log4j.core.util.datetime.FixedDateFormat$FixedTimeZoneFormat
1043:             6             96  org.eclipse.jetty.io.ManagedSelector$$Lambda$382/0x000000080055e440
1044:             3             96  org.eclipse.jetty.server.session.SessionContext
1045:             4             96  org.eclipse.jetty.servlet.Source$Origin
1046:             4             96  org.eclipse.jetty.util.Pool$StrategyType
1047:             4             96  org.eclipse.jetty.util.component.ContainerLifeCycle$Managed
1048:             6             96  org.eclipse.jetty.util.thread.strategy.AdaptiveExecutionStrategy$$Lambda$381/0x000000080055ec40
1049:             4             96  org.eclipse.jetty.util.thread.strategy.AdaptiveExecutionStrategy$SubStrategy
1050:             4             96  org.jolokia.backend.MBeanServerHandler$MBeanHandle
1051:             3             96  sun.nio.ch.FileKey (java.base@11.0.8)
1052:             1             96  sun.nio.ch.ServerSocketChannelImpl (java.base@11.0.8)
1053:             6             96  sun.nio.ch.Util$2 (java.base@11.0.8)
1054:             2             96  sun.nio.cs.StreamEncoder (java.base@11.0.8)
1055:             2             96  sun.nio.cs.UTF_8$Encoder (java.base@11.0.8)
1056:             3             96  sun.nio.fs.NativeBuffer (java.base@11.0.8)
1057:             3             96  sun.util.locale.provider.LocaleResources (java.base@11.0.8)
1058:             3             88  [Lcom.sun.org.apache.xerces.internal.utils.XMLSecurityPropertyManager$State; (java.xml@11.0.8)
1059:             4             88  [Lorg.apache.activemq.artemis.core.postoffice.Binding;
1060:             2             88  [Lsun.security.jca.ProviderConfig; (java.base@11.0.8)
1061:             1             88  java.lang.invoke.BoundMethodHandle$Species_LLLLLLLLLLLLII (java.base@11.0.8)
1062:             1             88  org.apache.activemq.artemis.core.postoffice.impl.PostOfficeImpl
1063:             1             88  org.apache.activemq.artemis.core.server.NetworkHealthCheck
1064:             1             88  org.apache.activemq.artemis.core.server.management.impl.ManagementServiceImpl
1065:             1             88  org.apache.activemq.artemis.dto.WebServerDTO
1066:             1             88  org.eclipse.jetty.server.Server
1067:             2             80  [Lcom.sun.org.apache.xerces.internal.util.XMLAttributesImpl$Attribute; (java.xml@11.0.8)
1068:             2             80  [Lcom.sun.xml.bind.v2.model.impl.ClassInfoImpl$SecondaryAnnotation;
1069:             1             80  [Lcom.sun.xml.bind.v2.runtime.unmarshaller.Scope;
1070:             2             80  [Lio.netty.util.internal.PriorityQueueNode;
1071:             1             80  [Ljava.time.temporal.ChronoUnit; (java.base@11.0.8)
1072:             2             80  [Ljava.util.stream.StreamOpFlag$Type; (java.base@11.0.8)
1073:             2             80  [Ljavax.servlet.DispatcherType;
1074:             2             80  [Lorg.eclipse.jetty.http.UriCompliance$Violation;
1075:             2             80  com.sun.jmx.mbeanserver.DefaultMXBeanMappingFactory$TabularMapping (java.management@11.0.8)
1076:             2             80  com.sun.org.apache.xerces.internal.impl.XMLErrorReporter (java.xml@11.0.8)
1077:             2             80  com.sun.org.apache.xerces.internal.impl.dtd.XMLEntityDecl (java.xml@11.0.8)
1078:             2             80  com.sun.org.apache.xerces.internal.impl.dtd.XMLSimpleType (java.xml@11.0.8)
1079:             2             80  com.sun.org.apache.xerces.internal.util.SymbolTable (java.xml@11.0.8)
1080:             5             80  com.sun.proxy.$Proxy0
1081:             5             80  com.sun.proxy.$Proxy19
1082:             5             80  com.sun.proxy.$Proxy21
1083:             5             80  com.sun.proxy.$Proxy22
1084:             5             80  com.sun.proxy.$Proxy24
1085:             5             80  com.sun.proxy.$Proxy28
1086:             2             80  com.sun.xml.bind.v2.model.impl.RuntimeTypeRefImpl
1087:             2             80  com.sun.xml.internal.stream.XMLEntityStorage (java.xml@11.0.8)
1088:             5             80  io.netty.bootstrap.ServerBootstrapConfig
1089:             5             80  io.netty.channel.ReflectiveChannelFactory
1090:             5             80  io.netty.channel.VoidChannelPromise$1
1091:             5             80  io.netty.channel.kqueue.AbstractKQueueChannel$AbstractKQueueUnsafe$1
1092:             5             80  io.netty.util.concurrent.MultithreadEventExecutorGroup$1
1093:             5             80  io.netty.util.concurrent.SingleThreadEventExecutor$4
1094:             5             80  io.netty.util.concurrent.ThreadPerTaskExecutor
1095:             2             80  java.io.BufferedInputStream (java.base@11.0.8)
1096:             2             80  java.io.BufferedWriter (java.base@11.0.8)
1097:             2             80  java.io.ExpiringCache (java.base@11.0.8)
1098:             2             80  java.io.PrintStream (java.base@11.0.8)
1099:             5             80  java.lang.ClassValue$Identity (java.base@11.0.8)
1100:             2             80  java.lang.ModuleLayer (java.base@11.0.8)
1101:             2             80  java.lang.VirtualMachineError (java.base@11.0.8)
1102:             1             80  java.lang.invoke.BoundMethodHandle$Species_LLLLLLLLLLIIL (java.base@11.0.8)
1103:             2             80  java.lang.module.Configuration (java.base@11.0.8)
1104:             2             80  java.net.InetAddress$CachedAddresses (java.base@11.0.8)
1105:             2             80  java.util.Locale$Category (java.base@11.0.8)
1106:             2             80  java.util.concurrent.LinkedBlockingDeque (java.base@11.0.8)
1107:             2             80  jdk.internal.math.FloatingDecimal$BinaryToASCIIBuffer (java.base@11.0.8)
1108:             2             80  org.apache.activemq.artemis.commons.shaded.johnzon.core.JsonParserFactoryImpl
1109:             1             80  org.apache.activemq.artemis.core.io.buffer.TimedBuffer
1110:             5             80  org.apache.activemq.artemis.core.remoting.impl.netty.NettyAcceptorFactory
1111:             5             80  org.apache.activemq.artemis.core.remoting.server.impl.RemotingServiceImpl$DelegatingBufferHandler
1112:             1             80  org.apache.activemq.artemis.core.server.cluster.ClusterManager
1113:             1             80  org.apache.activemq.artemis.core.server.files.FileStoreMonitor
1114:             2             80  org.apache.activemq.artemis.core.server.reload.ReloadManagerImpl$ReloadRegistry
1115:             2             80  org.apache.commons.beanutils.converters.BigDecimalConverter
1116:             2             80  org.apache.commons.beanutils.converters.BigIntegerConverter
1117:             2             80  org.apache.logging.log4j.core.appender.rolling.CronTriggeringPolicy
1118:             2             80  org.apache.logging.log4j.core.appender.rolling.DefaultRolloverStrategy
1119:             5             80  org.apache.logging.log4j.core.lookup.StrMatcher$CharMatcher
1120:             2             80  org.apache.logging.log4j.core.util.WatchManager
1121:             2             80  org.apache.logging.log4j.core.util.datetime.FastDateParser
1122:             5             80  org.apache.logging.log4j.core.util.datetime.FastDateParser$CopyQuotedStrategy
1123:             5             80  org.apache.logging.log4j.core.util.datetime.FastDatePrinter$CharacterLiteral
1124:             1             80  org.eclipse.jetty.server.ServerConnector$ServerConnectorManager
1125:             2             80  org.eclipse.jetty.server.ServletPathMapping
1126:             5             80  org.eclipse.jetty.util.thread.ScheduledExecutorScheduler$$Lambda$343/0x0000000800509440
1127:             2             80  sun.management.MemoryManagerImpl (java.management@11.0.8)
1128:             2             80  sun.nio.ch.FileLockImpl (java.base@11.0.8)
1129:             5             80  sun.reflect.generics.tree.TypeVariableSignature (java.base@11.0.8)
1130:             1             80  sun.util.cldr.CLDRLocaleProviderAdapter (java.base@11.0.8)
1131:             1             80  sun.util.locale.provider.JRELocaleProviderAdapter (java.base@11.0.8)
1132:             1             80  sun.util.locale.provider.LocaleProviderAdapter$NonExistentAdapter (java.base@11.0.8)
1133:             1             72  [Ljavax.management.openmbean.SimpleType; (java.management@11.0.8)
1134:             3             72  [Lorg.apache.activemq.artemis.api.core.SimpleString;
1135:             1             72  [Lorg.apache.activemq.artemis.core.version.Version;
1136:             3             72  com.sun.xml.bind.v2.model.core.ID
1137:             3             72  io.airlift.airline.OptionType
1138:             3             72  io.netty.handler.codec.socksx.SocksVersion
1139:             3             72  java.lang.StackStreamFactory$WalkerState (java.base@11.0.8)
1140:             3             72  java.lang.StackWalker$Option (java.base@11.0.8)
1141:             3             72  java.lang.WeakPairMap (java.base@11.0.8)
1142:             3             72  java.lang.annotation.RetentionPolicy (java.base@11.0.8)
1143:             1             72  java.lang.invoke.BoundMethodHandle$Species_LLLLLLLLIIL (java.base@11.0.8)
1144:             3             72  java.lang.invoke.MethodHandleImpl$ArrayAccess (java.base@11.0.8)
1145:             3             72  java.lang.invoke.MethodHandles$Lookup (java.base@11.0.8)
1146:             3             72  java.lang.invoke.StringConcatFactory$Mode (java.base@11.0.8)
1147:             3             72  java.nio.file.StandardCopyOption (java.base@11.0.8)
1148:             3             72  java.security.SecurityPermission (java.base@11.0.8)
1149:             3             72  java.time.Instant (java.base@11.0.8)
1150:             3             72  java.time.format.ResolverStyle (java.base@11.0.8)
1151:             3             72  java.time.zone.ZoneOffsetTransitionRule$TimeDefinition (java.base@11.0.8)
1152:             3             72  java.util.concurrent.ConcurrentLinkedDeque$Node (java.base@11.0.8)
1153:             3             72  java.util.stream.Collector$Characteristics (java.base@11.0.8)
1154:             3             72  javax.management.NotificationBroadcasterSupport (java.management@11.0.8)
1155:             3             72  javax.servlet.SessionTrackingMode
1156:             3             72  javax.xml.bind.annotation.XmlNsForm
1157:             3             72  jdk.internal.math.FloatingDecimal$ExceptionalBinaryToASCIIBuffer (java.base@11.0.8)
1158:             3             72  jdk.internal.misc.Signal (java.base@11.0.8)
1159:             3             72  jdk.internal.module.IllegalAccessLogger$Mode (java.base@11.0.8)
1160:             3             72  org.apache.activemq.artemis.core.io.util.ThreadLocalByteBufferPool
1161:             3             72  org.apache.activemq.artemis.core.messagecounter.MessageCounter$DayCounter
1162:             3             72  org.apache.activemq.artemis.core.paging.cursor.PageIterator$NextResult
1163:             3             72  org.apache.activemq.artemis.core.paging.impl.PageCache
1164:             3             72  org.apache.activemq.artemis.core.postoffice.BindingType
1165:             3             72  org.apache.activemq.artemis.core.postoffice.impl.CopyOnWriteBindings$BindingsAndPosition
1166:             3             72  org.apache.activemq.artemis.core.postoffice.impl.PostOfficeImpl$DuplicateCheckResult
1167:             3             72  org.apache.activemq.artemis.core.server.JournalType
1168:             3             72  org.apache.activemq.artemis.core.server.impl.QueueConsumersImpl
1169:             3             72  org.apache.activemq.artemis.core.server.impl.QueueImpl$AddressSettingsRepositoryListener
1170:             3             72  org.apache.activemq.artemis.core.settings.impl.Match
1171:             3             72  org.apache.activemq.artemis.dto.AppDTO
1172:             3             72  org.apache.activemq.artemis.json.impl.JsonObjectImpl
1173:             3             72  org.apache.activemq.artemis.json.impl.JsonValueImpl
1174:             3             72  org.apache.activemq.artemis.utils.actors.OrderedExecutorFactory
1175:             3             72  org.apache.activemq.artemis.utils.collections.MultiResettableIterator
1176:             3             72  org.apache.activemq.artemis.utils.collections.PriorityCollection
1177:             3             72  org.apache.activemq.artemis.utils.collections.RepeatableIteratorWrapper
1178:             3             72  org.apache.activemq.artemis.utils.collections.UpdatableIterator
1179:             3             72  org.apache.activemq.artemis.utils.critical.CriticalAnalyzerPolicy
1180:             1             72  org.apache.activemq.openwire.OpenWireFormatFactory
1181:             3             72  org.apache.logging.log4j.core.pattern.FormattingInfo
1182:             3             72  org.eclipse.jetty.http.HttpMethod$Type
1183:             3             72  org.eclipse.jetty.security.UserDataConstraint
1184:             3             72  org.eclipse.jetty.server.handler.ContextHandler$ContextStatus
1185:             1             72  org.eclipse.jetty.server.session.DefaultSessionIdManager
1186:             3             72  org.eclipse.jetty.servlet.NoJspServlet
1187:             3             72  org.eclipse.jetty.util.component.DumpableCollection
1188:             3             72  org.eclipse.jetty.util.thread.Invocable$InvocationType
1189:             3             72  org.eclipse.jetty.util.thread.ThreadPoolBudget$Leased
1190:             3             72  org.eclipse.jetty.util.thread.strategy.AdaptiveExecutionStrategy$State
1191:             3             72  org.eclipse.jetty.webapp.Configurations
1192:             3             72  org.eclipse.jetty.webapp.MetaData$Complete
1193:             3             72  sun.nio.ch.FileLockTable (java.base@11.0.8)
1194:             3             72  sun.nio.fs.NativeBuffer$Deallocator (java.base@11.0.8)
1195:             3             72  sun.security.provider.NativePRNG$Variant (java.base@11.0.8)
1196:             2             64  [Lcom.google.common.cache.LocalCache$Segment;
1197:             2             64  [Lio.airlift.airline.OptionType;
1198:             2             64  [Ljava.lang.StackWalker$Option; (java.base@11.0.8)
1199:             4             64  [Ljava.lang.annotation.Annotation; (java.base@11.0.8)
1200:             2             64  [Ljava.lang.annotation.RetentionPolicy; (java.base@11.0.8)
1201:             1             64  [Ljava.lang.invoke.MethodHandleImpl$Intrinsic; (java.base@11.0.8)
1202:             2             64  [Ljava.nio.charset.CoderResult; (java.base@11.0.8)
1203:             2             64  [Ljava.util.stream.Collector$Characteristics; (java.base@11.0.8)
1204:             2             64  [Ljavax.servlet.SessionTrackingMode;
1205:             2             64  [Ljavax.xml.bind.annotation.XmlAccessType;
1206:             2             64  [Ljavax.xml.bind.annotation.XmlNsForm;
1207:             2             64  [Lorg.apache.activemq.artemis.core.server.JournalType;
1208:             2             64  [Lorg.apache.activemq.artemis.core.settings.impl.AddressFullMessagePolicy;
1209:             2             64  [Lorg.apache.activemq.artemis.utils.critical.CriticalAnalyzerPolicy;
1210:             4             64  [Lorg.apache.logging.log4j.core.config.Property;
1211:             3             64  [Lorg.apache.logging.log4j.core.pattern.FormattingInfo;
1212:             1             64  [Lorg.eclipse.jetty.http.HttpHeaderValue;
1213:             1             64  com.google.common.cache.CacheStats
1214:             1             64  com.sun.org.apache.xerces.internal.impl.xs.SchemaGrammar$XSAnyType (java.xml@11.0.8)
1215:             2             64  com.sun.org.apache.xerces.internal.impl.xs.XSWildcardDecl (java.xml@11.0.8)
1216:             2             64  com.sun.org.apache.xerces.internal.utils.XMLSecurityPropertyManager$Property (java.xml@11.0.8)
1217:             4             64  com.sun.proxy.$Proxy13
1218:             4             64  com.sun.proxy.$Proxy17
1219:             4             64  com.sun.proxy.$Proxy23
1220:             4             64  com.sun.proxy.$Proxy27
1221:             2             64  com.sun.xml.bind.v2.runtime.unmarshaller.LeafPropertyXsiLoader
1222:             2             64  io.netty.buffer.EmptyByteBuf
1223:             1             64  io.netty.buffer.PooledByteBufAllocator
1224:             1             64  io.netty.util.concurrent.GlobalEventExecutor
1225:             1             64  io.netty.util.concurrent.ScheduledFutureTask
1226:             2             64  java.io.BufferedOutputStream (java.base@11.0.8)
1227:             2             64  java.io.ByteArrayInputStream (java.base@11.0.8)
1228:             2             64  java.lang.StackWalker (java.base@11.0.8)
1229:             1             64  java.lang.invoke.BoundMethodHandle$Species_LLLIILLL (java.base@11.0.8)
1230:             1             64  java.lang.invoke.BoundMethodHandle$Species_LLLIILLLL (java.base@11.0.8)
1231:             1             64  java.lang.invoke.BoundMethodHandle$Species_LLLLLLLII (java.base@11.0.8)
1232:             2             64  java.lang.invoke.VarHandleLongs$FieldInstanceReadWrite (java.base@11.0.8)
1233:             2             64  java.lang.ref.ReferenceQueue$Null (java.base@11.0.8)
1234:             1             64  java.text.DateFormatSymbols (java.base@11.0.8)
1235:             2             64  java.time.format.DateTimeFormatterBuilder$TextPrinterParser (java.base@11.0.8)
1236:             2             64  java.time.temporal.IsoFields$Unit (java.base@11.0.8)
1237:             2             64  java.time.zone.ZoneOffsetTransition (java.base@11.0.8)
1238:             4             64  java.util.Collections$UnmodifiableCollection (java.base@11.0.8)
1239:             2             64  java.util.PropertyPermission (java.base@11.0.8)
1240:             2             64  java.util.UUID (java.base@11.0.8)
1241:             4             64  java.util.concurrent.Semaphore (java.base@11.0.8)
1242:             4             64  java.util.concurrent.SynchronousQueue$TransferStack (java.base@11.0.8)
1243:             2             64  java.util.concurrent.SynchronousQueue$TransferStack$SNode (java.base@11.0.8)
1244:             1             64  java.util.logging.LogManager$RootLogger (java.logging@11.0.8)
1245:             2             64  java.util.stream.FindOps$FindOp (java.base@11.0.8)
1246:             1             64  org.apache.activemq.artemis.component.DefaultHandler
1247:             1             64  org.apache.activemq.artemis.core.management.impl.ActiveMQServerControlImpl
1248:             1             64  org.apache.activemq.artemis.core.postoffice.impl.PostOfficeImpl$ExpiryReaper
1249:             4             64  org.apache.activemq.artemis.core.protocol.hornetq.HQPropertiesConversionInterceptor
1250:             1             64  org.apache.activemq.artemis.core.protocol.mqtt.MQTTProtocolManagerFactory$MQTTPeriodicTasks
1251:             1             64  org.apache.activemq.artemis.core.server.reload.ReloadManagerImpl
1252:             1             64  org.apache.activemq.artemis.dto.BindingDTO
1253:             1             64  org.apache.activemq.artemis.selector.impl.LRUCache
1254:             1             64  org.apache.activemq.openwire.OpenWireFormat
1255:             2             64  org.apache.logging.log4j.core.config.ConfigurationScheduler
1256:             2             64  org.apache.logging.log4j.core.config.ConfigurationScheduler$CronRunnable
1257:             4             64  org.apache.logging.log4j.core.lookup.StrMatcher$StringMatcher
1258:             2             64  org.apache.logging.log4j.core.pattern.DatePatternConverter$PatternFormatter
1259:             2             64  org.apache.logging.log4j.core.util.datetime.FastDatePrinter
1260:             2             64  org.apache.logging.log4j.util.PropertiesUtil$Environment
1261:             2             64  org.apache.logging.log4j.util.SortedArrayStringMap
1262:             2             64  org.eclipse.jetty.http.CookieCompliance$Violation
1263:             1             64  org.eclipse.jetty.io.ArrayByteBufferPool
1264:             4             64  org.eclipse.jetty.security.DefaultAuthenticatorFactory
1265:             1             64  org.eclipse.jetty.util.thread.ReservedThreadExecutor
1266:             2             64  sun.nio.ch.FileLockTable$FileLockReference (java.base@11.0.8)
1267:             2             64  sun.security.provider.FileInputStreamPool$StreamRef (java.base@11.0.8)
1268:             2             64  sun.util.locale.UnicodeLocaleExtension (java.base@11.0.8)
1269:             1             56  [Lcom.sun.org.apache.xerces.internal.impl.XMLScanner$NameType; (java.xml@11.0.8)
1270:             1             56  [Lcom.sun.org.apache.xerces.internal.impl.dv.XSSimpleType; (java.xml@11.0.8)
1271:             1             56  [Lcom.sun.org.apache.xerces.internal.impl.xs.util.XInt; (java.xml@11.0.8)
1272:             1             56  [Lcom.sun.org.apache.xerces.internal.utils.XMLSecurityManager$Limit; (java.xml@11.0.8)
1273:             1             56  [Ljava.lang.Runnable; (java.base@11.0.8)
1274:             2             56  [Ljava.net.InterfaceAddress; (java.base@11.0.8)
1275:             1             56  [Ljava.nio.file.StandardOpenOption; (java.base@11.0.8)
1276:             1             56  [Ljava.util.Map; (java.base@11.0.8)
1277:             1             56  com.sun.org.apache.xerces.internal.impl.xpath.regex.RegularExpression$Context (java.xml@11.0.8)
1278:             1             56  com.sun.org.apache.xerces.internal.jaxp.SAXParserImpl (java.xml@11.0.8)
1279:             1             56  com.sun.org.apache.xerces.internal.util.XMLAttributesIteratorImpl (java.xml@11.0.8)
1280:             1             56  com.sun.xml.bind.v2.model.impl.RuntimeModelBuilder
1281:             1             56  com.sun.xml.bind.v2.model.impl.RuntimeTypeInfoSetImpl
1282:             1             56  com.sun.xml.bind.v2.runtime.ElementBeanInfoImpl
1283:             1             56  com.sun.xml.bind.v2.runtime.unmarshaller.UnmarshallerImpl
1284:             1             56  io.hawt.web.servlets.JolokiaConfiguredAgentServlet
1285:             1             56  java.lang.invoke.BoundMethodHandle$Specializer (java.base@11.0.8)
1286:             1             56  java.lang.invoke.BoundMethodHandle$Species_LLLLLII (java.base@11.0.8)
1287:             1             56  java.net.SocketPermission (java.base@11.0.8)
1288:             1             56  java.util.logging.LogManager (java.logging@11.0.8)
1289:             1             56  jdk.internal.ref.CleanerImpl$SoftCleanableRef (java.base@11.0.8)
1290:             1             56  org.apache.activemq.artemis.component.WebServerComponent
1291:             1             56  org.apache.activemq.artemis.core.messagecounter.impl.MessageCounterManagerImpl$MessageCountersPinger
1292:             1             56  org.apache.activemq.artemis.core.paging.impl.PagingManagerImpl$1
1293:             1             56  org.apache.activemq.artemis.core.paging.impl.PagingStoreFactoryNIO
1294:             1             56  org.apache.activemq.artemis.core.postoffice.impl.PostOfficeImpl$AddressQueueReaper
1295:             1             56  org.apache.activemq.artemis.core.server.cluster.ClusterController
1296:             1             56  org.apache.activemq.artemis.core.server.impl.FileLockNodeManager$MonitorLock
1297:             1             56  org.apache.activemq.artemis.core.server.impl.ServiceRegistryImpl
1298:             1             56  org.apache.activemq.artemis.utils.critical.CriticalAnalyzerImpl$1
1299:             1             56  org.apache.commons.logging.impl.WeakHashtable
1300:             1             56  org.apache.logging.log4j.core.LoggerContext
1301:             1             56  org.apache.logging.log4j.core.appender.ConsoleAppender
1302:             1             56  org.apache.logging.log4j.status.StatusLogger
1303:             1             56  org.eclipse.jetty.io.ArrayRetainableByteBufferPool
1304:             1             56  org.eclipse.jetty.server.HttpConnectionFactory
1305:             1             56  org.eclipse.jetty.server.session.HouseKeeper
1306:             1             56  org.jolokia.backend.BackendManager
1307:             1             56  sun.security.provider.SHA (java.base@11.0.8)
1308:             1             48  [Lcom.sun.beans.introspect.PropertyInfo$Name; (java.desktop@11.0.8)
1309:             1             48  [Lcom.sun.xml.bind.v2.model.impl.ClassInfoImpl$PropertyGroup;
1310:             1             48  [Ljava.beans.WeakIdentityMap$Entry; (java.desktop@11.0.8)
1311:             1             48  [Ljava.lang.System$Logger$Level; (java.base@11.0.8)
1312:             1             48  [Ljava.lang.management.MemoryPoolMXBean; (java.management@11.0.8)
1313:             1             48  [Ljava.math.RoundingMode; (java.base@11.0.8)
1314:             1             48  [Ljava.util.concurrent.TimeUnit; (java.base@11.0.8)
1315:             2             48  [Lorg.apache.activemq.artemis.api.core.RoutingType;
1316:             1             48  [Lorg.apache.activemq.artemis.commons.shaded.johnzon.core.JsonGeneratorImpl$GeneratorState;
1317:             1             48  [Lorg.apache.activemq.artemis.commons.shaded.json.JsonValue$ValueType;
1318:             1             48  [Lorg.apache.activemq.artemis.core.config.HAPolicyConfiguration$TYPE;
1319:             3             48  [Lorg.apache.activemq.artemis.utils.collections.PriorityCollection$PriorityHolder;
1320:             3             48  [Lorg.apache.activemq.artemis.utils.collections.ResettableIterator;
1321:             1             48  [Lorg.apache.logging.log4j.core.appender.rolling.RolloverFrequency;
1322:             2             48  [Lorg.apache.logging.log4j.core.appender.rolling.TriggeringPolicy;
1323:             2             48  [Lorg.apache.logging.log4j.core.pattern.ArrayPatternConverter;
1324:             1             48  [Lorg.apache.logging.log4j.core.pattern.LogEventPatternConverter;
1325:             3             48  [Lorg.eclipse.jetty.http.CompressedContentFormat;
1326:             2             48  [Lorg.eclipse.jetty.http.CookieCompliance$Violation;
1327:             1             48  [Lorg.eclipse.jetty.webapp.Origin;
1328:             1             48  [Lorg.jolokia.util.RequestType;
1329:             1             48  [[Ljava.lang.Object; (java.base@11.0.8)
1330:             2             48  com.sun.jmx.mbeanserver.ClassLoaderRepositorySupport$LoaderEntry (java.management@11.0.8)
1331:             1             48  com.sun.jmx.mbeanserver.DefaultMXBeanMappingFactory$Mappings (java.management@11.0.8)
1332:             2             48  com.sun.jmx.mbeanserver.WeakIdentityHashMap (java.management@11.0.8)
1333:             1             48  com.sun.org.apache.xerces.internal.impl.XMLDocumentFragmentScannerImpl$ElementStack (java.xml@11.0.8)
1334:             3             48  com.sun.org.apache.xerces.internal.impl.dv.dtd.ListDatatypeValidator (java.xml@11.0.8)
1335:             1             48  com.sun.org.apache.xerces.internal.util.URI (java.xml@11.0.8)
1336:             1             48  com.sun.org.apache.xerces.internal.util.XMLAttributesImpl (java.xml@11.0.8)
1337:             2             48  com.sun.org.apache.xerces.internal.utils.XMLSecurityPropertyManager (java.xml@11.0.8)
1338:             2             48  com.sun.xml.bind.v2.model.annotation.XmlSchemaQuick
1339:             2             48  com.sun.xml.bind.v2.model.impl.ElementPropertyInfoImpl$1
1340:             2             48  com.sun.xml.bind.v2.runtime.unmarshaller.LeafPropertyLoader
1341:             1             48  io.hawt.jmx.PluginRegistry
1342:             2             48  io.netty.channel.ChannelMetadata
1343:             1             48  io.netty.util.collection.ByteObjectHashMap
1344:             3             48  io.netty.util.collection.LongObjectHashMap$1
1345:             3             48  io.netty.util.collection.LongObjectHashMap$EntrySet
1346:             3             48  io.netty.util.collection.LongObjectHashMap$KeySet
1347:             3             48  io.netty.util.concurrent.PromiseTask$SentinelRunnable
1348:             2             48  java.io.ExpiringCache$Entry (java.base@11.0.8)
1349:             2             48  java.io.File$PathStatus (java.base@11.0.8)
1350:             2             48  java.io.OutputStreamWriter (java.base@11.0.8)
1351:             1             48  java.lang.ProcessHandleImpl (java.base@11.0.8)
1352:             1             48  java.lang.StackTraceElement (java.base@11.0.8)
1353:             1             48  java.lang.invoke.BoundMethodHandle$Specializer$Factory (java.base@11.0.8)
1354:             1             48  java.lang.invoke.BoundMethodHandle$Species_LIILL (java.base@11.0.8)
1355:             1             48  java.lang.invoke.BoundMethodHandle$Species_LLLL (java.base@11.0.8)
1356:             2             48  java.lang.reflect.ReflectPermission (java.base@11.0.8)
1357:             2             48  java.net.StandardProtocolFamily (java.base@11.0.8)
1358:             3             48  java.nio.charset.CodingErrorAction (java.base@11.0.8)
1359:             3             48  java.text.AttributedCharacterIterator$Attribute (java.base@11.0.8)
1360:             2             48  java.time.format.DateTimeFormatterBuilder$1 (java.base@11.0.8)
1361:             2             48  java.time.format.DateTimeFormatterBuilder$ZoneIdPrinterParser (java.base@11.0.8)
1362:             2             48  java.time.format.DateTimeTextProvider$LocaleStore (java.base@11.0.8)
1363:             2             48  java.util.BitSet (java.base@11.0.8)
1364:             2             48  java.util.Collections$SynchronizedList (java.base@11.0.8)
1365:             2             48  java.util.Collections$SynchronizedRandomAccessList (java.base@11.0.8)
1366:             3             48  java.util.ResourceBundle$NoFallbackControl (java.base@11.0.8)
1367:             3             48  java.util.TreeMap$KeySet (java.base@11.0.8)
1368:             3             48  java.util.concurrent.ConcurrentSkipListMap$KeySet (java.base@11.0.8)
1369:             3             48  java.util.concurrent.ConcurrentSkipListSet (java.base@11.0.8)
1370:             2             48  java.util.logging.Logger$LoggerBundle (java.logging@11.0.8)
1371:             2             48  java.util.logging.LoggingPermission (java.logging@11.0.8)
1372:             2             48  java.util.regex.Pattern$$Lambda$375/0x000000080055ac40 (java.base@11.0.8)
1373:             2             48  java.util.regex.Pattern$CharPredicate$$Lambda$376/0x000000080055f840 (java.base@11.0.8)
1374:             2             48  javax.management.relation.MBeanServerNotificationFilter (java.management@11.0.8)
1375:             2             48  javax.xml.bind.annotation.XmlAccessOrder
1376:             1             48  jdk.internal.jimage.ImageHeader (java.base@11.0.8)
1377:             2             48  jdk.internal.misc.Signal$NativeHandler (java.base@11.0.8)
1378:             3             48  jdk.internal.module.ServicesCatalog (java.base@11.0.8)
1379:             1             48  jdk.internal.ref.CleanerImpl$WeakCleanableRef (java.base@11.0.8)
1380:             1             48  jdk.management.jfr.FlightRecorderMXBeanImpl (jdk.management.jfr@11.0.8)
1381:             2             48  org.apache.activemq.artemis.api.core.RoutingType
1382:             2             48  org.apache.activemq.artemis.api.core.management.ObjectNameBuilder
1383:             1             48  org.apache.activemq.artemis.cli.commands.Run$2
1384:             2             48  org.apache.activemq.artemis.commons.shaded.johnzon.core.JsonGeneratorFactoryImpl
1385:             2             48  org.apache.activemq.artemis.commons.shaded.johnzon.core.JsonProviderImpl$Cached
1386:             2             48  org.apache.activemq.artemis.commons.shaded.johnzon.core.JsonStringImpl
1387:             2             48  org.apache.activemq.artemis.commons.shaded.johnzon.core.RejectDuplicateKeysMode
1388:             3             48  org.apache.activemq.artemis.commons.shaded.json.JsonValueImpl
1389:             3             48  org.apache.activemq.artemis.component.AuthenticationFilter
1390:             3             48  org.apache.activemq.artemis.component.JolokiaFilter
1391:             2             48  org.apache.activemq.artemis.core.config.CoreAddressConfiguration
1392:             2             48  org.apache.activemq.artemis.core.journal.impl.dataformat.JournalCompleteRecordTX$TX_RECORD_TYPE
1393:             3             48  org.apache.activemq.artemis.core.messagecounter.MessageCounter$1
1394:             3             48  org.apache.activemq.artemis.core.paging.impl.PageSyncTimer$1
1395:             3             48  org.apache.activemq.artemis.core.paging.impl.PagingStoreImpl$$Lambda$193/0x00000008003bf840
1396:             3             48  org.apache.activemq.artemis.core.paging.impl.PagingStoreImpl$$Lambda$194/0x00000008003bfc40
1397:             3             48  org.apache.activemq.artemis.core.paging.impl.PagingStoreImpl$$Lambda$195/0x00000008003bf440
1398:             3             48  org.apache.activemq.artemis.core.postoffice.impl.CopyOnWriteBindings
1399:             1             48  org.apache.activemq.artemis.core.postoffice.impl.WildcardAddressManager
1400:             3             48  org.apache.activemq.artemis.core.protocol.core.impl.ActiveMQRoutingHandler
1401:             1             48  org.apache.activemq.artemis.core.protocol.core.impl.CoreProtocolManager
1402:             1             48  org.apache.activemq.artemis.core.security.impl.SecurityStoreImpl
1403:             1             48  org.apache.activemq.artemis.core.server.cluster.BackupManager
1404:             3             48  org.apache.activemq.artemis.core.server.impl.QueueImpl$DeliverRunner
1405:             3             48  org.apache.activemq.artemis.core.server.impl.QueueManagerImpl$$Lambda$197/0x00000008003bec40
1406:             3             48  org.apache.activemq.artemis.core.server.impl.ScheduledDeliveryHandlerImpl$MessageReferenceComparator
1407:             3             48  org.apache.activemq.artemis.core.server.impl.SimpleMessageGroups
1408:             2             48  org.apache.activemq.artemis.core.settings.impl.DeletionPolicy
1409:             2             48  org.apache.activemq.artemis.core.settings.impl.HierarchicalObjectRepository$MatchComparator
1410:             2             48  org.apache.activemq.artemis.core.settings.impl.SlowConsumerPolicy
1411:             1             48  org.apache.activemq.artemis.core.transaction.impl.ResourceManagerImpl
1412:             3             48  org.apache.activemq.artemis.logs.AuditLogger_impl
1413:             2             48  org.apache.activemq.artemis.spi.core.security.scram.SCRAM
1414:             1             48  org.apache.activemq.artemis.utils.critical.CriticalAnalyzerImpl
1415:             1             48  org.apache.activemq.command.ProducerId
1416:             2             48  org.apache.activemq.util.IdGenerator
1417:             1             48  org.apache.commons.beanutils.ConvertUtilsBean
1418:             1             48  org.apache.commons.beanutils.converters.CalendarConverter
1419:             2             48  org.apache.commons.beanutils.converters.ClassConverter
1420:             2             48  org.apache.commons.beanutils.converters.FileConverter
1421:             2             48  org.apache.commons.beanutils.converters.URLConverter
1422:             1             48  org.apache.commons.logging.impl.LogFactoryImpl
1423:             2             48  org.apache.logging.log4j.core.appender.rolling.CompositeTriggeringPolicy
1424:             1             48  org.apache.logging.log4j.core.config.ConfigurationFileWatcher
1425:             2             48  org.apache.logging.log4j.core.config.CronScheduledFuture$FutureData
1426:             2             48  org.apache.logging.log4j.core.config.plugins.util.PluginManager
1427:             2             48  org.apache.logging.log4j.core.config.status.StatusConfiguration$Verbosity
1428:             1             48  org.apache.logging.log4j.core.impl.Log4jProvider
1429:             2             48  org.apache.logging.log4j.core.util.DummyNanoClock
1430:             2             48  org.apache.logging.log4j.core.util.Source
1431:             2             48  org.apache.logging.log4j.core.util.datetime.FastDateFormat
1432:             2             48  org.apache.logging.log4j.core.util.datetime.FastDatePrinter$PaddedNumberField
1433:             2             48  org.apache.logging.log4j.core.util.datetime.FormatCache$MultipartKey
1434:             1             48  org.apache.logging.log4j.simple.SimpleLogger
1435:             2             48  org.apache.logging.log4j.util.PropertyFilePropertySource
1436:             2             48  org.eclipse.jetty.http.CookieCompliance
1437:             3             48  org.eclipse.jetty.http.MimeTypes
1438:             3             48  org.eclipse.jetty.security.DefaultIdentityService
1439:             3             48  org.eclipse.jetty.server.AllowedResourceAliasChecker$AllowedResourceAliasCheckListener
1440:             2             48  org.eclipse.jetty.server.MultiPartFormDataCompliance
1441:             2             48  org.eclipse.jetty.server.handler.ContextHandler$ProtectedTargetType
1442:             1             48  org.eclipse.jetty.server.handler.ErrorHandler
1443:             1             48  org.eclipse.jetty.server.handler.HandlerList
1444:             3             48  org.eclipse.jetty.server.session.SessionHandler$CookieConfig
1445:             3             48  org.eclipse.jetty.servlet.listener.ELContextCleaner
1446:             3             48  org.eclipse.jetty.servlet.listener.IntrospectorCleaner
1447:             2             48  org.eclipse.jetty.util.AtomicBiInteger
1448:             3             48  org.eclipse.jetty.util.AttributesMap
1449:             1             48  org.eclipse.jetty.util.BlockingArrayQueue
1450:             3             48  org.eclipse.jetty.util.DecoratedObjectFactory
1451:             3             48  org.eclipse.jetty.util.DeprecationWarning
1452:             1             48  org.eclipse.jetty.util.component.AttributeContainerMap
1453:             2             48  org.eclipse.jetty.util.thread.AutoLock$WithCondition
1454:             1             48  org.eclipse.jetty.webapp.WebDescriptor$1
1455:             2             48  org.jolokia.backend.Config
1456:             1             48  org.jolokia.converter.json.JsonConvertOptions$Builder
1457:             1             48  org.jolokia.discovery.AgentDetails
1458:             2             48  sun.management.ManagementFactoryHelper$1 (java.management@11.0.8)
1459:             1             48  sun.nio.fs.UnixMountEntry (java.base@11.0.8)
1460:             2             48  sun.reflect.generics.reflectiveObjects.WildcardTypeImpl (java.base@11.0.8)
1461:             2             48  sun.reflect.generics.tree.Wildcard (java.base@11.0.8)
1462:             2             48  sun.security.jca.ProviderList (java.base@11.0.8)
1463:             2             48  sun.security.jca.ProviderList$3 (java.base@11.0.8)
1464:             3             48  sun.security.provider.NativePRNG (java.base@11.0.8)
1465:             2             48  sun.util.locale.LocaleExtensions (java.base@11.0.8)
1466:             2             48  sun.util.locale.provider.LocaleServiceProviderPool (java.base@11.0.8)
1467:             1             48  sun.util.resources.cldr.TimeZoneNames (java.base@11.0.8)
1468:             1             48  sun.util.resources.cldr.TimeZoneNames_en (java.base@11.0.8)
1469:             2             40  [Lcom.sun.jmx.mbeanserver.ClassLoaderRepositorySupport$LoaderEntry; (java.management@11.0.8)
1470:             1             40  [Lcom.sun.org.apache.xerces.internal.util.Status; (java.xml@11.0.8)
1471:             2             40  [Lcom.sun.org.apache.xerces.internal.xni.grammars.Grammar; (java.xml@11.0.8)
1472:             1             40  [Lcom.sun.xml.bind.v2.model.core.PropertyKind;
1473:             1             40  [Lio.airlift.airline.Context;
1474:             1             40  [Ljava.lang.Thread$State; (java.base@11.0.8)
1475:             1             40  [Ljava.lang.invoke.StringConcatFactory$Strategy; (java.base@11.0.8)
1476:             1             40  [Ljava.lang.invoke.VarHandle$AccessType; (java.base@11.0.8)
1477:             1             40  [Ljava.nio.charset.Charset; (java.base@11.0.8)
1478:             1             40  [Ljava.time.format.SignStyle; (java.base@11.0.8)
1479:             1             40  [Ljava.time.format.TextStyle; (java.base@11.0.8)
1480:             2             40  [Ljava.time.zone.ZoneOffsetTransitionRule; (java.base@11.0.8)
1481:             1             40  [Ljava.util.stream.StreamOpFlag; (java.base@11.0.8)
1482:             1             40  [Ljavax.servlet.http.MappingMatch;
1483:             1             40  [Ljavax.xml.catalog.CatalogFeatures$State; (java.xml@11.0.8)
1484:             1             40  [Ljdk.xml.internal.JdkXmlFeatures$State; (java.xml@11.0.8)
1485:             1             40  [Lorg.apache.activemq.artemis.core.journal.Journal$JournalState;
1486:             1             40  [Lorg.apache.activemq.artemis.core.persistence.Persister;
1487:             1             40  [Lorg.apache.activemq.artemis.core.transaction.Transaction$State;
1488:             1             40  [Lorg.apache.logging.log4j.core.LifeCycle$State;
1489:             1             40  [Lorg.apache.logging.log4j.core.appender.rolling.FileExtension;
1490:             1             40  [Lorg.apache.logging.log4j.core.pattern.PatternParser$ParserState;
1491:             1             40  [Lorg.eclipse.jetty.http.HttpCompliance;
1492:             2             40  [Lorg.eclipse.jetty.http.HttpField;
1493:             1             40  [Lorg.eclipse.jetty.http.HttpVersion;
1494:             1             40  [Lorg.eclipse.jetty.http.pathmap.PathSpecGroup;
1495:             1             40  [Lorg.eclipse.jetty.io.ManagedSelector;
1496:             1             40  [Lorg.eclipse.jetty.server.handler.ContextHandler$Availability;
1497:             1             40  [Lorg.eclipse.jetty.util.component.AbstractLifeCycle$State;
1498:             1             40  [Lsun.util.locale.provider.LocaleProviderAdapter$Type; (java.base@11.0.8)
1499:             1             40  [[Ljava.lang.invoke.LambdaForm$Name; (java.base@11.0.8)
1500:             1             40  [[S (java.base@11.0.8)
1501:             1             40  com.sun.beans.finder.MethodFinder$1 (java.desktop@11.0.8)
1502:             1             40  com.sun.beans.introspect.ClassInfo$1 (java.desktop@11.0.8)
1503:             1             40  com.sun.jmx.interceptor.DefaultMBeanServerInterceptor (java.management@11.0.8)
1504:             1             40  com.sun.jmx.mbeanserver.JmxMBeanServer (java.management@11.0.8)
1505:             1             40  com.sun.jmx.mbeanserver.MBeanServerDelegateImpl (java.management@11.0.8)
1506:             1             40  com.sun.management.internal.DiagnosticCommandImpl (jdk.management@11.0.8)
1507:             1             40  com.sun.org.apache.xerces.internal.impl.XMLDocumentFragmentScannerImpl$ElementStack2 (java.xml@11.0.8)
1508:             1             40  com.sun.org.apache.xerces.internal.impl.XMLEntityScanner$1 (java.xml@11.0.8)
1509:             1             40  com.sun.org.apache.xerces.internal.impl.XMLVersionDetector (java.xml@11.0.8)
1510:             1             40  com.sun.org.apache.xerces.internal.impl.dtd.XMLDTDDescription (java.xml@11.0.8)
1511:             1             40  com.sun.org.apache.xerces.internal.impl.validation.ValidationState (java.xml@11.0.8)
1512:             1             40  com.sun.org.apache.xerces.internal.utils.XMLLimitAnalyzer (java.xml@11.0.8)
1513:             1             40  com.sun.xml.bind.v2.runtime.AnyTypeBeanInfo
1514:             1             40  io.airlift.airline.model.GlobalMetadata
1515:             1             40  io.hawt.HawtioContextListener
1516:             1             40  io.hawt.jmx.JmxTreeWatcher
1517:             1             40  io.hawt.web.plugin.HawtioPlugin
1518:             1             40  io.hawt.web.plugin.HawtioPlugin
1519:             1             40  io.netty.util.concurrent.DefaultPromise$StacklessCancellationException
1520:             1             40  java.beans.WeakIdentityMap$Entry (java.desktop@11.0.8)
1521:             1             40  java.io.PrintWriter (java.base@11.0.8)
1522:             1             40  java.lang.ArithmeticException (java.base@11.0.8)
1523:             1             40  java.lang.NullPointerException (java.base@11.0.8)
1524:             1             40  java.lang.UnsupportedOperationException (java.base@11.0.8)
1525:             1             40  java.lang.invoke.VarHandleObjects$Array (java.base@11.0.8)
1526:             1             40  java.time.format.DateTimeFormatterBuilder (java.base@11.0.8)
1527:             1             40  java.time.format.DateTimeFormatterBuilder$FractionPrinterParser (java.base@11.0.8)
1528:             1             40  java.time.zone.ZoneRules (java.base@11.0.8)
1529:             1             40  java.util.HashMap$KeyIterator (java.base@11.0.8)
1530:             1             40  java.util.ResourceBundle$2 (java.base@11.0.8)
1531:             1             40  java.util.regex.Pattern$Loop (java.base@11.0.8)
1532:             1             40  jdk.internal.ref.CleanerImpl$CleanerCleanable (java.base@11.0.8)
1533:             1             40  org.apache.activemq.artemis.commons.shaded.johnzon.core.JsonProviderImpl
1534:             1             40  org.apache.activemq.artemis.core.persistence.impl.journal.BatchingIDGenerator
1535:             1             40  org.apache.activemq.artemis.core.server.cluster.qourum.QuorumManager
1536:             1             40  org.apache.activemq.artemis.core.server.impl.ConnectorsService
1537:             1             40  org.apache.activemq.artemis.core.server.impl.QueueFactoryImpl
1538:             1             40  org.apache.activemq.artemis.core.server.management.ManagementContext
1539:             1             40  org.apache.activemq.artemis.utils.UUIDTimer
1540:             1             40  org.apache.activemq.command.WireFormatInfo
1541:             1             40  org.apache.logging.log4j.core.appender.OutputStreamManager
1542:             1             40  org.apache.logging.log4j.core.config.status.StatusConfiguration
1543:             1             40  org.eclipse.jetty.server.ShutdownMonitor
1544:             1             40  sun.nio.cs.StandardCharsets$Aliases (java.base@11.0.8)
1545:             1             40  sun.nio.cs.StandardCharsets$Cache (java.base@11.0.8)
1546:             1             40  sun.text.resources.cldr.FormatData (java.base@11.0.8)
1547:             1             40  sun.text.resources.cldr.FormatData_en (java.base@11.0.8)
1548:             1             40  sun.util.resources.Bundles$1 (java.base@11.0.8)
1549:             1             40  sun.util.resources.cldr.CalendarData (java.base@11.0.8)
1550:             1             32  [Lcom.google.common.base.AbstractIterator$State;
1551:             1             32  [Lcom.google.common.cache.LocalCache$Strength;
1552:             1             32  [Lcom.sun.beans.util.Cache$Kind; (java.desktop@11.0.8)
1553:             1             32  [Lcom.sun.org.apache.xerces.internal.impl.dv.xs.AbstractDateTimeDV$DateTimeData; (java.xml@11.0.8)
1554:             1             32  [Lcom.sun.org.apache.xerces.internal.utils.XMLSecurityManager$NameMap; (java.xml@11.0.8)
1555:             1             32  [Lcom.sun.xml.bind.v2.model.core.ID;
1556:             1             32  [Lio.netty.handler.codec.socksx.SocksVersion;
1557:             1             32  [Lio.netty.util.ResourceLeakDetector$Level;
1558:             1             32  [Ljava.lang.OutOfMemoryError; (java.base@11.0.8)
1559:             1             32  [Ljava.lang.StackStreamFactory$WalkerState; (java.base@11.0.8)
1560:             1             32  [Ljava.lang.ThreadGroup; (java.base@11.0.8)
1561:             1             32  [Ljava.lang.invoke.MethodHandleImpl$ArrayAccess; (java.base@11.0.8)
1562:             1             32  [Ljava.lang.invoke.StringConcatFactory$Mode; (java.base@11.0.8)
1563:             1             32  [Ljava.lang.management.MemoryManagerMXBean; (java.management@11.0.8)
1564:             1             32  [Ljava.lang.module.ModuleDescriptor$Modifier; (java.base@11.0.8)
1565:             1             32  [Ljava.lang.module.ModuleDescriptor$Requires$Modifier; (java.base@11.0.8)
1566:             2             32  [Ljava.net.NetworkInterface; (java.base@11.0.8)
1567:             1             32  [Ljava.nio.channels.FileChannel; (java.base@11.0.8)
1568:             1             32  [Ljava.nio.file.StandardCopyOption; (java.base@11.0.8)
1569:             2             32  [Ljava.security.cert.Certificate; (java.base@11.0.8)
1570:             1             32  [Ljava.time.format.DateTimeFormatterBuilder$SettingsParser; (java.base@11.0.8)
1571:             1             32  [Ljava.time.format.ResolverStyle; (java.base@11.0.8)
1572:             1             32  [Ljava.time.temporal.IsoFields$Field; (java.base@11.0.8)
1573:             1             32  [Ljava.time.temporal.JulianFields$Field; (java.base@11.0.8)
1574:             1             32  [Ljava.time.zone.ZoneOffsetTransitionRule$TimeDefinition; (java.base@11.0.8)
1575:             1             32  [Ljava.util.regex.Pattern$Qtype; (java.base@11.0.8)
1576:             1             32  [Ljava.util.stream.StreamShape; (java.base@11.0.8)
1577:             1             32  [Ljavax.xml.catalog.CatalogFeatures$Feature; (java.xml@11.0.8)
1578:             1             32  [Ljdk.internal.logger.BootstrapLogger$LoggingBackend; (java.base@11.0.8)
1579:             1             32  [Ljdk.internal.module.IllegalAccessLogger$Mode; (java.base@11.0.8)
1580:             1             32  [Ljdk.xml.internal.JdkXmlFeatures$XmlFeature; (java.xml@11.0.8)
1581:             1             32  [Lorg.apache.activemq.artemis.core.paging.cursor.PageIterator$NextResult;
1582:             1             32  [Lorg.apache.activemq.artemis.core.postoffice.BindingType;
1583:             1             32  [Lorg.apache.activemq.artemis.core.postoffice.impl.PostOfficeImpl$DuplicateCheckResult;
1584:             1             32  [Lorg.apache.activemq.artemis.core.server.ActiveMQServer$SERVER_STATE;
1585:             1             32  [Lorg.apache.activemq.artemis.core.server.ComponentConfigurationRoutingType;
1586:             1             32  [Lorg.apache.activemq.artemis.core.server.cluster.ClusterManager$State;
1587:             1             32  [Lorg.apache.activemq.artemis.core.server.cluster.impl.MessageLoadBalancingType;
1588:             1             32  [Lorg.apache.activemq.artemis.core.server.federation.FederationManager$State;
1589:             1             32  [Lorg.apache.activemq.artemis.core.settings.impl.SlowConsumerThresholdMeasurementUnit;
1590:             1             32  [Lorg.apache.logging.log4j.core.config.LoggerConfig$LoggerConfigPredicate;
1591:             1             32  [Lorg.apache.logging.log4j.core.util.datetime.FixedDateFormat$FixedTimeZoneFormat;
1592:             1             32  [Lorg.eclipse.jetty.http.HttpMethod$Type;
1593:             1             32  [Lorg.eclipse.jetty.http.HttpScheme;
1594:             1             32  [Lorg.eclipse.jetty.security.UserDataConstraint;
1595:             1             32  [Lorg.eclipse.jetty.server.Handler;
1596:             1             32  [Lorg.eclipse.jetty.server.handler.ContextHandler$ContextStatus;
1597:             1             32  [Lorg.eclipse.jetty.servlet.Source$Origin;
1598:             1             32  [Lorg.eclipse.jetty.util.Pool$StrategyType;
1599:             1             32  [Lorg.eclipse.jetty.util.component.ContainerLifeCycle$Managed;
1600:             1             32  [Lorg.eclipse.jetty.util.thread.Invocable$InvocationType;
1601:             1             32  [Lorg.eclipse.jetty.util.thread.strategy.AdaptiveExecutionStrategy$State;
1602:             1             32  [Lorg.eclipse.jetty.util.thread.strategy.AdaptiveExecutionStrategy$SubStrategy;
1603:             1             32  [Lorg.eclipse.jetty.webapp.MetaData$Complete;
1604:             1             32  [Lorg.jolokia.converter.object.OpenTypeConverter;
1605:             1             32  [Lsun.security.provider.NativePRNG$Variant; (java.base@11.0.8)
1606:             2             32  com.google.common.cache.LocalCache$LocalManualCache
1607:             1             32  com.google.common.collect.Iterators$ArrayItr
1608:             2             32  com.sun.beans.WeakCache (java.desktop@11.0.8)
1609:             1             32  com.sun.beans.finder.BeanInfoFinder (java.desktop@11.0.8)
1610:             1             32  com.sun.jmx.mbeanserver.Repository (java.management@11.0.8)
1611:             1             32  com.sun.org.apache.xerces.internal.impl.dtd.XMLElementDecl (java.xml@11.0.8)
1612:             2             32  com.sun.org.apache.xerces.internal.impl.dv.dtd.ENTITYDatatypeValidator (java.xml@11.0.8)
1613:             2             32  com.sun.org.apache.xerces.internal.impl.dv.xs.QNameDV (java.xml@11.0.8)
1614:             1             32  com.sun.org.apache.xerces.internal.impl.xpath.regex.Op$ModifierOp (java.xml@11.0.8)
1615:             2             32  com.sun.org.apache.xerces.internal.impl.xpath.regex.Token (java.xml@11.0.8)
1616:             1             32  com.sun.org.apache.xerces.internal.jaxp.SAXParserFactoryImpl (java.xml@11.0.8)
1617:             1             32  com.sun.org.apache.xerces.internal.jaxp.validation.SimpleXMLSchema (java.xml@11.0.8)
1618:             2             32  com.sun.org.apache.xerces.internal.util.ErrorHandlerWrapper (java.xml@11.0.8)
1619:             1             32  com.sun.org.apache.xerces.internal.util.NamespaceSupport (java.xml@11.0.8)
1620:             2             32  com.sun.proxy.$Proxy12
1621:             2             32  com.sun.proxy.jdk.proxy1.$Proxy34 (jdk.proxy1@)
1622:             1             32  com.sun.xml.bind.v2.runtime.CompositeStructureBeanInfo
1623:             1             32  com.sun.xml.bind.v2.runtime.NameList
1624:             1             32  io.hawt.jmx.JMXSecurity
1625:             1             32  io.hawt.web.auth.AuthenticationConfiguration
1626:             1             32  io.hawt.web.auth.LoginRedirectFilter
1627:             1             32  io.hawt.web.proxy.ProxyServlet
1628:             1             32  io.netty.buffer.UnpooledByteBufAllocator
1629:             1             32  io.netty.util.ResourceLeakDetector
1630:             1             32  io.netty.util.concurrent.DefaultThreadFactory
1631:             2             32  io.netty.util.internal.logging.Slf4JLoggerFactory
1632:             1             32  java.beans.ThreadGroupContext (java.desktop@11.0.8)
1633:             1             32  java.beans.ThreadGroupContext$1 (java.desktop@11.0.8)
1634:             1             32  java.io.UnixFileSystem (java.base@11.0.8)
1635:             2             32  java.lang.Boolean (java.base@11.0.8)
1636:             1             32  java.lang.ClassLoader$NativeLibrary$Unloader (java.base@11.0.8)
1637:             2             32  java.lang.Shutdown$Lock (java.base@11.0.8)
1638:             1             32  java.lang.module.ModuleDescriptor$Version (java.base@11.0.8)
1639:             1             32  java.net.InetAddress$CachedLocalHost (java.base@11.0.8)
1640:             2             32  java.nio.ByteOrder (java.base@11.0.8)
1641:             2             32  java.nio.file.attribute.PosixFilePermissions$1 (java.base@11.0.8)
1642:             1             32  java.security.BasicPermissionCollection (java.base@11.0.8)
1643:             1             32  java.security.MessageDigest$Delegate (java.base@11.0.8)
1644:             2             32  java.time.format.DateTimeFormatterBuilder$StringLiteralPrinterParser (java.base@11.0.8)
1645:             1             32  java.util.JumboEnumSet (java.base@11.0.8)
1646:             2             32  java.util.Optional (java.base@11.0.8)
1647:             2             32  java.util.ResourceBundle$SingleFormatControl (java.base@11.0.8)
1648:             1             32  java.util.concurrent.ThreadLocalRandom (java.base@11.0.8)
1649:             1             32  java.util.logging.LogManager$SystemLoggerContext (java.logging@11.0.8)
1650:             1             32  java.util.regex.Pattern$BnM (java.base@11.0.8)
1651:             2             32  java.util.regex.Pattern$Caret (java.base@11.0.8)
1652:             1             32  jdk.internal.module.IllegalAccessLogger (java.base@11.0.8)
1653:             1             32  jdk.internal.ref.CleanerImpl (java.base@11.0.8)
1654:             1             32  jdk.internal.reflect.UnsafeIntegerFieldAccessorImpl (java.base@11.0.8)
1655:             1             32  org.apache.activemq.artemis.core.io.buffer.TimedBuffer$CheckTimer
1656:             2             32  org.apache.activemq.artemis.core.journal.impl.JournalFilesRepository$1
1657:             2             32  org.apache.activemq.artemis.core.protocol.hornetq.HQFilterConversionInterceptor
1658:             2             32  org.apache.activemq.artemis.core.protocol.mqtt.MQTTRoutingHandler
1659:             1             32  org.apache.activemq.artemis.core.protocol.mqtt.MQTTUtil$MQTTWildcardConfiguration
1660:             1             32  org.apache.activemq.artemis.core.security.Role
1661:             1             32  org.apache.activemq.artemis.core.server.impl.LiveOnlyActivation
1662:             1             32  org.apache.activemq.artemis.core.server.management.JMXAccessControlList
1663:             1             32  org.apache.activemq.artemis.core.server.management.impl.HawtioSecurityControlImpl
1664:             1             32  org.apache.activemq.artemis.core.server.routing.ConnectionRouterManager
1665:             1             32  org.apache.activemq.artemis.dto.BrokerDTO
1666:             1             32  org.apache.activemq.artemis.integration.FileBroker
1667:             2             32  org.apache.activemq.artemis.protocol.amqp.proton.AMQPRoutingHandler
1668:             1             32  org.apache.activemq.artemis.spi.core.security.ActiveMQJAASSecurityManager
1669:             1             32  org.apache.activemq.artemis.utils.UUIDGenerator
1670:             1             32  org.apache.commons.beanutils.PropertyUtilsBean
1671:             1             32  org.apache.commons.logging.impl.WeakHashtable$WeakKey
1672:             2             32  org.apache.logging.log4j.core.appender.rolling.CronTriggeringPolicy$CronTrigger
1673:             2             32  org.apache.logging.log4j.core.config.CronScheduledFuture
1674:             2             32  org.apache.logging.log4j.core.config.DefaultAdvertiser
1675:             2             32  org.apache.logging.log4j.core.impl.DefaultLogEventFactory
1676:             1             32  org.apache.logging.log4j.core.impl.ThrowableFormatOptions
1677:             2             32  org.apache.logging.log4j.core.layout.PatternLayout$PatternFormatterPatternSerializer
1678:             2             32  org.apache.logging.log4j.core.lookup.StrMatcher$CharSetMatcher
1679:             1             32  org.apache.logging.log4j.core.util.DefaultShutdownCallbackRegistry
1680:             2             32  org.apache.logging.log4j.core.util.SystemClock
1681:             1             32  org.apache.logging.log4j.core.util.WatchManager$ConfigurationMonitor
1682:             2             32  org.apache.logging.log4j.core.util.datetime.FastDatePrinter$TwoDigitNumberField
1683:             1             32  org.apache.logging.log4j.status.StatusLogger$BoundedQueue
1684:             2             32  org.apache.logging.log4j.util.EnvironmentPropertySource
1685:             2             32  org.apache.logging.log4j.util.PropertiesUtil
1686:             2             32  org.apache.logging.log4j.util.PropertySource$Comparator
1687:             2             32  org.apache.logging.log4j.util.SystemPropertiesPropertySource
1688:             1             32  org.eclipse.jetty.http.HttpField
1689:             2             32  org.eclipse.jetty.http.HttpFields$Immutable
1690:             2             32  org.eclipse.jetty.util.EmptyTrie
1691:             1             32  org.eclipse.jetty.util.thread.ThreadPoolBudget
1692:             1             32  org.eclipse.jetty.webapp.JaasConfiguration
1693:             1             32  org.eclipse.jetty.webapp.JaspiConfiguration
1694:             1             32  org.eclipse.jetty.webapp.JmxConfiguration
1695:             1             32  org.eclipse.jetty.webapp.JndiConfiguration
1696:             1             32  org.eclipse.jetty.webapp.JspConfiguration
1697:             1             32  org.eclipse.jetty.webapp.ServletsConfiguration
1698:             1             32  org.eclipse.jetty.xml.XmlParser$Handler
1699:             1             32  org.jolokia.backend.LocalRequestDispatcher
1700:             1             32  org.jolokia.backend.MBeanServerExecutorLocal
1701:             1             32  org.jolokia.backend.MBeanServerHandler
1702:             1             32  org.jolokia.backend.MBeanServers
1703:             1             32  org.jolokia.converter.json.ObjectToJsonConverter
1704:             2             32  org.jolokia.converter.object.StringToObjectConverter$BooleanParser
1705:             2             32  org.jolokia.converter.object.StringToObjectConverter$ByteParser
1706:             2             32  org.jolokia.converter.object.StringToObjectConverter$CharParser
1707:             2             32  org.jolokia.converter.object.StringToObjectConverter$DoubleParser
1708:             2             32  org.jolokia.converter.object.StringToObjectConverter$FloatParser
1709:             2             32  org.jolokia.converter.object.StringToObjectConverter$IntParser
1710:             2             32  org.jolokia.converter.object.StringToObjectConverter$LongParser
1711:             2             32  org.jolokia.converter.object.StringToObjectConverter$ShortParser
1712:             1             32  org.jolokia.detector.ServerHandle
1713:             1             32  org.jolokia.history.HistoryStore
1714:             1             32  org.jolokia.restrictor.PolicyRestrictor
1715:             1             32  org.xml.sax.helpers.LocatorImpl (java.xml@11.0.8)
1716:             1             32  sun.nio.ch.ServerSocketAdaptor (java.base@11.0.8)
1717:             1             32  sun.nio.cs.StandardCharsets (java.base@11.0.8)
1718:             1             32  sun.nio.fs.BsdFileStore (java.base@11.0.8)
1719:             1             32  sun.nio.fs.MacOSXFileSystem (java.base@11.0.8)
1720:             2             32  sun.reflect.generics.tree.ArrayTypeSignature (java.base@11.0.8)
1721:             2             32  sun.security.provider.FileInputStreamPool$UnclosableInputStream (java.base@11.0.8)
1722:             1             32  sun.security.provider.SecureRandom (java.base@11.0.8)
1723:             2             32  sun.util.resources.LocaleData (java.base@11.0.8)
1724:             1             24  [Lcom.google.common.cache.CacheBuilder$NullListener;
1725:             1             24  [Lcom.google.common.cache.CacheBuilder$OneWeigher;
1726:             1             24  [Lcom.sun.org.apache.xerces.internal.impl.xpath.regex.RegularExpression$ClosureContext; (java.xml@11.0.8)
1727:             1             24  [Lcom.sun.org.apache.xerces.internal.utils.XMLSecurityPropertyManager$Property; (java.xml@11.0.8)
1728:             1             24  [Ljava.io.File$PathStatus; (java.base@11.0.8)
1729:             1             24  [Ljava.lang.StackWalker$ExtendedOption; (java.base@11.0.8)
1730:             1             24  [Ljava.net.InetSocketAddress; (java.base@11.0.8)
1731:             1             24  [Ljava.net.StandardProtocolFamily; (java.base@11.0.8)
1732:             1             24  [Ljava.time.temporal.IsoFields$Unit; (java.base@11.0.8)
1733:             1             24  [Ljava.time.zone.ZoneOffsetTransition; (java.base@11.0.8)
1734:             1             24  [Ljava.util.Comparators$NaturalOrderComparator; (java.base@11.0.8)
1735:             1             24  [Ljava.util.Locale$Category; (java.base@11.0.8)
1736:             1             24  [Ljavax.xml.bind.annotation.XmlAccessOrder;
1737:             1             24  [Lorg.apache.activemq.artemis.commons.shaded.johnzon.core.RejectDuplicateKeysMode;
1738:             1             24  [Lorg.apache.activemq.artemis.core.journal.impl.dataformat.JournalCompleteRecordTX$TX_RECORD_TYPE;
1739:             1             24  [Lorg.apache.activemq.artemis.core.settings.impl.DeletionPolicy;
1740:             1             24  [Lorg.apache.activemq.artemis.core.settings.impl.SlowConsumerPolicy;
1741:             1             24  [Lorg.apache.activemq.artemis.spi.core.security.scram.SCRAM;
1742:             1             24  [Lorg.apache.logging.log4j.core.appender.ConsoleAppender$Target;
1743:             1             24  [Lorg.apache.logging.log4j.core.async.ThreadNameCachingStrategy;
1744:             1             24  [Lorg.apache.logging.log4j.core.config.status.StatusConfiguration$Verbosity;
1745:             1             24  [Lorg.apache.logging.log4j.core.pattern.NameAbbreviator$MaxElementAbbreviator$Strategy;
1746:             1             24  [Lorg.eclipse.jetty.http.CookieCompliance;
1747:             1             24  [Lorg.eclipse.jetty.http.HttpFieldPreEncoder;
1748:             1             24  [Lorg.eclipse.jetty.server.MultiPartFormDataCompliance;
1749:             1             24  [Lorg.eclipse.jetty.server.ServerConnector;
1750:             1             24  [Lorg.eclipse.jetty.server.handler.ContextHandler$ProtectedTargetType;
1751:             1             24  com.google.common.cache.CacheBuilder$NullListener
1752:             1             24  com.google.common.cache.CacheBuilder$OneWeigher
1753:             1             24  com.google.common.cache.LocalCache$EntryFactory$1
1754:             1             24  com.google.common.cache.LocalCache$EntryFactory$2
1755:             1             24  com.google.common.cache.LocalCache$EntryFactory$3
1756:             1             24  com.google.common.cache.LocalCache$EntryFactory$4
1757:             1             24  com.google.common.cache.LocalCache$EntryFactory$5
1758:             1             24  com.google.common.cache.LocalCache$EntryFactory$6
1759:             1             24  com.google.common.cache.LocalCache$EntryFactory$7
1760:             1             24  com.google.common.cache.LocalCache$EntryFactory$8
1761:             1             24  com.google.common.cache.LocalCache$Strength$1
1762:             1             24  com.google.common.cache.LocalCache$Strength$2
1763:             1             24  com.google.common.cache.LocalCache$Strength$3
1764:             1             24  com.sun.beans.util.Cache$Kind$1 (java.desktop@11.0.8)
1765:             1             24  com.sun.beans.util.Cache$Kind$2 (java.desktop@11.0.8)
1766:             1             24  com.sun.beans.util.Cache$Kind$3 (java.desktop@11.0.8)
1767:             1             24  com.sun.jmx.mbeanserver.ClassLoaderRepositorySupport (java.management@11.0.8)
1768:             1             24  com.sun.jmx.mbeanserver.MXBeanLookup (java.management@11.0.8)
1769:             1             24  com.sun.jmx.remote.util.ClassLogger (java.management@11.0.8)
1770:             1             24  com.sun.management.internal.HotSpotThreadImpl (jdk.management@11.0.8)
1771:             1             24  com.sun.management.internal.OperatingSystemImpl (jdk.management@11.0.8)
1772:             1             24  com.sun.management.internal.PlatformMBeanProviderImpl$1 (jdk.management@11.0.8)
1773:             1             24  com.sun.management.internal.PlatformMBeanProviderImpl$2 (jdk.management@11.0.8)
1774:             1             24  com.sun.management.internal.PlatformMBeanProviderImpl$3 (jdk.management@11.0.8)
1775:             1             24  com.sun.management.internal.PlatformMBeanProviderImpl$4 (jdk.management@11.0.8)
1776:             1             24  com.sun.management.internal.PlatformMBeanProviderImpl$5 (jdk.management@11.0.8)
1777:             1             24  com.sun.org.apache.xerces.internal.impl.Constants$ArrayEnumeration (java.xml@11.0.8)
1778:             1             24  com.sun.org.apache.xerces.internal.impl.XMLNSDocumentScannerImpl$NSContentDriver (java.xml@11.0.8)
1779:             1             24  com.sun.org.apache.xerces.internal.impl.dtd.DTDGrammarBucket (java.xml@11.0.8)
1780:             1             24  com.sun.org.apache.xerces.internal.impl.dtd.XMLAttributeDecl (java.xml@11.0.8)
1781:             1             24  com.sun.org.apache.xerces.internal.impl.msg.XMLMessageFormatter (java.xml@11.0.8)
1782:             1             24  com.sun.org.apache.xerces.internal.impl.validation.ValidationManager (java.xml@11.0.8)
1783:             1             24  com.sun.org.apache.xerces.internal.impl.xpath.regex.Op$CharOp (java.xml@11.0.8)
1784:             1             24  com.sun.org.apache.xerces.internal.impl.xpath.regex.RegularExpression$ClosureContext (java.xml@11.0.8)
1785:             1             24  com.sun.org.apache.xerces.internal.impl.xs.XSMessageFormatter (java.xml@11.0.8)
1786:             1             24  com.sun.org.apache.xerces.internal.impl.xs.util.ShortListImpl (java.xml@11.0.8)
1787:             1             24  com.sun.xml.bind.v2.model.annotation.RuntimeInlineAnnotationReader
1788:             1             24  com.sun.xml.bind.v2.model.annotation.XmlAttributeQuick
1789:             1             24  com.sun.xml.bind.v2.model.annotation.XmlElementDeclQuick
1790:             1             24  com.sun.xml.bind.v2.model.annotation.XmlElementQuick
1791:             1             24  com.sun.xml.bind.v2.model.annotation.XmlElementRefQuick
1792:             1             24  com.sun.xml.bind.v2.model.annotation.XmlElementRefsQuick
1793:             1             24  com.sun.xml.bind.v2.model.annotation.XmlEnumQuick
1794:             1             24  com.sun.xml.bind.v2.model.annotation.XmlRootElementQuick
1795:             1             24  com.sun.xml.bind.v2.model.annotation.XmlSchemaTypeQuick
1796:             1             24  com.sun.xml.bind.v2.model.annotation.XmlTransientQuick
1797:             1             24  com.sun.xml.bind.v2.model.annotation.XmlTypeQuick
1798:             1             24  com.sun.xml.bind.v2.model.annotation.XmlValueQuick
1799:             1             24  com.sun.xml.bind.v2.model.impl.RuntimeAnyTypeImpl
1800:             1             24  com.sun.xml.bind.v2.model.impl.RuntimeBuiltinLeafInfoImpl$10
1801:             1             24  com.sun.xml.bind.v2.model.impl.RuntimeBuiltinLeafInfoImpl$11
1802:             1             24  com.sun.xml.bind.v2.model.impl.RuntimeBuiltinLeafInfoImpl$12
1803:             1             24  com.sun.xml.bind.v2.model.impl.RuntimeBuiltinLeafInfoImpl$13
1804:             1             24  com.sun.xml.bind.v2.model.impl.RuntimeBuiltinLeafInfoImpl$14
1805:             1             24  com.sun.xml.bind.v2.model.impl.RuntimeBuiltinLeafInfoImpl$15
1806:             1             24  com.sun.xml.bind.v2.model.impl.RuntimeBuiltinLeafInfoImpl$16
1807:             1             24  com.sun.xml.bind.v2.model.impl.RuntimeBuiltinLeafInfoImpl$17
1808:             1             24  com.sun.xml.bind.v2.model.impl.RuntimeBuiltinLeafInfoImpl$18
1809:             1             24  com.sun.xml.bind.v2.model.impl.RuntimeBuiltinLeafInfoImpl$19
1810:             1             24  com.sun.xml.bind.v2.model.impl.RuntimeBuiltinLeafInfoImpl$2
1811:             1             24  com.sun.xml.bind.v2.model.impl.RuntimeBuiltinLeafInfoImpl$20
1812:             1             24  com.sun.xml.bind.v2.model.impl.RuntimeBuiltinLeafInfoImpl$21
1813:             1             24  com.sun.xml.bind.v2.model.impl.RuntimeBuiltinLeafInfoImpl$22
1814:             1             24  com.sun.xml.bind.v2.model.impl.RuntimeBuiltinLeafInfoImpl$23
1815:             1             24  com.sun.xml.bind.v2.model.impl.RuntimeBuiltinLeafInfoImpl$24
1816:             1             24  com.sun.xml.bind.v2.model.impl.RuntimeBuiltinLeafInfoImpl$26
1817:             1             24  com.sun.xml.bind.v2.model.impl.RuntimeBuiltinLeafInfoImpl$27
1818:             1             24  com.sun.xml.bind.v2.model.impl.RuntimeBuiltinLeafInfoImpl$3
1819:             1             24  com.sun.xml.bind.v2.model.impl.RuntimeBuiltinLeafInfoImpl$4
1820:             1             24  com.sun.xml.bind.v2.model.impl.RuntimeBuiltinLeafInfoImpl$5
1821:             1             24  com.sun.xml.bind.v2.model.impl.RuntimeBuiltinLeafInfoImpl$6
1822:             1             24  com.sun.xml.bind.v2.model.impl.RuntimeBuiltinLeafInfoImpl$7
1823:             1             24  com.sun.xml.bind.v2.model.impl.RuntimeBuiltinLeafInfoImpl$8
1824:             1             24  com.sun.xml.bind.v2.model.impl.RuntimeBuiltinLeafInfoImpl$9
1825:             1             24  com.sun.xml.bind.v2.model.impl.RuntimeBuiltinLeafInfoImpl$StringImplImpl
1826:             1             24  com.sun.xml.bind.v2.model.impl.RuntimeBuiltinLeafInfoImpl$UUIDImpl
1827:             1             24  com.sun.xml.bind.v2.runtime.ElementBeanInfoImpl$1
1828:             1             24  com.sun.xml.bind.v2.runtime.JAXBContextImpl$1
1829:             1             24  com.sun.xml.bind.v2.runtime.JAXBContextImpl$2
1830:             1             24  com.sun.xml.bind.v2.runtime.unmarshaller.DomLoader
1831:             1             24  io.hawt.jmx.About
1832:             1             24  io.hawt.jmx.QuartzFacade
1833:             1             24  io.hawt.jmx.RBACRegistry
1834:             1             24  io.hawt.system.ConfigManager
1835:             1             24  io.hawt.web.auth.AuthenticationFilter
1836:             1             24  io.hawt.web.auth.Redirector
1837:             1             24  io.hawt.web.auth.SessionExpiryFilter
1838:             1             24  io.hawt.web.filters.BaseTagHrefFilter
1839:             1             24  io.hawt.web.filters.CacheHeadersFilter
1840:             1             24  io.hawt.web.filters.PublicKeyPinningFilter
1841:             1             24  io.hawt.web.filters.StrictTransportSecurityFilter
1842:             1             24  io.hawt.web.servlets.JolokiaConfiguredAgentServlet$ServletConfigWrapper
1843:             1             24  io.netty.buffer.PooledByteBufAllocator$PoolThreadLocalCache
1844:             1             24  io.netty.buffer.UnpooledByteBufAllocator$UnpooledByteBufAllocatorMetric
1845:             1             24  io.netty.buffer.UnreleasableByteBuf
1846:             1             24  io.netty.channel.ChannelOption$1
1847:             1             24  io.netty.util.ResourceLeakDetectorFactory$DefaultResourceLeakDetectorFactory
1848:             1             24  io.netty.util.concurrent.FailedFuture
1849:             1             24  io.netty.util.internal.DefaultPriorityQueue
1850:             1             24  io.netty.util.internal.ThreadExecutorMap$3
1851:             1             24  java.lang.ProcessEnvironment$StringEnvironment (java.base@11.0.8)
1852:             1             24  java.lang.ProcessHandleImpl$$Lambda$279/0x000000080044d840 (java.base@11.0.8)
1853:             1             24  java.lang.StackWalker$ExtendedOption (java.base@11.0.8)
1854:             1             24  java.lang.invoke.DirectMethodHandle$EnsureInitialized (java.base@11.0.8)
1855:             1             24  java.lang.invoke.MethodHandleImpl$ArrayAccessor$1 (java.base@11.0.8)
1856:             1             24  java.lang.invoke.MethodHandleImpl$BindCaller$1 (java.base@11.0.8)
1857:             1             24  java.lang.invoke.MethodType$ConcurrentWeakInternSet (java.base@11.0.8)
1858:             1             24  java.lang.invoke.StringConcatFactory$Stringifiers$StringifierAny (java.base@11.0.8)
1859:             1             24  java.lang.invoke.StringConcatFactory$Stringifiers$StringifierMost (java.base@11.0.8)
1860:             1             24  java.lang.management.DefaultPlatformMBeanProvider$1 (java.management@11.0.8)
1861:             1             24  java.lang.management.DefaultPlatformMBeanProvider$10 (java.management@11.0.8)
1862:             1             24  java.lang.management.DefaultPlatformMBeanProvider$11 (java.management@11.0.8)
1863:             1             24  java.lang.management.DefaultPlatformMBeanProvider$2 (java.management@11.0.8)
1864:             1             24  java.lang.management.DefaultPlatformMBeanProvider$3 (java.management@11.0.8)
1865:             1             24  java.lang.management.DefaultPlatformMBeanProvider$4 (java.management@11.0.8)
1866:             1             24  java.lang.management.DefaultPlatformMBeanProvider$5 (java.management@11.0.8)
1867:             1             24  java.lang.management.DefaultPlatformMBeanProvider$6 (java.management@11.0.8)
1868:             1             24  java.lang.management.DefaultPlatformMBeanProvider$7 (java.management@11.0.8)
1869:             1             24  java.lang.management.DefaultPlatformMBeanProvider$8 (java.management@11.0.8)
1870:             1             24  java.lang.management.DefaultPlatformMBeanProvider$9 (java.management@11.0.8)
1871:             1             24  java.net.Inet6AddressImpl (java.base@11.0.8)
1872:             1             24  java.nio.file.LinkOption (java.base@11.0.8)
1873:             1             24  java.security.AllPermissionCollection (java.base@11.0.8)
1874:             1             24  java.time.Clock$SystemClock (java.base@11.0.8)
1875:             1             24  java.time.ZoneRegion (java.base@11.0.8)
1876:             1             24  java.time.format.DecimalStyle (java.base@11.0.8)
1877:             1             24  java.time.temporal.IsoFields$Field$1 (java.base@11.0.8)
1878:             1             24  java.time.temporal.IsoFields$Field$2 (java.base@11.0.8)
1879:             1             24  java.time.temporal.IsoFields$Field$3 (java.base@11.0.8)
1880:             1             24  java.time.temporal.IsoFields$Field$4 (java.base@11.0.8)
1881:             1             24  java.time.zone.TzdbZoneRulesProvider (java.base@11.0.8)
1882:             1             24  java.util.Collections$3 (java.base@11.0.8)
1883:             1             24  java.util.Collections$EmptyMap (java.base@11.0.8)
1884:             1             24  java.util.Collections$SynchronizedCollection (java.base@11.0.8)
1885:             1             24  java.util.Comparators$NaturalOrderComparator (java.base@11.0.8)
1886:             1             24  java.util.Locale$Cache (java.base@11.0.8)
1887:             1             24  java.util.ResourceBundle$Control$CandidateListCache (java.base@11.0.8)
1888:             1             24  java.util.TaskQueue (java.base@11.0.8)
1889:             1             24  java.util.Timer (java.base@11.0.8)
1890:             1             24  java.util.concurrent.ConcurrentLinkedDeque (java.base@11.0.8)
1891:             1             24  java.util.concurrent.Executors$DefaultThreadFactory (java.base@11.0.8)
1892:             1             24  java.util.concurrent.LinkedBlockingDeque$Node (java.base@11.0.8)
1893:             1             24  java.util.logging.LogManager$LoggerContext (java.logging@11.0.8)
1894:             1             24  java.util.regex.Pattern$Pos (java.base@11.0.8)
1895:             1             24  java.util.regex.Pattern$Prolog (java.base@11.0.8)
1896:             1             24  java.util.zip.ZipCoder$UTF8 (java.base@11.0.8)
1897:             1             24  javax.management.ObjectInstance (java.management@11.0.8)
1898:             1             24  javax.management.ObjectName$PatternProperty (java.management@11.0.8)
1899:             1             24  jdk.internal.jimage.ImageReader (java.base@11.0.8)
1900:             1             24  jdk.internal.logger.BootstrapLogger$RedirectedLoggers (java.base@11.0.8)
1901:             1             24  jdk.internal.module.ModuleHashes (java.base@11.0.8)
1902:             1             24  jdk.internal.module.SystemModuleFinders$SystemModuleFinder (java.base@11.0.8)
1903:             1             24  jdk.management.jfr.StreamManager (jdk.management.jfr@11.0.8)
1904:             1             24  jdk.management.jfr.internal.FlightRecorderMXBeanProvider$SingleMBeanComponent (jdk.management.jfr@11.0.8)
1905:             1             24  org.apache.activemq.artemis.cli.commands.ActionContext
1906:             1             24  org.apache.activemq.artemis.commons.shaded.johnzon.core.JsonBuilderFactoryImpl
1907:             1             24  org.apache.activemq.artemis.commons.shaded.johnzon.core.JsonReaderFactoryImpl
1908:             1             24  org.apache.activemq.artemis.commons.shaded.johnzon.core.JsonWriterFactoryImpl
1909:             1             24  org.apache.activemq.artemis.commons.shaded.json.EmptyObject
1910:             1             24  org.apache.activemq.artemis.core.buffers.impl.ChannelBufferWrapper
1911:             1             24  org.apache.activemq.artemis.core.config.MetricsConfiguration
1912:             1             24  org.apache.activemq.artemis.core.config.impl.RoleSet
1913:             1             24  org.apache.activemq.artemis.core.journal.impl.ObjIntIntArrayList
1914:             1             24  org.apache.activemq.artemis.core.messagecounter.impl.MessageCounterManagerImpl
1915:             1             24  org.apache.activemq.artemis.core.paging.impl.PagingManagerImpl$LocalMonitor
1916:             1             24  org.apache.activemq.artemis.core.postoffice.impl.AddressMap
1917:             1             24  org.apache.activemq.artemis.core.protocol.openwire.OpenWireRoutingHandler
1918:             1             24  org.apache.activemq.artemis.core.server.cluster.ha.StandaloneHAManager
1919:             1             24  org.apache.activemq.artemis.core.server.federation.FederationManager
1920:             1             24  org.apache.activemq.artemis.core.server.impl.ActiveMQServerImpl$$Lambda$185/0x000000080035b840
1921:             1             24  org.apache.activemq.artemis.core.server.impl.ActiveMQServerImpl$DefaultCriticalErrorListener
1922:             1             24  org.apache.activemq.artemis.core.server.impl.ServerStatus
1923:             1             24  org.apache.activemq.artemis.core.server.management.ArtemisMBeanServerBuilder$MBeanInvocationHandler
1924:             1             24  org.apache.activemq.artemis.core.transaction.impl.ResourceManagerImpl$TxTimeoutHandler
1925:             1             24  org.apache.activemq.artemis.dto.JaasSecurityDTO
1926:             1             24  org.apache.activemq.artemis.dto.ServerDTO
1927:             1             24  org.apache.activemq.artemis.json.impl.JsonArrayImpl
1928:             1             24  org.apache.activemq.artemis.protocol.amqp.sasl.scram.SHA256SCRAMServerSASLFactory
1929:             1             24  org.apache.activemq.artemis.protocol.amqp.sasl.scram.SHA512SCRAMServerSASLFactory
1930:             1             24  org.apache.activemq.artemis.utils.UUID
1931:             1             24  org.apache.activemq.artemis.utils.uri.FluentPropertyBeanIntrospectorWithIgnores
1932:             1             24  org.apache.activemq.util.DataByteArrayInputStream
1933:             1             24  org.apache.activemq.util.DataByteArrayOutputStream
1934:             1             24  org.apache.activemq.util.LongSequenceGenerator
1935:             1             24  org.apache.commons.beanutils.BeanUtilsBean
1936:             1             24  org.apache.commons.beanutils.BeanUtilsBean$1
1937:             1             24  org.apache.commons.beanutils.converters.StringConverter
1938:             1             24  org.apache.commons.logging.impl.WeakHashtable$Referenced
1939:             1             24  org.apache.logging.log4j.core.appender.ConsoleAppender$Target$1
1940:             1             24  org.apache.logging.log4j.core.appender.ConsoleAppender$Target$2
1941:             1             24  org.apache.logging.log4j.core.appender.rolling.FileExtension$1
1942:             1             24  org.apache.logging.log4j.core.appender.rolling.FileExtension$2
1943:             1             24  org.apache.logging.log4j.core.appender.rolling.FileExtension$3
1944:             1             24  org.apache.logging.log4j.core.appender.rolling.FileExtension$4
1945:             1             24  org.apache.logging.log4j.core.appender.rolling.FileExtension$5
1946:             1             24  org.apache.logging.log4j.core.appender.rolling.FileExtension$6
1947:             1             24  org.apache.logging.log4j.core.async.ThreadNameCachingStrategy$1
1948:             1             24  org.apache.logging.log4j.core.async.ThreadNameCachingStrategy$2
1949:             1             24  org.apache.logging.log4j.core.config.LoggerConfig$LoggerConfigPredicate$1
1950:             1             24  org.apache.logging.log4j.core.config.LoggerConfig$LoggerConfigPredicate$2
1951:             1             24  org.apache.logging.log4j.core.config.LoggerConfig$LoggerConfigPredicate$3
1952:             1             24  org.apache.logging.log4j.core.config.Loggers
1953:             1             24  org.apache.logging.log4j.core.config.json.JsonConfigurationFactory
1954:             1             24  org.apache.logging.log4j.core.config.plugins.util.PluginRegistry
1955:             1             24  org.apache.logging.log4j.core.config.yaml.YamlConfigurationFactory
1956:             1             24  org.apache.logging.log4j.core.impl.Log4jContextFactory
1957:             1             24  org.apache.logging.log4j.core.pattern.LevelPatternConverter$SimpleLevelPatternConverter
1958:             1             24  org.apache.logging.log4j.core.pattern.LineSeparatorPatternConverter
1959:             1             24  org.apache.logging.log4j.core.pattern.LoggerPatternConverter
1960:             1             24  org.apache.logging.log4j.core.pattern.MessagePatternConverter$SimpleMessagePatternConverter
1961:             1             24  org.apache.logging.log4j.core.pattern.NameAbbreviator$MaxElementAbbreviator$Strategy$1
1962:             1             24  org.apache.logging.log4j.core.pattern.NameAbbreviator$MaxElementAbbreviator$Strategy$2
1963:             1             24  org.apache.logging.log4j.core.pattern.PatternParser
1964:             1             24  org.apache.logging.log4j.core.pattern.SimpleLiteralPatternConverter$Space
1965:             1             24  org.apache.logging.log4j.core.pattern.ThreadNamePatternConverter
1966:             1             24  org.apache.logging.log4j.core.util.WatchManager$WatchRunnable
1967:             1             24  org.apache.logging.log4j.spi.DefaultThreadContextMap
1968:             1             24  org.apache.logging.log4j.spi.LoggerRegistry
1969:             1             24  org.apache.logging.log4j.status.StatusConsoleListener
1970:             1             24  org.apache.logging.slf4j.Log4jLoggerFactory
1971:             1             24  org.apache.logging.slf4j.Log4jMarker
1972:             1             24  org.eclipse.jetty.server.AbstractConnector$2
1973:             1             24  org.eclipse.jetty.server.AbstractConnector$Acceptor
1974:             1             24  org.eclipse.jetty.util.IO$NullWrite
1975:             1             24  org.eclipse.jetty.util.Uptime$DefaultImpl
1976:             1             24  org.eclipse.jetty.xml.XmlParser$NoopHandler
1977:             1             24  org.jolokia.converter.Converters
1978:             1             24  org.jolokia.converter.json.simplifier.BigIntegerSimplifier
1979:             1             24  org.jolokia.converter.json.simplifier.ClassSimplifier
1980:             1             24  org.jolokia.converter.json.simplifier.DomElementSimplifier
1981:             1             24  org.jolokia.converter.json.simplifier.FileSimplifier
1982:             1             24  org.jolokia.converter.json.simplifier.ObjectNameSimplifier
1983:             1             24  org.jolokia.converter.json.simplifier.UrlSimplifier
1984:             1             24  org.jolokia.converter.object.ArrayTypeConverter
1985:             1             24  org.jolokia.converter.object.CompositeTypeConverter
1986:             1             24  org.jolokia.converter.object.SimpleTypeConverter
1987:             1             24  org.jolokia.converter.object.StringToOpenTypeConverter
1988:             1             24  org.jolokia.converter.object.TabularDataConverter
1989:             1             24  org.jolokia.discovery.JolokiaDiscovery
1990:             1             24  org.jolokia.handler.ExecHandler
1991:             1             24  org.jolokia.handler.VersionHandler
1992:             1             24  org.jolokia.handler.WriteHandler
1993:             1             24  org.jolokia.http.AgentServlet$1
1994:             1             24  org.jolokia.http.HttpRequestHandler
1995:             1             24  org.jolokia.restrictor.policy.CorsChecker
1996:             1             24  org.jolokia.restrictor.policy.MBeanAccessChecker
1997:             1             24  org.jolokia.restrictor.policy.NetworkChecker
1998:             1             24  org.jolokia.util.DebugStore
1999:             1             24  org.slf4j.helpers.SubstituteLoggerFactory
2000:             1             24  sun.management.CompilationImpl (java.management@11.0.8)
2001:             1             24  sun.management.ManagementFactoryHelper$LoggingMXBeanAccess (java.management@11.0.8)
2002:             1             24  sun.management.ManagementFactoryHelper$PlatformLoggingImpl (java.management@11.0.8)
2003:             1             24  sun.management.MemoryImpl (java.management@11.0.8)
2004:             1             24  sun.management.RuntimeImpl (java.management@11.0.8)
2005:             1             24  sun.management.VMManagementImpl (java.management@11.0.8)
2006:             1             24  sun.net.ProgressMonitor (java.base@11.0.8)
2007:             1             24  sun.net.sdp.SdpProvider (java.base@11.0.8)
2008:             1             24  sun.nio.cs.ISO_8859_1 (java.base@11.0.8)
2009:             1             24  sun.nio.cs.US_ASCII (java.base@11.0.8)
2010:             1             24  sun.nio.cs.UTF_16 (java.base@11.0.8)
2011:             1             24  sun.nio.cs.UTF_16BE (java.base@11.0.8)
2012:             1             24  sun.nio.cs.UTF_16LE (java.base@11.0.8)
2013:             1             24  sun.nio.cs.UTF_8 (java.base@11.0.8)
2014:             1             24  sun.util.cldr.CLDRCalendarDataProviderImpl (java.base@11.0.8)
2015:             1             24  sun.util.cldr.CLDRTimeZoneNameProviderImpl (java.base@11.0.8)
2016:             1             24  sun.util.locale.BaseLocale$Cache (java.base@11.0.8)
2017:             1             24  sun.util.locale.provider.CalendarProviderImpl (java.base@11.0.8)
2018:             1             24  sun.util.locale.provider.DateFormatSymbolsProviderImpl (java.base@11.0.8)
2019:             1             24  sun.util.locale.provider.DecimalFormatSymbolsProviderImpl (java.base@11.0.8)
2020:             1             24  sun.util.locale.provider.NumberFormatProviderImpl (java.base@11.0.8)
2021:             1             24  sun.util.locale.provider.TimeZoneNameProviderImpl (java.base@11.0.8)
2022:             1             16  [Lcom.sun.org.apache.xerces.internal.impl.xs.SubstitutionGroupHandler$OneSubGroup; (java.xml@11.0.8)
2023:             1             16  [Lcom.sun.org.apache.xerces.internal.xs.XSObject; (java.xml@11.0.8)
2024:             1             16  [Lio.netty.util.AsciiString;
2025:             1             16  [Lio.netty.util.DefaultAttributeMap$DefaultAttribute;
2026:             1             16  [Ljava.beans.EventSetDescriptor; (java.desktop@11.0.8)
2027:             1             16  [Ljava.io.File; (java.base@11.0.8)
2028:             1             16  [Ljava.lang.ClassLoader; (java.base@11.0.8)
2029:             1             16  [Ljava.lang.Double; (java.base@11.0.8)
2030:             1             16  [Ljava.lang.Float; (java.base@11.0.8)
2031:             1             16  [Ljava.lang.Throwable; (java.base@11.0.8)
2032:             1             16  [Ljava.net.URL; (java.base@11.0.8)
2033:             1             16  [Ljava.nio.ByteBuffer; (java.base@11.0.8)
2034:             1             16  [Ljava.nio.file.attribute.FileAttribute; (java.base@11.0.8)
2035:             1             16  [Ljava.security.Provider; (java.base@11.0.8)
2036:             1             16  [Ljava.security.cert.X509Certificate; (java.base@11.0.8)
2037:             1             16  [Ljava.sql.Date; (java.sql@11.0.8)
2038:             1             16  [Ljava.sql.Time; (java.sql@11.0.8)
2039:             1             16  [Ljava.sql.Timestamp; (java.sql@11.0.8)
2040:             1             16  [Ljava.text.FieldPosition; (java.base@11.0.8)
2041:             1             16  [Ljava.util.Calendar; (java.base@11.0.8)
2042:             1             16  [Ljava.util.Date; (java.base@11.0.8)
2043:             1             16  [Ljava.util.logging.Handler; (java.logging@11.0.8)
2044:             1             16  [Ljavax.security.cert.X509Certificate; (java.base@11.0.8)
2045:             1             16  [Ljavax.xml.bind.annotation.XmlNs;
2046:             1             16  [Lorg.apache.http.Header;
2047:             1             16  [Lorg.apache.http.HeaderElement;
2048:             1             16  [Lorg.apache.logging.log4j.Level;
2049:             1             16  [Lorg.apache.logging.log4j.core.Appender;
2050:             1             16  [Lorg.apache.logging.log4j.spi.LoggerContext;
2051:             1             16  com.google.common.base.CharMatcher$None
2052:             1             16  com.google.common.base.Equivalence$Equals
2053:             1             16  com.google.common.base.Suppliers$SupplierOfInstance
2054:             1             16  com.google.common.base.Ticker$1
2055:             1             16  com.google.common.cache.CacheBuilder$1
2056:             1             16  com.google.common.cache.CacheBuilder$2
2057:             1             16  com.google.common.cache.CacheBuilder$3
2058:             1             16  com.google.common.cache.LocalCache$1
2059:             1             16  com.google.common.cache.LocalCache$2
2060:             1             16  com.google.common.collect.CollectCollectors$$Lambda$46/0x0000000800155440
2061:             1             16  com.google.common.collect.CollectCollectors$$Lambda$47/0x0000000800154840
2062:             1             16  com.google.common.collect.CollectCollectors$$Lambda$48/0x0000000800154c40
2063:             1             16  com.google.common.collect.CollectCollectors$$Lambda$49/0x0000000800154040
2064:             1             16  com.google.common.collect.CollectCollectors$$Lambda$50/0x0000000800154440
2065:             1             16  com.google.common.collect.CollectCollectors$$Lambda$51/0x0000000800153c40
2066:             1             16  com.google.common.collect.CollectCollectors$$Lambda$52/0x0000000800153040
2067:             1             16  com.google.common.collect.CollectCollectors$$Lambda$53/0x0000000800153440
2068:             1             16  com.google.common.collect.CollectCollectors$$Lambda$54/0x0000000800152840
2069:             1             16  com.google.common.collect.CollectCollectors$$Lambda$55/0x0000000800152c40
2070:             1             16  com.google.common.collect.CollectCollectors$$Lambda$56/0x0000000800152040
2071:             1             16  com.google.common.collect.CollectCollectors$$Lambda$57/0x0000000800152440
2072:             1             16  com.sun.beans.introspect.MethodInfo$MethodOrder (java.desktop@11.0.8)
2073:             1             16  com.sun.jmx.interceptor.DefaultMBeanServerInterceptor$ResourceContext$1 (java.management@11.0.8)
2074:             1             16  com.sun.jmx.mbeanserver.DefaultMXBeanMappingFactory (java.management@11.0.8)
2075:             1             16  com.sun.jmx.mbeanserver.DescriptorCache (java.management@11.0.8)
2076:             1             16  com.sun.jmx.mbeanserver.MBeanAnalyzer$MethodOrder (java.management@11.0.8)
2077:             1             16  com.sun.jmx.mbeanserver.MBeanInstantiator (java.management@11.0.8)
2078:             1             16  com.sun.jmx.mbeanserver.MXBeanIntrospector (java.management@11.0.8)
2079:             1             16  com.sun.jmx.mbeanserver.SecureClassLoaderRepository (java.management@11.0.8)
2080:             1             16  com.sun.jmx.mbeanserver.StandardMBeanIntrospector (java.management@11.0.8)
2081:             1             16  com.sun.management.internal.HotSpotDiagnostic (jdk.management@11.0.8)
2082:             1             16  com.sun.management.internal.PlatformMBeanProviderImpl (jdk.management@11.0.8)
2083:             1             16  com.sun.management.internal.PlatformMBeanProviderImpl$$Lambda$95/0x0000000800230040 (jdk.management@11.0.8)
2084:             1             16  com.sun.naming.internal.VersionHelper (java.naming@11.0.8)
2085:             1             16  com.sun.naming.internal.VersionHelper$$Lambda$367/0x0000000800533440 (java.naming@11.0.8)
2086:             1             16  com.sun.naming.internal.VersionHelper$$Lambda$368/0x0000000800537840 (java.naming@11.0.8)
2087:             1             16  com.sun.naming.internal.VersionHelper$$Lambda$369/0x0000000800537c40 (java.naming@11.0.8)
2088:             1             16  com.sun.org.apache.xerces.internal.dom.CharacterDataImpl$1 (java.xml@11.0.8)
2089:             1             16  com.sun.org.apache.xerces.internal.impl.XMLDocumentScannerImpl$PrologDriver (java.xml@11.0.8)
2090:             1             16  com.sun.org.apache.xerces.internal.impl.XMLDocumentScannerImpl$TrailingMiscDriver (java.xml@11.0.8)
2091:             1             16  com.sun.org.apache.xerces.internal.impl.XMLDocumentScannerImpl$XMLDeclDriver (java.xml@11.0.8)
2092:             1             16  com.sun.org.apache.xerces.internal.impl.dv.dtd.DTDDVFactoryImpl (java.xml@11.0.8)
2093:             1             16  com.sun.org.apache.xerces.internal.impl.dv.dtd.IDDatatypeValidator (java.xml@11.0.8)
2094:             1             16  com.sun.org.apache.xerces.internal.impl.dv.dtd.IDREFDatatypeValidator (java.xml@11.0.8)
2095:             1             16  com.sun.org.apache.xerces.internal.impl.dv.dtd.NMTOKENDatatypeValidator (java.xml@11.0.8)
2096:             1             16  com.sun.org.apache.xerces.internal.impl.dv.dtd.NOTATIONDatatypeValidator (java.xml@11.0.8)
2097:             1             16  com.sun.org.apache.xerces.internal.impl.dv.dtd.StringDatatypeValidator (java.xml@11.0.8)
2098:             1             16  com.sun.org.apache.xerces.internal.impl.dv.xs.AnyAtomicDV (java.xml@11.0.8)
2099:             1             16  com.sun.org.apache.xerces.internal.impl.dv.xs.AnySimpleDV (java.xml@11.0.8)
2100:             1             16  com.sun.org.apache.xerces.internal.impl.dv.xs.AnyURIDV (java.xml@11.0.8)
2101:             1             16  com.sun.org.apache.xerces.internal.impl.dv.xs.Base64BinaryDV (java.xml@11.0.8)
2102:             1             16  com.sun.org.apache.xerces.internal.impl.dv.xs.BooleanDV (java.xml@11.0.8)
2103:             1             16  com.sun.org.apache.xerces.internal.impl.dv.xs.DateDV (java.xml@11.0.8)
2104:             1             16  com.sun.org.apache.xerces.internal.impl.dv.xs.DateTimeDV (java.xml@11.0.8)
2105:             1             16  com.sun.org.apache.xerces.internal.impl.dv.xs.DayDV (java.xml@11.0.8)
2106:             1             16  com.sun.org.apache.xerces.internal.impl.dv.xs.DayTimeDurationDV (java.xml@11.0.8)
2107:             1             16  com.sun.org.apache.xerces.internal.impl.dv.xs.DecimalDV (java.xml@11.0.8)
2108:             1             16  com.sun.org.apache.xerces.internal.impl.dv.xs.DoubleDV (java.xml@11.0.8)
2109:             1             16  com.sun.org.apache.xerces.internal.impl.dv.xs.DurationDV (java.xml@11.0.8)
2110:             1             16  com.sun.org.apache.xerces.internal.impl.dv.xs.EntityDV (java.xml@11.0.8)
2111:             1             16  com.sun.org.apache.xerces.internal.impl.dv.xs.FloatDV (java.xml@11.0.8)
2112:             1             16  com.sun.org.apache.xerces.internal.impl.dv.xs.HexBinaryDV (java.xml@11.0.8)
2113:             1             16  com.sun.org.apache.xerces.internal.impl.dv.xs.IDDV (java.xml@11.0.8)
2114:             1             16  com.sun.org.apache.xerces.internal.impl.dv.xs.IDREFDV (java.xml@11.0.8)
2115:             1             16  com.sun.org.apache.xerces.internal.impl.dv.xs.IntegerDV (java.xml@11.0.8)
2116:             1             16  com.sun.org.apache.xerces.internal.impl.dv.xs.ListDV (java.xml@11.0.8)
2117:             1             16  com.sun.org.apache.xerces.internal.impl.dv.xs.MonthDV (java.xml@11.0.8)
2118:             1             16  com.sun.org.apache.xerces.internal.impl.dv.xs.MonthDayDV (java.xml@11.0.8)
2119:             1             16  com.sun.org.apache.xerces.internal.impl.dv.xs.PrecisionDecimalDV (java.xml@11.0.8)
2120:             1             16  com.sun.org.apache.xerces.internal.impl.dv.xs.StringDV (java.xml@11.0.8)
2121:             1             16  com.sun.org.apache.xerces.internal.impl.dv.xs.TimeDV (java.xml@11.0.8)
2122:             1             16  com.sun.org.apache.xerces.internal.impl.dv.xs.UnionDV (java.xml@11.0.8)
2123:             1             16  com.sun.org.apache.xerces.internal.impl.dv.xs.XSSimpleTypeDecl$1 (java.xml@11.0.8)
2124:             1             16  com.sun.org.apache.xerces.internal.impl.dv.xs.XSSimpleTypeDecl$4 (java.xml@11.0.8)
2125:             1             16  com.sun.org.apache.xerces.internal.impl.dv.xs.YearDV (java.xml@11.0.8)
2126:             1             16  com.sun.org.apache.xerces.internal.impl.dv.xs.YearMonthDV (java.xml@11.0.8)
2127:             1             16  com.sun.org.apache.xerces.internal.impl.dv.xs.YearMonthDurationDV (java.xml@11.0.8)
2128:             1             16  com.sun.org.apache.xerces.internal.impl.xpath.regex.RegularExpression$StringTarget (java.xml@11.0.8)
2129:             1             16  com.sun.org.apache.xerces.internal.impl.xs.XSConstraints$1 (java.xml@11.0.8)
2130:             1             16  com.sun.org.apache.xerces.internal.impl.xs.models.XSEmptyCM (java.xml@11.0.8)
2131:             1             16  com.sun.org.apache.xerces.internal.impl.xs.util.XIntPool (java.xml@11.0.8)
2132:             1             16  com.sun.org.apache.xerces.internal.impl.xs.util.XSObjectListImpl$EmptyIterator (java.xml@11.0.8)
2133:             1             16  com.sun.org.apache.xerces.internal.jaxp.datatype.DatatypeFactoryImpl (java.xml@11.0.8)
2134:             1             16  com.sun.org.apache.xerces.internal.jaxp.validation.DraconianErrorHandler (java.xml@11.0.8)
2135:             1             16  com.sun.org.apache.xerces.internal.jaxp.validation.XMLSchemaFactory$XMLGrammarPoolWrapper (java.xml@11.0.8)
2136:             1             16  com.sun.org.apache.xerces.internal.parsers.AbstractSAXParser$AttributesProxy (java.xml@11.0.8)
2137:             1             16  com.sun.org.apache.xerces.internal.util.DOMEntityResolverWrapper (java.xml@11.0.8)
2138:             1             16  com.sun.org.apache.xerces.internal.util.EntityResolverWrapper (java.xml@11.0.8)
2139:             1             16  com.sun.proxy.$Proxy18
2140:             1             16  com.sun.proxy.$Proxy25
2141:             1             16  com.sun.proxy.$Proxy30
2142:             1             16  com.sun.proxy.$Proxy35
2143:             1             16  com.sun.proxy.$Proxy4
2144:             1             16  com.sun.proxy.$Proxy7
2145:             1             16  com.sun.xml.bind.AccessorFactoryImpl
2146:             1             16  com.sun.xml.bind.api.impl.NameConverter$1
2147:             1             16  com.sun.xml.bind.api.impl.NameConverter$2
2148:             1             16  com.sun.xml.bind.api.impl.NameConverter$Standard
2149:             1             16  com.sun.xml.bind.v2.ClassFactory$1
2150:             1             16  com.sun.xml.bind.v2.model.impl.ModelBuilder$1
2151:             1             16  com.sun.xml.bind.v2.model.impl.TypeInfoSetImpl$1
2152:             1             16  com.sun.xml.bind.v2.model.nav.ReflectionNavigator
2153:             1             16  com.sun.xml.bind.v2.model.nav.ReflectionNavigator$1
2154:             1             16  com.sun.xml.bind.v2.model.nav.ReflectionNavigator$2
2155:             1             16  com.sun.xml.bind.v2.model.nav.ReflectionNavigator$6
2156:             1             16  com.sun.xml.bind.v2.runtime.IllegalAnnotationsException$Builder
2157:             1             16  com.sun.xml.bind.v2.runtime.JAXBContextImpl$6
2158:             1             16  com.sun.xml.bind.v2.runtime.reflect.Accessor$1
2159:             1             16  com.sun.xml.bind.v2.runtime.reflect.Accessor$2
2160:             1             16  com.sun.xml.bind.v2.runtime.reflect.Lister$1
2161:             1             16  com.sun.xml.bind.v2.runtime.reflect.Lister$2
2162:             1             16  com.sun.xml.bind.v2.runtime.reflect.PrimitiveArrayListerBoolean
2163:             1             16  com.sun.xml.bind.v2.runtime.reflect.PrimitiveArrayListerByte
2164:             1             16  com.sun.xml.bind.v2.runtime.reflect.PrimitiveArrayListerCharacter
2165:             1             16  com.sun.xml.bind.v2.runtime.reflect.PrimitiveArrayListerDouble
2166:             1             16  com.sun.xml.bind.v2.runtime.reflect.PrimitiveArrayListerFloat
2167:             1             16  com.sun.xml.bind.v2.runtime.reflect.PrimitiveArrayListerInteger
2168:             1             16  com.sun.xml.bind.v2.runtime.reflect.PrimitiveArrayListerLong
2169:             1             16  com.sun.xml.bind.v2.runtime.reflect.PrimitiveArrayListerShort
2170:             1             16  com.sun.xml.bind.v2.runtime.unmarshaller.DefaultIDResolver
2171:             1             16  com.sun.xml.bind.v2.runtime.unmarshaller.LocatorExWrapper
2172:             1             16  com.sun.xml.bind.v2.runtime.unmarshaller.UnmarshallingContext$DefaultRootLoader
2173:             1             16  com.sun.xml.bind.v2.runtime.unmarshaller.UnmarshallingContext$ExpectedTypeRootLoader
2174:             1             16  io.airlift.airline.Accessor$$Lambda$40/0x0000000800156c40
2175:             1             16  io.airlift.airline.Cli$$Lambda$59/0x0000000800151040
2176:             1             16  io.airlift.airline.Parser$$Lambda$60/0x00000008001c0040
2177:             1             16  io.airlift.airline.Parser$$Lambda$61/0x00000008001c0440
2178:             1             16  io.airlift.airline.model.MetadataLoader$$Lambda$45/0x0000000800155040
2179:             1             16  io.airlift.airline.model.MetadataLoader$$Lambda$58/0x0000000800151840
2180:             1             16  io.hawt.jmx.JmxTreeWatcher$$Lambda$373/0x0000000800546840
2181:             1             16  io.hawt.jmx.JmxTreeWatcher$1
2182:             1             16  io.hawt.jmx.PluginRegistry$$Lambda$374/0x0000000800546c40
2183:             1             16  io.hawt.jmx.PluginRegistry$1
2184:             1             16  io.hawt.system.ConfigManager$$Lambda$366/0x0000000800533040
2185:             1             16  io.hawt.web.filters.CORSFilter
2186:             1             16  io.hawt.web.filters.ContentSecurityPolicyFilter
2187:             1             16  io.hawt.web.filters.FlightRecordingDownloadFacade
2188:             1             16  io.hawt.web.filters.XContentTypeOptionsFilter
2189:             1             16  io.hawt.web.filters.XFrameOptionsFilter
2190:             1             16  io.hawt.web.filters.XXSSProtectionFilter
2191:             1             16  io.hawt.web.plugin.HawtioPlugin$$Lambda$349/0x000000080052d040
2192:             1             16  io.hawt.web.plugin.HawtioPlugin$$Lambda$350/0x000000080052d440
2193:             1             16  io.hawt.web.plugin.HawtioPlugin$$Lambda$364/0x0000000800530c40
2194:             1             16  io.hawt.web.plugin.HawtioPlugin$$Lambda$365/0x0000000800532040
2195:             1             16  io.netty.buffer.AbstractReferenceCountedByteBuf$1
2196:             1             16  io.netty.buffer.ByteBufUtil$1
2197:             1             16  io.netty.buffer.ByteBufUtil$2
2198:             1             16  io.netty.buffer.PooledByteBufAllocator$1
2199:             1             16  io.netty.buffer.PooledByteBufAllocatorMetric
2200:             1             16  io.netty.channel.ChannelFutureListener$1
2201:             1             16  io.netty.channel.ChannelFutureListener$2
2202:             1             16  io.netty.channel.ChannelFutureListener$3
2203:             1             16  io.netty.channel.ChannelHandlerMask$1
2204:             1             16  io.netty.channel.ChannelOutboundBuffer$1
2205:             1             16  io.netty.channel.DefaultChannelPipeline$1
2206:             1             16  io.netty.channel.DefaultMessageSizeEstimator
2207:             1             16  io.netty.channel.DefaultMessageSizeEstimator$HandleImpl
2208:             1             16  io.netty.channel.DefaultSelectStrategy
2209:             1             16  io.netty.channel.DefaultSelectStrategyFactory
2210:             1             16  io.netty.util.AbstractReferenceCounted$1
2211:             1             16  io.netty.util.NettyRuntime$AvailableProcessorsHolder
2212:             1             16  io.netty.util.collection.ByteObjectHashMap$1
2213:             1             16  io.netty.util.collection.ByteObjectHashMap$EntrySet
2214:             1             16  io.netty.util.collection.ByteObjectHashMap$KeySet
2215:             1             16  io.netty.util.concurrent.AbstractScheduledEventExecutor$1
2216:             1             16  io.netty.util.concurrent.AbstractScheduledEventExecutor$2
2217:             1             16  io.netty.util.concurrent.DefaultEventExecutorChooserFactory
2218:             1             16  io.netty.util.concurrent.DefaultPromise$CauseHolder
2219:             1             16  io.netty.util.concurrent.FastThreadLocal
2220:             1             16  io.netty.util.concurrent.GlobalEventExecutor$1
2221:             1             16  io.netty.util.concurrent.GlobalEventExecutor$TaskRunner
2222:             1             16  io.netty.util.concurrent.RejectedExecutionHandlers$1
2223:             1             16  io.netty.util.concurrent.SingleThreadEventExecutor$1
2224:             1             16  io.netty.util.internal.CleanerJava9
2225:             1             16  io.netty.util.internal.PlatformDependent$1
2226:             1             16  io.netty.util.internal.PlatformDependent$2
2227:             1             16  java.beans.Introspector$1 (java.desktop@11.0.8)
2228:             1             16  java.io.DeleteOnExitHook$1 (java.base@11.0.8)
2229:             1             16  java.io.FileDescriptor$1 (java.base@11.0.8)
2230:             1             16  java.io.FilePermission$1 (java.base@11.0.8)
2231:             1             16  java.io.RandomAccessFile$2 (java.base@11.0.8)
2232:             1             16  java.lang.ApplicationShutdownHooks$1 (java.base@11.0.8)
2233:             1             16  java.lang.CharacterDataLatin1 (java.base@11.0.8)
2234:             1             16  java.lang.InheritableThreadLocal (java.base@11.0.8)
2235:             1             16  java.lang.Module$$Lambda$265/0x000000080040f040 (java.base@11.0.8)
2236:             1             16  java.lang.ProcessEnvironment$StringKeySet (java.base@11.0.8)
2237:             1             16  java.lang.ProcessHandleImpl$$Lambda$278/0x000000080044ec40 (java.base@11.0.8)
2238:             1             16  java.lang.Runtime (java.base@11.0.8)
2239:             1             16  java.lang.String$CaseInsensitiveComparator (java.base@11.0.8)
2240:             1             16  java.lang.StringCoding$1 (java.base@11.0.8)
2241:             1             16  java.lang.System$2 (java.base@11.0.8)
2242:             1             16  java.lang.System$LoggerFinder$$Lambda$159/0x0000000800312440 (java.base@11.0.8)
2243:             1             16  java.lang.Terminator$1 (java.base@11.0.8)
2244:             1             16  java.lang.invoke.ClassSpecializer$1 (java.base@11.0.8)
2245:             1             16  java.lang.invoke.MemberName$Factory (java.base@11.0.8)
2246:             1             16  java.lang.invoke.MethodHandleImpl$1 (java.base@11.0.8)
2247:             1             16  java.lang.invoke.StringConcatFactory$MethodHandleInlineCopyStrategy$1 (java.base@11.0.8)
2248:             1             16  java.lang.invoke.StringConcatFactory$MethodHandleInlineCopyStrategy$2 (java.base@11.0.8)
2249:             1             16  java.lang.invoke.StringConcatFactory$MethodHandleInlineCopyStrategy$3 (java.base@11.0.8)
2250:             1             16  java.lang.invoke.VarHandle$1 (java.base@11.0.8)
2251:             1             16  java.lang.management.DefaultPlatformMBeanProvider (java.management@11.0.8)
2252:             1             16  java.lang.management.DefaultPlatformMBeanProvider$5$$Lambda$165/0x0000000800330440 (java.management@11.0.8)
2253:             1             16  java.lang.management.ManagementFactory$$Lambda$160/0x0000000800317840 (java.management@11.0.8)
2254:             1             16  java.lang.management.ManagementFactory$$Lambda$161/0x0000000800317c40 (java.management@11.0.8)
2255:             1             16  java.lang.management.ManagementFactory$$Lambda$162/0x0000000800317040 (java.management@11.0.8)
2256:             1             16  java.lang.management.ManagementFactory$$Lambda$92/0x00000008001e3440 (java.management@11.0.8)
2257:             1             16  java.lang.management.ManagementFactory$PlatformMBeanFinder$$Lambda$100/0x0000000800231440 (java.management@11.0.8)
2258:             1             16  java.lang.management.ManagementFactory$PlatformMBeanFinder$$Lambda$101/0x0000000800237840 (java.management@11.0.8)
2259:             1             16  java.lang.management.ManagementFactory$PlatformMBeanFinder$$Lambda$103/0x0000000800237040 (java.management@11.0.8)
2260:             1             16  java.lang.management.ManagementFactory$PlatformMBeanFinder$$Lambda$107/0x0000000800236440 (java.management@11.0.8)
2261:             1             16  java.lang.management.ManagementFactory$PlatformMBeanFinder$$Lambda$108/0x0000000800235840 (java.management@11.0.8)
2262:             1             16  java.lang.management.ManagementFactory$PlatformMBeanFinder$$Lambda$93/0x00000008001e2840 (java.management@11.0.8)
2263:             1             16  java.lang.module.ModuleDescriptor$1 (java.base@11.0.8)
2264:             1             16  java.lang.module.ModuleDescriptor$Builder$$Lambda$264/0x000000080040fc40 (java.base@11.0.8)
2265:             1             16  java.lang.ref.Cleaner (java.base@11.0.8)
2266:             1             16  java.lang.ref.Cleaner$1 (java.base@11.0.8)
2267:             1             16  java.lang.ref.Reference$1 (java.base@11.0.8)
2268:             1             16  java.lang.reflect.Proxy$$Lambda$12/0x0000000800092440 (java.base@11.0.8)
2269:             1             16  java.lang.reflect.Proxy$$Lambda$8/0x0000000800093440 (java.base@11.0.8)
2270:             1             16  java.lang.reflect.Proxy$ProxyBuilder$$Lambda$263/0x000000080040f840 (java.base@11.0.8)
2271:             1             16  java.lang.reflect.ReflectAccess (java.base@11.0.8)
2272:             1             16  java.math.BigDecimal$1 (java.base@11.0.8)
2273:             1             16  java.net.InetAddress$2 (java.base@11.0.8)
2274:             1             16  java.net.InetAddress$PlatformNameService (java.base@11.0.8)
2275:             1             16  java.net.ServerSocket$2 (java.base@11.0.8)
2276:             1             16  java.net.URI$1 (java.base@11.0.8)
2277:             1             16  java.net.URL$3 (java.base@11.0.8)
2278:             1             16  java.net.URL$DefaultFactory (java.base@11.0.8)
2279:             1             16  java.net.URLClassLoader$7 (java.base@11.0.8)
2280:             1             16  java.nio.Bits$1 (java.base@11.0.8)
2281:             1             16  java.nio.Buffer$1 (java.base@11.0.8)
2282:             1             16  java.nio.file.Files$AcceptAllFilter (java.base@11.0.8)
2283:             1             16  java.security.AllPermission (java.base@11.0.8)
2284:             1             16  java.security.ProtectionDomain$JavaSecurityAccessImpl (java.base@11.0.8)
2285:             1             16  java.time.chrono.IsoChronology (java.base@11.0.8)
2286:             1             16  java.time.format.DateTimeFormatter$$Lambda$282/0x000000080044c040 (java.base@11.0.8)
2287:             1             16  java.time.format.DateTimeFormatter$$Lambda$283/0x000000080044c440 (java.base@11.0.8)
2288:             1             16  java.time.format.DateTimeFormatterBuilder$$Lambda$281/0x000000080044cc40 (java.base@11.0.8)
2289:             1             16  java.time.format.DateTimeFormatterBuilder$2 (java.base@11.0.8)
2290:             1             16  java.time.format.DateTimeFormatterBuilder$InstantPrinterParser (java.base@11.0.8)
2291:             1             16  java.time.format.DateTimeTextProvider (java.base@11.0.8)
2292:             1             16  java.time.format.DateTimeTextProvider$1 (java.base@11.0.8)
2293:             1             16  java.util.Collections$EmptyEnumeration (java.base@11.0.8)
2294:             1             16  java.util.Collections$EmptyIterator (java.base@11.0.8)
2295:             1             16  java.util.Collections$EmptyList (java.base@11.0.8)
2296:             1             16  java.util.Collections$EmptySet (java.base@11.0.8)
2297:             1             16  java.util.Collections$ReverseComparator (java.base@11.0.8)
2298:             1             16  java.util.Comparator$$Lambda$181/0x000000080035d840 (java.base@11.0.8)
2299:             1             16  java.util.EnumMap$1 (java.base@11.0.8)
2300:             1             16  java.util.Hashtable$KeySet (java.base@11.0.8)
2301:             1             16  java.util.IdentityHashMap$Values (java.base@11.0.8)
2302:             1             16  java.util.ResourceBundle$1 (java.base@11.0.8)
2303:             1             16  java.util.ResourceBundle$Control (java.base@11.0.8)
2304:             1             16  java.util.ResourceBundle$ResourceBundleControlProviderHolder$$Lambda$354/0x000000080052e440 (java.base@11.0.8)
2305:             1             16  java.util.ResourceBundle$ResourceBundleControlProviderHolder$$Lambda$355/0x000000080052e840 (java.base@11.0.8)
2306:             1             16  java.util.Spliterators$EmptySpliterator$OfDouble (java.base@11.0.8)
2307:             1             16  java.util.Spliterators$EmptySpliterator$OfInt (java.base@11.0.8)
2308:             1             16  java.util.Spliterators$EmptySpliterator$OfLong (java.base@11.0.8)
2309:             1             16  java.util.Spliterators$EmptySpliterator$OfRef (java.base@11.0.8)
2310:             1             16  java.util.Timer$1 (java.base@11.0.8)
2311:             1             16  java.util.concurrent.ConcurrentLinkedQueue$$Lambda$188/0x000000080035b440 (java.base@11.0.8)
2312:             1             16  java.util.concurrent.Executors$FinalizableDelegatedExecutorService (java.base@11.0.8)
2313:             1             16  java.util.concurrent.ThreadPoolExecutor$AbortPolicy (java.base@11.0.8)
2314:             1             16  java.util.function.Function$$Lambda$102/0x0000000800237c40 (java.base@11.0.8)
2315:             1             16  java.util.jar.JavaUtilJarAccessImpl (java.base@11.0.8)
2316:             1             16  java.util.logging.Level$$Lambda$1/0x0000000800062440 (java.logging@11.0.8)
2317:             1             16  java.util.logging.Level$KnownLevel$$Lambda$2/0x0000000800090440 (java.logging@11.0.8)
2318:             1             16  java.util.logging.LogManager$LoggingProviderAccess (java.logging@11.0.8)
2319:             1             16  java.util.logging.LogManager$VisitedLoggers (java.logging@11.0.8)
2320:             1             16  java.util.logging.Logging (java.logging@11.0.8)
2321:             1             16  java.util.regex.CharPredicates$$Lambda$127/0x0000000800267040 (java.base@11.0.8)
2322:             1             16  java.util.regex.CharPredicates$$Lambda$129/0x0000000800266440 (java.base@11.0.8)
2323:             1             16  java.util.regex.CharPredicates$$Lambda$332/0x000000080050d440 (java.base@11.0.8)
2324:             1             16  java.util.regex.Pattern$$Lambda$28/0x0000000800126440 (java.base@11.0.8)
2325:             1             16  java.util.regex.Pattern$$Lambda$377/0x000000080055fc40 (java.base@11.0.8)
2326:             1             16  java.util.regex.Pattern$1 (java.base@11.0.8)
2327:             1             16  java.util.regex.Pattern$LastNode (java.base@11.0.8)
2328:             1             16  java.util.regex.Pattern$Node (java.base@11.0.8)
2329:             1             16  java.util.stream.Collectors$$Lambda$104/0x0000000800237440 (java.base@11.0.8)
2330:             1             16  java.util.stream.Collectors$$Lambda$113/0x0000000800234c40 (java.base@11.0.8)
2331:             1             16  java.util.stream.Collectors$$Lambda$114/0x0000000800234040 (java.base@11.0.8)
2332:             1             16  java.util.stream.Collectors$$Lambda$115/0x0000000800234440 (java.base@11.0.8)
2333:             1             16  java.util.stream.Collectors$$Lambda$166/0x0000000800330840 (java.base@11.0.8)
2334:             1             16  java.util.stream.Collectors$$Lambda$168/0x0000000800331440 (java.base@11.0.8)
2335:             1             16  java.util.stream.Collectors$$Lambda$259/0x0000000800404c40 (java.base@11.0.8)
2336:             1             16  java.util.stream.Collectors$$Lambda$311/0x00000008004f7840 (java.base@11.0.8)
2337:             1             16  java.util.stream.Collectors$$Lambda$312/0x00000008004f7c40 (java.base@11.0.8)
2338:             1             16  java.util.stream.Collectors$$Lambda$313/0x00000008004f7040 (java.base@11.0.8)
2339:             1             16  java.util.stream.Collectors$$Lambda$314/0x00000008004f7440 (java.base@11.0.8)
2340:             1             16  java.util.stream.Collectors$$Lambda$42/0x0000000800156440 (java.base@11.0.8)
2341:             1             16  java.util.stream.Collectors$$Lambda$43/0x0000000800155840 (java.base@11.0.8)
2342:             1             16  java.util.stream.Collectors$$Lambda$44/0x0000000800155c40 (java.base@11.0.8)
2343:             1             16  java.util.stream.Collectors$$Lambda$96/0x0000000800230440 (java.base@11.0.8)
2344:             1             16  java.util.stream.Collectors$$Lambda$97/0x0000000800230840 (java.base@11.0.8)
2345:             1             16  java.util.stream.Collectors$$Lambda$98/0x0000000800230c40 (java.base@11.0.8)
2346:             1             16  java.util.stream.Collectors$$Lambda$99/0x0000000800231040 (java.base@11.0.8)
2347:             1             16  java.util.stream.FindOps$FindSink$OfRef$$Lambda$3/0x0000000800090840 (java.base@11.0.8)
2348:             1             16  java.util.stream.FindOps$FindSink$OfRef$$Lambda$4/0x0000000800090c40 (java.base@11.0.8)
2349:             1             16  java.util.stream.FindOps$FindSink$OfRef$$Lambda$5/0x0000000800091040 (java.base@11.0.8)
2350:             1             16  java.util.stream.FindOps$FindSink$OfRef$$Lambda$6/0x0000000800091440 (java.base@11.0.8)
2351:             1             16  java.util.stream.IntPipeline$$Lambda$218/0x00000008003f2840 (java.base@11.0.8)
2352:             1             16  java.util.stream.Nodes$EmptyNode$OfDouble (java.base@11.0.8)
2353:             1             16  java.util.stream.Nodes$EmptyNode$OfInt (java.base@11.0.8)
2354:             1             16  java.util.stream.Nodes$EmptyNode$OfLong (java.base@11.0.8)
2355:             1             16  java.util.stream.Nodes$EmptyNode$OfRef (java.base@11.0.8)
2356:             1             16  java.util.zip.Adler32 (java.base@11.0.8)
2357:             1             16  java.util.zip.ZipFile$1 (java.base@11.0.8)
2358:             1             16  javax.management.JMX (java.management@11.0.8)
2359:             1             16  javax.management.NotificationBroadcasterSupport$1 (java.management@11.0.8)
2360:             1             16  javax.xml.bind.ContextFinder$1
2361:             1             16  javax.xml.bind.annotation.W3CDomHandler
2362:             1             16  javax.xml.validation.SchemaFactoryFinder$$Lambda$17/0x0000000800107040 (java.xml@11.0.8)
2363:             1             16  javax.xml.validation.SchemaFactoryFinder$$Lambda$20/0x0000000800124840 (java.xml@11.0.8)
2364:             1             16  jdk.internal.jimage.ImageReaderFactory$1 (java.base@11.0.8)
2365:             1             16  jdk.internal.jimage.ImageStringsReader (java.base@11.0.8)
2366:             1             16  jdk.internal.jimage.decompressor.Decompressor (java.base@11.0.8)
2367:             1             16  jdk.internal.logger.LazyLoggers$1 (java.base@11.0.8)
2368:             1             16  jdk.internal.logger.LazyLoggers$LazyLoggerFactories (java.base@11.0.8)
2369:             1             16  jdk.internal.math.FloatingDecimal$1 (java.base@11.0.8)
2370:             1             16  jdk.internal.misc.TerminatingThreadLocal$1 (java.base@11.0.8)
2371:             1             16  jdk.internal.misc.Unsafe (java.base@11.0.8)
2372:             1             16  jdk.internal.module.ModulePatcher (java.base@11.0.8)
2373:             1             16  jdk.internal.module.ModuleTarget (java.base@11.0.8)
2374:             1             16  jdk.internal.module.SystemModules$default (java.base@11.0.8)
2375:             1             16  jdk.internal.perf.Perf (java.base@11.0.8)
2376:             1             16  jdk.internal.reflect.GeneratedConstructorAccessor1
2377:             1             16  jdk.internal.reflect.GeneratedConstructorAccessor10
2378:             1             16  jdk.internal.reflect.GeneratedConstructorAccessor11
2379:             1             16  jdk.internal.reflect.GeneratedConstructorAccessor12 (java.base@11.0.8)
2380:             1             16  jdk.internal.reflect.GeneratedConstructorAccessor13
2381:             1             16  jdk.internal.reflect.GeneratedConstructorAccessor14
2382:             1             16  jdk.internal.reflect.GeneratedConstructorAccessor15
2383:             1             16  jdk.internal.reflect.GeneratedConstructorAccessor16
2384:             1             16  jdk.internal.reflect.GeneratedConstructorAccessor17
2385:             1             16  jdk.internal.reflect.GeneratedConstructorAccessor18
2386:             1             16  jdk.internal.reflect.GeneratedConstructorAccessor19
2387:             1             16  jdk.internal.reflect.GeneratedConstructorAccessor2 (java.base@11.0.8)
2388:             1             16  jdk.internal.reflect.GeneratedConstructorAccessor20
2389:             1             16  jdk.internal.reflect.GeneratedConstructorAccessor21
2390:             1             16  jdk.internal.reflect.GeneratedConstructorAccessor22
2391:             1             16  jdk.internal.reflect.GeneratedConstructorAccessor23
2392:             1             16  jdk.internal.reflect.GeneratedConstructorAccessor24
2393:             1             16  jdk.internal.reflect.GeneratedConstructorAccessor25 (java.base@11.0.8)
2394:             1             16  jdk.internal.reflect.GeneratedConstructorAccessor26
2395:             1             16  jdk.internal.reflect.GeneratedConstructorAccessor27
2396:             1             16  jdk.internal.reflect.GeneratedConstructorAccessor28
2397:             1             16  jdk.internal.reflect.GeneratedConstructorAccessor29
2398:             1             16  jdk.internal.reflect.GeneratedConstructorAccessor3
2399:             1             16  jdk.internal.reflect.GeneratedConstructorAccessor30
2400:             1             16  jdk.internal.reflect.GeneratedConstructorAccessor4
2401:             1             16  jdk.internal.reflect.GeneratedConstructorAccessor5
2402:             1             16  jdk.internal.reflect.GeneratedConstructorAccessor6
2403:             1             16  jdk.internal.reflect.GeneratedConstructorAccessor7
2404:             1             16  jdk.internal.reflect.GeneratedConstructorAccessor8
2405:             1             16  jdk.internal.reflect.GeneratedConstructorAccessor9
2406:             1             16  jdk.internal.reflect.GeneratedMethodAccessor1 (java.base@11.0.8)
2407:             1             16  jdk.internal.reflect.GeneratedMethodAccessor2
2408:             1             16  jdk.internal.reflect.GeneratedMethodAccessor3
2409:             1             16  jdk.internal.reflect.GeneratedMethodAccessor4 (java.base@11.0.8)
2410:             1             16  jdk.internal.reflect.GeneratedMethodAccessor5 (java.base@11.0.8)
2411:             1             16  jdk.internal.reflect.ReflectionFactory (java.base@11.0.8)
2412:             1             16  jdk.internal.util.Preconditions$1 (java.base@11.0.8)
2413:             1             16  jdk.management.jfr.SettingDescriptorInfo$1 (jdk.management.jfr@11.0.8)
2414:             1             16  jdk.net.ExtendedSocketOptions$1 (jdk.net@11.0.8)
2415:             1             16  jdk.net.MacOSXSocketOptions (jdk.net@11.0.8)
2416:             1             16  jdk.net.MacOSXSocketOptions$$Lambda$273/0x0000000800426040 (jdk.net@11.0.8)
2417:             1             16  jdk.xml.internal.SecuritySupport$$Lambda$14/0x0000000800102440 (java.xml@11.0.8)
2418:             1             16  jdk.xml.internal.SecuritySupport$$Lambda$23/0x0000000800127c40 (java.xml@11.0.8)
2419:             1             16  org.apache.activemq.ActiveMQConnectionMetaData
2420:             1             16  org.apache.activemq.artemis.ActiveMQWebLogger_impl
2421:             1             16  org.apache.activemq.artemis.cli.commands.ActionContext$$Lambda$39/0x0000000800156840
2422:             1             16  org.apache.activemq.artemis.cli.commands.Run$$Lambda$170/0x0000000800332440
2423:             1             16  org.apache.activemq.artemis.cli.commands.Run$1
2424:             1             16  org.apache.activemq.artemis.commons.shaded.johnzon.core.BufferStrategyFactory$$Lambda$140/0x00000008002a7040
2425:             1             16  org.apache.activemq.artemis.commons.shaded.johnzon.core.BufferStrategyFactory$$Lambda$141/0x00000008002a7440
2426:             1             16  org.apache.activemq.artemis.commons.shaded.johnzon.core.BufferStrategyFactory$$Lambda$142/0x00000008002a6840
2427:             1             16  org.apache.activemq.artemis.commons.shaded.johnzon.core.BufferStrategyFactory$$Lambda$143/0x00000008002a6c40
2428:             1             16  org.apache.activemq.artemis.commons.shaded.johnzon.core.DefaultJsonPointerFactory
2429:             1             16  org.apache.activemq.artemis.commons.shaded.johnzon.core.JsonParserFactoryImpl$$Lambda$146/0x00000008002a5c40
2430:             1             16  org.apache.activemq.artemis.commons.shaded.johnzon.core.JsonProviderImpl$$Lambda$139/0x00000008002a7840
2431:             1             16  org.apache.activemq.artemis.commons.shaded.johnzon.core.JsonProviderImpl$$Lambda$147/0x00000008002c0040
2432:             1             16  org.apache.activemq.artemis.commons.shaded.johnzon.core.JsonProviderImpl$$Lambda$148/0x00000008002c0840
2433:             1             16  org.apache.activemq.artemis.commons.shaded.johnzon.core.JsonProviderImpl$$Lambda$151/0x00000008002c1440
2434:             1             16  org.apache.activemq.artemis.commons.shaded.johnzon.core.RejectDuplicateKeysMode$$Lambda$144/0x00000008002a6440
2435:             1             16  org.apache.activemq.artemis.commons.shaded.johnzon.core.RejectDuplicateKeysMode$$Lambda$145/0x00000008002a5840
2436:             1             16  org.apache.activemq.artemis.commons.shaded.json.EmptyArray
2437:             1             16  org.apache.activemq.artemis.component.WebServerComponent$$Lambda$383/0x000000080055d840
2438:             1             16  org.apache.activemq.artemis.core.config.ha.LiveOnlyPolicyConfiguration
2439:             1             16  org.apache.activemq.artemis.core.config.impl.Validators$1
2440:             1             16  org.apache.activemq.artemis.core.config.impl.Validators$10
2441:             1             16  org.apache.activemq.artemis.core.config.impl.Validators$11
2442:             1             16  org.apache.activemq.artemis.core.config.impl.Validators$12
2443:             1             16  org.apache.activemq.artemis.core.config.impl.Validators$13
2444:             1             16  org.apache.activemq.artemis.core.config.impl.Validators$14
2445:             1             16  org.apache.activemq.artemis.core.config.impl.Validators$15
2446:             1             16  org.apache.activemq.artemis.core.config.impl.Validators$16
2447:             1             16  org.apache.activemq.artemis.core.config.impl.Validators$17
2448:             1             16  org.apache.activemq.artemis.core.config.impl.Validators$18
2449:             1             16  org.apache.activemq.artemis.core.config.impl.Validators$19
2450:             1             16  org.apache.activemq.artemis.core.config.impl.Validators$2
2451:             1             16  org.apache.activemq.artemis.core.config.impl.Validators$20
2452:             1             16  org.apache.activemq.artemis.core.config.impl.Validators$21
2453:             1             16  org.apache.activemq.artemis.core.config.impl.Validators$22
2454:             1             16  org.apache.activemq.artemis.core.config.impl.Validators$23
2455:             1             16  org.apache.activemq.artemis.core.config.impl.Validators$3
2456:             1             16  org.apache.activemq.artemis.core.config.impl.Validators$4
2457:             1             16  org.apache.activemq.artemis.core.config.impl.Validators$5
2458:             1             16  org.apache.activemq.artemis.core.config.impl.Validators$6
2459:             1             16  org.apache.activemq.artemis.core.config.impl.Validators$7
2460:             1             16  org.apache.activemq.artemis.core.config.impl.Validators$8
2461:             1             16  org.apache.activemq.artemis.core.config.impl.Validators$9
2462:             1             16  org.apache.activemq.artemis.core.io.DummyCallback
2463:             1             16  org.apache.activemq.artemis.core.io.IOCallback$$Lambda$224/0x00000008003f6840
2464:             1             16  org.apache.activemq.artemis.core.journal.EncoderPersister
2465:             1             16  org.apache.activemq.artemis.core.journal.impl.JournalBase$NullEncoding
2466:             1             16  org.apache.activemq.artemis.core.journal.impl.JournalImpl$$Lambda$180/0x000000080035e440
2467:             1             16  org.apache.activemq.artemis.core.journal.impl.JournalImpl$$Lambda$182/0x000000080035dc40
2468:             1             16  org.apache.activemq.artemis.core.journal.impl.JournalRecord$$Lambda$201/0x00000008003e4c40
2469:             1             16  org.apache.activemq.artemis.core.message.impl.CoreMessagePersister
2470:             1             16  org.apache.activemq.artemis.core.paging.cursor.impl.PageCounterRebuildManager$$Lambda$214/0x00000008003f1040
2471:             1             16  org.apache.activemq.artemis.core.paging.cursor.impl.PageCounterRebuildManager$$Lambda$221/0x00000008003f7c40
2472:             1             16  org.apache.activemq.artemis.core.paging.impl.PagingManagerImpl$$Lambda$183/0x000000080035d040
2473:             1             16  org.apache.activemq.artemis.core.paging.impl.PagingManagerImpl$$Lambda$184/0x000000080035d440
2474:             1             16  org.apache.activemq.artemis.core.paging.impl.PagingManagerImpl$$Lambda$220/0x00000008003f7840
2475:             1             16  org.apache.activemq.artemis.core.persistence.CoreMessageObjectPools$$Lambda$204/0x00000008003e7840
2476:             1             16  org.apache.activemq.artemis.core.persistence.CoreMessageObjectPools$$Lambda$205/0x00000008003e7c40
2477:             1             16  org.apache.activemq.artemis.core.persistence.CoreMessageObjectPools$$Lambda$206/0x00000008003e7040
2478:             1             16  org.apache.activemq.artemis.core.persistence.CoreMessageObjectPools$$Lambda$207/0x00000008003e7440
2479:             1             16  org.apache.activemq.artemis.core.persistence.CoreMessageObjectPools$$Lambda$208/0x00000008003e6840
2480:             1             16  org.apache.activemq.artemis.core.persistence.impl.journal.AbstractJournalStorageManager$$Lambda$175/0x000000080035f840
2481:             1             16  org.apache.activemq.artemis.core.persistence.impl.journal.AbstractJournalStorageManager$$Lambda$176/0x000000080035fc40
2482:             1             16  org.apache.activemq.artemis.core.persistence.impl.journal.AbstractJournalStorageManager$$Lambda$177/0x000000080035f440
2483:             1             16  org.apache.activemq.artemis.core.postoffice.impl.PostOfficeImpl$$Lambda$275/0x000000080044fc40
2484:             1             16  org.apache.activemq.artemis.core.postoffice.impl.PostOfficeImpl$$Lambda$276/0x000000080044f040
2485:             1             16  org.apache.activemq.artemis.core.postoffice.impl.SimpleAddressManager$$Lambda$274/0x000000080044f840
2486:             1             16  org.apache.activemq.artemis.core.protocol.core.impl.CoreProtocolManagerFactory
2487:             1             16  org.apache.activemq.artemis.core.protocol.hornetq.HornetQProtocolManagerFactory
2488:             1             16  org.apache.activemq.artemis.core.protocol.mqtt.MQTTProtocolManagerFactory
2489:             1             16  org.apache.activemq.artemis.core.protocol.mqtt.MQTTProtocolManagerFactory$MQTTPeriodicTasks$$Lambda$304/0x00000008004ccc40
2490:             1             16  org.apache.activemq.artemis.core.protocol.mqtt.MQTTProtocolManagerFactory$MQTTPeriodicTasks$$Lambda$305/0x00000008004f0040
2491:             1             16  org.apache.activemq.artemis.core.protocol.openwire.OpenWireProtocolManagerFactory
2492:             1             16  org.apache.activemq.artemis.core.protocol.stomp.StompProtocolManagerFactory
2493:             1             16  org.apache.activemq.artemis.core.server.ActiveMQServerLogger_impl
2494:             1             16  org.apache.activemq.artemis.core.server.cluster.ha.LiveOnlyPolicy
2495:             1             16  org.apache.activemq.artemis.core.server.impl.ActiveMQServerImpl$$Lambda$174/0x000000080035a840
2496:             1             16  org.apache.activemq.artemis.core.server.impl.ActiveMQServerImpl$$Lambda$186/0x000000080035bc40
2497:             1             16  org.apache.activemq.artemis.core.server.impl.ActiveMQServerImpl$$Lambda$255/0x0000000800403c40
2498:             1             16  org.apache.activemq.artemis.core.server.impl.ActiveMQServerImpl$$Lambda$256/0x0000000800404040
2499:             1             16  org.apache.activemq.artemis.core.server.impl.ActiveMQServerImpl$$Lambda$257/0x0000000800404440
2500:             1             16  org.apache.activemq.artemis.core.server.impl.ActiveMQServerImpl$$Lambda$258/0x0000000800404840
2501:             1             16  org.apache.activemq.artemis.core.server.impl.ActiveMQServerImpl$1
2502:             1             16  org.apache.activemq.artemis.core.server.impl.ActiveMQServerImpl$2
2503:             1             16  org.apache.activemq.artemis.core.server.impl.FileLockNodeManager$1
2504:             1             16  org.apache.activemq.artemis.core.server.impl.MessageReferenceImpl$MessageReferenceComparatorByID
2505:             1             16  org.apache.activemq.artemis.core.server.impl.QueueConsumersImpl$$Lambda$196/0x00000008003be840
2506:             1             16  org.apache.activemq.artemis.core.server.impl.QueueImpl$$Lambda$212/0x00000008003f1840
2507:             1             16  org.apache.activemq.artemis.core.server.management.ArtemisMBeanServerBuilder
2508:             1             16  org.apache.activemq.artemis.core.server.management.ArtemisMBeanServerGuard
2509:             1             16  org.apache.activemq.artemis.core.server.management.JMXAccessControlList$$Lambda$137/0x00000008002a5040
2510:             1             16  org.apache.activemq.artemis.core.server.management.impl.ManagementServiceImpl$1
2511:             1             16  org.apache.activemq.artemis.core.settings.impl.HierarchicalObjectRepository$1
2512:             1             16  org.apache.activemq.artemis.integration.bootstrap.ActiveMQBootstrapLogger_impl
2513:             1             16  org.apache.activemq.artemis.protocol.amqp.broker.AMQPLargeMessagePersister
2514:             1             16  org.apache.activemq.artemis.protocol.amqp.broker.AMQPMessagePersister
2515:             1             16  org.apache.activemq.artemis.protocol.amqp.broker.AMQPMessagePersisterV2
2516:             1             16  org.apache.activemq.artemis.protocol.amqp.broker.AMQPMessagePersisterV3
2517:             1             16  org.apache.activemq.artemis.protocol.amqp.broker.ProtonProtocolManagerFactory
2518:             1             16  org.apache.activemq.artemis.protocol.amqp.sasl.AnonymousServerSASLFactory
2519:             1             16  org.apache.activemq.artemis.protocol.amqp.sasl.ExternalServerSASLFactory
2520:             1             16  org.apache.activemq.artemis.protocol.amqp.sasl.GSSAPIServerSASLFactory
2521:             1             16  org.apache.activemq.artemis.protocol.amqp.sasl.MechanismFinder$$Lambda$267/0x0000000800420440
2522:             1             16  org.apache.activemq.artemis.protocol.amqp.sasl.MechanismFinder$$Lambda$268/0x0000000800427840
2523:             1             16  org.apache.activemq.artemis.protocol.amqp.sasl.MechanismFinder$$Lambda$269/0x0000000800427c40
2524:             1             16  org.apache.activemq.artemis.protocol.amqp.sasl.MechanismFinder$$Lambda$270/0x0000000800427040
2525:             1             16  org.apache.activemq.artemis.protocol.amqp.sasl.MechanismFinder$$Lambda$271/0x0000000800426840
2526:             1             16  org.apache.activemq.artemis.protocol.amqp.sasl.PlainServerSASLFactory
2527:             1             16  org.apache.activemq.artemis.spi.core.protocol.MessagePersister
2528:             1             16  org.apache.activemq.artemis.utils.FactoryFinder$StandaloneObjectFactory
2529:             1             16  org.apache.activemq.artemis.utils.SimpleFuture$1
2530:             1             16  org.apache.activemq.artemis.utils.actors.HandlerBase$$Lambda$178/0x000000080035e840
2531:             1             16  org.apache.activemq.artemis.utils.critical.CriticalMeasure$2
2532:             1             16  org.apache.activemq.artemis.utils.critical.EmptyCriticalAnalyzer
2533:             1             16  org.apache.activemq.artemis.utils.uri.BeanSupport$$Lambda$262/0x000000080040b440
2534:             1             16  org.apache.activemq.artemis.utils.uri.BeanSupport$1
2535:             1             16  org.apache.activemq.hawtio.branding.PluginContextListener
2536:             1             16  org.apache.activemq.hawtio.plugin.PluginContextListener
2537:             1             16  org.apache.activemq.openwire.v12.ActiveMQBlobMessageMarshaller
2538:             1             16  org.apache.activemq.openwire.v12.ActiveMQBytesMessageMarshaller
2539:             1             16  org.apache.activemq.openwire.v12.ActiveMQMapMessageMarshaller
2540:             1             16  org.apache.activemq.openwire.v12.ActiveMQMessageMarshaller
2541:             1             16  org.apache.activemq.openwire.v12.ActiveMQObjectMessageMarshaller
2542:             1             16  org.apache.activemq.openwire.v12.ActiveMQQueueMarshaller
2543:             1             16  org.apache.activemq.openwire.v12.ActiveMQStreamMessageMarshaller
2544:             1             16  org.apache.activemq.openwire.v12.ActiveMQTempQueueMarshaller
2545:             1             16  org.apache.activemq.openwire.v12.ActiveMQTempTopicMarshaller
2546:             1             16  org.apache.activemq.openwire.v12.ActiveMQTextMessageMarshaller
2547:             1             16  org.apache.activemq.openwire.v12.ActiveMQTopicMarshaller
2548:             1             16  org.apache.activemq.openwire.v12.BrokerIdMarshaller
2549:             1             16  org.apache.activemq.openwire.v12.BrokerInfoMarshaller
2550:             1             16  org.apache.activemq.openwire.v12.BrokerSubscriptionInfoMarshaller
2551:             1             16  org.apache.activemq.openwire.v12.ConnectionControlMarshaller
2552:             1             16  org.apache.activemq.openwire.v12.ConnectionErrorMarshaller
2553:             1             16  org.apache.activemq.openwire.v12.ConnectionIdMarshaller
2554:             1             16  org.apache.activemq.openwire.v12.ConnectionInfoMarshaller
2555:             1             16  org.apache.activemq.openwire.v12.ConsumerControlMarshaller
2556:             1             16  org.apache.activemq.openwire.v12.ConsumerIdMarshaller
2557:             1             16  org.apache.activemq.openwire.v12.ConsumerInfoMarshaller
2558:             1             16  org.apache.activemq.openwire.v12.ControlCommandMarshaller
2559:             1             16  org.apache.activemq.openwire.v12.DataArrayResponseMarshaller
2560:             1             16  org.apache.activemq.openwire.v12.DataResponseMarshaller
2561:             1             16  org.apache.activemq.openwire.v12.DestinationInfoMarshaller
2562:             1             16  org.apache.activemq.openwire.v12.DiscoveryEventMarshaller
2563:             1             16  org.apache.activemq.openwire.v12.ExceptionResponseMarshaller
2564:             1             16  org.apache.activemq.openwire.v12.FlushCommandMarshaller
2565:             1             16  org.apache.activemq.openwire.v12.IntegerResponseMarshaller
2566:             1             16  org.apache.activemq.openwire.v12.JournalQueueAckMarshaller
2567:             1             16  org.apache.activemq.openwire.v12.JournalTopicAckMarshaller
2568:             1             16  org.apache.activemq.openwire.v12.JournalTraceMarshaller
2569:             1             16  org.apache.activemq.openwire.v12.JournalTransactionMarshaller
2570:             1             16  org.apache.activemq.openwire.v12.KeepAliveInfoMarshaller
2571:             1             16  org.apache.activemq.openwire.v12.LastPartialCommandMarshaller
2572:             1             16  org.apache.activemq.openwire.v12.LocalTransactionIdMarshaller
2573:             1             16  org.apache.activemq.openwire.v12.MessageAckMarshaller
2574:             1             16  org.apache.activemq.openwire.v12.MessageDispatchMarshaller
2575:             1             16  org.apache.activemq.openwire.v12.MessageDispatchNotificationMarshaller
2576:             1             16  org.apache.activemq.openwire.v12.MessageIdMarshaller
2577:             1             16  org.apache.activemq.openwire.v12.MessagePullMarshaller
2578:             1             16  org.apache.activemq.openwire.v12.NetworkBridgeFilterMarshaller
2579:             1             16  org.apache.activemq.openwire.v12.PartialCommandMarshaller
2580:             1             16  org.apache.activemq.openwire.v12.ProducerAckMarshaller
2581:             1             16  org.apache.activemq.openwire.v12.ProducerIdMarshaller
2582:             1             16  org.apache.activemq.openwire.v12.ProducerInfoMarshaller
2583:             1             16  org.apache.activemq.openwire.v12.RemoveInfoMarshaller
2584:             1             16  org.apache.activemq.openwire.v12.RemoveSubscriptionInfoMarshaller
2585:             1             16  org.apache.activemq.openwire.v12.ReplayCommandMarshaller
2586:             1             16  org.apache.activemq.openwire.v12.ResponseMarshaller
2587:             1             16  org.apache.activemq.openwire.v12.SessionIdMarshaller
2588:             1             16  org.apache.activemq.openwire.v12.SessionInfoMarshaller
2589:             1             16  org.apache.activemq.openwire.v12.ShutdownInfoMarshaller
2590:             1             16  org.apache.activemq.openwire.v12.SubscriptionInfoMarshaller
2591:             1             16  org.apache.activemq.openwire.v12.TransactionInfoMarshaller
2592:             1             16  org.apache.activemq.openwire.v12.WireFormatInfoMarshaller
2593:             1             16  org.apache.activemq.openwire.v12.XATransactionIdMarshaller
2594:             1             16  org.apache.commons.beanutils.DefaultBeanIntrospector
2595:             1             16  org.apache.commons.beanutils.SuppressPropertiesBeanIntrospector
2596:             1             16  org.apache.commons.beanutils.expression.DefaultResolver
2597:             1             16  org.apache.http.message.HeaderGroup
2598:             1             16  org.apache.logging.log4j.ThreadContext$EmptyIterator
2599:             1             16  org.apache.logging.log4j.ThreadContext$EmptyThreadContextStack
2600:             1             16  org.apache.logging.log4j.core.LoggerContext$$Lambda$126/0x0000000800267c40
2601:             1             16  org.apache.logging.log4j.core.appender.ConsoleAppender$ConsoleManagerFactory
2602:             1             16  org.apache.logging.log4j.core.appender.FileManager$FileManagerFactory
2603:             1             16  org.apache.logging.log4j.core.appender.rolling.RollingFileManager$RollingFileManagerFactory
2604:             1             16  org.apache.logging.log4j.core.config.ConfigurationFactory$Factory
2605:             1             16  org.apache.logging.log4j.core.config.DefaultReliabilityStrategy
2606:             1             16  org.apache.logging.log4j.core.config.OrderComparator
2607:             1             16  org.apache.logging.log4j.core.config.plugins.convert.EnumConverter
2608:             1             16  org.apache.logging.log4j.core.config.plugins.convert.TypeConverterRegistry
2609:             1             16  org.apache.logging.log4j.core.config.plugins.convert.TypeConverters$BigDecimalConverter
2610:             1             16  org.apache.logging.log4j.core.config.plugins.convert.TypeConverters$BigIntegerConverter
2611:             1             16  org.apache.logging.log4j.core.config.plugins.convert.TypeConverters$BooleanConverter
2612:             1             16  org.apache.logging.log4j.core.config.plugins.convert.TypeConverters$ByteArrayConverter
2613:             1             16  org.apache.logging.log4j.core.config.plugins.convert.TypeConverters$ByteConverter
2614:             1             16  org.apache.logging.log4j.core.config.plugins.convert.TypeConverters$CharArrayConverter
2615:             1             16  org.apache.logging.log4j.core.config.plugins.convert.TypeConverters$CharacterConverter
2616:             1             16  org.apache.logging.log4j.core.config.plugins.convert.TypeConverters$CharsetConverter
2617:             1             16  org.apache.logging.log4j.core.config.plugins.convert.TypeConverters$ClassConverter
2618:             1             16  org.apache.logging.log4j.core.config.plugins.convert.TypeConverters$CronExpressionConverter
2619:             1             16  org.apache.logging.log4j.core.config.plugins.convert.TypeConverters$DoubleConverter
2620:             1             16  org.apache.logging.log4j.core.config.plugins.convert.TypeConverters$DurationConverter
2621:             1             16  org.apache.logging.log4j.core.config.plugins.convert.TypeConverters$FileConverter
2622:             1             16  org.apache.logging.log4j.core.config.plugins.convert.TypeConverters$FloatConverter
2623:             1             16  org.apache.logging.log4j.core.config.plugins.convert.TypeConverters$InetAddressConverter
2624:             1             16  org.apache.logging.log4j.core.config.plugins.convert.TypeConverters$IntegerConverter
2625:             1             16  org.apache.logging.log4j.core.config.plugins.convert.TypeConverters$LevelConverter
2626:             1             16  org.apache.logging.log4j.core.config.plugins.convert.TypeConverters$LongConverter
2627:             1             16  org.apache.logging.log4j.core.config.plugins.convert.TypeConverters$PathConverter
2628:             1             16  org.apache.logging.log4j.core.config.plugins.convert.TypeConverters$PatternConverter
2629:             1             16  org.apache.logging.log4j.core.config.plugins.convert.TypeConverters$SecurityProviderConverter
2630:             1             16  org.apache.logging.log4j.core.config.plugins.convert.TypeConverters$ShortConverter
2631:             1             16  org.apache.logging.log4j.core.config.plugins.convert.TypeConverters$StringConverter
2632:             1             16  org.apache.logging.log4j.core.config.plugins.convert.TypeConverters$UriConverter
2633:             1             16  org.apache.logging.log4j.core.config.plugins.convert.TypeConverters$UrlConverter
2634:             1             16  org.apache.logging.log4j.core.config.plugins.convert.TypeConverters$UuidConverter
2635:             1             16  org.apache.logging.log4j.core.config.plugins.processor.PluginCache$$Lambda$86/0x00000008001e7440
2636:             1             16  org.apache.logging.log4j.core.config.properties.PropertiesConfigurationFactory
2637:             1             16  org.apache.logging.log4j.core.config.xml.XmlConfigurationFactory
2638:             1             16  org.apache.logging.log4j.core.impl.ThreadContextDataProvider
2639:             1             16  org.apache.logging.log4j.core.layout.PatternLayout$NoFormatPatternSerializer
2640:             1             16  org.apache.logging.log4j.core.lookup.StrMatcher$NoMatcher
2641:             1             16  org.apache.logging.log4j.core.lookup.StrMatcher$TrimMatcher
2642:             1             16  org.apache.logging.log4j.core.net.JndiManager$JndiManagerFactory
2643:             1             16  org.apache.logging.log4j.core.pattern.NameAbbreviator$NOPAbbreviator
2644:             1             16  org.apache.logging.log4j.core.pattern.NotANumber
2645:             1             16  org.apache.logging.log4j.core.pattern.PlainTextRenderer
2646:             1             16  org.apache.logging.log4j.core.selector.ClassLoaderContextSelector
2647:             1             16  org.apache.logging.log4j.core.util.BasicAuthorizationProvider
2648:             1             16  org.apache.logging.log4j.core.util.CloseShieldOutputStream
2649:             1             16  org.apache.logging.log4j.core.util.datetime.FastDateFormat$1
2650:             1             16  org.apache.logging.log4j.core.util.datetime.FastDateParser$$Lambda$132/0x0000000800264840
2651:             1             16  org.apache.logging.log4j.core.util.datetime.FastDateParser$1
2652:             1             16  org.apache.logging.log4j.core.util.datetime.FastDateParser$2
2653:             1             16  org.apache.logging.log4j.core.util.datetime.FastDateParser$3
2654:             1             16  org.apache.logging.log4j.core.util.datetime.FastDateParser$4
2655:             1             16  org.apache.logging.log4j.core.util.datetime.FastDateParser$5
2656:             1             16  org.apache.logging.log4j.core.util.datetime.FastDatePrinter$TwoDigitMonthField
2657:             1             16  org.apache.logging.log4j.message.ParameterFormatter$$Lambda$171/0x0000000800337840
2658:             1             16  org.apache.logging.log4j.message.ParameterizedNoReferenceMessageFactory
2659:             1             16  org.apache.logging.log4j.message.ReusableMessageFactory
2660:             1             16  org.apache.logging.log4j.spi.DefaultThreadContextStack
2661:             1             16  org.apache.logging.log4j.spi.LoggerRegistry$ConcurrentMapFactory
2662:             1             16  org.apache.logging.log4j.util.LoaderUtil$ThreadContextClassLoaderGetter
2663:             1             16  org.apache.logging.log4j.util.PropertiesUtil$Environment$$Lambda$62/0x00000008001c7840
2664:             1             16  org.apache.logging.log4j.util.PropertiesUtil$Environment$$Lambda$68/0x00000008001c3440
2665:             1             16  org.apache.logging.log4j.util.PropertiesUtil$Environment$$Lambda$69/0x00000008001c2840
2666:             1             16  org.apache.logging.log4j.util.PropertiesUtil$Environment$$Lambda$70/0x00000008001c2c40
2667:             1             16  org.apache.logging.log4j.util.ProviderUtil
2668:             1             16  org.apache.logging.log4j.util.ProviderUtil$$Lambda$79/0x00000008001e1840
2669:             1             16  org.apache.logging.log4j.util.ServiceLoaderUtil$$Lambda$65/0x00000008001c3840
2670:             1             16  org.apache.logging.log4j.util.SortedArrayStringMap$$Lambda$89/0x00000008001e4440
2671:             1             16  org.apache.logging.log4j.util.StackLocator
2672:             1             16  org.apache.logging.log4j.util.StackLocator$$Lambda$83/0x00000008001e7840
2673:             1             16  org.apache.logging.log4j.util.Strings$$Lambda$76/0x00000008001e0440
2674:             1             16  org.apache.logging.slf4j.Log4jLoggerFactory$$Lambda$77/0x00000008001e0c40
2675:             1             16  org.apache.logging.slf4j.Log4jMarkerFactory
2676:             1             16  org.eclipse.jetty.http.Http1FieldPreEncoder
2677:             1             16  org.eclipse.jetty.http.HttpHeader$$Lambda$302/0x00000008004cd440
2678:             1             16  org.eclipse.jetty.http.HttpHeaderValue$$Lambda$306/0x00000008004f0440
2679:             1             16  org.eclipse.jetty.http.HttpMethod$$Lambda$286/0x000000080044b040
2680:             1             16  org.eclipse.jetty.http.HttpMethod$$Lambda$287/0x000000080044b440
2681:             1             16  org.eclipse.jetty.http.HttpMethod$$Lambda$288/0x000000080044a840
2682:             1             16  org.eclipse.jetty.http.HttpScheme$$Lambda$284/0x000000080044b840
2683:             1             16  org.eclipse.jetty.http.HttpVersion$$Lambda$289/0x000000080044ac40
2684:             1             16  org.eclipse.jetty.http.MimeTypes$$Lambda$333/0x000000080050c840
2685:             1             16  org.eclipse.jetty.http.MimeTypes$$Lambda$334/0x000000080050cc40
2686:             1             16  org.eclipse.jetty.http.MimeTypes$$Lambda$336/0x000000080050c440
2687:             1             16  org.eclipse.jetty.http.pathmap.MatchedPath$1
2688:             1             16  org.eclipse.jetty.http.pathmap.PathMappings$$Lambda$299/0x00000008004cec40
2689:             1             16  org.eclipse.jetty.http.pathmap.PathMappings$$Lambda$346/0x000000080052bc40
2690:             1             16  org.eclipse.jetty.io.ArrayRetainableByteBufferPool$$Lambda$292/0x0000000800449c40
2691:             1             16  org.eclipse.jetty.io.SelectorManager$$Lambda$294/0x00000008004c8440
2692:             1             16  org.eclipse.jetty.security.SecurityHandler$1
2693:             1             16  org.eclipse.jetty.security.SecurityHandler$2
2694:             1             16  org.eclipse.jetty.server.AbstractConnector$1
2695:             1             16  org.eclipse.jetty.server.HttpChannel$1
2696:             1             16  org.eclipse.jetty.server.ResourceService$$Lambda$357/0x000000080052f040
2697:             1             16  org.eclipse.jetty.server.ResourceService$$Lambda$358/0x000000080052f440
2698:             1             16  org.eclipse.jetty.server.handler.ContextHandler$$Lambda$363/0x0000000800530840
2699:             1             16  org.eclipse.jetty.server.handler.HandlerCollection$Handlers
2700:             1             16  org.eclipse.jetty.server.session.HouseKeeper$Runner
2701:             1             16  org.eclipse.jetty.server.session.SessionHandler$1
2702:             1             16  org.eclipse.jetty.servlet.FilterHolder$$Lambda$352/0x000000080052dc40
2703:             1             16  org.eclipse.jetty.servlet.ListenerHolder$$Lambda$340/0x000000080050ac40
2704:             1             16  org.eclipse.jetty.servlet.ServletHandler$$Lambda$347/0x000000080052c040
2705:             1             16  org.eclipse.jetty.servlet.ServletHolder$$Lambda$356/0x000000080052ec40
2706:             1             16  org.eclipse.jetty.util.AbstractTrie$$Lambda$285/0x000000080044bc40
2707:             1             16  org.eclipse.jetty.util.ArrayTrie$$Lambda$359/0x000000080052f840
2708:             1             16  org.eclipse.jetty.util.ArrayTrie$$Lambda$360/0x000000080052fc40
2709:             1             16  org.eclipse.jetty.util.ArrayTrie$$Lambda$361/0x0000000800530040
2710:             1             16  org.eclipse.jetty.util.IO$ClosedIS
2711:             1             16  org.eclipse.jetty.util.IO$NullOS
2712:             1             16  org.eclipse.jetty.util.TypeUtil$$Lambda$297/0x00000008004cf440
2713:             1             16  org.eclipse.jetty.util.Uptime
2714:             1             16  org.eclipse.jetty.util.resource.EmptyResource
2715:             1             16  org.eclipse.jetty.util.statistic.CounterStatistic$$Lambda$296/0x00000008004cf040
2716:             1             16  org.eclipse.jetty.util.statistic.SampleStatistic$$Lambda$295/0x00000008004cfc40
2717:             1             16  org.eclipse.jetty.util.thread.QueuedThreadPool$$Lambda$280/0x000000080044c840
2718:             1             16  org.eclipse.jetty.util.thread.QueuedThreadPool$Runner
2719:             1             16  org.eclipse.jetty.util.thread.ReservedThreadExecutor$1
2720:             1             16  org.eclipse.jetty.util.thread.ScheduledExecutorScheduler$ScheduledFutureTask
2721:             1             16  org.eclipse.jetty.util.thread.ThreadPoolBudget$$Lambda$315/0x00000008004f6840
2722:             1             16  org.eclipse.jetty.util.thread.ThreadPoolBudget$1
2723:             1             16  org.eclipse.jetty.util.thread.TryExecutor$1
2724:             1             16  org.eclipse.jetty.webapp.AbstractConfiguration$$Lambda$318/0x0000000800504840
2725:             1             16  org.eclipse.jetty.webapp.AbstractConfiguration$$Lambda$319/0x0000000800504c40
2726:             1             16  org.eclipse.jetty.webapp.ClassMatcher$$Lambda$320/0x0000000800505440
2727:             1             16  org.eclipse.jetty.webapp.ClassMatcher$$Lambda$321/0x0000000800505840
2728:             1             16  org.eclipse.jetty.webapp.ClassMatcher$$Lambda$322/0x0000000800505c40
2729:             1             16  org.eclipse.jetty.webapp.ClassMatcher$$Lambda$328/0x0000000800507440
2730:             1             16  org.eclipse.jetty.webapp.ClassMatcher$$Lambda$329/0x0000000800507840
2731:             1             16  org.eclipse.jetty.webapp.ClassMatcher$$Lambda$330/0x0000000800507c40
2732:             1             16  org.eclipse.jetty.webapp.Configurations$$Lambda$317/0x0000000800504440
2733:             1             16  org.eclipse.jetty.webapp.Configurations$$Lambda$323/0x0000000800506040
2734:             1             16  org.eclipse.jetty.webapp.Configurations$$Lambda$324/0x0000000800506440
2735:             1             16  org.eclipse.jetty.webapp.Configurations$$Lambda$325/0x0000000800506840
2736:             1             16  org.eclipse.jetty.webapp.Configurations$$Lambda$326/0x0000000800506c40
2737:             1             16  org.eclipse.jetty.webapp.Configurations$$Lambda$327/0x0000000800507040
2738:             1             16  org.jolokia.config.Configuration
2739:             1             16  org.jolokia.converter.json.ArrayExtractor
2740:             1             16  org.jolokia.converter.json.BeanExtractor
2741:             1             16  org.jolokia.converter.json.CollectionExtractor
2742:             1             16  org.jolokia.converter.json.CompositeDataExtractor
2743:             1             16  org.jolokia.converter.json.DateExtractor
2744:             1             16  org.jolokia.converter.json.EnumExtractor
2745:             1             16  org.jolokia.converter.json.ListExtractor
2746:             1             16  org.jolokia.converter.json.MapExtractor
2747:             1             16  org.jolokia.converter.json.TabularDataExtractor
2748:             1             16  org.jolokia.converter.json.ValueFaultHandler$1
2749:             1             16  org.jolokia.converter.json.ValueFaultHandler$2
2750:             1             16  org.jolokia.converter.json.simplifier.BigIntegerSimplifier$BigIntegerAttributeExtractor
2751:             1             16  org.jolokia.converter.json.simplifier.ClassSimplifier$InterfaceAttributeExtractor
2752:             1             16  org.jolokia.converter.json.simplifier.ClassSimplifier$NameAttributeExtractor
2753:             1             16  org.jolokia.converter.json.simplifier.DomElementSimplifier$ChildAttributeExtractor
2754:             1             16  org.jolokia.converter.json.simplifier.DomElementSimplifier$NameAttributeExtractor
2755:             1             16  org.jolokia.converter.json.simplifier.DomElementSimplifier$ValueAttributeExtractor
2756:             1             16  org.jolokia.converter.json.simplifier.FileSimplifier$ExistsAttributeExtractor
2757:             1             16  org.jolokia.converter.json.simplifier.FileSimplifier$IsDirectoryAttributeExtractor
2758:             1             16  org.jolokia.converter.json.simplifier.FileSimplifier$LastModifiedAttributeExtractor
2759:             1             16  org.jolokia.converter.json.simplifier.FileSimplifier$LengthAttributeExtractor
2760:             1             16  org.jolokia.converter.json.simplifier.FileSimplifier$NameAttributeExtractor
2761:             1             16  org.jolokia.converter.json.simplifier.FileSimplifier$PathAttributeExtractor
2762:             1             16  org.jolokia.converter.json.simplifier.ObjectNameSimplifier$ObjectNameAttributeExtractor
2763:             1             16  org.jolokia.converter.json.simplifier.UrlSimplifier$UrlAttributeExtractor
2764:             1             16  org.jolokia.converter.object.StringToObjectConverter
2765:             1             16  org.jolokia.converter.object.StringToObjectConverter$BigDecimalParser
2766:             1             16  org.jolokia.converter.object.StringToObjectConverter$BigIntegerParser
2767:             1             16  org.jolokia.converter.object.StringToObjectConverter$DateParser
2768:             1             16  org.jolokia.converter.object.StringToObjectConverter$JSONParser
2769:             1             16  org.jolokia.converter.object.StringToObjectConverter$ObjectNameParser
2770:             1             16  org.jolokia.converter.object.StringToObjectConverter$StringParser
2771:             1             16  org.jolokia.converter.object.StringToObjectConverter$URLParser
2772:             1             16  org.jolokia.detector.AbstractServerDetector$1
2773:             1             16  org.jolokia.handler.ListHandler
2774:             1             16  org.jolokia.handler.ReadHandler
2775:             1             16  org.jolokia.handler.ReadHandler$1
2776:             1             16  org.jolokia.handler.ReadHandler$2
2777:             1             16  org.jolokia.handler.RequestHandlerManager
2778:             1             16  org.jolokia.handler.SearchHandler
2779:             1             16  org.jolokia.history.HistoryStore$1
2780:             1             16  org.jolokia.history.HistoryStore$2
2781:             1             16  org.jolokia.history.HistoryStore$3
2782:             1             16  org.jolokia.http.AgentServlet$3
2783:             1             16  org.jolokia.http.AgentServlet$4
2784:             1             16  org.jolokia.http.Jsr160ProxyNotEnabledByDefaultAnymoreDispatcher
2785:             1             16  org.jolokia.restrictor.policy.HttpMethodChecker
2786:             1             16  org.jolokia.restrictor.policy.RequestTypeChecker
2787:             1             16  org.jolokia.util.ServiceObjectFactory$ServiceEntry$1
2788:             1             16  org.slf4j.helpers.NOPLoggerFactory
2789:             1             16  org.slf4j.impl.StaticLoggerBinder
2790:             1             16  org.slf4j.impl.StaticMarkerBinder
2791:             1             16  org.xml.sax.helpers.DefaultHandler (java.xml@11.0.8)
2792:             1             16  sun.management.ClassLoadingImpl (java.management@11.0.8)
2793:             1             16  sun.misc.Unsafe (jdk.unsupported@11.0.8)
2794:             1             16  sun.net.DefaultProgressMeteringPolicy (java.base@11.0.8)
2795:             1             16  sun.net.ext.ExtendedSocketOptions$$Lambda$310/0x00000008004f6440 (java.base@11.0.8)
2796:             1             16  sun.net.www.protocol.file.Handler (java.base@11.0.8)
2797:             1             16  sun.net.www.protocol.jar.Handler (java.base@11.0.8)
2798:             1             16  sun.net.www.protocol.jar.JarFileFactory (java.base@11.0.8)
2799:             1             16  sun.net.www.protocol.jrt.Handler (java.base@11.0.8)
2800:             1             16  sun.nio.ch.ExtendedSocketOption$1 (java.base@11.0.8)
2801:             1             16  sun.nio.ch.FileChannelImpl$1 (java.base@11.0.8)
2802:             1             16  sun.nio.ch.KQueueSelectorProvider (java.base@11.0.8)
2803:             1             16  sun.nio.ch.Net$1 (java.base@11.0.8)
2804:             1             16  sun.nio.ch.SocketDispatcher (java.base@11.0.8)
2805:             1             16  sun.nio.ch.Util$1 (java.base@11.0.8)
2806:             1             16  sun.nio.fs.MacOSXFileSystemProvider (java.base@11.0.8)
2807:             1             16  sun.nio.fs.NativeBuffers$1 (java.base@11.0.8)
2808:             1             16  sun.reflect.generics.tree.BottomSignature (java.base@11.0.8)
2809:             1             16  sun.reflect.generics.tree.ByteSignature (java.base@11.0.8)
2810:             1             16  sun.reflect.generics.tree.CharSignature (java.base@11.0.8)
2811:             1             16  sun.reflect.generics.tree.LongSignature (java.base@11.0.8)
2812:             1             16  sun.reflect.generics.tree.VoidDescriptor (java.base@11.0.8)
2813:             1             16  sun.util.calendar.Gregorian (java.base@11.0.8)
2814:             1             16  sun.util.cldr.CLDRBaseLocaleDataMetaInfo (java.base@11.0.8)
2815:             1             16  sun.util.locale.InternalLocaleBuilder$CaseInsensitiveChar (java.base@11.0.8)
2816:             1             16  sun.util.locale.provider.CalendarDataUtility$CalendarWeekParameterGetter (java.base@11.0.8)
2817:             1             16  sun.util.locale.provider.TimeZoneNameUtility$TimeZoneNameGetter (java.base@11.0.8)
2818:             1             16  sun.util.logging.internal.LoggingProviderImpl (java.logging@11.0.8)
2819:             1             16  sun.util.resources.LocaleData$LocaleDataStrategy (java.base@11.0.8)
2820:             1             16  sun.util.resources.cldr.provider.CLDRLocaleDataMetaInfo (jdk.localedata@11.0.8)
Total        296334       24656184
