 num     #instances         #bytes  class name (module)
-------------------------------------------------------
   1:         17289        6197856  [Ljava.lang.Object; (java.base@11.0.8)
   2:         40201        5655680  [B (java.base@11.0.8)
   3:          3634        4034168  [I (java.base@11.0.8)
   4:         55928        1342272  java.lang.String (java.base@11.0.8)
   5:          8635        1025592  java.lang.Class (java.base@11.0.8)
   6:           623         977864  [C (java.base@11.0.8)
   7:         21879         700128  java.util.concurrent.ConcurrentHashMap$Node (java.base@11.0.8)
   8:           800         537600  io.netty.util.internal.shaded.org.jctools.queues.MpscArrayQueue
   9:          5236         460768  java.lang.reflect.Method (java.base@11.0.8)
  10:         11249         449960  java.util.LinkedHashMap$Entry (java.base@11.0.8)
  11:         11131         356192  java.util.HashMap$Node (java.base@11.0.8)
  12:          5145         329592  [Ljava.util.HashMap$Node; (java.base@11.0.8)
  13:         20186         322976  java.lang.Integer (java.base@11.0.8)
  14:          2000         320000  org.apache.activemq.artemis.protocol.amqp.broker.AMQPStandardMessage
  15:          2820         294792  [J (java.base@11.0.8)
  16:          1948         280512  [Lorg.eclipse.jetty.util.TreeTrie$Node;
  17:          4539         254184  java.util.LinkedHashMap (java.base@11.0.8)
  18:         14484         231744  java.lang.Object (java.base@11.0.8)
  19:          6582         210624  java.lang.invoke.LambdaForm$Name (java.base@11.0.8)
  20:           360         207360  io.netty.util.internal.shaded.org.jctools.queues.MpscUnboundedArrayQueue
  21:           312         194496  [Ljava.util.concurrent.ConcurrentHashMap$Node; (java.base@11.0.8)
  22:          7034         177632  [Ljava.lang.Class; (java.base@11.0.8)
  23:          2000         144000  org.apache.activemq.artemis.core.server.impl.MessageReferenceImpl
  24:          1980         142560  io.netty.buffer.PoolSubpage
  25:          2000         128000  org.apache.qpid.proton.amqp.messaging.Properties
  26:          1727         124344  java.lang.reflect.Field (java.base@11.0.8)
  27:          2235         107280  java.lang.invoke.MemberName (java.base@11.0.8)
  28:          2163         103824  java.util.HashMap (java.base@11.0.8)
  29:          2001          96048  org.apache.qpid.proton.codec.CompositeReadableBuffer
  30:          3912          93888  java.util.ArrayList (java.base@11.0.8)
  31:          2242          89680  java.lang.ref.SoftReference (java.base@11.0.8)
  32:             2          80552  [Ljava.lang.Integer; (java.base@11.0.8)
  33:          1655          77920  [Ljava.lang.String; (java.base@11.0.8)
  34:          2420          77440  java.util.concurrent.locks.ReentrantLock$NonfairSync (java.base@11.0.8)
  35:          1477          70896  sun.util.locale.LocaleObjectCache$CacheEntry (java.base@11.0.8)
  36:          2000          64000  org.apache.qpid.proton.amqp.messaging.Header
  37:          1948          62336  org.eclipse.jetty.util.TreeTrie$Node
  38:          1402          56080  java.lang.invoke.MethodType (java.base@11.0.8)
  39:           871          55744  java.lang.Class$ReflectionData (java.base@11.0.8)
  40:           715          54016  [Ljava.lang.invoke.LambdaForm$Name; (java.base@11.0.8)
  41:           658          52640  java.lang.reflect.Constructor (java.base@11.0.8)
  42:          1516          48512  javax.management.MBeanParameterInfo (java.management@11.0.8)
  43:          2009          48216  org.apache.activemq.artemis.core.journal.impl.JournalRecord
  44:          2006          48144  java.util.Date (java.base@11.0.8)
  45:          2001          48024  org.apache.activemq.artemis.core.journal.impl.ObjIntIntArrayList
  46:           748          47872  java.nio.DirectByteBuffer (java.base@11.0.8)
  47:          1417          45344  java.lang.invoke.MethodType$ConcurrentWeakInternSet$WeakEntry (java.base@11.0.8)
  48:            64          41472  [Lio.netty.buffer.PoolSubpage;
  49:          1691          40584  java.lang.invoke.ResolvedMethodName (java.base@11.0.8)
  50:           592          40256  [Ljava.lang.ref.SoftReference; (java.base@11.0.8)
  51:          2412          38592  java.util.concurrent.locks.ReentrantLock (java.base@11.0.8)
  52:           954          38160  java.util.TreeMap$Entry (java.base@11.0.8)
  53:          1092          34944  java.lang.ref.WeakReference (java.base@11.0.8)
  54:           710          34080  java.lang.invoke.LambdaForm (java.base@11.0.8)
  55:           848          33920  org.eclipse.jetty.xml.XmlParser$Node
  56:           510          32640  java.util.concurrent.ConcurrentHashMap (java.base@11.0.8)
  57:          2000          32000  org.apache.qpid.proton.amqp.messaging.MessageAnnotations
  58:           434          31376  [Ljava.lang.reflect.Method; (java.base@11.0.8)
  59:           883          28256  java.lang.invoke.LambdaForm$NamedFunction (java.base@11.0.8)
  60:           180          27360  io.netty.channel.kqueue.KQueueEventLoop
  61:           484          27104  java.lang.invoke.LambdaFormEditor$Transform (java.base@11.0.8)
  62:          1125          27000  com.google.common.collect.SingletonImmutableSet
  63:           550          26400  io.airlift.airline.model.OptionMetadata
  64:           780          24960  io.netty.buffer.PoolThreadCache$SubPageMemoryRegionCache
  65:            42          24528  io.netty.util.internal.shaded.org.jctools.queues.MpscChunkedArrayQueue
  66:          1004          24096  sun.reflect.annotation.AnnotationInvocationHandler (java.base@11.0.8)
  67:           739          23648  java.util.Locale (java.base@11.0.8)
  68:           738          23616  sun.util.locale.BaseLocale (java.base@11.0.8)
  69:           738          23616  sun.util.locale.BaseLocale$Key (java.base@11.0.8)
  70:           720          23040  java.lang.invoke.DirectMethodHandle (java.base@11.0.8)
  71:           265          22848  [Ljava.util.WeakHashMap$Entry; (java.base@11.0.8)
  72:           562          22480  jdk.internal.ref.Cleaner (java.base@11.0.8)
  73:           327          20928  java.net.URL (java.base@11.0.8)
  74:            99          19800  com.sun.org.apache.xerces.internal.impl.dv.xs.XSSimpleTypeDecl (java.xml@11.0.8)
  75:           351          19656  java.lang.invoke.MethodTypeForm (java.base@11.0.8)
  76:           595          19040  io.airlift.airline.Accessor
  77:           562          17984  java.nio.DirectByteBuffer$Deallocator (java.base@11.0.8)
  78:           438          17520  javax.management.MBeanOperationInfo (java.management@11.0.8)
  79:           700          16800  org.eclipse.jetty.util.ArrayTrie$Node
  80:           406          16240  java.util.WeakHashMap$Entry (java.base@11.0.8)
  81:           398          15920  java.lang.invoke.DirectMethodHandle$Accessor (java.base@11.0.8)
  82:           323          15504  jdk.internal.ref.CleanerImpl$PhantomCleanableRef (java.base@11.0.8)
  83:           469          15008  java.util.Hashtable$Entry (java.base@11.0.8)
  84:            39          14976  org.apache.activemq.artemis.utils.ActiveMQThreadFactory$1
  85:           149          14304  java.util.jar.JarFile$JarFileEntry (java.base@11.0.8)
  86:           288          13824  io.netty.buffer.PoolChunkList
  87:           842          13568  [Lorg.eclipse.jetty.xml.XmlParser$Attribute;
  88:           211          13504  java.util.zip.Inflater (java.base@11.0.8)
  89:           104          13312  sun.nio.fs.UnixFileAttributes (java.base@11.0.8)
  90:           531          12744  java.util.concurrent.CopyOnWriteArrayList (java.base@11.0.8)
  91:           396          12672  javax.management.MBeanAttributeInfo (java.management@11.0.8)
  92:           522          12520  [Ljava.lang.reflect.Constructor; (java.base@11.0.8)
  93:           771          12336  java.util.LinkedHashMap$LinkedEntrySet (java.base@11.0.8)
  94:           512          12288  io.netty.buffer.LongPriorityQueue
  95:           319          12064  [Ljavax.management.MBeanParameterInfo; (java.management@11.0.8)
  96:           247          11856  java.util.WeakHashMap (java.base@11.0.8)
  97:           291          11640  java.lang.Package$VersionInfo (java.base@11.0.8)
  98:           207          11592  java.beans.MethodDescriptor (java.desktop@11.0.8)
  99:           181          11584  io.netty.buffer.UnpooledUnsafeDirectByteBuf
 100:           360          11520  io.netty.channel.kqueue.KQueueEventArray
 101:           357          11424  java.lang.Package (java.base@11.0.8)
 102:           456          10944  java.util.LinkedList$Node (java.base@11.0.8)
 103:           341          10912  jdk.internal.math.FDBigInteger (java.base@11.0.8)
 104:           336          10752  org.eclipse.jetty.webapp.MetaData$OriginInfo
 105:           261          10440  org.apache.logging.log4j.core.Logger
 106:           261          10440  org.apache.logging.log4j.core.Logger$PrivateConfig
 107:           416           9984  jdk.internal.reflect.NativeConstructorAccessorImpl (java.base@11.0.8)
 108:           616           9856  com.google.common.collect.SingletonImmutableList
 109:           291           9312  java.lang.ref.ReferenceQueue (java.base@11.0.8)
 110:           385           9240  java.beans.MethodRef (java.desktop@11.0.8)
 111:           128           9216  org.apache.activemq.artemis.utils.collections.ConcurrentLongHashMap$Section
 112:           136           8768  [Ljava.util.Hashtable$Entry; (java.base@11.0.8)
 113:           181           8688  java.nio.HeapByteBuffer (java.base@11.0.8)
 114:           180           8640  io.netty.channel.unix.IovArray
 115:           180           8640  io.netty.util.collection.IntObjectHashMap
 116:           358           8592  java.time.LocalDateTime (java.base@11.0.8)
 117:           355           8520  java.lang.module.ModuleDescriptor$Exports (java.base@11.0.8)
 118:           262           8384  java.util.LinkedList (java.base@11.0.8)
 119:           261           8352  org.apache.logging.slf4j.Log4jLogger
 120:             8           8320  [Lorg.apache.qpid.proton.codec.PrimitiveTypeEncoding;
 121:           338           8112  java.util.jar.Attributes$Name (java.base@11.0.8)
 122:           497           7952  java.util.LinkedHashMap$LinkedValues (java.base@11.0.8)
 123:            13           7824  [Lorg.eclipse.jetty.util.ArrayTrie$Node;
 124:           234           7488  java.lang.invoke.BoundMethodHandle$Species_L (java.base@11.0.8)
 125:            92           7360  java.net.URI (java.base@11.0.8)
 126:           100           7344  [Ljavax.management.MBeanAttributeInfo; (java.management@11.0.8)
 127:           154           7264  [Ljava.lang.reflect.Field; (java.base@11.0.8)
 128:           225           7200  org.apache.logging.log4j.core.config.plugins.processor.PluginEntry
 129:           128           7168  org.eclipse.jetty.io.ArrayRetainableByteBufferPool$Bucket
 130:           447           7152  jdk.internal.reflect.DelegatingConstructorAccessorImpl (java.base@11.0.8)
 131:            19           7144  java.lang.Thread (java.base@11.0.8)
 132:            40           7120  [Z (java.base@11.0.8)
 133:           178           7120  java.lang.invoke.BoundMethodHandle$Species_LL (java.base@11.0.8)
 134:           294           7056  javax.management.ImmutableDescriptor (java.management@11.0.8)
 135:           291           6984  org.eclipse.jetty.util.TreeTrie
 136:           217           6944  sun.nio.fs.UnixPath (java.base@11.0.8)
 137:           281           6744  java.util.ImmutableCollections$Set12 (java.base@11.0.8)
 138:           210           6720  io.netty.util.internal.LongAdderCounter
 139:           105           6720  java.util.jar.JarFile (java.base@11.0.8)
 140:           104           6656  java.util.zip.ZipFile$Source (java.base@11.0.8)
 141:           112           6504  [Ljava.lang.invoke.MethodHandle; (java.base@11.0.8)
 142:           116           6496  java.io.FileCleanable (java.base@11.0.8)
 143:           135           6480  java.util.Hashtable (java.base@11.0.8)
 144:            91           6440  [Ljavax.management.MBeanOperationInfo; (java.management@11.0.8)
 145:            89           6408  java.beans.PropertyDescriptor (java.desktop@11.0.8)
 146:           263           6312  java.lang.Class$AnnotationData (java.base@11.0.8)
 147:           263           6312  java.lang.Long (java.base@11.0.8)
 148:           263           6312  org.apache.logging.log4j.message.DefaultFlowMessageFactory
 149:           263           6312  org.apache.logging.log4j.spi.AbstractLogger$LocalLogBuilder
 150:           258           6192  org.apache.qpid.proton.amqp.UnsignedLong
 151:           256           6144  sun.reflect.generics.tree.SimpleClassTypeSignature (java.base@11.0.8)
 152:           250           6000  com.sun.jmx.mbeanserver.PerInterface$MethodAndSig (java.management@11.0.8)
 153:           107           5992  java.lang.Module (java.base@11.0.8)
 154:           185           5920  io.netty.util.concurrent.DefaultPromise
 155:           182           5824  java.util.concurrent.CountDownLatch$Sync (java.base@11.0.8)
 156:           360           5760  org.apache.qpid.proton.amqp.messaging.ApplicationProperties
 157:           118           5664  java.util.TreeMap (java.base@11.0.8)
 158:           233           5592  java.util.concurrent.atomic.AtomicLong (java.base@11.0.8)
 159:           225           5400  org.apache.logging.log4j.core.config.plugins.util.PluginType
 160:           111           5328  java.util.logging.LogManager$LoggerWeakRef (java.logging@11.0.8)
 161:           220           5280  java.util.concurrent.ConcurrentLinkedQueue$Node (java.base@11.0.8)
 162:           130           5200  org.eclipse.jetty.io.ByteBufferPool$Bucket
 163:           160           5120  io.netty.handler.codec.CodecOutputList
 164:            80           5120  java.lang.invoke.BoundMethodHandle$Species_LLLLLLIIL (java.base@11.0.8)
 165:           211           5064  java.util.zip.Inflater$InflaterZStreamRef (java.base@11.0.8)
 166:           105           5040  jdk.internal.loader.URLClassPath$JarLoader (java.base@11.0.8)
 167:           153           4896  com.sun.jmx.mbeanserver.ConvertingMethod (java.management@11.0.8)
 168:           256           4840  [Lsun.reflect.generics.tree.TypeArgument; (java.base@11.0.8)
 169:           121           4840  java.io.FileDescriptor (java.base@11.0.8)
 170:           100           4800  javax.management.MBeanInfo (java.management@11.0.8)
 171:           294           4704  org.eclipse.jetty.util.thread.AutoLock
 172:           293           4688  java.lang.ref.ReferenceQueue$Lock (java.base@11.0.8)
 173:           194           4656  java.util.concurrent.ConcurrentLinkedQueue (java.base@11.0.8)
 174:           192           4608  com.sun.org.apache.xerces.internal.util.SymbolHash$Entry (java.xml@11.0.8)
 175:           144           4608  java.io.File (java.base@11.0.8)
 176:           114           4560  java.math.BigInteger (java.base@11.0.8)
 177:           190           4560  java.util.ArrayDeque (java.base@11.0.8)
 178:           111           4440  java.lang.ref.Finalizer (java.base@11.0.8)
 179:           185           4440  java.util.Collections$SetFromMap (java.base@11.0.8)
 180:           110           4400  java.security.ProtectionDomain (java.base@11.0.8)
 181:           182           4368  java.time.LocalDate (java.base@11.0.8)
 182:           136           4352  org.eclipse.jetty.util.IncludeExcludeSet
 183:           180           4320  io.netty.channel.unix.FileDescriptor
 184:           180           4320  io.netty.util.internal.ThreadExecutorMap$1
 185:           108           4320  java.security.CodeSource (java.base@11.0.8)
 186:           133           4256  java.lang.module.ModuleDescriptor$Requires (java.base@11.0.8)
 187:           266           4256  java.util.HashSet (java.base@11.0.8)
 188:           262           4192  org.apache.logging.log4j.message.ParameterizedMessageFactory
 189:           104           4160  io.netty.buffer.PoolThreadCache$MemoryRegionCache$Entry
 190:           259           4144  java.lang.Byte (java.base@11.0.8)
 191:           259           4144  java.lang.Short (java.base@11.0.8)
 192:           258           4128  org.apache.qpid.proton.amqp.UnsignedInteger
 193:           257           4112  org.apache.qpid.proton.amqp.UnsignedShort
 194:           171           4104  java.util.ImmutableCollections$SetN (java.base@11.0.8)
 195:           256           4096  org.apache.qpid.proton.amqp.UnsignedByte
 196:           254           4064  sun.reflect.generics.tree.ClassTypeSignature (java.base@11.0.8)
 197:           168           4032  org.eclipse.jetty.util.component.ContainerLifeCycle$Bean
 198:            40           4000  [Lio.netty.buffer.PoolThreadCache$MemoryRegionCache;
 199:           166           3984  jdk.internal.module.ServicesCatalog$ServiceProvider (java.base@11.0.8)
 200:           123           3936  java.lang.ThreadLocal$ThreadLocalMap$Entry (java.base@11.0.8)
 201:           123           3936  org.apache.activemq.artemis.api.core.SimpleString
 202:            98           3920  java.io.ObjectStreamField (java.base@11.0.8)
 203:            61           3904  java.lang.module.ModuleDescriptor (java.base@11.0.8)
 204:            80           3840  org.eclipse.jetty.http.HttpHeader
 205:            24           3648  io.netty.buffer.PoolArena$DirectArena
 206:            24           3648  io.netty.buffer.PoolArena$HeapArena
 207:           166           3608  [Ljava.lang.reflect.Type; (java.base@11.0.8)
 208:            45           3600  sun.net.www.protocol.jar.URLJarFile (java.base@11.0.8)
 209:           112           3584  java.io.RandomAccessFile (java.base@11.0.8)
 210:            88           3520  java.lang.invoke.MethodHandleImpl$AsVarargsCollector (java.base@11.0.8)
 211:           145           3480  java.util.Collections$SingletonList (java.base@11.0.8)
 212:           105           3360  java.util.zip.ZipFile$CleanableResource (java.base@11.0.8)
 213:            60           3360  jdk.internal.module.ModuleReferenceImpl (java.base@11.0.8)
 214:           164           3288  [Lcom.sun.jmx.mbeanserver.MXBeanMapping; (java.management@11.0.8)
 215:           136           3264  org.eclipse.jetty.webapp.ClassMatcher$ByClass
 216:           136           3264  org.eclipse.jetty.webapp.ClassMatcher$ByLocationOrModule
 217:           136           3264  org.eclipse.jetty.webapp.ClassMatcher$ByModule
 218:           136           3264  org.eclipse.jetty.webapp.ClassMatcher$ByPackageOrName
 219:            39           3248  [Ljava.lang.ThreadLocal$ThreadLocalMap$Entry; (java.base@11.0.8)
 220:            81           3240  java.lang.invoke.DirectMethodHandle$Special (java.base@11.0.8)
 221:            80           3200  com.sun.management.internal.DiagnosticCommandArgumentInfo (jdk.management@11.0.8)
 222:           200           3200  com.sun.proxy.$Proxy14
 223:            99           3168  java.util.logging.LogManager$LogNode (java.logging@11.0.8)
 224:            36           3168  jdk.internal.reflect.DelegatingClassLoader (java.base@11.0.8)
 225:           196           3136  java.util.Collections$SingletonSet (java.base@11.0.8)
 226:            49           3136  javax.management.openmbean.OpenMBeanAttributeInfoSupport (java.management@11.0.8)
 227:            77           3080  com.sun.beans.introspect.PropertyInfo (java.desktop@11.0.8)
 228:           191           3056  java.util.LinkedHashSet (java.base@11.0.8)
 229:           190           3040  com.sun.proxy.$Proxy31
 230:           113           2992  [Ljavax.management.ObjectName$Property; (java.management@11.0.8)
 231:           182           2912  java.util.concurrent.CountDownLatch (java.base@11.0.8)
 232:           180           2880  io.netty.channel.kqueue.KQueueEventLoop$1
 233:           180           2880  io.netty.util.collection.IntObjectHashMap$1
 234:           180           2880  io.netty.util.collection.IntObjectHashMap$EntrySet
 235:           180           2880  io.netty.util.collection.IntObjectHashMap$KeySet
 236:           180           2880  java.lang.ThreadLocal (java.base@11.0.8)
 237:           179           2864  java.util.concurrent.atomic.AtomicBoolean (java.base@11.0.8)
 238:           178           2848  java.util.Collections$UnmodifiableSet (java.base@11.0.8)
 239:           118           2832  javax.management.ObjectName$Property (java.management@11.0.8)
 240:            32           2816  java.util.regex.Pattern (java.base@11.0.8)
 241:           175           2800  java.util.concurrent.atomic.AtomicInteger (java.base@11.0.8)
 242:            47           2752  [Lcom.sun.org.apache.xerces.internal.util.SymbolHash$Entry; (java.xml@11.0.8)
 243:            49           2744  java.util.logging.Logger (java.logging@11.0.8)
 244:            21           2688  io.netty.util.internal.InternalThreadLocalMap
 245:           111           2664  java.util.ImmutableCollections$List12 (java.base@11.0.8)
 246:           163           2608  com.sun.proxy.$Proxy32
 247:           104           2496  java.util.zip.ZipFile$Source$Key (java.base@11.0.8)
 248:           151           2416  java.util.ImmutableCollections$ListN (java.base@11.0.8)
 249:           151           2416  java.util.WeakHashMap$KeySet (java.base@11.0.8)
 250:            60           2400  java.io.FilePermission (java.base@11.0.8)
 251:            30           2400  java.lang.invoke.BoundMethodHandle$Species_LLLLLLLLLIILL (java.base@11.0.8)
 252:            49           2352  java.lang.invoke.BoundMethodHandle$SpeciesData (java.base@11.0.8)
 253:             2           2328  [Lorg.eclipse.jetty.http.HttpStatus$Code;
 254:            97           2328  com.sun.beans.introspect.MethodInfo (java.desktop@11.0.8)
 255:            97           2328  java.util.Collections$UnmodifiableRandomAccessList (java.base@11.0.8)
 256:            16           2304  [Lio.netty.buffer.LongPriorityQueue;
 257:            41           2296  java.security.Provider$Service (java.base@11.0.8)
 258:            41           2296  javax.management.openmbean.CompositeType (java.management@11.0.8)
 259:            95           2280  java.security.Provider$ServiceKey (java.base@11.0.8)
 260:            71           2272  com.sun.org.apache.xerces.internal.xni.QName (java.xml@11.0.8)
 261:            46           2208  io.airlift.airline.model.CommandMetadata
 262:           136           2176  org.eclipse.jetty.webapp.ClassMatcher$ByLocation
 263:           136           2176  org.eclipse.jetty.webapp.ClassMatcher$ByPackage
 264:            89           2136  sun.reflect.generics.factory.CoreReflectionFactory (java.base@11.0.8)
 265:            66           2112  java.lang.invoke.LambdaForm$Kind (java.base@11.0.8)
 266:            66           2112  java.security.Permissions (java.base@11.0.8)
 267:            23           2104  [[B (java.base@11.0.8)
 268:           130           2080  java.lang.Character (java.base@11.0.8)
 269:             1           2064  [Lorg.eclipse.jetty.http.HttpGenerator$PreparedResponse;
 270:            86           2064  org.apache.qpid.proton.amqp.Symbol
 271:            84           2016  io.netty.util.Recycler$DefaultHandle
 272:            50           2000  java.util.logging.Logger$ConfigurationData (java.logging@11.0.8)
 273:            62           1984  jdk.internal.reflect.UnsafeObjectFieldAccessorImpl (java.base@11.0.8)
 274:            41           1968  com.sun.management.internal.DiagnosticCommandInfo (jdk.management@11.0.8)
 275:            82           1968  jdk.internal.reflect.NativeMethodAccessorImpl (java.base@11.0.8)
 276:            49           1960  [Ljava.lang.invoke.BoundMethodHandle$SpeciesData; (java.base@11.0.8)
 277:            61           1952  org.eclipse.jetty.http.HttpStatus$Code
 278:            81           1944  sun.reflect.generics.reflectiveObjects.ParameterizedTypeImpl (java.base@11.0.8)
 279:            14           1896  [Ljava.lang.ClassValue$Entry; (java.base@11.0.8)
 280:            21           1848  io.netty.buffer.PooledUnsafeDirectByteBuf
 281:            46           1840  java.security.AccessControlContext (java.base@11.0.8)
 282:            76           1824  java.util.Arrays$ArrayList (java.base@11.0.8)
 283:            57           1824  javax.management.ObjectName (java.management@11.0.8)
 284:            74           1776  jdk.internal.loader.AbstractClassLoaderValue$Sub (java.base@11.0.8)
 285:            37           1776  org.eclipse.jetty.http.pathmap.ServletPathSpec
 286:           110           1760  [Ljava.security.Principal; (java.base@11.0.8)
 287:           110           1760  java.security.ProtectionDomain$Key (java.base@11.0.8)
 288:            43           1720  org.apache.activemq.artemis.utils.actors.OrderedExecutor
 289:             3           1704  org.jctools.queues.MpscUnboundedArrayQueue
 290:            53           1696  sun.nio.fs.UnixFileKey (java.base@11.0.8)
 291:            30           1680  [Lorg.apache.activemq.artemis.utils.collections.LinkedListImpl$Iterator;
 292:           104           1664  sun.nio.fs.UnixFileAttributes$UnixAsBasicFileAttributes (java.base@11.0.8)
 293:            68           1632  org.eclipse.jetty.webapp.ClassMatcher
 294:            40           1600  org.eclipse.jetty.http.HttpMethod
 295:            33           1584  java.time.temporal.ValueRange (java.base@11.0.8)
 296:            32           1536  com.sun.org.apache.xerces.internal.impl.dv.xs.DecimalDV$XDecimal (java.xml@11.0.8)
 297:            48           1536  com.sun.org.apache.xerces.internal.impl.xs.traversers.OneAttr (java.xml@11.0.8)
 298:            64           1536  java.util.concurrent.locks.AbstractQueuedSynchronizer$ConditionObject (java.base@11.0.8)
 299:            19           1520  org.eclipse.jetty.servlet.FilterHolder
 300:            38           1520  sun.reflect.generics.repository.MethodRepository (java.base@11.0.8)
 301:            47           1504  com.sun.org.apache.xerces.internal.util.SymbolHash (java.xml@11.0.8)
 302:            47           1504  java.util.Vector (java.base@11.0.8)
 303:             4           1504  org.apache.logging.log4j.core.util.Log4jThread
 304:             2           1448  [Ljava.time.LocalDateTime; (java.base@11.0.8)
 305:            60           1440  java.lang.module.ResolvedModule (java.base@11.0.8)
 306:            45           1440  java.util.zip.ZipFile$CleanableResource$FinalizableResource (java.base@11.0.8)
 307:            60           1440  jdk.internal.module.SystemModuleFinders$2 (java.base@11.0.8)
 308:            60           1440  jdk.internal.module.SystemModuleFinders$SystemModuleReader (java.base@11.0.8)
 309:            30           1440  org.apache.activemq.artemis.utils.collections.LinkedListImpl
 310:            59           1416  java.io.FilePermissionCollection (java.base@11.0.8)
 311:            59           1416  jdk.internal.loader.BuiltinClassLoader$LoadedModule (java.base@11.0.8)
 312:            59           1416  org.eclipse.jetty.http.HttpGenerator$PreparedResponse
 313:            44           1408  org.jolokia.config.ConfigKey
 314:            58           1392  com.sun.org.apache.xerces.internal.util.SymbolTable$Entry (java.xml@11.0.8)
 315:            29           1392  java.util.concurrent.ThreadPoolExecutor$Worker (java.base@11.0.8)
 316:            87           1392  jdk.internal.reflect.DelegatingMethodAccessorImpl (java.base@11.0.8)
 317:             1           1376  [Ljdk.internal.math.FDBigInteger; (java.base@11.0.8)
 318:            57           1368  java.util.jar.Manifest (java.base@11.0.8)
 319:            13           1352  org.eclipse.jetty.servlet.ServletHolder
 320:            56           1344  java.lang.module.ModuleDescriptor$Provides (java.base@11.0.8)
 321:            42           1344  java.util.concurrent.atomic.LongAdder (java.base@11.0.8)
 322:            56           1344  javax.xml.namespace.QName (java.xml@11.0.8)
 323:             8           1336  [Ljava.beans.MethodDescriptor; (java.desktop@11.0.8)
 324:            79           1336  [Lsun.reflect.generics.tree.FormalTypeParameter; (java.base@11.0.8)
 325:            41           1312  com.sun.management.internal.DiagnosticCommandImpl$Wrapper (jdk.management@11.0.8)
 326:            41           1312  sun.reflect.generics.repository.ClassRepository (java.base@11.0.8)
 327:            40           1296  [Ljava.math.BigInteger; (java.base@11.0.8)
 328:            27           1296  javax.management.openmbean.TabularType (java.management@11.0.8)
 329:            27           1296  org.apache.commons.beanutils.converters.ArrayConverter
 330:            16           1280  io.netty.buffer.PoolChunk
 331:            40           1280  java.util.concurrent.locks.AbstractQueuedSynchronizer$Node (java.base@11.0.8)
 332:            41           1264  [Lcom.sun.org.apache.xerces.internal.impl.xs.traversers.OneAttr; (java.xml@11.0.8)
 333:            31           1240  java.util.IdentityHashMap (java.base@11.0.8)
 334:            51           1224  com.sun.jmx.mbeanserver.NamedObject (java.management@11.0.8)
 335:            51           1224  sun.reflect.generics.scope.ClassScope (java.base@11.0.8)
 336:            38           1216  sun.reflect.generics.tree.MethodTypeSignature (java.base@11.0.8)
 337:            30           1200  java.time.temporal.ChronoField (java.base@11.0.8)
 338:             5           1200  org.apache.activemq.artemis.core.remoting.impl.netty.NettyAcceptor
 339:            50           1200  org.eclipse.jetty.servlet.Source
 340:            37           1184  io.netty.channel.ChannelOption
 341:            37           1184  java.lang.invoke.VarHandle$AccessDescriptor (java.base@11.0.8)
 342:            21           1176  org.apache.logging.log4j.core.util.datetime.FixedDateFormat$FixedFormat
 343:            29           1160  com.sun.jmx.mbeanserver.PerInterface (java.management@11.0.8)
 344:            29           1160  java.lang.invoke.VarHandleObjects$FieldInstanceReadWrite (java.base@11.0.8)
 345:            48           1152  java.security.Provider$UString (java.base@11.0.8)
 346:            48           1152  java.util.regex.Pattern$BmpCharPropertyGreedy (java.base@11.0.8)
 347:            71           1136  com.sun.proxy.$Proxy8
 348:            47           1128  org.eclipse.jetty.servlet.ServletHandler$MappedServlet
 349:            28           1120  java.math.BigDecimal (java.base@11.0.8)
 350:            20           1120  javax.management.openmbean.ArrayType (java.management@11.0.8)
 351:            46           1104  org.eclipse.jetty.webapp.ClassMatcher$ClassEntry
 352:             8           1088  org.apache.qpid.proton.codec.EncoderImpl
 353:            34           1088  sun.reflect.annotation.AnnotationType (java.base@11.0.8)
 354:            15           1080  java.util.ResourceBundle$CacheKey (java.base@11.0.8)
 355:             2           1056  [Ljava.lang.Byte; (java.base@11.0.8)
 356:             2           1056  [Ljava.lang.Long; (java.base@11.0.8)
 357:             2           1056  [Ljava.lang.Short; (java.base@11.0.8)
 358:            48           1056  [Ljavax.management.MBeanConstructorInfo; (java.management@11.0.8)
 359:             1           1040  [Lorg.apache.activemq.artemis.utils.collections.TypedProperties$ByteValue;
 360:             1           1040  [Lorg.apache.activemq.openwire.DataStreamMarshaller;
 361:             1           1040  [Lorg.apache.qpid.proton.amqp.UnsignedByte;
 362:             1           1040  [Lorg.apache.qpid.proton.amqp.UnsignedInteger;
 363:             1           1040  [Lorg.apache.qpid.proton.amqp.UnsignedLong;
 364:             1           1040  [Lorg.apache.qpid.proton.amqp.UnsignedShort;
 365:            26           1040  java.lang.invoke.DirectMethodHandle$Interface (java.base@11.0.8)
 366:            65           1040  java.security.SecureClassLoader$CodeSourceKey (java.base@11.0.8)
 367:            65           1040  java.util.HashMap$EntrySet (java.base@11.0.8)
 368:            65           1040  org.eclipse.jetty.io.AbstractByteBufferPool$$Lambda$290/0x000000080044a440
 369:            65           1040  org.eclipse.jetty.io.AbstractByteBufferPool$$Lambda$291/0x0000000800449840
 370:            43           1032  java.util.regex.Pattern$BmpCharProperty (java.base@11.0.8)
 371:            41           1024  [Lcom.sun.management.internal.DiagnosticCommandArgumentInfo; (jdk.management@11.0.8)
 372:            32           1024  java.util.concurrent.atomic.AtomicIntegerFieldUpdater$AtomicIntegerFieldUpdaterImpl (java.base@11.0.8)
 373:            15           1016  [Ljava.beans.PropertyDescriptor; (java.desktop@11.0.8)
 374:             7           1008  [Ljava.lang.invoke.MemberName; (java.base@11.0.8)
 375:            55           1008  [Lsun.reflect.generics.tree.FieldTypeSignature; (java.base@11.0.8)
 376:            42           1008  io.netty.util.Recycler$LocalPool
 377:             3           1008  org.apache.activemq.artemis.core.server.impl.QueueImpl
 378:            34           1000  [Ljava.security.ProtectionDomain; (java.base@11.0.8)
 379:            31            992  java.lang.invoke.VarHandle$AccessMode (java.base@11.0.8)
 380:            62            992  java.util.HashMap$KeySet (java.base@11.0.8)
 381:            41            984  sun.reflect.generics.tree.ClassSignature (java.base@11.0.8)
 382:            10            968  [D (java.base@11.0.8)
 383:            60            960  com.sun.proxy.$Proxy15
 384:            12            960  java.lang.invoke.BoundMethodHandle$Species_LLLLLLLLIILL (java.base@11.0.8)
 385:            30            960  java.security.Provider$EngineDescription (java.base@11.0.8)
 386:            30            960  java.util.ResourceBundle$KeyElementReference (java.base@11.0.8)
 387:            30            960  org.apache.activemq.artemis.utils.collections.LinkedListImpl$NodeHolder
 388:            24            960  org.apache.activemq.artemis.utils.critical.CriticalMeasure
 389:            40            960  org.apache.qpid.proton.engine.Event$Type
 390:            41            944  [Lsun.reflect.generics.tree.ClassTypeSignature; (java.base@11.0.8)
 391:            39            936  java.lang.ThreadLocal$ThreadLocalMap (java.base@11.0.8)
 392:            13            936  java.util.concurrent.ScheduledThreadPoolExecutor$ScheduledFutureTask (java.base@11.0.8)
 393:             3            936  org.apache.activemq.artemis.core.settings.impl.AddressSettings
 394:            13            936  org.apache.logging.log4j.core.config.LoggerConfig
 395:            39            936  org.eclipse.jetty.webapp.ClassMatcher$PackageEntry
 396:            29            928  java.util.RegularEnumSet (java.base@11.0.8)
 397:            58            928  jdk.internal.module.SystemModuleFinders$3 (java.base@11.0.8)
 398:            29            928  org.eclipse.jetty.util.resource.PathResource
 399:            23            920  com.sun.jmx.mbeanserver.MXBeanSupport (java.management@11.0.8)
 400:            57            912  java.util.jar.Attributes (java.base@11.0.8)
 401:            19            912  org.eclipse.jetty.http.MimeTypes$Type
 402:            38            912  sun.reflect.generics.scope.MethodScope (java.base@11.0.8)
 403:            28            896  [Ljava.io.ObjectStreamField; (java.base@11.0.8)
 404:            28            896  org.apache.logging.log4j.core.config.builder.api.Component
 405:            37            888  java.lang.invoke.Invokers (java.base@11.0.8)
 406:            37            888  java.util.regex.Pattern$GroupHead (java.base@11.0.8)
 407:            37            888  java.util.regex.Pattern$GroupTail (java.base@11.0.8)
 408:            37            888  org.eclipse.jetty.http.pathmap.MappedResource
 409:             3            888  org.eclipse.jetty.webapp.WebAppContext
 410:            55            880  com.sun.proxy.$Proxy9
 411:            27            872  [Ljava.time.format.DateTimeFormatterBuilder$DateTimePrinterParser; (java.base@11.0.8)
 412:            36            864  com.sun.org.apache.xerces.internal.impl.xs.traversers.SmallContainer (java.xml@11.0.8)
 413:            53            848  org.apache.commons.beanutils.converters.ConverterFacade
 414:            35            840  io.netty.util.internal.logging.LocationAwareSlf4JLogger
 415:            35            840  java.lang.management.ManagementPermission (java.management@11.0.8)
 416:            15            840  sun.util.calendar.ZoneInfo (java.base@11.0.8)
 417:            13            832  java.lang.ClassValue$ClassValueMap (java.base@11.0.8)
 418:            34            816  java.lang.ProcessEnvironment$Value (java.base@11.0.8)
 419:            34            816  java.lang.ProcessEnvironment$Variable (java.base@11.0.8)
 420:            34            816  java.util.concurrent.ConcurrentHashMap$KeySetView (java.base@11.0.8)
 421:            34            816  org.apache.activemq.artemis.core.management.impl.view.QueueField
 422:            10            800  [Lio.netty.handler.codec.CodecOutputList;
 423:             5            800  [Lio.netty.util.concurrent.EventExecutor;
 424:            25            800  io.airlift.airline.model.ArgumentsMetadata
 425:            25            800  java.util.concurrent.atomic.AtomicLongFieldUpdater$CASUpdater (java.base@11.0.8)
 426:            14            784  javax.management.openmbean.OpenMBeanParameterInfoSupport (java.management@11.0.8)
 427:            48            768  com.google.common.collect.RegularImmutableList
 428:            16            768  com.sun.beans.util.Cache$Kind$Soft (java.desktop@11.0.8)
 429:            32            768  com.sun.jmx.mbeanserver.DefaultMXBeanMappingFactory$IdentityMapping (java.management@11.0.8)
 430:            24            768  com.sun.jmx.mbeanserver.WeakIdentityHashMap$IdentityWeakReference (java.management@11.0.8)
 431:            16            768  io.netty.buffer.PoolThreadCache
 432:             2            752  [Ljava.time.ZoneOffset; (java.base@11.0.8)
 433:            47            752  com.sun.proxy.$Proxy16
 434:            23            736  [Ljava.lang.invoke.LambdaFormEditor$Transform; (java.base@11.0.8)
 435:            46            736  java.util.HashMap$Values (java.base@11.0.8)
 436:            27            720  [Ljavax.xml.namespace.QName; (java.xml@11.0.8)
 437:             9            720  java.lang.invoke.BoundMethodHandle$Species_LLLLLLLLLLLLL (java.base@11.0.8)
 438:            15            720  java.util.ResourceBundle$BundleReference (java.base@11.0.8)
 439:            43            688  org.apache.activemq.artemis.utils.actors.ProcessorBase$$Lambda$179/0x000000080035ec40
 440:             2            672  [Lorg.eclipse.jetty.http.HttpHeader;
 441:            28            672  org.apache.activemq.artemis.api.core.management.CoreNotificationType
 442:            38            664  [Lsun.reflect.generics.tree.TypeSignature; (java.base@11.0.8)
 443:            14            648  [S (java.base@11.0.8)
 444:            27            648  java.time.format.DateTimeFormatterBuilder$CompositePrinterParser (java.base@11.0.8)
 445:            27            648  java.util.regex.Pattern$CharPropertyGreedy (java.base@11.0.8)
 446:             9            648  org.apache.activemq.artemis.core.journal.impl.JournalFileImpl
 447:             8            640  [Ljava.util.concurrent.RunnableScheduledFuture; (java.base@11.0.8)
 448:             8            640  [Lorg.apache.activemq.artemis.utils.collections.ConcurrentLongHashMap$Section;
 449:             8            640  com.google.common.cache.LocalCache$Segment
 450:            16            640  io.netty.buffer.LongLongHashMap
 451:            20            640  io.netty.buffer.PoolThreadCache$NormalMemoryRegionCache
 452:            10            640  io.netty.channel.ChannelOutboundBuffer$Entry
 453:            10            640  java.lang.invoke.BoundMethodHandle$Species_LLLLLLII (java.base@11.0.8)
 454:            16            640  java.lang.invoke.DirectMethodHandle$Constructor (java.base@11.0.8)
 455:            20            640  java.util.Collections$UnmodifiableMap (java.base@11.0.8)
 456:             8            640  java.util.concurrent.ScheduledThreadPoolExecutor (java.base@11.0.8)
 457:            20            640  org.eclipse.jetty.http.PreEncodedHttpField
 458:             3            624  [Ljava.lang.invoke.LambdaForm; (java.base@11.0.8)
 459:            26            624  com.sun.jmx.mbeanserver.StandardMBeanSupport (java.management@11.0.8)
 460:            26            624  java.time.LocalTime (java.base@11.0.8)
 461:            13            624  java.util.concurrent.locks.ReentrantReadWriteLock$NonfairSync (java.base@11.0.8)
 462:             6            616  [[Ljava.lang.Object; (java.base@11.0.8)
 463:            38            608  com.sun.proxy.$Proxy11
 464:            19            608  java.lang.ClassValue$Entry (java.base@11.0.8)
 465:            19            608  java.time.format.DateTimeFormatterBuilder$NumberPrinterParser (java.base@11.0.8)
 466:            19            608  javax.management.MBeanConstructorInfo (java.management@11.0.8)
 467:            19            608  org.eclipse.jetty.servlet.FilterMapping
 468:            33            600  [Ljava.lang.reflect.TypeVariable; (java.base@11.0.8)
 469:            15            600  java.time.format.DateTimeFormatter (java.base@11.0.8)
 470:            15            600  java.util.concurrent.atomic.LongAccumulator (java.base@11.0.8)
 471:             1            592  org.apache.activemq.artemis.core.config.impl.FileConfiguration
 472:            12            576  com.sun.org.apache.xerces.internal.util.XMLAttributesImpl$Attribute (java.xml@11.0.8)
 473:            24            576  com.sun.org.apache.xerces.internal.util.XMLStringBuffer (java.xml@11.0.8)
 474:             8            576  java.lang.invoke.BoundMethodHandle$Species_LLLLLLLIIL (java.base@11.0.8)
 475:            18            576  java.net.InetAddress$InetAddressHolder (java.base@11.0.8)
 476:             4            576  java.text.DecimalFormat (java.base@11.0.8)
 477:            18            576  org.apache.activemq.artemis.utils.AbstractLatch$CountSync
 478:            12            576  org.apache.activemq.artemis.utils.ActiveMQThreadFactory
 479:            24            576  org.apache.activemq.artemis.utils.critical.CriticalMeasure$1
 480:             8            576  sun.nio.ch.FileChannelImpl (java.base@11.0.8)
 481:             6            576  sun.nio.ch.KQueueSelectorImpl (java.base@11.0.8)
 482:             6            576  sun.util.calendar.Gregorian$Date (java.base@11.0.8)
 483:             2            560  [Lorg.eclipse.jetty.io.ByteBufferPool$Bucket;
 484:            10            560  java.util.Properties (java.base@11.0.8)
 485:             7            560  java.util.concurrent.TimeUnit (java.base@11.0.8)
 486:            14            560  javax.management.openmbean.SimpleType (java.management@11.0.8)
 487:             7            560  org.apache.activemq.artemis.utils.SizeAwareMetric
 488:             2            544  [Ljava.lang.Character; (java.base@11.0.8)
 489:             2            544  [Lorg.eclipse.jetty.io.ArrayRetainableByteBufferPool$Bucket;
 490:            34            544  com.sun.proxy.$Proxy20
 491:             1            528  [Ljava.util.TimerTask; (java.base@11.0.8)
 492:            11            528  com.sun.jmx.mbeanserver.DefaultMXBeanMappingFactory$CompositeMapping (java.management@11.0.8)
 493:            22            528  java.util.regex.Pattern$BitClass (java.base@11.0.8)
 494:             3            528  org.apache.activemq.artemis.core.paging.impl.PagingStoreImpl
 495:             4            520  [Ljava.util.concurrent.ConcurrentMap; (java.base@11.0.8)
 496:             5            520  io.netty.channel.kqueue.KQueueServerSocketChannel
 497:            13            520  org.apache.activemq.artemis.core.version.impl.VersionImpl
 498:            13            520  org.eclipse.jetty.util.ArrayTrie
 499:            16            512  java.time.temporal.ChronoUnit (java.base@11.0.8)
 500:            16            512  java.util.regex.Pattern$Branch (java.base@11.0.8)
 501:            21            504  com.sun.org.apache.xerces.internal.xni.XMLString (java.xml@11.0.8)
 502:            21            504  java.util.AbstractMap$SimpleImmutableEntry (java.base@11.0.8)
 503:             9            504  org.apache.activemq.artemis.core.io.nio.NIOSequentialFile
 504:             9            504  org.eclipse.jetty.servlet.ListenerHolder
 505:             7            496  [Lsun.invoke.util.Wrapper; (java.base@11.0.8)
 506:            31            496  jdk.internal.reflect.BootstrapConstructorAccessorImpl (java.base@11.0.8)
 507:             3            480  com.sun.org.apache.xerces.internal.impl.xs.SchemaGrammar$BuiltinSchemaGrammar (java.xml@11.0.8)
 508:             6            480  org.eclipse.jetty.io.ManagedSelector
 509:             6            480  org.eclipse.jetty.util.thread.strategy.AdaptiveExecutionStrategy
 510:            10            480  sun.invoke.util.Wrapper (java.base@11.0.8)
 511:            21            464  [Ljavax.management.MBeanNotificationInfo; (java.management@11.0.8)
 512:            19            456  java.time.Duration (java.base@11.0.8)
 513:             3            456  org.eclipse.jetty.server.session.SessionHandler
 514:            19            456  org.eclipse.jetty.servlet.FilterHolder$Config
 515:             2            448  [Lorg.apache.activemq.artemis.api.core.ActiveMQExceptionType;
 516:             4            448  java.util.GregorianCalendar (java.base@11.0.8)
 517:             4            448  org.apache.activemq.artemis.core.persistence.impl.journal.OperationContextImpl
 518:             8            448  org.apache.qpid.proton.codec.ArrayType
 519:             8            448  sun.management.MemoryPoolImpl (java.management@11.0.8)
 520:            18            432  java.text.DateFormat$Field (java.base@11.0.8)
 521:             6            432  java.util.concurrent.ThreadPoolExecutor (java.base@11.0.8)
 522:             9            432  org.apache.activemq.artemis.core.server.impl.QueueMessageMetrics
 523:            18            432  org.apache.commons.logging.impl.Jdk14Logger
 524:            18            432  org.apache.logging.log4j.core.pattern.PatternFormatter
 525:             3            432  org.eclipse.jetty.servlet.ServletHandler
 526:             6            432  org.eclipse.jetty.util.resource.JarFileResource
 527:            18            432  org.eclipse.jetty.xml.XmlParser$Attribute
 528:             1            424  [Lcom.sun.org.apache.xerces.internal.util.SymbolTable$Entry; (java.xml@11.0.8)
 529:             4            416  com.sun.org.apache.xerces.internal.impl.dv.xs.AbstractDateTimeDV$DateTimeData (java.xml@11.0.8)
 530:            13            416  com.sun.org.apache.xerces.internal.util.AugmentationsImpl$SmallContainer (java.xml@11.0.8)
 531:            26            416  java.util.IdentityHashMap$KeySet (java.base@11.0.8)
 532:            13            416  jdk.internal.reflect.UnsafeBooleanFieldAccessorImpl (java.base@11.0.8)
 533:            13            416  org.eclipse.jetty.servlet.ServletMapping
 534:            13            416  sun.security.jca.ProviderConfig (java.base@11.0.8)
 535:            17            408  java.lang.RuntimePermission (java.base@11.0.8)
 536:            17            408  java.util.regex.Pattern$Start (java.base@11.0.8)
 537:            17            408  javax.management.StandardMBean (java.management@11.0.8)
 538:            17            408  jdk.internal.util.jar.JarIndex (java.base@11.0.8)
 539:            17            408  sun.nio.ch.OptionKey (java.base@11.0.8)
 540:            17            408  sun.nio.ch.SocketOptionRegistry$RegistryKey (java.base@11.0.8)
 541:            10            400  com.sun.org.apache.xerces.internal.impl.xpath.regex.RangeToken (java.xml@11.0.8)
 542:            10            400  io.netty.channel.group.DefaultChannelGroup
 543:            10            400  java.lang.OutOfMemoryError (java.base@11.0.8)
 544:             5            400  java.lang.invoke.BoundMethodHandle$Species_LLLLLLLLLLLII (java.base@11.0.8)
 545:            25            400  java.util.concurrent.ConcurrentHashMap$ValuesView (java.base@11.0.8)
 546:            10            400  jdk.internal.reflect.UnsafeQualifiedStaticObjectFieldAccessorImpl (java.base@11.0.8)
 547:             1            400  org.apache.activemq.artemis.core.remoting.server.impl.RemotingServiceImpl$FailureCheckAndFlushThread
 548:             9            392  [Ljava.lang.invoke.MethodType; (java.base@11.0.8)
 549:             4            384  [Lcom.sun.org.apache.xerces.internal.xni.QName; (java.xml@11.0.8)
 550:            16            384  [Ljava.util.regex.Pattern$Node; (java.base@11.0.8)
 551:             6            384  com.google.common.cache.LocalCache$StrongAccessWriteEntry
 552:            16            384  com.sun.org.apache.xerces.internal.impl.xpath.regex.Op$RangeOp (java.xml@11.0.8)
 553:             8            384  java.beans.BeanDescriptor (java.desktop@11.0.8)
 554:             1            384  java.lang.ref.Finalizer$FinalizerThread (java.base@11.0.8)
 555:             1            384  java.util.TimerThread (java.base@11.0.8)
 556:             1            384  java.util.logging.LogManager$Cleaner (java.logging@11.0.8)
 557:             1            384  jdk.internal.misc.InnocuousThread (java.base@11.0.8)
 558:             1            384  org.apache.activemq.artemis.cli.commands.Run$3
 559:            12            384  org.apache.activemq.artemis.commons.shaded.johnzon.core.JsonObjectImpl
 560:             4            384  org.apache.activemq.artemis.core.server.impl.AddressInfo
 561:            12            384  org.apache.logging.log4j.core.config.AwaitCompletionReliabilityStrategy
 562:            16            384  org.apache.qpid.proton.codec.messaging.AcceptedType
 563:            16            384  org.apache.qpid.proton.codec.messaging.AmqpSequenceType
 564:            16            384  org.apache.qpid.proton.codec.messaging.AmqpValueType
 565:            16            384  org.apache.qpid.proton.codec.messaging.ApplicationPropertiesType
 566:            16            384  org.apache.qpid.proton.codec.messaging.DataType
 567:            16            384  org.apache.qpid.proton.codec.messaging.DeliveryAnnotationsType
 568:            16            384  org.apache.qpid.proton.codec.messaging.FooterType
 569:            16            384  org.apache.qpid.proton.codec.messaging.HeaderType
 570:            16            384  org.apache.qpid.proton.codec.messaging.MessageAnnotationsType
 571:            16            384  org.apache.qpid.proton.codec.messaging.PropertiesType
 572:            16            384  org.apache.qpid.proton.codec.transport.DispositionType
 573:            16            384  org.apache.qpid.proton.codec.transport.FlowType
 574:            16            384  org.apache.qpid.proton.codec.transport.TransferType
 575:            16            384  org.apache.qpid.proton.engine.impl.FrameParser$State
 576:            16            384  org.apache.qpid.proton.engine.impl.SaslFrameParser$State
 577:             3            384  org.eclipse.jetty.webapp.WebAppClassLoader
 578:            12            384  sun.reflect.generics.reflectiveObjects.TypeVariableImpl (java.base@11.0.8)
 579:             1            376  java.lang.ref.Reference$ReferenceHandler (java.base@11.0.8)
 580:            10            368  [Ljava.lang.Boolean; (java.base@11.0.8)
 581:            23            368  java.util.TreeSet (java.base@11.0.8)
 582:            23            368  java.util.concurrent.atomic.AtomicReference (java.base@11.0.8)
 583:            23            368  org.apache.activemq.artemis.utils.collections.ConcurrentHashSet
 584:             4            360  [Ljava.lang.Thread; (java.base@11.0.8)
 585:             1            360  com.sun.org.apache.xerces.internal.impl.XMLNSDocumentScannerImpl (java.xml@11.0.8)
 586:             9            360  com.sun.org.apache.xerces.internal.utils.XMLSecurityManager$Limit (java.xml@11.0.8)
 587:             5            360  io.netty.channel.kqueue.KQueueServerSocketChannelConfig
 588:            15            360  io.netty.util.internal.ThreadExecutorMap$2
 589:             9            360  java.lang.ClassLoader$NativeLibrary (java.base@11.0.8)
 590:            15            360  java.util.concurrent.Executors$RunnableAdapter (java.base@11.0.8)
 591:            15            360  java.util.concurrent.locks.ReentrantReadWriteLock (java.base@11.0.8)
 592:             9            360  sun.nio.cs.UTF_8$Decoder (java.base@11.0.8)
 593:            11            352  java.util.concurrent.atomic.AtomicReferenceFieldUpdater$AtomicReferenceFieldUpdaterImpl (java.base@11.0.8)
 594:            22            352  java.util.regex.Pattern$$Lambda$26/0x0000000800126840 (java.base@11.0.8)
 595:            22            352  java.util.regex.Pattern$BitClass$$Lambda$25/0x0000000800127440 (java.base@11.0.8)
 596:            11            352  org.eclipse.jetty.http.HttpHeaderValue
 597:            14            336  com.sun.org.apache.xerces.internal.impl.xpath.regex.Op$ChildOp (java.xml@11.0.8)
 598:            21            336  com.sun.proxy.$Proxy3
 599:             6            336  java.nio.DirectLongBufferU (java.base@11.0.8)
 600:            14            336  java.util.Collections$SynchronizedSet (java.base@11.0.8)
 601:            14            336  java.util.regex.Pattern$$Lambda$158/0x0000000800312040 (java.base@11.0.8)
 602:            14            336  java.util.regex.Pattern$Dollar (java.base@11.0.8)
 603:            14            336  java.util.regex.Pattern$Ques (java.base@11.0.8)
 604:             6            336  org.apache.commons.collections.FastHashMap
 605:             7            336  org.apache.logging.log4j.core.lookup.ConfigurationStrSubstitutor
 606:             7            336  sun.nio.cs.UTF_8$Encoder (java.base@11.0.8)
 607:             7            336  sun.util.resources.Bundles$BundleReference (java.base@11.0.8)
 608:            10            320  com.sun.org.apache.xerces.internal.impl.XMLEntityManager$EncodingInfo (java.xml@11.0.8)
 609:            20            320  com.sun.proxy.$Proxy1
 610:            20            320  com.sun.proxy.$Proxy6
 611:             5            320  io.netty.channel.ChannelOutboundBuffer
 612:             5            320  io.netty.channel.DefaultChannelPipeline$HeadContext
 613:            10            320  io.netty.handler.codec.CodecOutputList$CodecOutputLists
 614:             8            320  java.beans.GenericBeanInfo (java.desktop@11.0.8)
 615:            10            320  java.net.Inet6Address (java.base@11.0.8)
 616:            10            320  java.net.Inet6Address$Inet6AddressHolder (java.base@11.0.8)
 617:             5            320  java.nio.DirectByteBufferR (java.base@11.0.8)
 618:            10            320  javax.management.MBeanNotificationInfo (java.management@11.0.8)
 619:             8            320  org.apache.qpid.proton.codec.ArrayType$AllArrayEncoding
 620:             8            320  org.apache.qpid.proton.codec.ArrayType$ShortArrayEncoding
 621:             8            320  sun.management.MemoryPoolImpl$CollectionSensor (java.management@11.0.8)
 622:             8            320  sun.management.MemoryPoolImpl$PoolSensor (java.management@11.0.8)
 623:             6            312  [Lcom.sun.org.apache.xerces.internal.impl.xs.util.SimpleLocator; (java.xml@11.0.8)
 624:             3            312  org.apache.activemq.artemis.core.messagecounter.MessageCounter
 625:            13            312  org.eclipse.jetty.servlet.ServletHolder$Config
 626:            19            304  java.util.concurrent.ConcurrentHashMap$EntrySetView (java.base@11.0.8)
 627:            19            304  java.util.regex.Pattern$$Lambda$38/0x0000000800157440 (java.base@11.0.8)
 628:             9            288  com.sun.beans.introspect.ClassInfo (java.desktop@11.0.8)
 629:            12            288  com.sun.org.apache.xerces.internal.impl.xpath.regex.Token$CharToken (java.xml@11.0.8)
 630:            12            288  java.net.StandardSocketOptions$StdSocketOption (java.base@11.0.8)
 631:             4            288  java.text.DecimalFormatSymbols (java.base@11.0.8)
 632:            12            288  java.time.Month (java.base@11.0.8)
 633:             6            288  java.util.concurrent.LinkedBlockingQueue (java.base@11.0.8)
 634:             9            288  java.util.logging.Level (java.logging@11.0.8)
 635:             9            288  java.util.logging.Level$KnownLevel (java.logging@11.0.8)
 636:            12            288  java.util.regex.Pattern$BmpCharPredicate$$Lambda$73/0x00000008001c1840 (java.base@11.0.8)
 637:             9            288  jdk.internal.org.objectweb.asm.Type (java.base@11.0.8)
 638:             2            288  org.apache.activemq.artemis.core.journal.impl.JournalImpl
 639:             3            288  org.apache.activemq.artemis.core.paging.cursor.impl.PageSubscriptionCounterImpl
 640:             1            288  org.apache.activemq.artemis.core.server.impl.ActiveMQServerImpl
 641:            18            288  org.apache.activemq.artemis.utils.ReusableLatch
 642:            18            288  org.apache.activemq.artemis.utils.actors.HandlerBase$Counter
 643:             3            288  org.eclipse.jetty.security.ConstraintSecurityHandler
 644:             9            288  org.eclipse.jetty.util.statistic.SampleStatistic
 645:            12            288  sun.reflect.generics.tree.FormalTypeParameter (java.base@11.0.8)
 646:             1            280  [Ljava.lang.invoke.LambdaForm$Kind; (java.base@11.0.8)
 647:             5            280  io.netty.bootstrap.ServerBootstrap
 648:             5            280  io.netty.channel.DefaultChannelHandlerContext
 649:             5            280  io.netty.channel.DefaultChannelPipeline$TailContext
 650:             5            280  io.netty.channel.kqueue.AbstractKQueueServerChannel$KQueueServerSocketUnsafe
 651:             5            280  java.lang.invoke.BoundMethodHandle$Species_LIILLL (java.base@11.0.8)
 652:             5            280  org.eclipse.jetty.util.thread.ScheduledExecutorScheduler
 653:            17            272  io.netty.channel.$Proxy36
 654:            17            272  java.time.format.DateTimeFormatterBuilder$CharLiteralPrinterParser (java.base@11.0.8)
 655:             2            272  org.apache.activemq.artemis.api.core.QueueConfiguration
 656:            17            272  sun.invoke.util.ValueConversions$WrapperCache (java.base@11.0.8)
 657:            11            264  java.lang.annotation.ElementType (java.base@11.0.8)
 658:            11            264  java.lang.invoke.MethodHandleImpl$Intrinsic (java.base@11.0.8)
 659:            11            264  java.util.concurrent.ConcurrentSkipListMap$Node (java.base@11.0.8)
 660:            11            264  java.util.regex.Pattern$SliceI (java.base@11.0.8)
 661:            11            264  org.apache.activemq.artemis.api.core.ActiveMQExceptionType
 662:            11            264  org.apache.logging.log4j.core.util.datetime.FastDateParser$StrategyAndWidth
 663:            11            264  sun.reflect.generics.repository.FieldRepository (java.base@11.0.8)
 664:             4            256  [Lcom.sun.org.apache.xerces.internal.impl.xs.XSElementDecl; (java.xml@11.0.8)
 665:             2            256  com.google.common.cache.LocalCache
 666:             8            256  com.sun.beans.util.Cache$CacheEntry (java.desktop@11.0.8)
 667:             8            256  io.netty.channel.AbstractChannelHandlerContext$WriteTask
 668:             8            256  java.lang.reflect.ProxyGenerator$PrimitiveTypeInfo (java.base@11.0.8)
 669:             8            256  java.util.concurrent.ScheduledThreadPoolExecutor$DelayedWorkQueue (java.base@11.0.8)
 670:            16            256  java.util.regex.Pattern$BranchConn (java.base@11.0.8)
 671:             8            256  org.apache.logging.log4j.core.lookup.Interpolator
 672:            16            256  org.apache.logging.log4j.core.lookup.SystemPropertiesLookup
 673:             8            256  org.apache.qpid.proton.codec.DecoderImpl
 674:             8            256  org.apache.qpid.proton.codec.ListType
 675:             8            256  org.apache.qpid.proton.codec.ListType$AllListEncoding
 676:             8            256  org.apache.qpid.proton.codec.ListType$ShortListEncoding
 677:             8            256  org.apache.qpid.proton.codec.MapType
 678:             8            256  org.apache.qpid.proton.codec.MapType$AllMapEncoding
 679:             8            256  org.apache.qpid.proton.codec.MapType$ShortMapEncoding
 680:             8            256  org.apache.qpid.proton.codec.StringType$AllStringEncoding
 681:             8            256  org.apache.qpid.proton.codec.StringType$ShortStringEncoding
 682:             8            256  org.apache.qpid.proton.codec.SymbolType
 683:             8            256  org.eclipse.jetty.http.HttpCompliance$Violation
 684:             7            248  [Ljava.lang.annotation.ElementType; (java.base@11.0.8)
 685:             8            248  [Ljava.util.Map$Entry; (java.base@11.0.8)
 686:             3            240  [Lcom.sun.org.apache.xerces.internal.impl.xs.XSComplexTypeDecl; (java.xml@11.0.8)
 687:            10            240  com.sun.org.apache.xerces.internal.impl.XMLScanner$NameType (java.xml@11.0.8)
 688:             5            240  io.netty.channel.AbstractChannel$CloseFuture
 689:             5            240  io.netty.channel.DefaultChannelPipeline
 690:            10            240  io.netty.channel.VoidChannelPromise
 691:            15            240  io.netty.util.concurrent.SingleThreadEventExecutor$4
 692:             3            240  java.lang.invoke.BoundMethodHandle$Species_LLLLLLLLLIIL (java.base@11.0.8)
 693:             6            240  java.lang.invoke.MethodHandleImpl$IntrinsicMethodHandle (java.base@11.0.8)
 694:            10            240  java.nio.charset.CoderResult (java.base@11.0.8)
 695:            10            240  java.nio.file.StandardOpenOption (java.base@11.0.8)
 696:             6            240  java.util.Collections$SingletonMap (java.base@11.0.8)
 697:            10            240  java.util.concurrent.LinkedBlockingQueue$Node (java.base@11.0.8)
 698:            15            240  java.util.concurrent.locks.ReentrantReadWriteLock$ReadLock (java.base@11.0.8)
 699:            15            240  java.util.concurrent.locks.ReentrantReadWriteLock$Sync$ThreadLocalHoldCounter (java.base@11.0.8)
 700:            15            240  java.util.concurrent.locks.ReentrantReadWriteLock$WriteLock (java.base@11.0.8)
 701:            15            240  java.util.regex.Pattern$Begin (java.base@11.0.8)
 702:            10            240  org.apache.activemq.artemis.commons.shaded.json.stream.JsonParser$Event
 703:             3            240  org.apache.activemq.artemis.core.paging.cursor.impl.PageSubscriptionImpl
 704:             3            240  org.apache.activemq.artemis.core.paging.impl.PageSyncTimer
 705:            10            240  org.apache.activemq.artemis.utils.Suppliers$MemoizingSupplier
 706:            10            240  org.apache.http.message.BasicHeader
 707:             2            240  org.apache.logging.log4j.core.appender.rolling.RollingFileManager
 708:             5            240  org.apache.logging.log4j.core.config.AppenderControl
 709:             3            240  org.apache.logging.log4j.core.util.datetime.FixedDateFormat
 710:             3            240  org.eclipse.jetty.webapp.MetaData
 711:             5            240  sun.util.locale.provider.LocaleResources$ResourceReference (java.base@11.0.8)
 712:             2            224  [Lio.netty.buffer.PoolArena;
 713:             5            224  [Ljava.lang.invoke.LambdaForm$NamedFunction; (java.base@11.0.8)
 714:             7            224  io.airlift.airline.model.CommandGroupMetadata
 715:             7            224  java.lang.invoke.VarHandleInts$FieldInstanceReadWrite (java.base@11.0.8)
 716:             7            224  sun.util.resources.Bundles$CacheKey (java.base@11.0.8)
 717:             9            216  java.nio.file.attribute.PosixFilePermission (java.base@11.0.8)
 718:             3            216  java.security.SecureRandom (java.base@11.0.8)
 719:             9            216  java.util.regex.Pattern$$Lambda$72/0x00000008001c2440 (java.base@11.0.8)
 720:             9            216  java.util.regex.Pattern$Slice (java.base@11.0.8)
 721:             9            216  org.apache.activemq.artemis.core.io.nio.NIOSequentialFile$SyncLocalBufferObserver
 722:             9            216  org.apache.logging.log4j.MarkerManager$Log4jMarker
 723:             3            216  org.eclipse.jetty.server.session.DefaultSessionCache
 724:             3            216  sun.security.provider.NativePRNG$RandomIO (java.base@11.0.8)
 725:            13            208  com.sun.org.apache.xerces.internal.util.AugmentationsImpl (java.xml@11.0.8)
 726:            13            208  com.sun.proxy.$Proxy26
 727:            13            208  java.util.concurrent.CopyOnWriteArraySet (java.base@11.0.8)
 728:            13            208  org.apache.logging.log4j.core.config.AppenderControlArraySet
 729:             2            200  [Ljava.text.DateFormat$Field; (java.base@11.0.8)
 730:             1            200  com.sun.org.apache.xerces.internal.impl.XMLDTDScannerImpl (java.xml@11.0.8)
 731:             1            200  com.sun.org.apache.xerces.internal.parsers.XIncludeAwareParserConfiguration (java.xml@11.0.8)
 732:             5            200  io.netty.bootstrap.ServerBootstrap$ServerBootstrapAcceptor
 733:             5            200  java.util.EnumMap (java.base@11.0.8)
 734:             5            200  java.util.stream.StreamOpFlag (java.base@11.0.8)
 735:             5            200  jdk.internal.loader.URLClassPath (java.base@11.0.8)
 736:             5            200  org.apache.logging.log4j.core.pattern.DatePatternConverter
 737:             5            200  org.eclipse.jetty.http.HttpVersion
 738:             5            192  [Lorg.apache.activemq.artemis.utils.critical.CriticalMeasure;
 739:             1            192  [Lorg.jolokia.config.ConfigKey;
 740:             8            192  com.google.common.cache.LocalCache$AccessQueue$1
 741:             8            192  com.google.common.cache.LocalCache$WriteQueue$1
 742:             8            192  com.sun.beans.introspect.PropertyInfo$Name (java.desktop@11.0.8)
 743:             6            192  com.sun.jmx.mbeanserver.DefaultMXBeanMappingFactory$CollectionMapping (java.management@11.0.8)
 744:             6            192  com.sun.org.apache.xerces.internal.impl.xpath.regex.Token$ClosureToken (java.xml@11.0.8)
 745:             4            192  com.sun.org.apache.xerces.internal.impl.xs.SchemaGrammar$BuiltinAttrDecl (java.xml@11.0.8)
 746:             6            192  com.sun.xml.bind.v2.model.impl.ClassInfoImpl$SecondaryAnnotation
 747:             3            192  java.lang.invoke.BoundMethodHandle$Species_LLLLLIIL (java.base@11.0.8)
 748:             6            192  java.lang.invoke.LambdaForm$BasicType (java.base@11.0.8)
 749:             8            192  java.math.RoundingMode (java.base@11.0.8)
 750:             8            192  java.net.Inet4Address (java.base@11.0.8)
 751:             8            192  java.net.NetPermission (java.base@11.0.8)
 752:             4            192  java.nio.HeapCharBuffer (java.base@11.0.8)
 753:             6            192  java.time.format.TextStyle (java.base@11.0.8)
 754:             6            192  java.util.ImmutableCollections$MapN (java.base@11.0.8)
 755:             8            192  java.util.concurrent.ConcurrentSkipListMap$Index (java.base@11.0.8)
 756:             8            192  java.util.regex.Pattern$CharProperty (java.base@11.0.8)
 757:             8            192  org.apache.activemq.artemis.commons.shaded.johnzon.core.JsonGeneratorImpl$GeneratorState
 758:             8            192  org.apache.activemq.artemis.core.config.HAPolicyConfiguration$TYPE
 759:             3            192  org.apache.activemq.artemis.core.io.nio.NIOSequentialFileFactory
 760:             4            192  org.apache.activemq.artemis.core.management.impl.AddressControlImpl
 761:             6            192  org.apache.activemq.artemis.core.protocol.core.impl.ChannelImpl$CHANNEL_ID
 762:             8            192  org.apache.activemq.artemis.core.server.ActiveMQScheduledComponent$$Lambda$173/0x0000000800337040
 763:             8            192  org.apache.logging.log4j.Level
 764:             8            192  org.apache.logging.log4j.core.appender.rolling.RolloverFrequency
 765:             3            192  org.apache.logging.log4j.core.layout.PatternLayout
 766:             8            192  org.apache.logging.log4j.core.lookup.PropertiesLookup
 767:             8            192  org.apache.logging.log4j.core.pattern.SimpleLiteralPatternConverter$StringValue
 768:             8            192  org.apache.logging.log4j.spi.StandardLevel
 769:             8            192  org.apache.qpid.proton.codec.BigIntegerType
 770:             8            192  org.apache.qpid.proton.codec.BigIntegerType$AllBigIntegerEncoding
 771:             8            192  org.apache.qpid.proton.codec.BigIntegerType$SmallBigIntegerEncoding
 772:             8            192  org.apache.qpid.proton.codec.BinaryType
 773:             8            192  org.apache.qpid.proton.codec.BinaryType$LongBinaryEncoding
 774:             8            192  org.apache.qpid.proton.codec.BinaryType$ShortBinaryEncoding
 775:             8            192  org.apache.qpid.proton.codec.BooleanType
 776:             8            192  org.apache.qpid.proton.codec.BooleanType$AllBooleanEncoding
 777:             8            192  org.apache.qpid.proton.codec.BooleanType$FalseEncoding
 778:             8            192  org.apache.qpid.proton.codec.BooleanType$TrueEncoding
 779:             8            192  org.apache.qpid.proton.codec.ByteType$ByteEncoding
 780:             8            192  org.apache.qpid.proton.codec.CharacterType$CharacterEncoding
 781:             8            192  org.apache.qpid.proton.codec.Decimal128Type$Decimal128Encoding
 782:             8            192  org.apache.qpid.proton.codec.Decimal32Type$Decimal32Encoding
 783:             8            192  org.apache.qpid.proton.codec.Decimal64Type$Decimal64Encoding
 784:             8            192  org.apache.qpid.proton.codec.DoubleType$DoubleEncoding
 785:             8            192  org.apache.qpid.proton.codec.FloatType$FloatEncoding
 786:             8            192  org.apache.qpid.proton.codec.IntegerType
 787:             8            192  org.apache.qpid.proton.codec.IntegerType$AllIntegerEncoding
 788:             8            192  org.apache.qpid.proton.codec.IntegerType$SmallIntegerEncoding
 789:             8            192  org.apache.qpid.proton.codec.ListType$ZeroListEncoding
 790:             8            192  org.apache.qpid.proton.codec.LongType
 791:             8            192  org.apache.qpid.proton.codec.LongType$AllLongEncoding
 792:             8            192  org.apache.qpid.proton.codec.LongType$SmallLongEncoding
 793:             8            192  org.apache.qpid.proton.codec.NullType$NullEncoding
 794:             8            192  org.apache.qpid.proton.codec.ShortType$ShortEncoding
 795:             8            192  org.apache.qpid.proton.codec.StringType
 796:             8            192  org.apache.qpid.proton.codec.SymbolType$LongSymbolEncoding
 797:             8            192  org.apache.qpid.proton.codec.SymbolType$ShortSymbolEncoding
 798:             8            192  org.apache.qpid.proton.codec.TimestampType$TimestampEncoding
 799:             8            192  org.apache.qpid.proton.codec.UUIDType$UUIDEncoding
 800:             8            192  org.apache.qpid.proton.codec.UnsignedByteType$UnsignedByteEncoding
 801:             8            192  org.apache.qpid.proton.codec.UnsignedIntegerType
 802:             8            192  org.apache.qpid.proton.codec.UnsignedIntegerType$AllUnsignedIntegerEncoding
 803:             8            192  org.apache.qpid.proton.codec.UnsignedIntegerType$SmallUnsignedIntegerEncoding
 804:             8            192  org.apache.qpid.proton.codec.UnsignedIntegerType$ZeroUnsignedIntegerEncoding
 805:             8            192  org.apache.qpid.proton.codec.UnsignedLongType
 806:             8            192  org.apache.qpid.proton.codec.UnsignedLongType$AllUnsignedLongEncoding
 807:             8            192  org.apache.qpid.proton.codec.UnsignedLongType$SmallUnsignedLongEncoding
 808:             8            192  org.apache.qpid.proton.codec.UnsignedLongType$ZeroUnsignedLongEncoding
 809:             8            192  org.apache.qpid.proton.codec.UnsignedShortType$UnsignedShortEncoding
 810:             8            192  org.apache.qpid.proton.codec.messaging.DeleteOnCloseType
 811:             8            192  org.apache.qpid.proton.codec.messaging.DeleteOnNoLinksOrMessagesType
 812:             8            192  org.apache.qpid.proton.codec.messaging.DeleteOnNoLinksType
 813:             8            192  org.apache.qpid.proton.codec.messaging.DeleteOnNoMessagesType
 814:             8            192  org.apache.qpid.proton.codec.messaging.FastPathApplicationPropertiesType
 815:             8            192  org.apache.qpid.proton.codec.messaging.FastPathDeliveryAnnotationsType
 816:             8            192  org.apache.qpid.proton.codec.messaging.FastPathMessageAnnotationsType
 817:             8            192  org.apache.qpid.proton.codec.messaging.ModifiedType
 818:             8            192  org.apache.qpid.proton.codec.messaging.ReceivedType
 819:             8            192  org.apache.qpid.proton.codec.messaging.RejectedType
 820:             8            192  org.apache.qpid.proton.codec.messaging.ReleasedType
 821:             8            192  org.apache.qpid.proton.codec.messaging.SourceType
 822:             8            192  org.apache.qpid.proton.codec.messaging.TargetType
 823:             8            192  org.apache.qpid.proton.codec.security.SaslChallengeType
 824:             8            192  org.apache.qpid.proton.codec.security.SaslInitType
 825:             8            192  org.apache.qpid.proton.codec.security.SaslMechanismsType
 826:             8            192  org.apache.qpid.proton.codec.security.SaslOutcomeType
 827:             8            192  org.apache.qpid.proton.codec.security.SaslResponseType
 828:             8            192  org.apache.qpid.proton.codec.transaction.CoordinatorType
 829:             8            192  org.apache.qpid.proton.codec.transaction.DeclareType
 830:             8            192  org.apache.qpid.proton.codec.transaction.DeclaredType
 831:             8            192  org.apache.qpid.proton.codec.transaction.DischargeType
 832:             8            192  org.apache.qpid.proton.codec.transaction.TransactionalStateType
 833:             8            192  org.apache.qpid.proton.codec.transport.AttachType
 834:             8            192  org.apache.qpid.proton.codec.transport.BeginType
 835:             8            192  org.apache.qpid.proton.codec.transport.CloseType
 836:             8            192  org.apache.qpid.proton.codec.transport.DetachType
 837:             8            192  org.apache.qpid.proton.codec.transport.EndType
 838:             8            192  org.apache.qpid.proton.codec.transport.ErrorConditionType
 839:             8            192  org.apache.qpid.proton.codec.transport.OpenType
 840:             6            192  org.eclipse.jetty.http.UriCompliance$Violation
 841:             6            192  org.eclipse.jetty.http.pathmap.PathMappings
 842:             6            192  org.eclipse.jetty.security.ConstraintMapping
 843:             3            192  org.eclipse.jetty.server.session.NullSessionDataStore
 844:             3            192  org.eclipse.jetty.servlet.DefaultServlet
 845:             3            192  org.eclipse.jetty.servlet.ErrorPageErrorHandler
 846:             6            192  org.eclipse.jetty.util.security.Constraint
 847:             8            192  org.jolokia.util.RequestType
 848:             8            192  sun.nio.ch.NativeThreadSet (java.base@11.0.8)
 849:             6            192  sun.security.util.LazyCodeSourcePermissionCollection (java.base@11.0.8)
 850:             1            184  [Lorg.apache.qpid.proton.engine.Event$Type;
 851:             1            176  [Lorg.eclipse.jetty.http.HttpMethod;
 852:             1            176  com.sun.org.apache.xerces.internal.impl.dtd.XMLNSDTDValidator (java.xml@11.0.8)
 853:            11            176  com.sun.org.apache.xerces.internal.impl.xs.util.XInt (java.xml@11.0.8)
 854:             2            176  org.apache.activemq.artemis.core.journal.impl.JournalFilesRepository
 855:             2            176  org.apache.activemq.artemis.protocol.amqp.broker.ProtonProtocolManager
 856:             1            176  org.apache.logging.log4j.core.config.properties.PropertiesConfiguration
 857:            11            176  org.apache.logging.log4j.core.util.datetime.FastDateParser$NumberStrategy
 858:             3            168  [Lorg.apache.activemq.artemis.utils.collections.LinkedListImpl;
 859:             2            168  [[Ljava.lang.String; (java.base@11.0.8)
 860:             1            168  [[Ljava.math.BigInteger; (java.base@11.0.8)
 861:             3            168  com.sun.org.apache.xerces.internal.impl.xs.XSDDescription (java.xml@11.0.8)
 862:             7            168  com.sun.org.apache.xerces.internal.util.FeatureState (java.xml@11.0.8)
 863:             7            168  com.sun.xml.bind.v2.model.impl.ClassInfoImpl$PropertyGroup
 864:             7            168  java.lang.Double (java.base@11.0.8)
 865:             7            168  java.lang.System$Logger$Level (java.base@11.0.8)
 866:             7            168  java.lang.ThreadLocal$SuppliedThreadLocal (java.base@11.0.8)
 867:             7            168  java.lang.invoke.VarForm (java.base@11.0.8)
 868:             7            168  java.time.DayOfWeek (java.base@11.0.8)
 869:             7            168  java.time.ZoneOffset (java.base@11.0.8)
 870:             3            168  javax.management.openmbean.OpenMBeanOperationInfoSupport (java.management@11.0.8)
 871:             7            168  org.apache.activemq.artemis.api.core.Pair
 872:             7            168  org.apache.activemq.artemis.commons.shaded.johnzon.core.BufferStrategyFactory$CharBufferQueueProvider
 873:             7            168  org.apache.activemq.artemis.commons.shaded.json.JsonValue$ValueType
 874:             3            168  org.apache.activemq.artemis.core.management.impl.QueueControlImpl
 875:             7            168  org.apache.activemq.artemis.json.JsonValue$ValueType
 876:             3            168  org.apache.commons.beanutils.WeakFastHashMap
 877:             7            168  org.apache.qpid.proton.engine.Sasl$SaslOutcome
 878:             7            168  org.eclipse.jetty.http.UriCompliance
 879:             7            168  org.eclipse.jetty.http.pathmap.MatchedPath$2
 880:             3            168  org.eclipse.jetty.server.CachedContentFactory
 881:             3            168  org.eclipse.jetty.server.ResourceService
 882:             1            168  org.eclipse.jetty.server.ServerConnector
 883:             3            168  org.eclipse.jetty.util.MultiMap
 884:             7            168  org.eclipse.jetty.webapp.Origin
 885:             4            160  [F (java.base@11.0.8)
 886:             3            160  [Ljava.math.BigDecimal; (java.base@11.0.8)
 887:             3            160  [Ljava.util.logging.Level; (java.logging@11.0.8)
 888:             5            160  [Lsun.nio.fs.NativeBuffer; (java.base@11.0.8)
 889:             5            160  com.sun.xml.bind.v2.model.core.PropertyKind
 890:             5            160  io.netty.channel.DefaultChannelId
 891:            10            160  io.netty.channel.group.DefaultChannelGroup$1
 892:            10            160  io.netty.channel.group.VoidChannelGroupFuture
 893:             5            160  io.netty.channel.kqueue.KQueueEventLoopGroup
 894:             4            160  io.netty.util.internal.ObjectPool$RecyclerObjectPool$1
 895:             4            160  java.io.FileOutputStream (java.base@11.0.8)
 896:             4            160  java.lang.invoke.BoundMethodHandle$Species_LLL (java.base@11.0.8)
 897:             5            160  java.lang.invoke.VarHandle$AccessType (java.base@11.0.8)
 898:             4            160  java.text.DigitList (java.base@11.0.8)
 899:            10            160  java.util.Formatter$Flags (java.base@11.0.8)
 900:             5            160  java.util.regex.Pattern$Curly (java.base@11.0.8)
 901:             5            160  javax.management.StandardEmitterMBean (java.management@11.0.8)
 902:             4            160  javax.xml.catalog.CatalogFeatures$Feature (java.xml@11.0.8)
 903:             4            160  jdk.xml.internal.JdkXmlFeatures$XmlFeature (java.xml@11.0.8)
 904:             5            160  org.apache.activemq.artemis.api.core.TransportConfiguration
 905:             5            160  org.apache.activemq.artemis.core.management.impl.AcceptorControlImpl
 906:             4            160  org.apache.activemq.artemis.core.postoffice.impl.AddressPartNode
 907:             5            160  org.apache.activemq.artemis.core.protocol.ProtocolHandler
 908:             2            160  org.apache.activemq.artemis.utils.ActiveMQThreadPoolExecutor
 909:             4            160  org.apache.commons.beanutils.converters.ByteConverter
 910:             4            160  org.apache.commons.beanutils.converters.DoubleConverter
 911:             4            160  org.apache.commons.beanutils.converters.FloatConverter
 912:             4            160  org.apache.commons.beanutils.converters.IntegerConverter
 913:             4            160  org.apache.commons.beanutils.converters.LongConverter
 914:             4            160  org.apache.commons.beanutils.converters.ShortConverter
 915:             4            160  org.apache.logging.log4j.core.config.Node
 916:             5            160  org.apache.logging.log4j.core.pattern.DatePatternConverter$CachedTime
 917:             4            160  org.eclipse.jetty.webapp.WebInfConfiguration
 918:             5            160  sun.nio.fs.NativeBuffer (java.base@11.0.8)
 919:             5            160  sun.util.locale.provider.LocaleProviderAdapter$Type (java.base@11.0.8)
 920:            10            160  sun.util.logging.internal.LoggingProviderImpl$JULWrapper (java.logging@11.0.8)
 921:             1            152  [Lorg.apache.activemq.artemis.core.management.impl.view.QueueField;
 922:             1            152  com.sun.org.apache.xerces.internal.impl.XMLEntityManager (java.xml@11.0.8)
 923:             1            144  [Ljava.lang.invoke.VarHandle$AccessMode; (java.base@11.0.8)
 924:             6            144  com.sun.org.apache.xerces.internal.util.Status (java.xml@11.0.8)
 925:             6            144  io.netty.channel.WriteBufferWaterMark
 926:             3            144  io.netty.util.collection.LongObjectHashMap
 927:             6            144  java.lang.NamedPackage (java.base@11.0.8)
 928:             6            144  java.lang.StringBuilder (java.base@11.0.8)
 929:             6            144  java.lang.StringCoding$Result (java.base@11.0.8)
 930:             6            144  java.lang.Thread$State (java.base@11.0.8)
 931:             3            144  java.lang.ThreadGroup (java.base@11.0.8)
 932:             6            144  java.lang.invoke.StringConcatFactory$Strategy (java.base@11.0.8)
 933:             6            144  java.net.InetSocketAddress$InetSocketAddressHolder (java.base@11.0.8)
 934:             3            144  java.time.temporal.JulianFields$Field (java.base@11.0.8)
 935:             9            144  java.util.Hashtable$EntrySet (java.base@11.0.8)
 936:             3            144  java.util.concurrent.ConcurrentSkipListMap (java.base@11.0.8)
 937:             6            144  javax.xml.datatype.DatatypeConstants$Field (java.xml@11.0.8)
 938:             6            144  jdk.internal.perf.PerfCounter (java.base@11.0.8)
 939:             6            144  org.apache.activemq.artemis.commons.shaded.johnzon.core.JsonStringImpl
 940:             3            144  org.apache.activemq.artemis.core.paging.cursor.impl.PageSubscriptionImpl$CursorIterator
 941:             3            144  org.apache.activemq.artemis.core.postoffice.QueueInfo
 942:             3            144  org.apache.activemq.artemis.core.postoffice.impl.BindingsImpl
 943:             2            144  org.apache.activemq.artemis.core.protocol.mqtt.MQTTProtocolManager
 944:             3            144  org.apache.activemq.artemis.core.protocol.stomp.StompProtocolManager
 945:             6            144  org.apache.activemq.artemis.core.transaction.Transaction$State
 946:             6            144  org.apache.activemq.artemis.protocol.amqp.util.TLSEncode$EncoderDecoderPair
 947:             6            144  org.apache.commons.beanutils.BeanIntrospectionData
 948:             3            144  org.apache.commons.beanutils.converters.DateConverter
 949:             6            144  org.apache.logging.log4j.core.LifeCycle$State
 950:             9            144  org.apache.logging.log4j.core.impl.ThreadContextDataInjector$ForDefaultThreadContextMap
 951:             9            144  org.apache.logging.log4j.core.lookup.JmxRuntimeInputArgumentsLookup
 952:             9            144  org.apache.logging.log4j.core.lookup.MapLookup
 953:             6            144  org.eclipse.jetty.http.pathmap.PathSpecGroup
 954:             6            144  org.eclipse.jetty.io.ManagedSelector$SelectorProducer
 955:             6            144  org.eclipse.jetty.security.RoleInfo
 956:             6            144  org.eclipse.jetty.util.statistic.CounterStatistic
 957:             3            144  org.eclipse.jetty.webapp.DefaultsDescriptor
 958:             3            144  org.eclipse.jetty.webapp.WebDescriptor
 959:             1            136  [Lcom.sun.org.apache.xerces.internal.impl.dv.xs.TypeValidator; (java.xml@11.0.8)
 960:             4            136  [Ljava.lang.CharSequence; (java.base@11.0.8)
 961:             1            136  [Ljava.time.temporal.ChronoField; (java.base@11.0.8)
 962:             4            136  [Lsun.invoke.util.ValueConversions$WrapperCache; (java.base@11.0.8)
 963:             1            136  org.apache.activemq.artemis.core.persistence.impl.journal.JournalStorageManager
 964:             1            136  org.apache.activemq.artemis.core.protocol.openwire.OpenWireProtocolManager
 965:             1            136  org.apache.logging.log4j.core.config.NullConfiguration
 966:             2            128  [Lcom.sun.beans.util.Cache$CacheEntry; (java.desktop@11.0.8)
 967:             2            128  [Ljava.time.Month; (java.base@11.0.8)
 968:             1            128  [Lorg.apache.activemq.artemis.api.core.management.CoreNotificationType;
 969:             8            128  [Lorg.apache.logging.log4j.core.config.AppenderRef;
 970:             3            128  [Lorg.apache.logging.log4j.core.pattern.PatternFormatter;
 971:             8            128  com.google.common.cache.LocalCache$AccessQueue
 972:             8            128  com.google.common.cache.LocalCache$WriteQueue
 973:             4            128  com.sun.jmx.mbeanserver.DefaultMXBeanMappingFactory$ArrayMapping (java.management@11.0.8)
 974:             2            128  com.sun.org.apache.xerces.internal.impl.xpath.regex.RegularExpression (java.xml@11.0.8)
 975:             2            128  java.io.ExpiringCache$1 (java.base@11.0.8)
 976:             8            128  java.util.Collections$UnmodifiableMap$UnmodifiableEntrySet (java.base@11.0.8)
 977:             4            128  java.util.concurrent.Semaphore$NonfairSync (java.base@11.0.8)
 978:             4            128  java.util.concurrent.SynchronousQueue (java.base@11.0.8)
 979:             8            128  java.util.concurrent.atomic.AtomicReferenceArray (java.base@11.0.8)
 980:             8            128  org.apache.activemq.artemis.utils.collections.ConcurrentLongHashMap
 981:             4            128  org.apache.commons.beanutils.converters.BooleanConverter
 982:             2            128  org.apache.logging.log4j.core.appender.RollingFileAppender
 983:             2            128  org.apache.logging.log4j.core.appender.rolling.PatternProcessor
 984:             8            128  org.apache.logging.log4j.core.lookup.ContextMapLookup
 985:             8            128  org.apache.logging.log4j.core.lookup.DateLookup
 986:             8            128  org.apache.logging.log4j.core.lookup.EnvironmentLookup
 987:             8            128  org.apache.logging.log4j.core.lookup.EventLookup
 988:             8            128  org.apache.logging.log4j.core.lookup.JavaLookup
 989:             8            128  org.apache.logging.log4j.core.lookup.Log4jLookup
 990:             8            128  org.apache.logging.log4j.core.lookup.LowerLookup
 991:             8            128  org.apache.logging.log4j.core.lookup.MainMapLookup
 992:             8            128  org.apache.logging.log4j.core.lookup.MarkerLookup
 993:             8            128  org.apache.logging.log4j.core.lookup.ResourceBundleLookup
 994:             8            128  org.apache.logging.log4j.core.lookup.StructuredDataLookup
 995:             8            128  org.apache.logging.log4j.core.lookup.UpperLookup
 996:             2            128  org.apache.logging.log4j.core.util.CronExpression
 997:             4            128  org.apache.logging.log4j.core.util.Log4jThreadFactory
 998:             8            128  org.apache.qpid.proton.codec.ByteType
 999:             8            128  org.apache.qpid.proton.codec.CharacterType
1000:             8            128  org.apache.qpid.proton.codec.Decimal128Type
1001:             8            128  org.apache.qpid.proton.codec.Decimal32Type
1002:             8            128  org.apache.qpid.proton.codec.Decimal64Type
1003:             8            128  org.apache.qpid.proton.codec.DoubleType
1004:             8            128  org.apache.qpid.proton.codec.FloatType
1005:             8            128  org.apache.qpid.proton.codec.NullType
1006:             8            128  org.apache.qpid.proton.codec.ShortType
1007:             8            128  org.apache.qpid.proton.codec.SymbolType$1
1008:             8            128  org.apache.qpid.proton.codec.TimestampType
1009:             8            128  org.apache.qpid.proton.codec.UUIDType
1010:             8            128  org.apache.qpid.proton.codec.UnsignedByteType
1011:             8            128  org.apache.qpid.proton.codec.UnsignedShortType
1012:             8            128  org.apache.qpid.proton.codec.messaging.FastPathAcceptedType
1013:             8            128  org.apache.qpid.proton.codec.messaging.FastPathAmqpSequenceType
1014:             8            128  org.apache.qpid.proton.codec.messaging.FastPathAmqpValueType
1015:             8            128  org.apache.qpid.proton.codec.messaging.FastPathDataType
1016:             8            128  org.apache.qpid.proton.codec.messaging.FastPathFooterType
1017:             8            128  org.apache.qpid.proton.codec.messaging.FastPathHeaderType
1018:             8            128  org.apache.qpid.proton.codec.messaging.FastPathPropertiesType
1019:             8            128  org.apache.qpid.proton.codec.transport.FastPathDispositionType
1020:             8            128  org.apache.qpid.proton.codec.transport.FastPathFlowType
1021:             8            128  org.apache.qpid.proton.codec.transport.FastPathTransferType
1022:             4            128  org.eclipse.jetty.http.HttpScheme
1023:             8            128  org.eclipse.jetty.servlet.ServletHolder$NotAsync
1024:             4            128  org.eclipse.jetty.webapp.FragmentConfiguration
1025:             4            128  org.eclipse.jetty.webapp.JettyWebXmlConfiguration
1026:             4            128  org.eclipse.jetty.webapp.MetaInfConfiguration
1027:             4            128  org.eclipse.jetty.webapp.WebAppConfiguration
1028:             4            128  org.eclipse.jetty.webapp.WebXmlConfiguration
1029:             8            128  sun.nio.ch.FileDispatcherImpl (java.base@11.0.8)
1030:             3            120  [Ljava.lang.invoke.LambdaForm$BasicType; (java.base@11.0.8)
1031:             5            120  com.sun.org.apache.xerces.internal.impl.xs.traversers.LargeContainer (java.xml@11.0.8)
1032:             1            120  com.sun.org.apache.xerces.internal.jaxp.SAXParserImpl$JAXPSAXParser (java.xml@11.0.8)
1033:             5            120  com.sun.org.apache.xerces.internal.util.PropertyState (java.xml@11.0.8)
1034:             5            120  com.sun.org.apache.xerces.internal.utils.XMLSecurityManager$State (java.xml@11.0.8)
1035:             5            120  com.sun.org.apache.xerces.internal.utils.XMLSecurityPropertyManager$State (java.xml@11.0.8)
1036:             5            120  io.airlift.airline.Context
1037:             5            120  io.netty.bootstrap.ServerBootstrap$ServerBootstrapAcceptor$1
1038:             5            120  io.netty.channel.ServerChannelRecvByteBufAllocator
1039:             5            120  io.netty.channel.SucceededChannelFuture
1040:             5            120  io.netty.channel.kqueue.BsdSocket
1041:             5            120  io.netty.util.concurrent.DefaultEventExecutorChooserFactory$GenericEventExecutorChooser
1042:             3            120  java.io.BufferedInputStream (java.base@11.0.8)
1043:             3            120  java.io.FileInputStream (java.base@11.0.8)
1044:             5            120  java.lang.ClassValue$Version (java.base@11.0.8)
1045:             3            120  java.lang.WeakPairMap$Pair$Weak (java.base@11.0.8)
1046:             5            120  java.net.InterfaceAddress (java.base@11.0.8)
1047:             5            120  java.time.format.SignStyle (java.base@11.0.8)
1048:             3            120  java.util.PropertyResourceBundle (java.base@11.0.8)
1049:             5            120  java.util.stream.StreamOpFlag$Type (java.base@11.0.8)
1050:             5            120  javax.servlet.DispatcherType
1051:             5            120  javax.servlet.http.MappingMatch
1052:             5            120  javax.xml.catalog.CatalogFeatures$State (java.xml@11.0.8)
1053:             1            120  jdk.internal.loader.ClassLoaders$AppClassLoader (java.base@11.0.8)
1054:             5            120  jdk.internal.math.FloatingDecimal$PreparedASCIIToBinaryBuffer (java.base@11.0.8)
1055:             5            120  jdk.net.ExtendedSocketOptions$ExtSocketOption (jdk.net@11.0.8)
1056:             5            120  jdk.xml.internal.JdkXmlFeatures$State (java.xml@11.0.8)
1057:             5            120  org.apache.activemq.artemis.core.journal.Journal$JournalState
1058:             5            120  org.apache.activemq.artemis.core.remoting.impl.netty.NettyAcceptor$4
1059:             3            120  org.apache.activemq.artemis.core.server.management.JMXAccessControlList$Access
1060:             5            120  org.apache.logging.log4j.core.config.AppenderRef
1061:             3            120  org.apache.logging.log4j.core.config.ConfigurationSource
1062:             3            120  org.apache.logging.log4j.core.pattern.DatePatternConverter$FixedFormatter
1063:             3            120  org.apache.logging.log4j.core.pattern.ExtendedThrowablePatternConverter
1064:             5            120  org.apache.logging.log4j.core.pattern.PatternParser$ParserState
1065:             5            120  org.apache.qpid.proton.amqp.security.SaslCode
1066:             5            120  org.apache.qpid.proton.engine.Sasl$SaslState
1067:             5            120  org.eclipse.jetty.http.HttpCompliance
1068:             3            120  org.eclipse.jetty.http.MetaData$Response
1069:             1            120  org.eclipse.jetty.server.HttpConfiguration
1070:             3            120  org.eclipse.jetty.server.SymlinkAllowedResourceAliasChecker
1071:             5            120  org.eclipse.jetty.server.handler.ContextHandler$Availability
1072:             5            120  org.eclipse.jetty.util.component.AbstractLifeCycle$State
1073:             1            120  org.eclipse.jetty.util.thread.QueuedThreadPool
1074:             3            120  org.eclipse.jetty.webapp.StandardDescriptorProcessor
1075:             3            120  org.eclipse.jetty.webapp.WebAppContext$Context
1076:             5            120  sun.nio.fs.NativeBuffer$Deallocator (java.base@11.0.8)
1077:             2            112  [Ljava.nio.file.attribute.PosixFilePermission; (java.base@11.0.8)
1078:             1            112  [Ljava.time.LocalTime; (java.base@11.0.8)
1079:             2            112  [Lorg.apache.activemq.artemis.commons.shaded.json.stream.JsonParser$Event;
1080:             5            112  [Lorg.apache.logging.log4j.core.config.AppenderControl;
1081:             7            112  java.lang.Float (java.base@11.0.8)
1082:             2            112  java.lang.invoke.BoundMethodHandle$Species_LLLLLII (java.base@11.0.8)
1083:             2            112  java.nio.DirectIntBufferRU (java.base@11.0.8)
1084:             7            112  java.util.TreeMap$EntrySet (java.base@11.0.8)
1085:             7            112  java.util.TreeMap$Values (java.base@11.0.8)
1086:             7            112  jdk.internal.loader.ClassLoaderValue (java.base@11.0.8)
1087:             1            112  jdk.internal.loader.ClassLoaders$BootClassLoader (java.base@11.0.8)
1088:             1            112  jdk.internal.loader.ClassLoaders$PlatformClassLoader (java.base@11.0.8)
1089:             2            112  org.apache.activemq.artemis.core.settings.impl.HierarchicalObjectRepository
1090:             2            112  org.apache.activemq.artemis.spi.core.security.jaas.ReloadableProperties
1091:             2            112  org.apache.activemq.artemis.spi.core.security.jaas.ReloadableProperties$1
1092:             2            112  org.apache.activemq.artemis.utils.ActiveMQThreadPoolExecutor$ThreadPoolQueue
1093:             7            112  org.apache.qpid.proton.codec.ReadableBuffer$ByteBufferReader
1094:             4            104  [Ljava.net.InetAddress; (java.base@11.0.8)
1095:             5            104  [Ljava.nio.file.LinkOption; (java.base@11.0.8)
1096:             1            104  [Lorg.apache.logging.log4j.core.util.datetime.FixedDateFormat$FixedFormat;
1097:             1            104  java.net.URLClassLoader (java.base@11.0.8)
1098:             1            104  org.apache.activemq.artemis.core.paging.cursor.PagedReferenceImpl
1099:             1            104  org.apache.activemq.artemis.core.server.impl.FileLockNodeManager
1100:             1            104  sun.security.jca.ProviderList$1 (java.base@11.0.8)
1101:             1            104  sun.security.provider.Sun (java.base@11.0.8)
1102:             2             96  [Lcom.google.common.cache.LocalCache$EntryFactory;
1103:             1             96  [Lcom.sun.org.apache.xerces.internal.impl.xpath.regex.RegularExpression; (java.xml@11.0.8)
1104:             2             96  [Lcom.sun.org.apache.xerces.internal.utils.XMLSecurityManager$State; (java.xml@11.0.8)
1105:             5             96  [Ljava.lang.StackTraceElement; (java.base@11.0.8)
1106:             2             96  [Ljava.time.DayOfWeek; (java.base@11.0.8)
1107:             2             96  [Lorg.apache.activemq.artemis.json.JsonValue$ValueType;
1108:             4             96  [Lorg.apache.logging.log4j.Marker;
1109:             3             96  [Lorg.apache.logging.log4j.core.util.datetime.FastDatePrinter$Rule;
1110:             2             96  [Lorg.apache.logging.log4j.spi.StandardLevel;
1111:             2             96  [Lorg.eclipse.jetty.http.HttpCompliance$Violation;
1112:             1             96  [Lorg.eclipse.jetty.http.MimeTypes$Type;
1113:             1             96  [[J (java.base@11.0.8)
1114:             4             96  com.google.common.base.AbstractIterator$State
1115:             6             96  com.google.common.cache.LocalCache$StrongValueReference
1116:             4             96  com.sun.jmx.interceptor.DefaultMBeanServerInterceptor$ListenerWrapper (java.management@11.0.8)
1117:             3             96  com.sun.jmx.mbeanserver.DefaultMXBeanMappingFactory$EnumMapping (java.management@11.0.8)
1118:             2             96  com.sun.jmx.mbeanserver.MBeanIntrospector$MBeanInfoMap (java.management@11.0.8)
1119:             2             96  com.sun.jmx.mbeanserver.MBeanIntrospector$PerInterfaceMap (java.management@11.0.8)
1120:             2             96  com.sun.management.internal.GarbageCollectorExtImpl (jdk.management@11.0.8)
1121:             1             96  com.sun.org.apache.xerces.internal.impl.dtd.XMLDTDProcessor (java.xml@11.0.8)
1122:             4             96  com.sun.org.apache.xerces.internal.impl.xpath.regex.Token$ParenToken (java.xml@11.0.8)
1123:             4             96  com.sun.org.apache.xerces.internal.impl.xpath.regex.Token$UnionToken (java.xml@11.0.8)
1124:             3             96  com.sun.org.apache.xerces.internal.util.XMLResourceIdentifierImpl (java.xml@11.0.8)
1125:             3             96  com.sun.org.apache.xerces.internal.utils.XMLSecurityManager$NameMap (java.xml@11.0.8)
1126:             4             96  io.netty.util.Recycler$2
1127:             4             96  io.netty.util.ResourceLeakDetector$Level
1128:             3             96  java.lang.Runtime$Version (java.base@11.0.8)
1129:             3             96  java.lang.WeakPairMap$Pair$Weak$1 (java.base@11.0.8)
1130:             2             96  java.lang.invoke.BoundMethodHandle$Species_LLLL (java.base@11.0.8)
1131:             3             96  java.lang.invoke.SimpleMethodHandle (java.base@11.0.8)
1132:             4             96  java.lang.module.ModuleDescriptor$Modifier (java.base@11.0.8)
1133:             4             96  java.lang.module.ModuleDescriptor$Opens (java.base@11.0.8)
1134:             4             96  java.lang.module.ModuleDescriptor$Requires$Modifier (java.base@11.0.8)
1135:             4             96  java.math.MathContext (java.base@11.0.8)
1136:             6             96  java.net.InetSocketAddress (java.base@11.0.8)
1137:             2             96  java.net.NetworkInterface (java.base@11.0.8)
1138:             1             96  java.net.SocksSocketImpl (java.base@11.0.8)
1139:             6             96  java.nio.channels.spi.AbstractInterruptibleChannel$1 (java.base@11.0.8)
1140:             6             96  java.nio.channels.spi.AbstractSelector$1 (java.base@11.0.8)
1141:             3             96  java.nio.file.attribute.FileTime (java.base@11.0.8)
1142:             4             96  java.time.format.DateTimeFormatterBuilder$OffsetIdPrinterParser (java.base@11.0.8)
1143:             4             96  java.time.format.DateTimeFormatterBuilder$SettingsParser (java.base@11.0.8)
1144:             2             96  java.time.zone.ZoneOffsetTransitionRule (java.base@11.0.8)
1145:             3             96  java.util.Collections$SynchronizedMap (java.base@11.0.8)
1146:             6             96  java.util.Comparator$$Lambda$149/0x00000008002c0c40 (java.base@11.0.8)
1147:             3             96  java.util.Stack (java.base@11.0.8)
1148:             3             96  java.util.concurrent.SynchronousQueue$TransferStack$SNode (java.base@11.0.8)
1149:             2             96  java.util.concurrent.locks.ReentrantReadWriteLock$FairSync (java.base@11.0.8)
1150:             6             96  java.util.regex.Pattern$CharPredicate$$Lambda$27/0x0000000800126040 (java.base@11.0.8)
1151:             4             96  java.util.regex.Pattern$Qtype (java.base@11.0.8)
1152:             3             96  java.util.stream.Collectors$CollectorImpl (java.base@11.0.8)
1153:             4             96  java.util.stream.StreamShape (java.base@11.0.8)
1154:             4             96  javax.management.NotificationBroadcasterSupport$ListenerInfo (java.management@11.0.8)
1155:             4             96  javax.xml.bind.annotation.XmlAccessType
1156:             1             96  jdk.internal.jimage.ImageReader$SharedImageReader (java.base@11.0.8)
1157:             4             96  jdk.internal.loader.URLClassPath$FileLoader (java.base@11.0.8)
1158:             4             96  jdk.internal.logger.BootstrapLogger$LoggingBackend (java.base@11.0.8)
1159:             1             96  org.apache.activemq.artemis.cli.commands.Run
1160:             3             96  org.apache.activemq.artemis.core.config.WildcardConfiguration
1161:             3             96  org.apache.activemq.artemis.core.paging.cursor.impl.PageCursorProviderImpl
1162:             1             96  org.apache.activemq.artemis.core.paging.impl.PagingManagerImpl
1163:             4             96  org.apache.activemq.artemis.core.postoffice.RoutingStatus
1164:             3             96  org.apache.activemq.artemis.core.postoffice.impl.AddressImpl
1165:             3             96  org.apache.activemq.artemis.core.postoffice.impl.LocalQueueBinding
1166:             2             96  org.apache.activemq.artemis.core.protocol.hornetq.HornetQProtocolManager
1167:             1             96  org.apache.activemq.artemis.core.remoting.server.impl.RemotingServiceImpl
1168:             4             96  org.apache.activemq.artemis.core.server.ActiveMQServer$SERVER_STATE
1169:             4             96  org.apache.activemq.artemis.core.server.ComponentConfigurationRoutingType
1170:             4             96  org.apache.activemq.artemis.core.server.cluster.ClusterManager$State
1171:             4             96  org.apache.activemq.artemis.core.server.cluster.impl.MessageLoadBalancingType
1172:             4             96  org.apache.activemq.artemis.core.server.federation.FederationManager$State
1173:             4             96  org.apache.activemq.artemis.core.server.impl.AckReason
1174:             3             96  org.apache.activemq.artemis.core.server.impl.QueueManagerImpl
1175:             3             96  org.apache.activemq.artemis.core.server.impl.ScheduledDeliveryHandlerImpl
1176:             4             96  org.apache.activemq.artemis.core.settings.impl.AddressFullMessagePolicy
1177:             4             96  org.apache.activemq.artemis.core.settings.impl.SlowConsumerThresholdMeasurementUnit
1178:             4             96  org.apache.activemq.artemis.utils.UTF8Util$StringUtilBuffer
1179:             3             96  org.apache.activemq.artemis.utils.collections.PriorityLinkedListImpl
1180:             4             96  org.apache.commons.beanutils.converters.CharacterConverter
1181:             2             96  org.apache.commons.beanutils.converters.SqlDateConverter
1182:             2             96  org.apache.commons.beanutils.converters.SqlTimeConverter
1183:             2             96  org.apache.commons.beanutils.converters.SqlTimestampConverter
1184:             3             96  org.apache.logging.log4j.core.appender.DefaultErrorHandler
1185:             2             96  org.apache.logging.log4j.core.appender.rolling.RollingFileManager$EmptyQueue
1186:             3             96  org.apache.logging.log4j.core.layout.StringBuilderEncoder
1187:             2             96  org.apache.logging.log4j.core.lookup.RuntimeStrSubstitutor
1188:             3             96  org.apache.logging.log4j.core.util.datetime.FixedDateFormat$FixedTimeZoneFormat
1189:             4             96  org.apache.qpid.proton.amqp.messaging.TerminusExpiryPolicy
1190:             6             96  org.eclipse.jetty.io.ManagedSelector$$Lambda$382/0x000000080055e440
1191:             3             96  org.eclipse.jetty.server.session.SessionContext
1192:             4             96  org.eclipse.jetty.servlet.Source$Origin
1193:             4             96  org.eclipse.jetty.util.Pool$StrategyType
1194:             4             96  org.eclipse.jetty.util.component.ContainerLifeCycle$Managed
1195:             6             96  org.eclipse.jetty.util.thread.strategy.AdaptiveExecutionStrategy$$Lambda$381/0x000000080055ec40
1196:             4             96  org.eclipse.jetty.util.thread.strategy.AdaptiveExecutionStrategy$SubStrategy
1197:             4             96  org.jolokia.backend.MBeanServerHandler$MBeanHandle
1198:             3             96  sun.nio.ch.FileKey (java.base@11.0.8)
1199:             1             96  sun.nio.ch.ServerSocketChannelImpl (java.base@11.0.8)
1200:             6             96  sun.nio.ch.Util$2 (java.base@11.0.8)
1201:             2             96  sun.nio.cs.StreamEncoder (java.base@11.0.8)
1202:             3             96  sun.util.locale.provider.LocaleResources (java.base@11.0.8)
1203:             4             88  [Lorg.apache.activemq.artemis.core.postoffice.Binding;
1204:             2             88  [Lsun.security.jca.ProviderConfig; (java.base@11.0.8)
1205:             1             88  java.lang.invoke.BoundMethodHandle$Species_LLLLLLLLLLLLII (java.base@11.0.8)
1206:             1             88  org.apache.activemq.artemis.core.postoffice.impl.PostOfficeImpl
1207:             1             88  org.apache.activemq.artemis.core.server.NetworkHealthCheck
1208:             1             88  org.apache.activemq.artemis.core.server.management.impl.ManagementServiceImpl
1209:             1             88  org.apache.activemq.artemis.dto.WebServerDTO
1210:             1             88  org.eclipse.jetty.server.Server
1211:             2             80  [Lcom.sun.org.apache.xerces.internal.util.XMLAttributesImpl$Attribute; (java.xml@11.0.8)
1212:             2             80  [Lcom.sun.xml.bind.v2.model.impl.ClassInfoImpl$SecondaryAnnotation;
1213:             1             80  [Lcom.sun.xml.bind.v2.util.QNameMap$Entry;
1214:             2             80  [Lio.netty.util.internal.PriorityQueueNode;
1215:             1             80  [Ljava.time.temporal.ChronoUnit; (java.base@11.0.8)
1216:             2             80  [Ljava.util.stream.StreamOpFlag$Type; (java.base@11.0.8)
1217:             2             80  [Ljavax.servlet.DispatcherType;
1218:             1             80  [Lorg.apache.qpid.proton.engine.impl.FrameParser$State;
1219:             1             80  [Lorg.apache.qpid.proton.engine.impl.SaslFrameParser$State;
1220:             2             80  [Lorg.eclipse.jetty.http.UriCompliance$Violation;
1221:             2             80  com.sun.jmx.mbeanserver.DefaultMXBeanMappingFactory$TabularMapping (java.management@11.0.8)
1222:             2             80  com.sun.org.apache.xerces.internal.impl.dtd.XMLEntityDecl (java.xml@11.0.8)
1223:             2             80  com.sun.org.apache.xerces.internal.impl.dtd.XMLSimpleType (java.xml@11.0.8)
1224:             2             80  com.sun.org.apache.xerces.internal.impl.xs.XSParticleDecl (java.xml@11.0.8)
1225:             5             80  com.sun.proxy.$Proxy0
1226:             5             80  com.sun.proxy.$Proxy19
1227:             5             80  com.sun.proxy.$Proxy21
1228:             5             80  com.sun.proxy.$Proxy22
1229:             5             80  com.sun.proxy.$Proxy24
1230:             5             80  com.sun.proxy.$Proxy28
1231:             5             80  io.netty.bootstrap.ServerBootstrapConfig
1232:             5             80  io.netty.channel.ReflectiveChannelFactory
1233:             5             80  io.netty.channel.VoidChannelPromise$1
1234:             5             80  io.netty.channel.kqueue.AbstractKQueueChannel$AbstractKQueueUnsafe$1
1235:             5             80  io.netty.util.concurrent.MultithreadEventExecutorGroup$1
1236:             5             80  io.netty.util.concurrent.ThreadPerTaskExecutor
1237:             2             80  java.io.BufferedWriter (java.base@11.0.8)
1238:             2             80  java.io.ExpiringCache (java.base@11.0.8)
1239:             2             80  java.io.PrintStream (java.base@11.0.8)
1240:             5             80  java.lang.ClassValue$Identity (java.base@11.0.8)
1241:             2             80  java.lang.ModuleLayer (java.base@11.0.8)
1242:             2             80  java.lang.VirtualMachineError (java.base@11.0.8)
1243:             1             80  java.lang.invoke.BoundMethodHandle$Species_LLLLLLLLLLIIL (java.base@11.0.8)
1244:             2             80  java.lang.module.Configuration (java.base@11.0.8)
1245:             2             80  java.net.InetAddress$CachedAddresses (java.base@11.0.8)
1246:             2             80  java.util.Locale$Category (java.base@11.0.8)
1247:             2             80  java.util.concurrent.LinkedBlockingDeque (java.base@11.0.8)
1248:             2             80  jdk.internal.math.FloatingDecimal$BinaryToASCIIBuffer (java.base@11.0.8)
1249:             2             80  org.apache.activemq.artemis.commons.shaded.johnzon.core.JsonParserFactoryImpl
1250:             1             80  org.apache.activemq.artemis.core.io.buffer.TimedBuffer
1251:             5             80  org.apache.activemq.artemis.core.remoting.impl.netty.NettyAcceptorFactory
1252:             5             80  org.apache.activemq.artemis.core.remoting.server.impl.RemotingServiceImpl$DelegatingBufferHandler
1253:             1             80  org.apache.activemq.artemis.core.server.cluster.ClusterManager
1254:             1             80  org.apache.activemq.artemis.core.server.files.FileStoreMonitor
1255:             2             80  org.apache.activemq.artemis.core.server.reload.ReloadManagerImpl$ReloadRegistry
1256:             2             80  org.apache.commons.beanutils.converters.BigDecimalConverter
1257:             2             80  org.apache.commons.beanutils.converters.BigIntegerConverter
1258:             2             80  org.apache.logging.log4j.core.appender.rolling.CronTriggeringPolicy
1259:             2             80  org.apache.logging.log4j.core.appender.rolling.DefaultRolloverStrategy
1260:             5             80  org.apache.logging.log4j.core.lookup.StrMatcher$CharMatcher
1261:             2             80  org.apache.logging.log4j.core.util.WatchManager
1262:             2             80  org.apache.logging.log4j.core.util.datetime.FastDateParser
1263:             5             80  org.apache.logging.log4j.core.util.datetime.FastDateParser$CopyQuotedStrategy
1264:             5             80  org.apache.logging.log4j.core.util.datetime.FastDatePrinter$CharacterLiteral
1265:             1             80  org.eclipse.jetty.server.ServerConnector$ServerConnectorManager
1266:             2             80  org.eclipse.jetty.server.ServletPathMapping
1267:             5             80  org.eclipse.jetty.util.thread.ScheduledExecutorScheduler$$Lambda$343/0x0000000800509440
1268:             2             80  sun.management.MemoryManagerImpl (java.management@11.0.8)
1269:             2             80  sun.nio.ch.FileLockImpl (java.base@11.0.8)
1270:             5             80  sun.reflect.generics.tree.TypeVariableSignature (java.base@11.0.8)
1271:             1             80  sun.util.cldr.CLDRLocaleProviderAdapter (java.base@11.0.8)
1272:             1             80  sun.util.locale.provider.JRELocaleProviderAdapter (java.base@11.0.8)
1273:             1             80  sun.util.locale.provider.LocaleProviderAdapter$NonExistentAdapter (java.base@11.0.8)
1274:             3             72  [Lcom.sun.org.apache.xerces.internal.impl.xs.XSGroupDecl; (java.xml@11.0.8)
1275:             1             72  [Ljavax.management.openmbean.SimpleType; (java.management@11.0.8)
1276:             3             72  [Lorg.apache.activemq.artemis.api.core.SimpleString;
1277:             1             72  [Lorg.apache.activemq.artemis.core.version.Version;
1278:             3             72  [Lorg.apache.qpid.proton.amqp.Symbol;
1279:             3             72  com.sun.xml.bind.v2.model.core.ID
1280:             3             72  io.airlift.airline.OptionType
1281:             3             72  io.netty.channel.ChannelMetadata
1282:             3             72  io.netty.handler.codec.socksx.SocksVersion
1283:             3             72  java.lang.StackStreamFactory$WalkerState (java.base@11.0.8)
1284:             3             72  java.lang.StackWalker$Option (java.base@11.0.8)
1285:             3             72  java.lang.WeakPairMap (java.base@11.0.8)
1286:             3             72  java.lang.annotation.RetentionPolicy (java.base@11.0.8)
1287:             1             72  java.lang.invoke.BoundMethodHandle$Species_LLLLLLLLIIL (java.base@11.0.8)
1288:             3             72  java.lang.invoke.MethodHandleImpl$ArrayAccess (java.base@11.0.8)
1289:             3             72  java.lang.invoke.MethodHandles$Lookup (java.base@11.0.8)
1290:             3             72  java.lang.invoke.StringConcatFactory$Mode (java.base@11.0.8)
1291:             3             72  java.nio.file.StandardCopyOption (java.base@11.0.8)
1292:             3             72  java.security.SecurityPermission (java.base@11.0.8)
1293:             3             72  java.time.Instant (java.base@11.0.8)
1294:             3             72  java.time.format.ResolverStyle (java.base@11.0.8)
1295:             3             72  java.time.zone.ZoneOffsetTransitionRule$TimeDefinition (java.base@11.0.8)
1296:             3             72  java.util.concurrent.ConcurrentLinkedDeque$Node (java.base@11.0.8)
1297:             3             72  java.util.stream.Collector$Characteristics (java.base@11.0.8)
1298:             3             72  javax.management.NotificationBroadcasterSupport (java.management@11.0.8)
1299:             3             72  javax.security.auth.Subject$SecureSet (java.base@11.0.8)
1300:             3             72  javax.servlet.SessionTrackingMode
1301:             3             72  javax.xml.bind.annotation.XmlNsForm
1302:             3             72  jdk.internal.math.FloatingDecimal$ExceptionalBinaryToASCIIBuffer (java.base@11.0.8)
1303:             3             72  jdk.internal.misc.Signal (java.base@11.0.8)
1304:             3             72  jdk.internal.module.IllegalAccessLogger$Mode (java.base@11.0.8)
1305:             3             72  org.apache.activemq.artemis.core.io.util.ThreadLocalByteBufferPool
1306:             1             72  org.apache.activemq.artemis.core.message.impl.CoreMessage$BytesMessageOpenTypeFactory
1307:             3             72  org.apache.activemq.artemis.core.messagecounter.MessageCounter$DayCounter
1308:             3             72  org.apache.activemq.artemis.core.paging.cursor.PageIterator$NextResult
1309:             3             72  org.apache.activemq.artemis.core.paging.impl.PageCache
1310:             3             72  org.apache.activemq.artemis.core.postoffice.BindingType
1311:             3             72  org.apache.activemq.artemis.core.postoffice.impl.CopyOnWriteBindings$BindingsAndPosition
1312:             3             72  org.apache.activemq.artemis.core.postoffice.impl.PostOfficeImpl$DuplicateCheckResult
1313:             3             72  org.apache.activemq.artemis.core.server.HandleStatus
1314:             3             72  org.apache.activemq.artemis.core.server.JournalType
1315:             3             72  org.apache.activemq.artemis.core.server.impl.QueueConsumersImpl
1316:             3             72  org.apache.activemq.artemis.core.server.impl.QueueImpl$AddressSettingsRepositoryListener
1317:             3             72  org.apache.activemq.artemis.core.settings.impl.Match
1318:             3             72  org.apache.activemq.artemis.dto.AppDTO
1319:             3             72  org.apache.activemq.artemis.json.impl.JsonObjectImpl
1320:             3             72  org.apache.activemq.artemis.json.impl.JsonValueImpl
1321:             3             72  org.apache.activemq.artemis.protocol.amqp.broker.AMQPMessage$MessageDataScanningStatus
1322:             3             72  org.apache.activemq.artemis.protocol.amqp.broker.KMPNeedle
1323:             3             72  org.apache.activemq.artemis.utils.actors.OrderedExecutorFactory
1324:             3             72  org.apache.activemq.artemis.utils.collections.MultiResettableIterator
1325:             3             72  org.apache.activemq.artemis.utils.collections.PriorityCollection
1326:             3             72  org.apache.activemq.artemis.utils.collections.RepeatableIteratorWrapper
1327:             3             72  org.apache.activemq.artemis.utils.collections.TypedProperties$ByteValue
1328:             3             72  org.apache.activemq.artemis.utils.collections.UpdatableIterator
1329:             3             72  org.apache.activemq.artemis.utils.critical.CriticalAnalyzerPolicy
1330:             1             72  org.apache.activemq.openwire.OpenWireFormatFactory
1331:             3             72  org.apache.logging.log4j.core.pattern.FormattingInfo
1332:             3             72  org.apache.qpid.proton.amqp.messaging.TerminusDurability
1333:             3             72  org.apache.qpid.proton.amqp.transport.SenderSettleMode
1334:             3             72  org.apache.qpid.proton.engine.EndpointState
1335:             3             72  org.eclipse.jetty.http.HttpMethod$Type
1336:             3             72  org.eclipse.jetty.security.UserDataConstraint
1337:             3             72  org.eclipse.jetty.server.handler.ContextHandler$ContextStatus
1338:             1             72  org.eclipse.jetty.server.session.DefaultSessionIdManager
1339:             3             72  org.eclipse.jetty.servlet.NoJspServlet
1340:             3             72  org.eclipse.jetty.util.component.DumpableCollection
1341:             3             72  org.eclipse.jetty.util.thread.Invocable$InvocationType
1342:             3             72  org.eclipse.jetty.util.thread.ThreadPoolBudget$Leased
1343:             3             72  org.eclipse.jetty.util.thread.strategy.AdaptiveExecutionStrategy$State
1344:             3             72  org.eclipse.jetty.webapp.Configurations
1345:             3             72  org.eclipse.jetty.webapp.MetaData$Complete
1346:             3             72  sun.nio.ch.FileLockTable (java.base@11.0.8)
1347:             3             72  sun.security.provider.NativePRNG$Variant (java.base@11.0.8)
1348:             2             64  [Lcom.google.common.cache.LocalCache$Segment;
1349:             2             64  [Lcom.sun.org.apache.xerces.internal.utils.XMLSecurityPropertyManager$State; (java.xml@11.0.8)
1350:             2             64  [Lio.airlift.airline.OptionType;
1351:             2             64  [Ljava.lang.StackWalker$Option; (java.base@11.0.8)
1352:             4             64  [Ljava.lang.annotation.Annotation; (java.base@11.0.8)
1353:             2             64  [Ljava.lang.annotation.RetentionPolicy; (java.base@11.0.8)
1354:             1             64  [Ljava.lang.invoke.MethodHandleImpl$Intrinsic; (java.base@11.0.8)
1355:             2             64  [Ljava.nio.charset.CoderResult; (java.base@11.0.8)
1356:             2             64  [Ljava.util.stream.Collector$Characteristics; (java.base@11.0.8)
1357:             2             64  [Ljavax.servlet.SessionTrackingMode;
1358:             2             64  [Ljavax.xml.bind.annotation.XmlAccessType;
1359:             2             64  [Ljavax.xml.bind.annotation.XmlNsForm;
1360:             2             64  [Lorg.apache.activemq.artemis.core.server.JournalType;
1361:             2             64  [Lorg.apache.activemq.artemis.core.settings.impl.AddressFullMessagePolicy;
1362:             2             64  [Lorg.apache.activemq.artemis.protocol.amqp.broker.AMQPMessage$MessageDataScanningStatus;
1363:             2             64  [Lorg.apache.activemq.artemis.utils.critical.CriticalAnalyzerPolicy;
1364:             4             64  [Lorg.apache.logging.log4j.core.config.Property;
1365:             3             64  [Lorg.apache.logging.log4j.core.pattern.FormattingInfo;
1366:             1             64  [Lorg.eclipse.jetty.http.HttpHeaderValue;
1367:             1             64  com.google.common.cache.CacheStats
1368:             1             64  com.sun.org.apache.xerces.internal.impl.XMLEntityScanner (java.xml@11.0.8)
1369:             1             64  com.sun.org.apache.xerces.internal.impl.xs.SchemaGrammar$XSAnyType (java.xml@11.0.8)
1370:             2             64  com.sun.org.apache.xerces.internal.impl.xs.XSWildcardDecl (java.xml@11.0.8)
1371:             2             64  com.sun.org.apache.xerces.internal.utils.XMLSecurityPropertyManager$Property (java.xml@11.0.8)
1372:             4             64  com.sun.proxy.$Proxy13
1373:             4             64  com.sun.proxy.$Proxy17
1374:             4             64  com.sun.proxy.$Proxy23
1375:             4             64  com.sun.proxy.$Proxy27
1376:             2             64  io.netty.buffer.EmptyByteBuf
1377:             1             64  io.netty.buffer.PooledByteBufAllocator
1378:             1             64  io.netty.util.concurrent.GlobalEventExecutor
1379:             1             64  io.netty.util.concurrent.ScheduledFutureTask
1380:             4             64  io.netty.util.internal.ObjectPool$RecyclerObjectPool
1381:             2             64  java.io.BufferedOutputStream (java.base@11.0.8)
1382:             2             64  java.io.ByteArrayInputStream (java.base@11.0.8)
1383:             1             64  java.io.StreamTokenizer (java.base@11.0.8)
1384:             2             64  java.lang.StackWalker (java.base@11.0.8)
1385:             1             64  java.lang.invoke.BoundMethodHandle$Species_LLLIILLL (java.base@11.0.8)
1386:             1             64  java.lang.invoke.BoundMethodHandle$Species_LLLIILLLL (java.base@11.0.8)
1387:             1             64  java.lang.invoke.BoundMethodHandle$Species_LLLLLLLII (java.base@11.0.8)
1388:             2             64  java.lang.invoke.VarHandleLongs$FieldInstanceReadWrite (java.base@11.0.8)
1389:             2             64  java.lang.ref.ReferenceQueue$Null (java.base@11.0.8)
1390:             1             64  java.text.DateFormatSymbols (java.base@11.0.8)
1391:             2             64  java.time.format.DateTimeFormatterBuilder$TextPrinterParser (java.base@11.0.8)
1392:             2             64  java.time.temporal.IsoFields$Unit (java.base@11.0.8)
1393:             2             64  java.time.zone.ZoneOffsetTransition (java.base@11.0.8)
1394:             4             64  java.util.LinkedHashMap$LinkedKeySet (java.base@11.0.8)
1395:             2             64  java.util.PropertyPermission (java.base@11.0.8)
1396:             2             64  java.util.UUID (java.base@11.0.8)
1397:             4             64  java.util.concurrent.Semaphore (java.base@11.0.8)
1398:             4             64  java.util.concurrent.SynchronousQueue$TransferStack (java.base@11.0.8)
1399:             1             64  java.util.logging.LogManager$RootLogger (java.logging@11.0.8)
1400:             2             64  java.util.regex.Pattern$BnM (java.base@11.0.8)
1401:             2             64  java.util.stream.FindOps$FindOp (java.base@11.0.8)
1402:             4             64  javax.security.auth.login.AppConfigurationEntry$LoginModuleControlFlag (java.base@11.0.8)
1403:             1             64  org.apache.activemq.artemis.component.DefaultHandler
1404:             1             64  org.apache.activemq.artemis.core.management.impl.ActiveMQServerControlImpl
1405:             1             64  org.apache.activemq.artemis.core.message.impl.CoreMessage$TextMessageOpenTypeFactory
1406:             2             64  org.apache.activemq.artemis.core.persistence.CoreMessageObjectPools
1407:             1             64  org.apache.activemq.artemis.core.postoffice.impl.PostOfficeImpl$ExpiryReaper
1408:             4             64  org.apache.activemq.artemis.core.protocol.hornetq.HQPropertiesConversionInterceptor
1409:             1             64  org.apache.activemq.artemis.core.protocol.mqtt.MQTTProtocolManagerFactory$MQTTPeriodicTasks
1410:             1             64  org.apache.activemq.artemis.core.server.reload.ReloadManagerImpl
1411:             1             64  org.apache.activemq.artemis.dto.BindingDTO
1412:             1             64  org.apache.activemq.artemis.protocol.amqp.broker.AMQPMessage$AmqpMessageOpenTypeFactory
1413:             1             64  org.apache.activemq.artemis.selector.impl.LRUCache
1414:             1             64  org.apache.activemq.openwire.OpenWireFormat
1415:             2             64  org.apache.logging.log4j.core.config.ConfigurationScheduler
1416:             2             64  org.apache.logging.log4j.core.config.ConfigurationScheduler$CronRunnable
1417:             4             64  org.apache.logging.log4j.core.lookup.StrMatcher$StringMatcher
1418:             2             64  org.apache.logging.log4j.core.pattern.DatePatternConverter$PatternFormatter
1419:             2             64  org.apache.logging.log4j.core.util.datetime.FastDatePrinter
1420:             2             64  org.apache.logging.log4j.util.PropertiesUtil$Environment
1421:             2             64  org.apache.logging.log4j.util.SortedArrayStringMap
1422:             2             64  org.eclipse.jetty.http.CookieCompliance$Violation
1423:             1             64  org.eclipse.jetty.io.ArrayByteBufferPool
1424:             4             64  org.eclipse.jetty.security.DefaultAuthenticatorFactory
1425:             1             64  org.eclipse.jetty.util.thread.ReservedThreadExecutor
1426:             2             64  sun.nio.ch.FileLockTable$FileLockReference (java.base@11.0.8)
1427:             2             64  sun.security.provider.FileInputStreamPool$StreamRef (java.base@11.0.8)
1428:             2             64  sun.util.locale.UnicodeLocaleExtension (java.base@11.0.8)
1429:             1             56  [Lcom.sun.org.apache.xerces.internal.impl.XMLScanner$NameType; (java.xml@11.0.8)
1430:             1             56  [Lcom.sun.org.apache.xerces.internal.impl.dv.XSSimpleType; (java.xml@11.0.8)
1431:             1             56  [Lcom.sun.org.apache.xerces.internal.impl.xs.util.XInt; (java.xml@11.0.8)
1432:             1             56  [Lcom.sun.org.apache.xerces.internal.utils.XMLSecurityManager$Limit; (java.xml@11.0.8)
1433:             1             56  [Ljava.lang.Runnable; (java.base@11.0.8)
1434:             2             56  [Ljava.net.InterfaceAddress; (java.base@11.0.8)
1435:             1             56  [Ljava.nio.file.StandardOpenOption; (java.base@11.0.8)
1436:             1             56  [Ljava.util.Map; (java.base@11.0.8)
1437:             1             56  [Lorg.apache.activemq.artemis.core.security.CheckType;
1438:             1             56  [[I (java.base@11.0.8)
1439:             1             56  com.sun.org.apache.xerces.internal.impl.xpath.regex.RegularExpression$Context (java.xml@11.0.8)
1440:             1             56  com.sun.org.apache.xerces.internal.jaxp.SAXParserImpl (java.xml@11.0.8)
1441:             1             56  com.sun.org.apache.xerces.internal.util.XMLAttributesIteratorImpl (java.xml@11.0.8)
1442:             1             56  io.hawt.web.servlets.JolokiaConfiguredAgentServlet
1443:             1             56  io.netty.channel.ServerChannelRecvByteBufAllocator$1
1444:             1             56  java.lang.invoke.BoundMethodHandle$Specializer (java.base@11.0.8)
1445:             1             56  java.net.SocketPermission (java.base@11.0.8)
1446:             1             56  java.util.logging.LogManager (java.logging@11.0.8)
1447:             1             56  jdk.internal.ref.CleanerImpl$SoftCleanableRef (java.base@11.0.8)
1448:             1             56  org.apache.activemq.artemis.component.WebServerComponent
1449:             1             56  org.apache.activemq.artemis.core.messagecounter.impl.MessageCounterManagerImpl$MessageCountersPinger
1450:             1             56  org.apache.activemq.artemis.core.paging.impl.PagingManagerImpl$1
1451:             1             56  org.apache.activemq.artemis.core.paging.impl.PagingStoreFactoryNIO
1452:             1             56  org.apache.activemq.artemis.core.postoffice.impl.PostOfficeImpl$AddressQueueReaper
1453:             1             56  org.apache.activemq.artemis.core.server.cluster.ClusterController
1454:             1             56  org.apache.activemq.artemis.core.server.impl.FileLockNodeManager$MonitorLock
1455:             1             56  org.apache.activemq.artemis.core.server.impl.ServiceRegistryImpl
1456:             1             56  org.apache.activemq.artemis.utils.critical.CriticalAnalyzerImpl$1
1457:             1             56  org.apache.commons.logging.impl.WeakHashtable
1458:             1             56  org.apache.logging.log4j.core.LoggerContext
1459:             1             56  org.apache.logging.log4j.core.appender.ConsoleAppender
1460:             1             56  org.apache.logging.log4j.status.StatusLogger
1461:             1             56  org.eclipse.jetty.io.ArrayRetainableByteBufferPool
1462:             1             56  org.eclipse.jetty.server.HttpConnectionFactory
1463:             1             56  org.eclipse.jetty.server.session.HouseKeeper
1464:             1             56  org.jolokia.backend.BackendManager
1465:             1             56  sun.security.provider.SHA (java.base@11.0.8)
1466:             1             48  [Lcom.sun.beans.introspect.PropertyInfo$Name; (java.desktop@11.0.8)
1467:             1             48  [Lcom.sun.xml.bind.v2.model.impl.ClassInfoImpl$PropertyGroup;
1468:             1             48  [Ljava.beans.WeakIdentityMap$Entry; (java.desktop@11.0.8)
1469:             1             48  [Ljava.lang.System$Logger$Level; (java.base@11.0.8)
1470:             1             48  [Ljava.lang.management.MemoryPoolMXBean; (java.management@11.0.8)
1471:             1             48  [Ljava.math.RoundingMode; (java.base@11.0.8)
1472:             1             48  [Ljava.util.concurrent.TimeUnit; (java.base@11.0.8)
1473:             2             48  [Lorg.apache.activemq.artemis.api.core.RoutingType;
1474:             1             48  [Lorg.apache.activemq.artemis.commons.shaded.johnzon.core.JsonGeneratorImpl$GeneratorState;
1475:             1             48  [Lorg.apache.activemq.artemis.commons.shaded.json.JsonValue$ValueType;
1476:             1             48  [Lorg.apache.activemq.artemis.core.config.HAPolicyConfiguration$TYPE;
1477:             2             48  [Lorg.apache.activemq.artemis.protocol.amqp.broker.KMPNeedle;
1478:             3             48  [Lorg.apache.activemq.artemis.utils.collections.PriorityCollection$PriorityHolder;
1479:             3             48  [Lorg.apache.activemq.artemis.utils.collections.ResettableIterator;
1480:             1             48  [Lorg.apache.logging.log4j.core.appender.rolling.RolloverFrequency;
1481:             2             48  [Lorg.apache.logging.log4j.core.appender.rolling.TriggeringPolicy;
1482:             2             48  [Lorg.apache.logging.log4j.core.pattern.ArrayPatternConverter;
1483:             1             48  [Lorg.apache.logging.log4j.core.pattern.LogEventPatternConverter;
1484:             1             48  [Lorg.apache.qpid.proton.engine.Sasl$SaslOutcome;
1485:             3             48  [Lorg.eclipse.jetty.http.CompressedContentFormat;
1486:             2             48  [Lorg.eclipse.jetty.http.CookieCompliance$Violation;
1487:             1             48  [Lorg.eclipse.jetty.webapp.Origin;
1488:             1             48  [Lorg.jolokia.util.RequestType;
1489:             2             48  com.sun.jmx.mbeanserver.ClassLoaderRepositorySupport$LoaderEntry (java.management@11.0.8)
1490:             1             48  com.sun.jmx.mbeanserver.DefaultMXBeanMappingFactory$Mappings (java.management@11.0.8)
1491:             2             48  com.sun.jmx.mbeanserver.WeakIdentityHashMap (java.management@11.0.8)
1492:             2             48  com.sun.jmx.remote.util.ClassLogger (java.management@11.0.8)
1493:             1             48  com.sun.org.apache.xerces.internal.impl.XMLDocumentFragmentScannerImpl$ElementStack (java.xml@11.0.8)
1494:             3             48  com.sun.org.apache.xerces.internal.impl.dv.dtd.ListDatatypeValidator (java.xml@11.0.8)
1495:             1             48  com.sun.org.apache.xerces.internal.impl.xs.XSAttributeGroupDecl (java.xml@11.0.8)
1496:             1             48  com.sun.org.apache.xerces.internal.util.URI (java.xml@11.0.8)
1497:             1             48  com.sun.org.apache.xerces.internal.util.XMLAttributesImpl (java.xml@11.0.8)
1498:             1             48  io.hawt.jmx.PluginRegistry
1499:             2             48  io.netty.buffer.PoolArena$SizeClass
1500:             1             48  io.netty.util.collection.ByteObjectHashMap
1501:             3             48  io.netty.util.collection.LongObjectHashMap$1
1502:             3             48  io.netty.util.collection.LongObjectHashMap$EntrySet
1503:             3             48  io.netty.util.collection.LongObjectHashMap$KeySet
1504:             3             48  io.netty.util.concurrent.PromiseTask$SentinelRunnable
1505:             1             48  java.io.BufferedReader (java.base@11.0.8)
1506:             2             48  java.io.ExpiringCache$Entry (java.base@11.0.8)
1507:             2             48  java.io.File$PathStatus (java.base@11.0.8)
1508:             2             48  java.io.OutputStreamWriter (java.base@11.0.8)
1509:             1             48  java.lang.ProcessHandleImpl (java.base@11.0.8)
1510:             1             48  java.lang.StackTraceElement (java.base@11.0.8)
1511:             1             48  java.lang.invoke.BoundMethodHandle$Specializer$Factory (java.base@11.0.8)
1512:             1             48  java.lang.invoke.BoundMethodHandle$Species_LIILL (java.base@11.0.8)
1513:             1             48  java.lang.invoke.MethodHandleImpl$WrappedMember (java.base@11.0.8)
1514:             2             48  java.lang.reflect.ReflectPermission (java.base@11.0.8)
1515:             2             48  java.net.StandardProtocolFamily (java.base@11.0.8)
1516:             1             48  java.nio.HeapByteBufferR (java.base@11.0.8)
1517:             3             48  java.nio.charset.CodingErrorAction (java.base@11.0.8)
1518:             3             48  java.text.AttributedCharacterIterator$Attribute (java.base@11.0.8)
1519:             2             48  java.time.format.DateTimeFormatterBuilder$1 (java.base@11.0.8)
1520:             2             48  java.time.format.DateTimeFormatterBuilder$ZoneIdPrinterParser (java.base@11.0.8)
1521:             2             48  java.time.format.DateTimeTextProvider$LocaleStore (java.base@11.0.8)
1522:             2             48  java.util.BitSet (java.base@11.0.8)
1523:             2             48  java.util.Collections$SynchronizedList (java.base@11.0.8)
1524:             2             48  java.util.Collections$SynchronizedRandomAccessList (java.base@11.0.8)
1525:             3             48  java.util.Collections$UnmodifiableCollection (java.base@11.0.8)
1526:             3             48  java.util.ResourceBundle$NoFallbackControl (java.base@11.0.8)
1527:             3             48  java.util.TreeMap$KeySet (java.base@11.0.8)
1528:             3             48  java.util.concurrent.ConcurrentSkipListMap$KeySet (java.base@11.0.8)
1529:             3             48  java.util.concurrent.ConcurrentSkipListSet (java.base@11.0.8)
1530:             2             48  java.util.logging.Logger$LoggerBundle (java.logging@11.0.8)
1531:             2             48  java.util.logging.LoggingPermission (java.logging@11.0.8)
1532:             2             48  java.util.regex.Pattern$$Lambda$375/0x000000080055ac40 (java.base@11.0.8)
1533:             2             48  java.util.regex.Pattern$CharPredicate$$Lambda$376/0x000000080055f840 (java.base@11.0.8)
1534:             3             48  java.util.zip.Adler32 (java.base@11.0.8)
1535:             2             48  javax.management.relation.MBeanServerNotificationFilter (java.management@11.0.8)
1536:             2             48  javax.security.auth.login.AppConfigurationEntry (java.base@11.0.8)
1537:             2             48  javax.xml.bind.annotation.XmlAccessOrder
1538:             1             48  jdk.internal.jimage.ImageHeader (java.base@11.0.8)
1539:             2             48  jdk.internal.misc.Signal$NativeHandler (java.base@11.0.8)
1540:             3             48  jdk.internal.module.ServicesCatalog (java.base@11.0.8)
1541:             1             48  jdk.internal.ref.CleanerImpl$WeakCleanableRef (java.base@11.0.8)
1542:             1             48  jdk.management.jfr.FlightRecorderMXBeanImpl (jdk.management.jfr@11.0.8)
1543:             2             48  org.apache.activemq.artemis.api.core.RoutingType
1544:             2             48  org.apache.activemq.artemis.api.core.SimpleString$StringSimpleStringPool
1545:             2             48  org.apache.activemq.artemis.api.core.management.ObjectNameBuilder
1546:             1             48  org.apache.activemq.artemis.cli.commands.Run$2
1547:             2             48  org.apache.activemq.artemis.commons.shaded.johnzon.core.JsonGeneratorFactoryImpl
1548:             2             48  org.apache.activemq.artemis.commons.shaded.johnzon.core.JsonProviderImpl$Cached
1549:             2             48  org.apache.activemq.artemis.commons.shaded.johnzon.core.RejectDuplicateKeysMode
1550:             3             48  org.apache.activemq.artemis.commons.shaded.json.JsonValueImpl
1551:             3             48  org.apache.activemq.artemis.component.AuthenticationFilter
1552:             3             48  org.apache.activemq.artemis.component.JolokiaFilter
1553:             2             48  org.apache.activemq.artemis.core.config.CoreAddressConfiguration
1554:             2             48  org.apache.activemq.artemis.core.journal.impl.dataformat.JournalCompleteRecordTX$TX_RECORD_TYPE
1555:             3             48  org.apache.activemq.artemis.core.messagecounter.MessageCounter$1
1556:             3             48  org.apache.activemq.artemis.core.paging.impl.PageSyncTimer$1
1557:             3             48  org.apache.activemq.artemis.core.paging.impl.PagingStoreImpl$$Lambda$193/0x00000008003bf840
1558:             3             48  org.apache.activemq.artemis.core.paging.impl.PagingStoreImpl$$Lambda$194/0x00000008003bfc40
1559:             3             48  org.apache.activemq.artemis.core.paging.impl.PagingStoreImpl$$Lambda$195/0x00000008003bf440
1560:             3             48  org.apache.activemq.artemis.core.postoffice.impl.CopyOnWriteBindings
1561:             1             48  org.apache.activemq.artemis.core.postoffice.impl.WildcardAddressManager
1562:             3             48  org.apache.activemq.artemis.core.protocol.core.impl.ActiveMQRoutingHandler
1563:             1             48  org.apache.activemq.artemis.core.protocol.core.impl.CoreProtocolManager
1564:             1             48  org.apache.activemq.artemis.core.security.impl.SecurityStoreImpl
1565:             1             48  org.apache.activemq.artemis.core.server.cluster.BackupManager
1566:             3             48  org.apache.activemq.artemis.core.server.impl.QueueImpl$DeliverRunner
1567:             3             48  org.apache.activemq.artemis.core.server.impl.QueueManagerImpl$$Lambda$197/0x00000008003bec40
1568:             3             48  org.apache.activemq.artemis.core.server.impl.ScheduledDeliveryHandlerImpl$MessageReferenceComparator
1569:             3             48  org.apache.activemq.artemis.core.server.impl.SimpleMessageGroups
1570:             2             48  org.apache.activemq.artemis.core.settings.impl.DeletionPolicy
1571:             2             48  org.apache.activemq.artemis.core.settings.impl.HierarchicalObjectRepository$MatchComparator
1572:             2             48  org.apache.activemq.artemis.core.settings.impl.SlowConsumerPolicy
1573:             1             48  org.apache.activemq.artemis.core.transaction.impl.ResourceManagerImpl
1574:             3             48  org.apache.activemq.artemis.logs.AuditLogger_impl
1575:             2             48  org.apache.activemq.artemis.spi.core.security.jaas.PropertiesLoader$FileNameKey
1576:             2             48  org.apache.activemq.artemis.spi.core.security.scram.SCRAM
1577:             2             48  org.apache.activemq.artemis.utils.collections.TypedProperties$BooleanValue
1578:             1             48  org.apache.activemq.artemis.utils.critical.CriticalAnalyzerImpl
1579:             1             48  org.apache.activemq.command.ProducerId
1580:             2             48  org.apache.activemq.util.IdGenerator
1581:             1             48  org.apache.commons.beanutils.ConvertUtilsBean
1582:             1             48  org.apache.commons.beanutils.converters.CalendarConverter
1583:             2             48  org.apache.commons.beanutils.converters.ClassConverter
1584:             2             48  org.apache.commons.beanutils.converters.FileConverter
1585:             2             48  org.apache.commons.beanutils.converters.URLConverter
1586:             1             48  org.apache.commons.logging.impl.LogFactoryImpl
1587:             2             48  org.apache.logging.log4j.core.appender.rolling.CompositeTriggeringPolicy
1588:             1             48  org.apache.logging.log4j.core.config.ConfigurationFileWatcher
1589:             2             48  org.apache.logging.log4j.core.config.CronScheduledFuture$FutureData
1590:             2             48  org.apache.logging.log4j.core.config.plugins.util.PluginManager
1591:             2             48  org.apache.logging.log4j.core.config.status.StatusConfiguration$Verbosity
1592:             1             48  org.apache.logging.log4j.core.impl.Log4jProvider
1593:             2             48  org.apache.logging.log4j.core.util.DummyNanoClock
1594:             2             48  org.apache.logging.log4j.core.util.Source
1595:             2             48  org.apache.logging.log4j.core.util.datetime.FastDateFormat
1596:             2             48  org.apache.logging.log4j.core.util.datetime.FastDatePrinter$PaddedNumberField
1597:             2             48  org.apache.logging.log4j.core.util.datetime.FormatCache$MultipartKey
1598:             1             48  org.apache.logging.log4j.simple.SimpleLogger
1599:             2             48  org.apache.logging.log4j.util.PropertyFilePropertySource
1600:             2             48  org.apache.qpid.proton.amqp.transport.ReceiverSettleMode
1601:             2             48  org.apache.qpid.proton.amqp.transport.Role
1602:             2             48  org.apache.qpid.proton.engine.TransportResult$Status
1603:             2             48  org.apache.qpid.proton.engine.impl.SaslImpl$Role
1604:             2             48  org.apache.qpid.proton.message.impl.MessageImpl$EncoderDecoderPair
1605:             2             48  org.eclipse.jetty.http.CookieCompliance
1606:             3             48  org.eclipse.jetty.http.MimeTypes
1607:             3             48  org.eclipse.jetty.security.DefaultIdentityService
1608:             3             48  org.eclipse.jetty.server.AllowedResourceAliasChecker$AllowedResourceAliasCheckListener
1609:             2             48  org.eclipse.jetty.server.MultiPartFormDataCompliance
1610:             2             48  org.eclipse.jetty.server.handler.ContextHandler$ProtectedTargetType
1611:             1             48  org.eclipse.jetty.server.handler.ErrorHandler
1612:             1             48  org.eclipse.jetty.server.handler.HandlerList
1613:             3             48  org.eclipse.jetty.server.session.SessionHandler$CookieConfig
1614:             3             48  org.eclipse.jetty.servlet.listener.ELContextCleaner
1615:             3             48  org.eclipse.jetty.servlet.listener.IntrospectorCleaner
1616:             2             48  org.eclipse.jetty.util.AtomicBiInteger
1617:             3             48  org.eclipse.jetty.util.AttributesMap
1618:             1             48  org.eclipse.jetty.util.BlockingArrayQueue
1619:             3             48  org.eclipse.jetty.util.DecoratedObjectFactory
1620:             3             48  org.eclipse.jetty.util.DeprecationWarning
1621:             1             48  org.eclipse.jetty.util.component.AttributeContainerMap
1622:             2             48  org.eclipse.jetty.util.thread.AutoLock$WithCondition
1623:             1             48  org.eclipse.jetty.webapp.WebDescriptor$1
1624:             2             48  org.jolokia.backend.Config
1625:             1             48  org.jolokia.converter.json.JsonConvertOptions$Builder
1626:             1             48  org.jolokia.discovery.AgentDetails
1627:             2             48  sun.management.ManagementFactoryHelper$1 (java.management@11.0.8)
1628:             1             48  sun.nio.cs.StreamDecoder (java.base@11.0.8)
1629:             1             48  sun.nio.fs.UnixMountEntry (java.base@11.0.8)
1630:             2             48  sun.reflect.generics.reflectiveObjects.WildcardTypeImpl (java.base@11.0.8)
1631:             2             48  sun.reflect.generics.tree.Wildcard (java.base@11.0.8)
1632:             2             48  sun.security.jca.ProviderList (java.base@11.0.8)
1633:             2             48  sun.security.jca.ProviderList$3 (java.base@11.0.8)
1634:             3             48  sun.security.provider.NativePRNG (java.base@11.0.8)
1635:             2             48  sun.util.locale.LocaleExtensions (java.base@11.0.8)
1636:             2             48  sun.util.locale.provider.LocaleServiceProviderPool (java.base@11.0.8)
1637:             1             48  sun.util.resources.cldr.TimeZoneNames (java.base@11.0.8)
1638:             1             48  sun.util.resources.cldr.TimeZoneNames_en (java.base@11.0.8)
1639:             1             40  [Lcom.google.common.cache.RemovalCause;
1640:             2             40  [Lcom.sun.jmx.mbeanserver.ClassLoaderRepositorySupport$LoaderEntry; (java.management@11.0.8)
1641:             1             40  [Lcom.sun.org.apache.xerces.internal.impl.xs.XSAttributeUseImpl; (java.xml@11.0.8)
1642:             1             40  [Lcom.sun.org.apache.xerces.internal.util.Status; (java.xml@11.0.8)
1643:             1             40  [Lcom.sun.xml.bind.v2.model.core.PropertyKind;
1644:             1             40  [Lio.airlift.airline.Context;
1645:             1             40  [Ljava.lang.Thread$State; (java.base@11.0.8)
1646:             1             40  [Ljava.lang.invoke.StringConcatFactory$Strategy; (java.base@11.0.8)
1647:             1             40  [Ljava.lang.invoke.VarHandle$AccessType; (java.base@11.0.8)
1648:             1             40  [Ljava.nio.charset.Charset; (java.base@11.0.8)
1649:             1             40  [Ljava.time.format.SignStyle; (java.base@11.0.8)
1650:             1             40  [Ljava.time.format.TextStyle; (java.base@11.0.8)
1651:             2             40  [Ljava.time.zone.ZoneOffsetTransitionRule; (java.base@11.0.8)
1652:             1             40  [Ljava.util.stream.StreamOpFlag; (java.base@11.0.8)
1653:             1             40  [Ljavax.servlet.http.MappingMatch;
1654:             1             40  [Ljavax.xml.catalog.CatalogFeatures$State; (java.xml@11.0.8)
1655:             1             40  [Ljdk.xml.internal.JdkXmlFeatures$State; (java.xml@11.0.8)
1656:             1             40  [Lorg.apache.activemq.artemis.core.journal.Journal$JournalState;
1657:             1             40  [Lorg.apache.activemq.artemis.core.persistence.Persister;
1658:             1             40  [Lorg.apache.activemq.artemis.core.protocol.core.impl.ChannelImpl$CHANNEL_ID;
1659:             1             40  [Lorg.apache.activemq.artemis.core.transaction.Transaction$State;
1660:             1             40  [Lorg.apache.logging.log4j.core.LifeCycle$State;
1661:             1             40  [Lorg.apache.logging.log4j.core.appender.rolling.FileExtension;
1662:             1             40  [Lorg.apache.logging.log4j.core.pattern.PatternParser$ParserState;
1663:             1             40  [Lorg.apache.qpid.proton.amqp.security.SaslCode;
1664:             1             40  [Lorg.apache.qpid.proton.engine.Sasl$SaslState;
1665:             1             40  [Lorg.eclipse.jetty.http.HttpCompliance;
1666:             2             40  [Lorg.eclipse.jetty.http.HttpField;
1667:             1             40  [Lorg.eclipse.jetty.http.HttpVersion;
1668:             1             40  [Lorg.eclipse.jetty.http.pathmap.PathSpecGroup;
1669:             1             40  [Lorg.eclipse.jetty.io.ManagedSelector;
1670:             1             40  [Lorg.eclipse.jetty.server.handler.ContextHandler$Availability;
1671:             1             40  [Lorg.eclipse.jetty.util.component.AbstractLifeCycle$State;
1672:             1             40  [Lsun.util.locale.provider.LocaleProviderAdapter$Type; (java.base@11.0.8)
1673:             1             40  [[Ljava.lang.invoke.LambdaForm$Name; (java.base@11.0.8)
1674:             1             40  [[S (java.base@11.0.8)
1675:             1             40  com.sun.beans.finder.MethodFinder$1 (java.desktop@11.0.8)
1676:             1             40  com.sun.beans.introspect.ClassInfo$1 (java.desktop@11.0.8)
1677:             1             40  com.sun.jmx.interceptor.DefaultMBeanServerInterceptor (java.management@11.0.8)
1678:             1             40  com.sun.jmx.mbeanserver.JmxMBeanServer (java.management@11.0.8)
1679:             1             40  com.sun.jmx.mbeanserver.MBeanServerDelegateImpl (java.management@11.0.8)
1680:             1             40  com.sun.management.internal.DiagnosticCommandImpl (jdk.management@11.0.8)
1681:             1             40  com.sun.org.apache.xerces.internal.impl.XMLDocumentFragmentScannerImpl$ElementStack2 (java.xml@11.0.8)
1682:             1             40  com.sun.org.apache.xerces.internal.impl.XMLEntityScanner$1 (java.xml@11.0.8)
1683:             1             40  com.sun.org.apache.xerces.internal.impl.XMLErrorReporter (java.xml@11.0.8)
1684:             1             40  com.sun.org.apache.xerces.internal.impl.XMLVersionDetector (java.xml@11.0.8)
1685:             1             40  com.sun.org.apache.xerces.internal.impl.dtd.XMLDTDDescription (java.xml@11.0.8)
1686:             1             40  com.sun.org.apache.xerces.internal.impl.validation.ValidationState (java.xml@11.0.8)
1687:             1             40  com.sun.org.apache.xerces.internal.util.SymbolTable (java.xml@11.0.8)
1688:             1             40  com.sun.org.apache.xerces.internal.utils.XMLLimitAnalyzer (java.xml@11.0.8)
1689:             1             40  com.sun.org.apache.xerces.internal.utils.XMLSecurityManager (java.xml@11.0.8)
1690:             1             40  com.sun.xml.internal.stream.XMLEntityStorage (java.xml@11.0.8)
1691:             1             40  io.airlift.airline.model.GlobalMetadata
1692:             1             40  io.hawt.HawtioContextListener
1693:             1             40  io.hawt.jmx.JmxTreeWatcher
1694:             1             40  io.hawt.web.plugin.HawtioPlugin
1695:             1             40  io.hawt.web.plugin.HawtioPlugin
1696:             1             40  io.netty.channel.kqueue.KQueueRecvByteAllocatorHandle
1697:             1             40  io.netty.util.concurrent.DefaultPromise$StacklessCancellationException
1698:             1             40  java.beans.WeakIdentityMap$Entry (java.desktop@11.0.8)
1699:             1             40  java.io.PrintWriter (java.base@11.0.8)
1700:             1             40  java.lang.ArithmeticException (java.base@11.0.8)
1701:             1             40  java.lang.NullPointerException (java.base@11.0.8)
1702:             1             40  java.lang.UnsupportedOperationException (java.base@11.0.8)
1703:             1             40  java.lang.invoke.VarHandleObjects$Array (java.base@11.0.8)
1704:             1             40  java.time.format.DateTimeFormatterBuilder (java.base@11.0.8)
1705:             1             40  java.time.format.DateTimeFormatterBuilder$FractionPrinterParser (java.base@11.0.8)
1706:             1             40  java.time.zone.ZoneRules (java.base@11.0.8)
1707:             1             40  java.util.HashMap$KeyIterator (java.base@11.0.8)
1708:             1             40  java.util.ResourceBundle$2 (java.base@11.0.8)
1709:             1             40  java.util.regex.Pattern$Loop (java.base@11.0.8)
1710:             1             40  jdk.internal.ref.CleanerImpl$CleanerCleanable (java.base@11.0.8)
1711:             1             40  org.apache.activemq.artemis.commons.shaded.johnzon.core.JsonProviderImpl
1712:             1             40  org.apache.activemq.artemis.core.persistence.impl.journal.BatchingIDGenerator
1713:             1             40  org.apache.activemq.artemis.core.server.cluster.qourum.QuorumManager
1714:             1             40  org.apache.activemq.artemis.core.server.impl.ConnectorsService
1715:             1             40  org.apache.activemq.artemis.core.server.impl.QueueFactoryImpl
1716:             1             40  org.apache.activemq.artemis.core.server.management.ManagementContext
1717:             1             40  org.apache.activemq.artemis.utils.UUIDTimer
1718:             1             40  org.apache.activemq.command.WireFormatInfo
1719:             1             40  org.apache.logging.log4j.core.appender.OutputStreamManager
1720:             1             40  org.apache.logging.log4j.core.config.status.StatusConfiguration
1721:             1             40  org.eclipse.jetty.server.ShutdownMonitor
1722:             1             40  sun.nio.cs.StandardCharsets$Aliases (java.base@11.0.8)
1723:             1             40  sun.nio.cs.StandardCharsets$Cache (java.base@11.0.8)
1724:             1             40  sun.security.provider.ConfigFile$Spi (java.base@11.0.8)
1725:             1             40  sun.security.util.AuthResources (java.base@11.0.8)
1726:             1             40  sun.security.util.Resources (java.base@11.0.8)
1727:             1             40  sun.text.resources.cldr.FormatData (java.base@11.0.8)
1728:             1             40  sun.text.resources.cldr.FormatData_en (java.base@11.0.8)
1729:             1             40  sun.util.resources.Bundles$1 (java.base@11.0.8)
1730:             1             40  sun.util.resources.cldr.CalendarData (java.base@11.0.8)
1731:             1             32  [Lcom.google.common.base.AbstractIterator$State;
1732:             1             32  [Lcom.google.common.cache.LocalCache$Strength;
1733:             1             32  [Lcom.sun.beans.util.Cache$Kind; (java.desktop@11.0.8)
1734:             1             32  [Lcom.sun.org.apache.xerces.internal.impl.dv.xs.AbstractDateTimeDV$DateTimeData; (java.xml@11.0.8)
1735:             1             32  [Lcom.sun.org.apache.xerces.internal.utils.XMLSecurityManager$NameMap; (java.xml@11.0.8)
1736:             1             32  [Lcom.sun.xml.bind.v2.model.core.ID;
1737:             1             32  [Lio.netty.handler.codec.socksx.SocksVersion;
1738:             1             32  [Lio.netty.util.ResourceLeakDetector$Level;
1739:             1             32  [Ljava.lang.OutOfMemoryError; (java.base@11.0.8)
1740:             1             32  [Ljava.lang.StackStreamFactory$WalkerState; (java.base@11.0.8)
1741:             1             32  [Ljava.lang.ThreadGroup; (java.base@11.0.8)
1742:             1             32  [Ljava.lang.invoke.MethodHandleImpl$ArrayAccess; (java.base@11.0.8)
1743:             1             32  [Ljava.lang.invoke.StringConcatFactory$Mode; (java.base@11.0.8)
1744:             1             32  [Ljava.lang.management.MemoryManagerMXBean; (java.management@11.0.8)
1745:             1             32  [Ljava.lang.module.ModuleDescriptor$Modifier; (java.base@11.0.8)
1746:             1             32  [Ljava.lang.module.ModuleDescriptor$Requires$Modifier; (java.base@11.0.8)
1747:             2             32  [Ljava.net.NetworkInterface; (java.base@11.0.8)
1748:             1             32  [Ljava.nio.channels.FileChannel; (java.base@11.0.8)
1749:             1             32  [Ljava.nio.file.StandardCopyOption; (java.base@11.0.8)
1750:             2             32  [Ljava.security.cert.Certificate; (java.base@11.0.8)
1751:             1             32  [Ljava.time.format.DateTimeFormatterBuilder$SettingsParser; (java.base@11.0.8)
1752:             1             32  [Ljava.time.format.ResolverStyle; (java.base@11.0.8)
1753:             1             32  [Ljava.time.temporal.IsoFields$Field; (java.base@11.0.8)
1754:             1             32  [Ljava.time.temporal.JulianFields$Field; (java.base@11.0.8)
1755:             1             32  [Ljava.time.zone.ZoneOffsetTransitionRule$TimeDefinition; (java.base@11.0.8)
1756:             1             32  [Ljava.util.regex.Pattern$Qtype; (java.base@11.0.8)
1757:             1             32  [Ljava.util.stream.StreamShape; (java.base@11.0.8)
1758:             1             32  [Ljavax.xml.catalog.CatalogFeatures$Feature; (java.xml@11.0.8)
1759:             1             32  [Ljdk.internal.logger.BootstrapLogger$LoggingBackend; (java.base@11.0.8)
1760:             1             32  [Ljdk.internal.module.IllegalAccessLogger$Mode; (java.base@11.0.8)
1761:             1             32  [Ljdk.xml.internal.JdkXmlFeatures$XmlFeature; (java.xml@11.0.8)
1762:             1             32  [Lorg.apache.activemq.artemis.core.paging.cursor.PageIterator$NextResult;
1763:             1             32  [Lorg.apache.activemq.artemis.core.postoffice.BindingType;
1764:             1             32  [Lorg.apache.activemq.artemis.core.postoffice.RoutingStatus;
1765:             1             32  [Lorg.apache.activemq.artemis.core.postoffice.impl.PostOfficeImpl$DuplicateCheckResult;
1766:             1             32  [Lorg.apache.activemq.artemis.core.server.ActiveMQServer$SERVER_STATE;
1767:             1             32  [Lorg.apache.activemq.artemis.core.server.ComponentConfigurationRoutingType;
1768:             1             32  [Lorg.apache.activemq.artemis.core.server.HandleStatus;
1769:             1             32  [Lorg.apache.activemq.artemis.core.server.cluster.ClusterManager$State;
1770:             1             32  [Lorg.apache.activemq.artemis.core.server.cluster.impl.MessageLoadBalancingType;
1771:             1             32  [Lorg.apache.activemq.artemis.core.server.federation.FederationManager$State;
1772:             1             32  [Lorg.apache.activemq.artemis.core.server.impl.AckReason;
1773:             1             32  [Lorg.apache.activemq.artemis.core.settings.impl.SlowConsumerThresholdMeasurementUnit;
1774:             1             32  [Lorg.apache.logging.log4j.core.config.LoggerConfig$LoggerConfigPredicate;
1775:             1             32  [Lorg.apache.logging.log4j.core.util.datetime.FixedDateFormat$FixedTimeZoneFormat;
1776:             1             32  [Lorg.apache.qpid.proton.amqp.messaging.TerminusDurability;
1777:             1             32  [Lorg.apache.qpid.proton.amqp.messaging.TerminusExpiryPolicy;
1778:             1             32  [Lorg.apache.qpid.proton.amqp.transport.SenderSettleMode;
1779:             1             32  [Lorg.apache.qpid.proton.engine.EndpointState;
1780:             1             32  [Lorg.eclipse.jetty.http.HttpMethod$Type;
1781:             1             32  [Lorg.eclipse.jetty.http.HttpScheme;
1782:             1             32  [Lorg.eclipse.jetty.security.UserDataConstraint;
1783:             1             32  [Lorg.eclipse.jetty.server.Handler;
1784:             1             32  [Lorg.eclipse.jetty.server.handler.ContextHandler$ContextStatus;
1785:             1             32  [Lorg.eclipse.jetty.servlet.Source$Origin;
1786:             1             32  [Lorg.eclipse.jetty.util.Pool$StrategyType;
1787:             1             32  [Lorg.eclipse.jetty.util.component.ContainerLifeCycle$Managed;
1788:             1             32  [Lorg.eclipse.jetty.util.thread.Invocable$InvocationType;
1789:             1             32  [Lorg.eclipse.jetty.util.thread.strategy.AdaptiveExecutionStrategy$State;
1790:             1             32  [Lorg.eclipse.jetty.util.thread.strategy.AdaptiveExecutionStrategy$SubStrategy;
1791:             1             32  [Lorg.eclipse.jetty.webapp.MetaData$Complete;
1792:             1             32  [Lorg.jolokia.converter.object.OpenTypeConverter;
1793:             1             32  [Lsun.security.provider.NativePRNG$Variant; (java.base@11.0.8)
1794:             2             32  com.google.common.cache.LocalCache$LocalManualCache
1795:             1             32  com.google.common.collect.Iterators$ArrayItr
1796:             2             32  com.sun.beans.WeakCache (java.desktop@11.0.8)
1797:             1             32  com.sun.beans.finder.BeanInfoFinder (java.desktop@11.0.8)
1798:             1             32  com.sun.jmx.mbeanserver.Repository (java.management@11.0.8)
1799:             1             32  com.sun.org.apache.xerces.internal.impl.dtd.XMLElementDecl (java.xml@11.0.8)
1800:             2             32  com.sun.org.apache.xerces.internal.impl.dv.dtd.ENTITYDatatypeValidator (java.xml@11.0.8)
1801:             2             32  com.sun.org.apache.xerces.internal.impl.dv.xs.QNameDV (java.xml@11.0.8)
1802:             1             32  com.sun.org.apache.xerces.internal.impl.xpath.regex.Op$ModifierOp (java.xml@11.0.8)
1803:             2             32  com.sun.org.apache.xerces.internal.impl.xpath.regex.Token (java.xml@11.0.8)
1804:             1             32  com.sun.org.apache.xerces.internal.impl.xs.XSModelGroupImpl (java.xml@11.0.8)
1805:             1             32  com.sun.org.apache.xerces.internal.jaxp.SAXParserFactoryImpl (java.xml@11.0.8)
1806:             1             32  com.sun.org.apache.xerces.internal.util.NamespaceSupport (java.xml@11.0.8)
1807:             2             32  com.sun.proxy.$Proxy12
1808:             2             32  com.sun.proxy.jdk.proxy1.$Proxy34 (jdk.proxy1@)
1809:             1             32  com.sun.xml.bind.v2.util.QNameMap
1810:             1             32  io.hawt.jmx.JMXSecurity
1811:             1             32  io.hawt.web.auth.AuthenticationConfiguration
1812:             1             32  io.hawt.web.auth.LoginRedirectFilter
1813:             1             32  io.hawt.web.proxy.ProxyServlet
1814:             1             32  io.netty.buffer.UnpooledByteBufAllocator
1815:             1             32  io.netty.channel.AdaptiveRecvByteBufAllocator
1816:             1             32  io.netty.util.ResourceLeakDetector
1817:             1             32  io.netty.util.concurrent.DefaultThreadFactory
1818:             2             32  io.netty.util.concurrent.FastThreadLocal
1819:             2             32  io.netty.util.internal.logging.Slf4JLoggerFactory
1820:             1             32  java.beans.ThreadGroupContext (java.desktop@11.0.8)
1821:             1             32  java.beans.ThreadGroupContext$1 (java.desktop@11.0.8)
1822:             1             32  java.io.UnixFileSystem (java.base@11.0.8)
1823:             2             32  java.lang.Boolean (java.base@11.0.8)
1824:             1             32  java.lang.ClassLoader$NativeLibrary$Unloader (java.base@11.0.8)
1825:             2             32  java.lang.Shutdown$Lock (java.base@11.0.8)
1826:             1             32  java.lang.module.ModuleDescriptor$Version (java.base@11.0.8)
1827:             1             32  java.net.InetAddress$CachedLocalHost (java.base@11.0.8)
1828:             2             32  java.nio.ByteOrder (java.base@11.0.8)
1829:             2             32  java.nio.file.attribute.PosixFilePermissions$1 (java.base@11.0.8)
1830:             1             32  java.security.BasicPermissionCollection (java.base@11.0.8)
1831:             1             32  java.security.MessageDigest$Delegate (java.base@11.0.8)
1832:             2             32  java.time.format.DateTimeFormatterBuilder$StringLiteralPrinterParser (java.base@11.0.8)
1833:             1             32  java.util.JumboEnumSet (java.base@11.0.8)
1834:             2             32  java.util.Optional (java.base@11.0.8)
1835:             2             32  java.util.ResourceBundle$SingleFormatControl (java.base@11.0.8)
1836:             1             32  java.util.concurrent.FutureTask (java.base@11.0.8)
1837:             1             32  java.util.concurrent.ThreadLocalRandom (java.base@11.0.8)
1838:             1             32  java.util.logging.LogManager$SystemLoggerContext (java.logging@11.0.8)
1839:             2             32  java.util.regex.Pattern$Caret (java.base@11.0.8)
1840:             1             32  javax.security.auth.Subject (java.base@11.0.8)
1841:             1             32  jdk.internal.module.IllegalAccessLogger (java.base@11.0.8)
1842:             1             32  jdk.internal.ref.CleanerImpl (java.base@11.0.8)
1843:             1             32  jdk.internal.reflect.UnsafeIntegerFieldAccessorImpl (java.base@11.0.8)
1844:             1             32  org.apache.activemq.artemis.core.io.buffer.TimedBuffer$CheckTimer
1845:             2             32  org.apache.activemq.artemis.core.journal.impl.JournalFilesRepository$1
1846:             2             32  org.apache.activemq.artemis.core.protocol.hornetq.HQFilterConversionInterceptor
1847:             2             32  org.apache.activemq.artemis.core.protocol.mqtt.MQTTRoutingHandler
1848:             1             32  org.apache.activemq.artemis.core.protocol.mqtt.MQTTUtil$MQTTWildcardConfiguration
1849:             1             32  org.apache.activemq.artemis.core.security.Role
1850:             1             32  org.apache.activemq.artemis.core.server.impl.LiveOnlyActivation
1851:             1             32  org.apache.activemq.artemis.core.server.management.JMXAccessControlList
1852:             1             32  org.apache.activemq.artemis.core.server.management.impl.HawtioSecurityControlImpl
1853:             1             32  org.apache.activemq.artemis.core.server.routing.ConnectionRouterManager
1854:             1             32  org.apache.activemq.artemis.dto.BrokerDTO
1855:             1             32  org.apache.activemq.artemis.integration.FileBroker
1856:             2             32  org.apache.activemq.artemis.protocol.amqp.proton.AMQPRoutingHandler
1857:             1             32  org.apache.activemq.artemis.spi.core.security.ActiveMQJAASSecurityManager
1858:             1             32  org.apache.activemq.artemis.utils.UUIDGenerator
1859:             1             32  org.apache.commons.beanutils.PropertyUtilsBean
1860:             1             32  org.apache.commons.logging.impl.WeakHashtable$WeakKey
1861:             2             32  org.apache.logging.log4j.core.appender.rolling.CronTriggeringPolicy$CronTrigger
1862:             2             32  org.apache.logging.log4j.core.config.CronScheduledFuture
1863:             2             32  org.apache.logging.log4j.core.config.DefaultAdvertiser
1864:             2             32  org.apache.logging.log4j.core.impl.DefaultLogEventFactory
1865:             1             32  org.apache.logging.log4j.core.impl.ThrowableFormatOptions
1866:             2             32  org.apache.logging.log4j.core.layout.PatternLayout$PatternFormatterPatternSerializer
1867:             2             32  org.apache.logging.log4j.core.lookup.StrMatcher$CharSetMatcher
1868:             1             32  org.apache.logging.log4j.core.util.DefaultShutdownCallbackRegistry
1869:             2             32  org.apache.logging.log4j.core.util.SystemClock
1870:             1             32  org.apache.logging.log4j.core.util.WatchManager$ConfigurationMonitor
1871:             2             32  org.apache.logging.log4j.core.util.datetime.FastDatePrinter$TwoDigitNumberField
1872:             1             32  org.apache.logging.log4j.status.StatusLogger$BoundedQueue
1873:             2             32  org.apache.logging.log4j.util.EnvironmentPropertySource
1874:             2             32  org.apache.logging.log4j.util.PropertiesUtil
1875:             2             32  org.apache.logging.log4j.util.PropertySource$Comparator
1876:             2             32  org.apache.logging.log4j.util.SystemPropertiesPropertySource
1877:             1             32  org.apache.qpid.proton.amqp.Binary
1878:             1             32  org.eclipse.jetty.http.HttpField
1879:             2             32  org.eclipse.jetty.http.HttpFields$Immutable
1880:             2             32  org.eclipse.jetty.util.EmptyTrie
1881:             1             32  org.eclipse.jetty.util.thread.ThreadPoolBudget
1882:             1             32  org.eclipse.jetty.webapp.JaasConfiguration
1883:             1             32  org.eclipse.jetty.webapp.JaspiConfiguration
1884:             1             32  org.eclipse.jetty.webapp.JmxConfiguration
1885:             1             32  org.eclipse.jetty.webapp.JndiConfiguration
1886:             1             32  org.eclipse.jetty.webapp.JspConfiguration
1887:             1             32  org.eclipse.jetty.webapp.ServletsConfiguration
1888:             1             32  org.eclipse.jetty.xml.XmlParser$Handler
1889:             1             32  org.jolokia.backend.LocalRequestDispatcher
1890:             1             32  org.jolokia.backend.MBeanServerExecutorLocal
1891:             1             32  org.jolokia.backend.MBeanServerHandler
1892:             1             32  org.jolokia.backend.MBeanServers
1893:             1             32  org.jolokia.converter.json.ObjectToJsonConverter
1894:             2             32  org.jolokia.converter.object.StringToObjectConverter$BooleanParser
1895:             2             32  org.jolokia.converter.object.StringToObjectConverter$ByteParser
1896:             2             32  org.jolokia.converter.object.StringToObjectConverter$CharParser
1897:             2             32  org.jolokia.converter.object.StringToObjectConverter$DoubleParser
1898:             2             32  org.jolokia.converter.object.StringToObjectConverter$FloatParser
1899:             2             32  org.jolokia.converter.object.StringToObjectConverter$IntParser
1900:             2             32  org.jolokia.converter.object.StringToObjectConverter$LongParser
1901:             2             32  org.jolokia.converter.object.StringToObjectConverter$ShortParser
1902:             1             32  org.jolokia.detector.ServerHandle
1903:             1             32  org.jolokia.history.HistoryStore
1904:             1             32  org.jolokia.restrictor.PolicyRestrictor
1905:             1             32  org.xml.sax.helpers.LocatorImpl (java.xml@11.0.8)
1906:             1             32  sun.nio.ch.ServerSocketAdaptor (java.base@11.0.8)
1907:             1             32  sun.nio.cs.StandardCharsets (java.base@11.0.8)
1908:             1             32  sun.nio.fs.BsdFileStore (java.base@11.0.8)
1909:             1             32  sun.nio.fs.MacOSXFileSystem (java.base@11.0.8)
1910:             2             32  sun.reflect.generics.tree.ArrayTypeSignature (java.base@11.0.8)
1911:             2             32  sun.security.provider.FileInputStreamPool$UnclosableInputStream (java.base@11.0.8)
1912:             1             32  sun.security.provider.SecureRandom (java.base@11.0.8)
1913:             2             32  sun.util.resources.LocaleData (java.base@11.0.8)
1914:             1             24  [Lcom.google.common.cache.CacheBuilder$NullListener;
1915:             1             24  [Lcom.google.common.cache.CacheBuilder$OneWeigher;
1916:             1             24  [Lcom.google.common.cache.LocalCache$NullEntry;
1917:             1             24  [Lcom.sun.org.apache.xerces.internal.impl.xpath.regex.RegularExpression$ClosureContext; (java.xml@11.0.8)
1918:             1             24  [Lcom.sun.org.apache.xerces.internal.impl.xs.XSParticleDecl; (java.xml@11.0.8)
1919:             1             24  [Lcom.sun.org.apache.xerces.internal.utils.XMLSecurityPropertyManager$Property; (java.xml@11.0.8)
1920:             1             24  [Lio.netty.buffer.PoolArena$SizeClass;
1921:             1             24  [Ljava.io.File$PathStatus; (java.base@11.0.8)
1922:             1             24  [Ljava.lang.StackWalker$ExtendedOption; (java.base@11.0.8)
1923:             1             24  [Ljava.net.InetSocketAddress; (java.base@11.0.8)
1924:             1             24  [Ljava.net.StandardProtocolFamily; (java.base@11.0.8)
1925:             1             24  [Ljava.time.temporal.IsoFields$Unit; (java.base@11.0.8)
1926:             1             24  [Ljava.time.zone.ZoneOffsetTransition; (java.base@11.0.8)
1927:             1             24  [Ljava.util.Comparators$NaturalOrderComparator; (java.base@11.0.8)
1928:             1             24  [Ljava.util.Locale$Category; (java.base@11.0.8)
1929:             1             24  [Ljavax.xml.bind.annotation.XmlAccessOrder;
1930:             1             24  [Lorg.apache.activemq.artemis.commons.shaded.johnzon.core.RejectDuplicateKeysMode;
1931:             1             24  [Lorg.apache.activemq.artemis.core.journal.impl.dataformat.JournalCompleteRecordTX$TX_RECORD_TYPE;
1932:             1             24  [Lorg.apache.activemq.artemis.core.settings.impl.DeletionPolicy;
1933:             1             24  [Lorg.apache.activemq.artemis.core.settings.impl.SlowConsumerPolicy;
1934:             1             24  [Lorg.apache.activemq.artemis.spi.core.security.scram.SCRAM;
1935:             1             24  [Lorg.apache.logging.log4j.core.appender.ConsoleAppender$Target;
1936:             1             24  [Lorg.apache.logging.log4j.core.async.ThreadNameCachingStrategy;
1937:             1             24  [Lorg.apache.logging.log4j.core.config.status.StatusConfiguration$Verbosity;
1938:             1             24  [Lorg.apache.logging.log4j.core.pattern.NameAbbreviator$MaxElementAbbreviator$Strategy;
1939:             1             24  [Lorg.apache.qpid.proton.amqp.transport.ReceiverSettleMode;
1940:             1             24  [Lorg.apache.qpid.proton.amqp.transport.Role;
1941:             1             24  [Lorg.apache.qpid.proton.engine.TransportResult$Status;
1942:             1             24  [Lorg.apache.qpid.proton.engine.impl.SaslImpl$Role;
1943:             1             24  [Lorg.eclipse.jetty.http.CookieCompliance;
1944:             1             24  [Lorg.eclipse.jetty.http.HttpFieldPreEncoder;
1945:             1             24  [Lorg.eclipse.jetty.server.MultiPartFormDataCompliance;
1946:             1             24  [Lorg.eclipse.jetty.server.ServerConnector;
1947:             1             24  [Lorg.eclipse.jetty.server.handler.ContextHandler$ProtectedTargetType;
1948:             1             24  com.google.common.cache.CacheBuilder$NullListener
1949:             1             24  com.google.common.cache.CacheBuilder$OneWeigher
1950:             1             24  com.google.common.cache.LocalCache$EntryFactory$1
1951:             1             24  com.google.common.cache.LocalCache$EntryFactory$2
1952:             1             24  com.google.common.cache.LocalCache$EntryFactory$3
1953:             1             24  com.google.common.cache.LocalCache$EntryFactory$4
1954:             1             24  com.google.common.cache.LocalCache$EntryFactory$5
1955:             1             24  com.google.common.cache.LocalCache$EntryFactory$6
1956:             1             24  com.google.common.cache.LocalCache$EntryFactory$7
1957:             1             24  com.google.common.cache.LocalCache$EntryFactory$8
1958:             1             24  com.google.common.cache.LocalCache$NullEntry
1959:             1             24  com.google.common.cache.LocalCache$Strength$1
1960:             1             24  com.google.common.cache.LocalCache$Strength$2
1961:             1             24  com.google.common.cache.LocalCache$Strength$3
1962:             1             24  com.google.common.cache.RemovalCause$1
1963:             1             24  com.google.common.cache.RemovalCause$2
1964:             1             24  com.google.common.cache.RemovalCause$3
1965:             1             24  com.google.common.cache.RemovalCause$4
1966:             1             24  com.google.common.cache.RemovalCause$5
1967:             1             24  com.sun.beans.util.Cache$Kind$1 (java.desktop@11.0.8)
1968:             1             24  com.sun.beans.util.Cache$Kind$2 (java.desktop@11.0.8)
1969:             1             24  com.sun.beans.util.Cache$Kind$3 (java.desktop@11.0.8)
1970:             1             24  com.sun.jmx.mbeanserver.ClassLoaderRepositorySupport (java.management@11.0.8)
1971:             1             24  com.sun.jmx.mbeanserver.MXBeanLookup (java.management@11.0.8)
1972:             1             24  com.sun.management.internal.HotSpotThreadImpl (jdk.management@11.0.8)
1973:             1             24  com.sun.management.internal.OperatingSystemImpl (jdk.management@11.0.8)
1974:             1             24  com.sun.management.internal.PlatformMBeanProviderImpl$1 (jdk.management@11.0.8)
1975:             1             24  com.sun.management.internal.PlatformMBeanProviderImpl$2 (jdk.management@11.0.8)
1976:             1             24  com.sun.management.internal.PlatformMBeanProviderImpl$3 (jdk.management@11.0.8)
1977:             1             24  com.sun.management.internal.PlatformMBeanProviderImpl$4 (jdk.management@11.0.8)
1978:             1             24  com.sun.management.internal.PlatformMBeanProviderImpl$5 (jdk.management@11.0.8)
1979:             1             24  com.sun.org.apache.xerces.internal.impl.Constants$ArrayEnumeration (java.xml@11.0.8)
1980:             1             24  com.sun.org.apache.xerces.internal.impl.XMLNSDocumentScannerImpl$NSContentDriver (java.xml@11.0.8)
1981:             1             24  com.sun.org.apache.xerces.internal.impl.dtd.DTDGrammarBucket (java.xml@11.0.8)
1982:             1             24  com.sun.org.apache.xerces.internal.impl.dtd.XMLAttributeDecl (java.xml@11.0.8)
1983:             1             24  com.sun.org.apache.xerces.internal.impl.msg.XMLMessageFormatter (java.xml@11.0.8)
1984:             1             24  com.sun.org.apache.xerces.internal.impl.validation.ValidationManager (java.xml@11.0.8)
1985:             1             24  com.sun.org.apache.xerces.internal.impl.xpath.regex.Op$CharOp (java.xml@11.0.8)
1986:             1             24  com.sun.org.apache.xerces.internal.impl.xpath.regex.RegularExpression$ClosureContext (java.xml@11.0.8)
1987:             1             24  com.sun.org.apache.xerces.internal.impl.xs.util.ShortListImpl (java.xml@11.0.8)
1988:             1             24  com.sun.org.apache.xerces.internal.impl.xs.util.XSObjectListImpl (java.xml@11.0.8)
1989:             1             24  com.sun.org.apache.xerces.internal.utils.XMLSecurityPropertyManager (java.xml@11.0.8)
1990:             1             24  com.sun.xml.bind.v2.model.annotation.XmlAttributeQuick
1991:             1             24  com.sun.xml.bind.v2.model.annotation.XmlElementDeclQuick
1992:             1             24  com.sun.xml.bind.v2.model.annotation.XmlElementQuick
1993:             1             24  com.sun.xml.bind.v2.model.annotation.XmlElementRefQuick
1994:             1             24  com.sun.xml.bind.v2.model.annotation.XmlElementRefsQuick
1995:             1             24  com.sun.xml.bind.v2.model.annotation.XmlEnumQuick
1996:             1             24  com.sun.xml.bind.v2.model.annotation.XmlRootElementQuick
1997:             1             24  com.sun.xml.bind.v2.model.annotation.XmlSchemaQuick
1998:             1             24  com.sun.xml.bind.v2.model.annotation.XmlSchemaTypeQuick
1999:             1             24  com.sun.xml.bind.v2.model.annotation.XmlTransientQuick
2000:             1             24  com.sun.xml.bind.v2.model.annotation.XmlTypeQuick
2001:             1             24  com.sun.xml.bind.v2.model.annotation.XmlValueQuick
2002:             1             24  com.sun.xml.bind.v2.model.impl.RuntimeAnyTypeImpl
2003:             1             24  com.sun.xml.bind.v2.model.impl.RuntimeBuiltinLeafInfoImpl$10
2004:             1             24  com.sun.xml.bind.v2.model.impl.RuntimeBuiltinLeafInfoImpl$11
2005:             1             24  com.sun.xml.bind.v2.model.impl.RuntimeBuiltinLeafInfoImpl$12
2006:             1             24  com.sun.xml.bind.v2.model.impl.RuntimeBuiltinLeafInfoImpl$13
2007:             1             24  com.sun.xml.bind.v2.model.impl.RuntimeBuiltinLeafInfoImpl$14
2008:             1             24  com.sun.xml.bind.v2.model.impl.RuntimeBuiltinLeafInfoImpl$15
2009:             1             24  com.sun.xml.bind.v2.model.impl.RuntimeBuiltinLeafInfoImpl$16
2010:             1             24  com.sun.xml.bind.v2.model.impl.RuntimeBuiltinLeafInfoImpl$17
2011:             1             24  com.sun.xml.bind.v2.model.impl.RuntimeBuiltinLeafInfoImpl$18
2012:             1             24  com.sun.xml.bind.v2.model.impl.RuntimeBuiltinLeafInfoImpl$19
2013:             1             24  com.sun.xml.bind.v2.model.impl.RuntimeBuiltinLeafInfoImpl$2
2014:             1             24  com.sun.xml.bind.v2.model.impl.RuntimeBuiltinLeafInfoImpl$20
2015:             1             24  com.sun.xml.bind.v2.model.impl.RuntimeBuiltinLeafInfoImpl$21
2016:             1             24  com.sun.xml.bind.v2.model.impl.RuntimeBuiltinLeafInfoImpl$22
2017:             1             24  com.sun.xml.bind.v2.model.impl.RuntimeBuiltinLeafInfoImpl$23
2018:             1             24  com.sun.xml.bind.v2.model.impl.RuntimeBuiltinLeafInfoImpl$24
2019:             1             24  com.sun.xml.bind.v2.model.impl.RuntimeBuiltinLeafInfoImpl$26
2020:             1             24  com.sun.xml.bind.v2.model.impl.RuntimeBuiltinLeafInfoImpl$27
2021:             1             24  com.sun.xml.bind.v2.model.impl.RuntimeBuiltinLeafInfoImpl$3
2022:             1             24  com.sun.xml.bind.v2.model.impl.RuntimeBuiltinLeafInfoImpl$4
2023:             1             24  com.sun.xml.bind.v2.model.impl.RuntimeBuiltinLeafInfoImpl$5
2024:             1             24  com.sun.xml.bind.v2.model.impl.RuntimeBuiltinLeafInfoImpl$6
2025:             1             24  com.sun.xml.bind.v2.model.impl.RuntimeBuiltinLeafInfoImpl$7
2026:             1             24  com.sun.xml.bind.v2.model.impl.RuntimeBuiltinLeafInfoImpl$8
2027:             1             24  com.sun.xml.bind.v2.model.impl.RuntimeBuiltinLeafInfoImpl$9
2028:             1             24  com.sun.xml.bind.v2.model.impl.RuntimeBuiltinLeafInfoImpl$StringImplImpl
2029:             1             24  com.sun.xml.bind.v2.model.impl.RuntimeBuiltinLeafInfoImpl$UUIDImpl
2030:             1             24  com.sun.xml.bind.v2.runtime.unmarshaller.DomLoader
2031:             1             24  io.hawt.jmx.About
2032:             1             24  io.hawt.jmx.QuartzFacade
2033:             1             24  io.hawt.jmx.RBACRegistry
2034:             1             24  io.hawt.system.ConfigManager
2035:             1             24  io.hawt.web.auth.AuthenticationFilter
2036:             1             24  io.hawt.web.auth.Redirector
2037:             1             24  io.hawt.web.auth.SessionExpiryFilter
2038:             1             24  io.hawt.web.filters.BaseTagHrefFilter
2039:             1             24  io.hawt.web.filters.CacheHeadersFilter
2040:             1             24  io.hawt.web.filters.PublicKeyPinningFilter
2041:             1             24  io.hawt.web.filters.StrictTransportSecurityFilter
2042:             1             24  io.hawt.web.servlets.JolokiaConfiguredAgentServlet$ServletConfigWrapper
2043:             1             24  io.netty.buffer.PooledByteBufAllocator$PoolThreadLocalCache
2044:             1             24  io.netty.buffer.UnpooledByteBufAllocator$UnpooledByteBufAllocatorMetric
2045:             1             24  io.netty.buffer.UnreleasableByteBuf
2046:             1             24  io.netty.channel.ChannelOption$1
2047:             1             24  io.netty.util.ResourceLeakDetectorFactory$DefaultResourceLeakDetectorFactory
2048:             1             24  io.netty.util.concurrent.FailedFuture
2049:             1             24  io.netty.util.internal.DefaultPriorityQueue
2050:             1             24  io.netty.util.internal.ThreadExecutorMap$3
2051:             1             24  java.io.InputStreamReader (java.base@11.0.8)
2052:             1             24  java.lang.ProcessEnvironment$StringEnvironment (java.base@11.0.8)
2053:             1             24  java.lang.ProcessHandleImpl$$Lambda$279/0x000000080044d840 (java.base@11.0.8)
2054:             1             24  java.lang.StackWalker$ExtendedOption (java.base@11.0.8)
2055:             1             24  java.lang.invoke.DirectMethodHandle$EnsureInitialized (java.base@11.0.8)
2056:             1             24  java.lang.invoke.MethodHandleImpl$ArrayAccessor$1 (java.base@11.0.8)
2057:             1             24  java.lang.invoke.MethodHandleImpl$BindCaller$1 (java.base@11.0.8)
2058:             1             24  java.lang.invoke.MethodType$ConcurrentWeakInternSet (java.base@11.0.8)
2059:             1             24  java.lang.invoke.StringConcatFactory$Stringifiers$StringifierAny (java.base@11.0.8)
2060:             1             24  java.lang.invoke.StringConcatFactory$Stringifiers$StringifierMost (java.base@11.0.8)
2061:             1             24  java.lang.management.DefaultPlatformMBeanProvider$1 (java.management@11.0.8)
2062:             1             24  java.lang.management.DefaultPlatformMBeanProvider$10 (java.management@11.0.8)
2063:             1             24  java.lang.management.DefaultPlatformMBeanProvider$11 (java.management@11.0.8)
2064:             1             24  java.lang.management.DefaultPlatformMBeanProvider$2 (java.management@11.0.8)
2065:             1             24  java.lang.management.DefaultPlatformMBeanProvider$3 (java.management@11.0.8)
2066:             1             24  java.lang.management.DefaultPlatformMBeanProvider$4 (java.management@11.0.8)
2067:             1             24  java.lang.management.DefaultPlatformMBeanProvider$5 (java.management@11.0.8)
2068:             1             24  java.lang.management.DefaultPlatformMBeanProvider$6 (java.management@11.0.8)
2069:             1             24  java.lang.management.DefaultPlatformMBeanProvider$7 (java.management@11.0.8)
2070:             1             24  java.lang.management.DefaultPlatformMBeanProvider$8 (java.management@11.0.8)
2071:             1             24  java.lang.management.DefaultPlatformMBeanProvider$9 (java.management@11.0.8)
2072:             1             24  java.net.Inet6AddressImpl (java.base@11.0.8)
2073:             1             24  java.nio.file.LinkOption (java.base@11.0.8)
2074:             1             24  java.security.AllPermissionCollection (java.base@11.0.8)
2075:             1             24  java.time.Clock$SystemClock (java.base@11.0.8)
2076:             1             24  java.time.ZoneRegion (java.base@11.0.8)
2077:             1             24  java.time.format.DecimalStyle (java.base@11.0.8)
2078:             1             24  java.time.temporal.IsoFields$Field$1 (java.base@11.0.8)
2079:             1             24  java.time.temporal.IsoFields$Field$2 (java.base@11.0.8)
2080:             1             24  java.time.temporal.IsoFields$Field$3 (java.base@11.0.8)
2081:             1             24  java.time.temporal.IsoFields$Field$4 (java.base@11.0.8)
2082:             1             24  java.time.zone.TzdbZoneRulesProvider (java.base@11.0.8)
2083:             1             24  java.util.Collections$3 (java.base@11.0.8)
2084:             1             24  java.util.Collections$EmptyMap (java.base@11.0.8)
2085:             1             24  java.util.Collections$SynchronizedCollection (java.base@11.0.8)
2086:             1             24  java.util.Comparators$NaturalOrderComparator (java.base@11.0.8)
2087:             1             24  java.util.Locale$Cache (java.base@11.0.8)
2088:             1             24  java.util.ResourceBundle$Control$CandidateListCache (java.base@11.0.8)
2089:             1             24  java.util.TaskQueue (java.base@11.0.8)
2090:             1             24  java.util.Timer (java.base@11.0.8)
2091:             1             24  java.util.concurrent.ConcurrentLinkedDeque (java.base@11.0.8)
2092:             1             24  java.util.concurrent.Executors$DefaultThreadFactory (java.base@11.0.8)
2093:             1             24  java.util.concurrent.LinkedBlockingDeque$Node (java.base@11.0.8)
2094:             1             24  java.util.logging.LogManager$LoggerContext (java.logging@11.0.8)
2095:             1             24  java.util.regex.Pattern$Pos (java.base@11.0.8)
2096:             1             24  java.util.regex.Pattern$Prolog (java.base@11.0.8)
2097:             1             24  java.util.zip.ZipCoder$UTF8 (java.base@11.0.8)
2098:             1             24  javax.management.ObjectInstance (java.management@11.0.8)
2099:             1             24  javax.management.ObjectName$PatternProperty (java.management@11.0.8)
2100:             1             24  javax.security.auth.callback.TextOutputCallback (java.base@11.0.8)
2101:             1             24  jdk.internal.jimage.ImageReader (java.base@11.0.8)
2102:             1             24  jdk.internal.logger.BootstrapLogger$RedirectedLoggers (java.base@11.0.8)
2103:             1             24  jdk.internal.module.ModuleHashes (java.base@11.0.8)
2104:             1             24  jdk.internal.module.SystemModuleFinders$SystemModuleFinder (java.base@11.0.8)
2105:             1             24  jdk.management.jfr.StreamManager (jdk.management.jfr@11.0.8)
2106:             1             24  jdk.management.jfr.internal.FlightRecorderMXBeanProvider$SingleMBeanComponent (jdk.management.jfr@11.0.8)
2107:             1             24  org.apache.activemq.artemis.api.core.ActiveMQExceptionType$1
2108:             1             24  org.apache.activemq.artemis.api.core.ActiveMQExceptionType$10
2109:             1             24  org.apache.activemq.artemis.api.core.ActiveMQExceptionType$11
2110:             1             24  org.apache.activemq.artemis.api.core.ActiveMQExceptionType$12
2111:             1             24  org.apache.activemq.artemis.api.core.ActiveMQExceptionType$13
2112:             1             24  org.apache.activemq.artemis.api.core.ActiveMQExceptionType$14
2113:             1             24  org.apache.activemq.artemis.api.core.ActiveMQExceptionType$15
2114:             1             24  org.apache.activemq.artemis.api.core.ActiveMQExceptionType$16
2115:             1             24  org.apache.activemq.artemis.api.core.ActiveMQExceptionType$17
2116:             1             24  org.apache.activemq.artemis.api.core.ActiveMQExceptionType$18
2117:             1             24  org.apache.activemq.artemis.api.core.ActiveMQExceptionType$19
2118:             1             24  org.apache.activemq.artemis.api.core.ActiveMQExceptionType$2
2119:             1             24  org.apache.activemq.artemis.api.core.ActiveMQExceptionType$20
2120:             1             24  org.apache.activemq.artemis.api.core.ActiveMQExceptionType$21
2121:             1             24  org.apache.activemq.artemis.api.core.ActiveMQExceptionType$22
2122:             1             24  org.apache.activemq.artemis.api.core.ActiveMQExceptionType$23
2123:             1             24  org.apache.activemq.artemis.api.core.ActiveMQExceptionType$24
2124:             1             24  org.apache.activemq.artemis.api.core.ActiveMQExceptionType$25
2125:             1             24  org.apache.activemq.artemis.api.core.ActiveMQExceptionType$26
2126:             1             24  org.apache.activemq.artemis.api.core.ActiveMQExceptionType$27
2127:             1             24  org.apache.activemq.artemis.api.core.ActiveMQExceptionType$28
2128:             1             24  org.apache.activemq.artemis.api.core.ActiveMQExceptionType$29
2129:             1             24  org.apache.activemq.artemis.api.core.ActiveMQExceptionType$3
2130:             1             24  org.apache.activemq.artemis.api.core.ActiveMQExceptionType$30
2131:             1             24  org.apache.activemq.artemis.api.core.ActiveMQExceptionType$31
2132:             1             24  org.apache.activemq.artemis.api.core.ActiveMQExceptionType$32
2133:             1             24  org.apache.activemq.artemis.api.core.ActiveMQExceptionType$33
2134:             1             24  org.apache.activemq.artemis.api.core.ActiveMQExceptionType$34
2135:             1             24  org.apache.activemq.artemis.api.core.ActiveMQExceptionType$35
2136:             1             24  org.apache.activemq.artemis.api.core.ActiveMQExceptionType$36
2137:             1             24  org.apache.activemq.artemis.api.core.ActiveMQExceptionType$37
2138:             1             24  org.apache.activemq.artemis.api.core.ActiveMQExceptionType$38
2139:             1             24  org.apache.activemq.artemis.api.core.ActiveMQExceptionType$39
2140:             1             24  org.apache.activemq.artemis.api.core.ActiveMQExceptionType$4
2141:             1             24  org.apache.activemq.artemis.api.core.ActiveMQExceptionType$40
2142:             1             24  org.apache.activemq.artemis.api.core.ActiveMQExceptionType$5
2143:             1             24  org.apache.activemq.artemis.api.core.ActiveMQExceptionType$6
2144:             1             24  org.apache.activemq.artemis.api.core.ActiveMQExceptionType$7
2145:             1             24  org.apache.activemq.artemis.api.core.ActiveMQExceptionType$8
2146:             1             24  org.apache.activemq.artemis.api.core.ActiveMQExceptionType$9
2147:             1             24  org.apache.activemq.artemis.cli.commands.ActionContext
2148:             1             24  org.apache.activemq.artemis.commons.shaded.johnzon.core.JsonBuilderFactoryImpl
2149:             1             24  org.apache.activemq.artemis.commons.shaded.johnzon.core.JsonReaderFactoryImpl
2150:             1             24  org.apache.activemq.artemis.commons.shaded.johnzon.core.JsonWriterFactoryImpl
2151:             1             24  org.apache.activemq.artemis.commons.shaded.json.EmptyObject
2152:             1             24  org.apache.activemq.artemis.core.buffers.impl.ChannelBufferWrapper
2153:             1             24  org.apache.activemq.artemis.core.config.MetricsConfiguration
2154:             1             24  org.apache.activemq.artemis.core.config.impl.RoleSet
2155:             1             24  org.apache.activemq.artemis.core.messagecounter.impl.MessageCounterManagerImpl
2156:             1             24  org.apache.activemq.artemis.core.paging.impl.PagingManagerImpl$LocalMonitor
2157:             1             24  org.apache.activemq.artemis.core.postoffice.impl.AddressMap
2158:             1             24  org.apache.activemq.artemis.core.protocol.openwire.OpenWireRoutingHandler
2159:             1             24  org.apache.activemq.artemis.core.security.CheckType$1
2160:             1             24  org.apache.activemq.artemis.core.security.CheckType$10
2161:             1             24  org.apache.activemq.artemis.core.security.CheckType$2
2162:             1             24  org.apache.activemq.artemis.core.security.CheckType$3
2163:             1             24  org.apache.activemq.artemis.core.security.CheckType$4
2164:             1             24  org.apache.activemq.artemis.core.security.CheckType$5
2165:             1             24  org.apache.activemq.artemis.core.security.CheckType$6
2166:             1             24  org.apache.activemq.artemis.core.security.CheckType$7
2167:             1             24  org.apache.activemq.artemis.core.security.CheckType$8
2168:             1             24  org.apache.activemq.artemis.core.security.CheckType$9
2169:             1             24  org.apache.activemq.artemis.core.server.cluster.ha.StandaloneHAManager
2170:             1             24  org.apache.activemq.artemis.core.server.federation.FederationManager
2171:             1             24  org.apache.activemq.artemis.core.server.impl.ActiveMQServerImpl$$Lambda$185/0x000000080035b840
2172:             1             24  org.apache.activemq.artemis.core.server.impl.ActiveMQServerImpl$DefaultCriticalErrorListener
2173:             1             24  org.apache.activemq.artemis.core.server.impl.ServerStatus
2174:             1             24  org.apache.activemq.artemis.core.server.management.ArtemisMBeanServerBuilder$MBeanInvocationHandler
2175:             1             24  org.apache.activemq.artemis.core.transaction.impl.ResourceManagerImpl$TxTimeoutHandler
2176:             1             24  org.apache.activemq.artemis.dto.JaasSecurityDTO
2177:             1             24  org.apache.activemq.artemis.dto.ServerDTO
2178:             1             24  org.apache.activemq.artemis.json.impl.JsonArrayImpl
2179:             1             24  org.apache.activemq.artemis.protocol.amqp.sasl.scram.SHA256SCRAMServerSASLFactory
2180:             1             24  org.apache.activemq.artemis.protocol.amqp.sasl.scram.SHA512SCRAMServerSASLFactory
2181:             1             24  org.apache.activemq.artemis.spi.core.security.jaas.RolePrincipal
2182:             1             24  org.apache.activemq.artemis.spi.core.security.jaas.UserPrincipal
2183:             1             24  org.apache.activemq.artemis.utils.UUID
2184:             1             24  org.apache.activemq.artemis.utils.uri.FluentPropertyBeanIntrospectorWithIgnores
2185:             1             24  org.apache.activemq.util.DataByteArrayInputStream
2186:             1             24  org.apache.activemq.util.DataByteArrayOutputStream
2187:             1             24  org.apache.activemq.util.LongSequenceGenerator
2188:             1             24  org.apache.commons.beanutils.BeanUtilsBean
2189:             1             24  org.apache.commons.beanutils.BeanUtilsBean$1
2190:             1             24  org.apache.commons.beanutils.converters.StringConverter
2191:             1             24  org.apache.commons.logging.impl.WeakHashtable$Referenced
2192:             1             24  org.apache.logging.log4j.core.appender.ConsoleAppender$Target$1
2193:             1             24  org.apache.logging.log4j.core.appender.ConsoleAppender$Target$2
2194:             1             24  org.apache.logging.log4j.core.appender.rolling.FileExtension$1
2195:             1             24  org.apache.logging.log4j.core.appender.rolling.FileExtension$2
2196:             1             24  org.apache.logging.log4j.core.appender.rolling.FileExtension$3
2197:             1             24  org.apache.logging.log4j.core.appender.rolling.FileExtension$4
2198:             1             24  org.apache.logging.log4j.core.appender.rolling.FileExtension$5
2199:             1             24  org.apache.logging.log4j.core.appender.rolling.FileExtension$6
2200:             1             24  org.apache.logging.log4j.core.async.ThreadNameCachingStrategy$1
2201:             1             24  org.apache.logging.log4j.core.async.ThreadNameCachingStrategy$2
2202:             1             24  org.apache.logging.log4j.core.config.LoggerConfig$LoggerConfigPredicate$1
2203:             1             24  org.apache.logging.log4j.core.config.LoggerConfig$LoggerConfigPredicate$2
2204:             1             24  org.apache.logging.log4j.core.config.LoggerConfig$LoggerConfigPredicate$3
2205:             1             24  org.apache.logging.log4j.core.config.Loggers
2206:             1             24  org.apache.logging.log4j.core.config.json.JsonConfigurationFactory
2207:             1             24  org.apache.logging.log4j.core.config.plugins.util.PluginRegistry
2208:             1             24  org.apache.logging.log4j.core.config.yaml.YamlConfigurationFactory
2209:             1             24  org.apache.logging.log4j.core.impl.Log4jContextFactory
2210:             1             24  org.apache.logging.log4j.core.pattern.LevelPatternConverter$SimpleLevelPatternConverter
2211:             1             24  org.apache.logging.log4j.core.pattern.LineSeparatorPatternConverter
2212:             1             24  org.apache.logging.log4j.core.pattern.LoggerPatternConverter
2213:             1             24  org.apache.logging.log4j.core.pattern.MessagePatternConverter$SimpleMessagePatternConverter
2214:             1             24  org.apache.logging.log4j.core.pattern.NameAbbreviator$MaxElementAbbreviator$Strategy$1
2215:             1             24  org.apache.logging.log4j.core.pattern.NameAbbreviator$MaxElementAbbreviator$Strategy$2
2216:             1             24  org.apache.logging.log4j.core.pattern.PatternParser
2217:             1             24  org.apache.logging.log4j.core.pattern.SimpleLiteralPatternConverter$Space
2218:             1             24  org.apache.logging.log4j.core.pattern.ThreadNamePatternConverter
2219:             1             24  org.apache.logging.log4j.core.util.WatchManager$WatchRunnable
2220:             1             24  org.apache.logging.log4j.spi.DefaultThreadContextMap
2221:             1             24  org.apache.logging.log4j.spi.LoggerRegistry
2222:             1             24  org.apache.logging.log4j.status.StatusConsoleListener
2223:             1             24  org.apache.logging.slf4j.Log4jLoggerFactory
2224:             1             24  org.apache.logging.slf4j.Log4jMarker
2225:             1             24  org.apache.qpid.proton.engine.Event$Type$1
2226:             1             24  org.apache.qpid.proton.engine.TransportResultFactory$TransportResultImpl
2227:             1             24  org.eclipse.jetty.server.AbstractConnector$2
2228:             1             24  org.eclipse.jetty.server.AbstractConnector$Acceptor
2229:             1             24  org.eclipse.jetty.util.IO$NullWrite
2230:             1             24  org.eclipse.jetty.util.Uptime$DefaultImpl
2231:             1             24  org.eclipse.jetty.xml.XmlParser$NoopHandler
2232:             1             24  org.jolokia.converter.Converters
2233:             1             24  org.jolokia.converter.json.simplifier.BigIntegerSimplifier
2234:             1             24  org.jolokia.converter.json.simplifier.ClassSimplifier
2235:             1             24  org.jolokia.converter.json.simplifier.DomElementSimplifier
2236:             1             24  org.jolokia.converter.json.simplifier.FileSimplifier
2237:             1             24  org.jolokia.converter.json.simplifier.ObjectNameSimplifier
2238:             1             24  org.jolokia.converter.json.simplifier.UrlSimplifier
2239:             1             24  org.jolokia.converter.object.ArrayTypeConverter
2240:             1             24  org.jolokia.converter.object.CompositeTypeConverter
2241:             1             24  org.jolokia.converter.object.SimpleTypeConverter
2242:             1             24  org.jolokia.converter.object.StringToOpenTypeConverter
2243:             1             24  org.jolokia.converter.object.TabularDataConverter
2244:             1             24  org.jolokia.discovery.JolokiaDiscovery
2245:             1             24  org.jolokia.handler.ExecHandler
2246:             1             24  org.jolokia.handler.VersionHandler
2247:             1             24  org.jolokia.handler.WriteHandler
2248:             1             24  org.jolokia.http.AgentServlet$1
2249:             1             24  org.jolokia.http.HttpRequestHandler
2250:             1             24  org.jolokia.restrictor.policy.CorsChecker
2251:             1             24  org.jolokia.restrictor.policy.MBeanAccessChecker
2252:             1             24  org.jolokia.restrictor.policy.NetworkChecker
2253:             1             24  org.jolokia.util.DebugStore
2254:             1             24  org.slf4j.helpers.FormattingTuple
2255:             1             24  org.slf4j.helpers.SubstituteLoggerFactory
2256:             1             24  sun.management.CompilationImpl (java.management@11.0.8)
2257:             1             24  sun.management.ManagementFactoryHelper$LoggingMXBeanAccess (java.management@11.0.8)
2258:             1             24  sun.management.ManagementFactoryHelper$PlatformLoggingImpl (java.management@11.0.8)
2259:             1             24  sun.management.MemoryImpl (java.management@11.0.8)
2260:             1             24  sun.management.RuntimeImpl (java.management@11.0.8)
2261:             1             24  sun.management.VMManagementImpl (java.management@11.0.8)
2262:             1             24  sun.net.ProgressMonitor (java.base@11.0.8)
2263:             1             24  sun.net.sdp.SdpProvider (java.base@11.0.8)
2264:             1             24  sun.nio.cs.ISO_8859_1 (java.base@11.0.8)
2265:             1             24  sun.nio.cs.US_ASCII (java.base@11.0.8)
2266:             1             24  sun.nio.cs.UTF_16 (java.base@11.0.8)
2267:             1             24  sun.nio.cs.UTF_16BE (java.base@11.0.8)
2268:             1             24  sun.nio.cs.UTF_16LE (java.base@11.0.8)
2269:             1             24  sun.nio.cs.UTF_8 (java.base@11.0.8)
2270:             1             24  sun.security.provider.ConfigFile (java.base@11.0.8)
2271:             1             24  sun.util.cldr.CLDRCalendarDataProviderImpl (java.base@11.0.8)
2272:             1             24  sun.util.cldr.CLDRTimeZoneNameProviderImpl (java.base@11.0.8)
2273:             1             24  sun.util.locale.BaseLocale$Cache (java.base@11.0.8)
2274:             1             24  sun.util.locale.provider.CalendarProviderImpl (java.base@11.0.8)
2275:             1             24  sun.util.locale.provider.DateFormatSymbolsProviderImpl (java.base@11.0.8)
2276:             1             24  sun.util.locale.provider.DecimalFormatSymbolsProviderImpl (java.base@11.0.8)
2277:             1             24  sun.util.locale.provider.NumberFormatProviderImpl (java.base@11.0.8)
2278:             1             24  sun.util.locale.provider.TimeZoneNameProviderImpl (java.base@11.0.8)
2279:             1             16  [Lcom.sun.org.apache.xerces.internal.impl.xs.SubstitutionGroupHandler$OneSubGroup; (java.xml@11.0.8)
2280:             1             16  [Lcom.sun.org.apache.xerces.internal.xni.grammars.Grammar; (java.xml@11.0.8)
2281:             1             16  [Lcom.sun.org.apache.xerces.internal.xs.XSObject; (java.xml@11.0.8)
2282:             1             16  [Lcom.sun.xml.bind.v2.runtime.property.AttributeProperty;
2283:             1             16  [Lio.netty.util.AsciiString;
2284:             1             16  [Lio.netty.util.DefaultAttributeMap$DefaultAttribute;
2285:             1             16  [Ljava.beans.EventSetDescriptor; (java.desktop@11.0.8)
2286:             1             16  [Ljava.io.File; (java.base@11.0.8)
2287:             1             16  [Ljava.lang.ClassLoader; (java.base@11.0.8)
2288:             1             16  [Ljava.lang.Double; (java.base@11.0.8)
2289:             1             16  [Ljava.lang.Float; (java.base@11.0.8)
2290:             1             16  [Ljava.lang.Throwable; (java.base@11.0.8)
2291:             1             16  [Ljava.net.URL; (java.base@11.0.8)
2292:             1             16  [Ljava.nio.ByteBuffer; (java.base@11.0.8)
2293:             1             16  [Ljava.nio.file.attribute.FileAttribute; (java.base@11.0.8)
2294:             1             16  [Ljava.security.Provider; (java.base@11.0.8)
2295:             1             16  [Ljava.security.cert.X509Certificate; (java.base@11.0.8)
2296:             1             16  [Ljava.sql.Date; (java.sql@11.0.8)
2297:             1             16  [Ljava.sql.Time; (java.sql@11.0.8)
2298:             1             16  [Ljava.sql.Timestamp; (java.sql@11.0.8)
2299:             1             16  [Ljava.text.FieldPosition; (java.base@11.0.8)
2300:             1             16  [Ljava.util.Calendar; (java.base@11.0.8)
2301:             1             16  [Ljava.util.Date; (java.base@11.0.8)
2302:             1             16  [Ljava.util.logging.Handler; (java.logging@11.0.8)
2303:             1             16  [Ljavax.security.cert.X509Certificate; (java.base@11.0.8)
2304:             1             16  [Ljavax.xml.bind.annotation.XmlNs;
2305:             1             16  [Lorg.apache.http.Header;
2306:             1             16  [Lorg.apache.http.HeaderElement;
2307:             1             16  [Lorg.apache.logging.log4j.Level;
2308:             1             16  [Lorg.apache.logging.log4j.core.Appender;
2309:             1             16  [Lorg.apache.logging.log4j.spi.LoggerContext;
2310:             1             16  com.google.common.base.CharMatcher$None
2311:             1             16  com.google.common.base.Equivalence$Equals
2312:             1             16  com.google.common.base.Platform$JdkPatternCompiler
2313:             1             16  com.google.common.base.Suppliers$SupplierOfInstance
2314:             1             16  com.google.common.base.Ticker$1
2315:             1             16  com.google.common.cache.CacheBuilder$1
2316:             1             16  com.google.common.cache.CacheBuilder$2
2317:             1             16  com.google.common.cache.CacheBuilder$3
2318:             1             16  com.google.common.cache.LocalCache$1
2319:             1             16  com.google.common.cache.LocalCache$2
2320:             1             16  com.google.common.collect.CollectCollectors$$Lambda$46/0x0000000800155440
2321:             1             16  com.google.common.collect.CollectCollectors$$Lambda$47/0x0000000800154840
2322:             1             16  com.google.common.collect.CollectCollectors$$Lambda$48/0x0000000800154c40
2323:             1             16  com.google.common.collect.CollectCollectors$$Lambda$49/0x0000000800154040
2324:             1             16  com.google.common.collect.CollectCollectors$$Lambda$50/0x0000000800154440
2325:             1             16  com.google.common.collect.CollectCollectors$$Lambda$51/0x0000000800153c40
2326:             1             16  com.google.common.collect.CollectCollectors$$Lambda$52/0x0000000800153040
2327:             1             16  com.google.common.collect.CollectCollectors$$Lambda$53/0x0000000800153440
2328:             1             16  com.google.common.collect.CollectCollectors$$Lambda$54/0x0000000800152840
2329:             1             16  com.google.common.collect.CollectCollectors$$Lambda$55/0x0000000800152c40
2330:             1             16  com.google.common.collect.CollectCollectors$$Lambda$56/0x0000000800152040
2331:             1             16  com.google.common.collect.CollectCollectors$$Lambda$57/0x0000000800152440
2332:             1             16  com.sun.beans.introspect.MethodInfo$MethodOrder (java.desktop@11.0.8)
2333:             1             16  com.sun.jmx.interceptor.DefaultMBeanServerInterceptor$ResourceContext$1 (java.management@11.0.8)
2334:             1             16  com.sun.jmx.mbeanserver.DefaultMXBeanMappingFactory (java.management@11.0.8)
2335:             1             16  com.sun.jmx.mbeanserver.DescriptorCache (java.management@11.0.8)
2336:             1             16  com.sun.jmx.mbeanserver.MBeanAnalyzer$MethodOrder (java.management@11.0.8)
2337:             1             16  com.sun.jmx.mbeanserver.MBeanInstantiator (java.management@11.0.8)
2338:             1             16  com.sun.jmx.mbeanserver.MXBeanIntrospector (java.management@11.0.8)
2339:             1             16  com.sun.jmx.mbeanserver.SecureClassLoaderRepository (java.management@11.0.8)
2340:             1             16  com.sun.jmx.mbeanserver.StandardMBeanIntrospector (java.management@11.0.8)
2341:             1             16  com.sun.management.internal.HotSpotDiagnostic (jdk.management@11.0.8)
2342:             1             16  com.sun.management.internal.PlatformMBeanProviderImpl (jdk.management@11.0.8)
2343:             1             16  com.sun.management.internal.PlatformMBeanProviderImpl$$Lambda$95/0x0000000800230040 (jdk.management@11.0.8)
2344:             1             16  com.sun.naming.internal.VersionHelper (java.naming@11.0.8)
2345:             1             16  com.sun.naming.internal.VersionHelper$$Lambda$367/0x0000000800533440 (java.naming@11.0.8)
2346:             1             16  com.sun.naming.internal.VersionHelper$$Lambda$368/0x0000000800537840 (java.naming@11.0.8)
2347:             1             16  com.sun.naming.internal.VersionHelper$$Lambda$369/0x0000000800537c40 (java.naming@11.0.8)
2348:             1             16  com.sun.org.apache.xerces.internal.dom.CharacterDataImpl$1 (java.xml@11.0.8)
2349:             1             16  com.sun.org.apache.xerces.internal.impl.XMLDocumentScannerImpl$PrologDriver (java.xml@11.0.8)
2350:             1             16  com.sun.org.apache.xerces.internal.impl.XMLDocumentScannerImpl$TrailingMiscDriver (java.xml@11.0.8)
2351:             1             16  com.sun.org.apache.xerces.internal.impl.XMLDocumentScannerImpl$XMLDeclDriver (java.xml@11.0.8)
2352:             1             16  com.sun.org.apache.xerces.internal.impl.dv.dtd.DTDDVFactoryImpl (java.xml@11.0.8)
2353:             1             16  com.sun.org.apache.xerces.internal.impl.dv.dtd.IDDatatypeValidator (java.xml@11.0.8)
2354:             1             16  com.sun.org.apache.xerces.internal.impl.dv.dtd.IDREFDatatypeValidator (java.xml@11.0.8)
2355:             1             16  com.sun.org.apache.xerces.internal.impl.dv.dtd.NMTOKENDatatypeValidator (java.xml@11.0.8)
2356:             1             16  com.sun.org.apache.xerces.internal.impl.dv.dtd.NOTATIONDatatypeValidator (java.xml@11.0.8)
2357:             1             16  com.sun.org.apache.xerces.internal.impl.dv.dtd.StringDatatypeValidator (java.xml@11.0.8)
2358:             1             16  com.sun.org.apache.xerces.internal.impl.dv.xs.AnyAtomicDV (java.xml@11.0.8)
2359:             1             16  com.sun.org.apache.xerces.internal.impl.dv.xs.AnySimpleDV (java.xml@11.0.8)
2360:             1             16  com.sun.org.apache.xerces.internal.impl.dv.xs.AnyURIDV (java.xml@11.0.8)
2361:             1             16  com.sun.org.apache.xerces.internal.impl.dv.xs.Base64BinaryDV (java.xml@11.0.8)
2362:             1             16  com.sun.org.apache.xerces.internal.impl.dv.xs.BooleanDV (java.xml@11.0.8)
2363:             1             16  com.sun.org.apache.xerces.internal.impl.dv.xs.DateDV (java.xml@11.0.8)
2364:             1             16  com.sun.org.apache.xerces.internal.impl.dv.xs.DateTimeDV (java.xml@11.0.8)
2365:             1             16  com.sun.org.apache.xerces.internal.impl.dv.xs.DayDV (java.xml@11.0.8)
2366:             1             16  com.sun.org.apache.xerces.internal.impl.dv.xs.DayTimeDurationDV (java.xml@11.0.8)
2367:             1             16  com.sun.org.apache.xerces.internal.impl.dv.xs.DecimalDV (java.xml@11.0.8)
2368:             1             16  com.sun.org.apache.xerces.internal.impl.dv.xs.DoubleDV (java.xml@11.0.8)
2369:             1             16  com.sun.org.apache.xerces.internal.impl.dv.xs.DurationDV (java.xml@11.0.8)
2370:             1             16  com.sun.org.apache.xerces.internal.impl.dv.xs.EntityDV (java.xml@11.0.8)
2371:             1             16  com.sun.org.apache.xerces.internal.impl.dv.xs.FloatDV (java.xml@11.0.8)
2372:             1             16  com.sun.org.apache.xerces.internal.impl.dv.xs.HexBinaryDV (java.xml@11.0.8)
2373:             1             16  com.sun.org.apache.xerces.internal.impl.dv.xs.IDDV (java.xml@11.0.8)
2374:             1             16  com.sun.org.apache.xerces.internal.impl.dv.xs.IDREFDV (java.xml@11.0.8)
2375:             1             16  com.sun.org.apache.xerces.internal.impl.dv.xs.IntegerDV (java.xml@11.0.8)
2376:             1             16  com.sun.org.apache.xerces.internal.impl.dv.xs.ListDV (java.xml@11.0.8)
2377:             1             16  com.sun.org.apache.xerces.internal.impl.dv.xs.MonthDV (java.xml@11.0.8)
2378:             1             16  com.sun.org.apache.xerces.internal.impl.dv.xs.MonthDayDV (java.xml@11.0.8)
2379:             1             16  com.sun.org.apache.xerces.internal.impl.dv.xs.PrecisionDecimalDV (java.xml@11.0.8)
2380:             1             16  com.sun.org.apache.xerces.internal.impl.dv.xs.StringDV (java.xml@11.0.8)
2381:             1             16  com.sun.org.apache.xerces.internal.impl.dv.xs.TimeDV (java.xml@11.0.8)
2382:             1             16  com.sun.org.apache.xerces.internal.impl.dv.xs.UnionDV (java.xml@11.0.8)
2383:             1             16  com.sun.org.apache.xerces.internal.impl.dv.xs.XSSimpleTypeDecl$1 (java.xml@11.0.8)
2384:             1             16  com.sun.org.apache.xerces.internal.impl.dv.xs.XSSimpleTypeDecl$4 (java.xml@11.0.8)
2385:             1             16  com.sun.org.apache.xerces.internal.impl.dv.xs.YearDV (java.xml@11.0.8)
2386:             1             16  com.sun.org.apache.xerces.internal.impl.dv.xs.YearMonthDV (java.xml@11.0.8)
2387:             1             16  com.sun.org.apache.xerces.internal.impl.dv.xs.YearMonthDurationDV (java.xml@11.0.8)
2388:             1             16  com.sun.org.apache.xerces.internal.impl.xpath.regex.RegularExpression$StringTarget (java.xml@11.0.8)
2389:             1             16  com.sun.org.apache.xerces.internal.impl.xs.XSConstraints$1 (java.xml@11.0.8)
2390:             1             16  com.sun.org.apache.xerces.internal.impl.xs.models.XSEmptyCM (java.xml@11.0.8)
2391:             1             16  com.sun.org.apache.xerces.internal.impl.xs.util.XIntPool (java.xml@11.0.8)
2392:             1             16  com.sun.org.apache.xerces.internal.impl.xs.util.XSObjectListImpl$EmptyIterator (java.xml@11.0.8)
2393:             1             16  com.sun.org.apache.xerces.internal.jaxp.datatype.DatatypeFactoryImpl (java.xml@11.0.8)
2394:             1             16  com.sun.org.apache.xerces.internal.jaxp.validation.DraconianErrorHandler (java.xml@11.0.8)
2395:             1             16  com.sun.org.apache.xerces.internal.parsers.AbstractSAXParser$AttributesProxy (java.xml@11.0.8)
2396:             1             16  com.sun.org.apache.xerces.internal.util.EntityResolverWrapper (java.xml@11.0.8)
2397:             1             16  com.sun.org.apache.xerces.internal.util.ErrorHandlerWrapper (java.xml@11.0.8)
2398:             1             16  com.sun.proxy.$Proxy18
2399:             1             16  com.sun.proxy.$Proxy25
2400:             1             16  com.sun.proxy.$Proxy30
2401:             1             16  com.sun.proxy.$Proxy35
2402:             1             16  com.sun.proxy.$Proxy4
2403:             1             16  com.sun.proxy.$Proxy7
2404:             1             16  com.sun.xml.bind.AccessorFactoryImpl
2405:             1             16  com.sun.xml.bind.api.impl.NameConverter$1
2406:             1             16  com.sun.xml.bind.api.impl.NameConverter$2
2407:             1             16  com.sun.xml.bind.api.impl.NameConverter$Standard
2408:             1             16  com.sun.xml.bind.v2.ClassFactory$1
2409:             1             16  com.sun.xml.bind.v2.model.nav.ReflectionNavigator
2410:             1             16  com.sun.xml.bind.v2.model.nav.ReflectionNavigator$1
2411:             1             16  com.sun.xml.bind.v2.model.nav.ReflectionNavigator$2
2412:             1             16  com.sun.xml.bind.v2.model.nav.ReflectionNavigator$6
2413:             1             16  com.sun.xml.bind.v2.runtime.JAXBContextImpl$6
2414:             1             16  com.sun.xml.bind.v2.runtime.reflect.Accessor$1
2415:             1             16  com.sun.xml.bind.v2.runtime.reflect.Accessor$2
2416:             1             16  com.sun.xml.bind.v2.runtime.reflect.Lister$1
2417:             1             16  com.sun.xml.bind.v2.runtime.reflect.Lister$2
2418:             1             16  com.sun.xml.bind.v2.runtime.reflect.PrimitiveArrayListerBoolean
2419:             1             16  com.sun.xml.bind.v2.runtime.reflect.PrimitiveArrayListerByte
2420:             1             16  com.sun.xml.bind.v2.runtime.reflect.PrimitiveArrayListerCharacter
2421:             1             16  com.sun.xml.bind.v2.runtime.reflect.PrimitiveArrayListerDouble
2422:             1             16  com.sun.xml.bind.v2.runtime.reflect.PrimitiveArrayListerFloat
2423:             1             16  com.sun.xml.bind.v2.runtime.reflect.PrimitiveArrayListerInteger
2424:             1             16  com.sun.xml.bind.v2.runtime.reflect.PrimitiveArrayListerLong
2425:             1             16  com.sun.xml.bind.v2.runtime.reflect.PrimitiveArrayListerShort
2426:             1             16  com.sun.xml.bind.v2.runtime.unmarshaller.LocatorExWrapper
2427:             1             16  com.sun.xml.bind.v2.runtime.unmarshaller.UnmarshallingContext$DefaultRootLoader
2428:             1             16  com.sun.xml.bind.v2.runtime.unmarshaller.UnmarshallingContext$ExpectedTypeRootLoader
2429:             1             16  io.airlift.airline.Accessor$$Lambda$40/0x0000000800156c40
2430:             1             16  io.airlift.airline.Cli$$Lambda$59/0x0000000800151040
2431:             1             16  io.airlift.airline.Parser$$Lambda$60/0x00000008001c0040
2432:             1             16  io.airlift.airline.Parser$$Lambda$61/0x00000008001c0440
2433:             1             16  io.airlift.airline.model.MetadataLoader$$Lambda$45/0x0000000800155040
2434:             1             16  io.airlift.airline.model.MetadataLoader$$Lambda$58/0x0000000800151840
2435:             1             16  io.hawt.jmx.JmxTreeWatcher$$Lambda$373/0x0000000800546840
2436:             1             16  io.hawt.jmx.JmxTreeWatcher$1
2437:             1             16  io.hawt.jmx.PluginRegistry$$Lambda$374/0x0000000800546c40
2438:             1             16  io.hawt.jmx.PluginRegistry$1
2439:             1             16  io.hawt.system.ConfigManager$$Lambda$366/0x0000000800533040
2440:             1             16  io.hawt.web.filters.CORSFilter
2441:             1             16  io.hawt.web.filters.ContentSecurityPolicyFilter
2442:             1             16  io.hawt.web.filters.FlightRecordingDownloadFacade
2443:             1             16  io.hawt.web.filters.XContentTypeOptionsFilter
2444:             1             16  io.hawt.web.filters.XFrameOptionsFilter
2445:             1             16  io.hawt.web.filters.XXSSProtectionFilter
2446:             1             16  io.hawt.web.plugin.HawtioPlugin$$Lambda$349/0x000000080052d040
2447:             1             16  io.hawt.web.plugin.HawtioPlugin$$Lambda$350/0x000000080052d440
2448:             1             16  io.hawt.web.plugin.HawtioPlugin$$Lambda$364/0x0000000800530c40
2449:             1             16  io.hawt.web.plugin.HawtioPlugin$$Lambda$365/0x0000000800532040
2450:             1             16  io.netty.buffer.AbstractReferenceCountedByteBuf$1
2451:             1             16  io.netty.buffer.ByteBufUtil$1
2452:             1             16  io.netty.buffer.ByteBufUtil$2
2453:             1             16  io.netty.buffer.PoolThreadCache$MemoryRegionCache$1
2454:             1             16  io.netty.buffer.PooledByteBufAllocator$1
2455:             1             16  io.netty.buffer.PooledByteBufAllocatorMetric
2456:             1             16  io.netty.buffer.PooledUnsafeDirectByteBuf$1
2457:             1             16  io.netty.channel.AbstractChannelHandlerContext$WriteTask$1
2458:             1             16  io.netty.channel.ChannelFutureListener$1
2459:             1             16  io.netty.channel.ChannelFutureListener$2
2460:             1             16  io.netty.channel.ChannelFutureListener$3
2461:             1             16  io.netty.channel.ChannelHandlerMask$1
2462:             1             16  io.netty.channel.ChannelOutboundBuffer$1
2463:             1             16  io.netty.channel.ChannelOutboundBuffer$Entry$1
2464:             1             16  io.netty.channel.DefaultChannelPipeline$1
2465:             1             16  io.netty.channel.DefaultMaxMessagesRecvByteBufAllocator$MaxMessageHandle$1
2466:             1             16  io.netty.channel.DefaultMessageSizeEstimator
2467:             1             16  io.netty.channel.DefaultMessageSizeEstimator$HandleImpl
2468:             1             16  io.netty.channel.DefaultSelectStrategy
2469:             1             16  io.netty.channel.DefaultSelectStrategyFactory
2470:             1             16  io.netty.channel.kqueue.KQueueRecvByteAllocatorHandle$1
2471:             1             16  io.netty.channel.unix.PreferredDirectByteBufAllocator
2472:             1             16  io.netty.handler.codec.ByteToMessageDecoder$1
2473:             1             16  io.netty.handler.codec.ByteToMessageDecoder$2
2474:             1             16  io.netty.handler.codec.CodecOutputList$1
2475:             1             16  io.netty.handler.codec.CodecOutputList$2
2476:             1             16  io.netty.util.AbstractReferenceCounted$1
2477:             1             16  io.netty.util.NettyRuntime$AvailableProcessorsHolder
2478:             1             16  io.netty.util.Recycler$1
2479:             1             16  io.netty.util.collection.ByteObjectHashMap$1
2480:             1             16  io.netty.util.collection.ByteObjectHashMap$EntrySet
2481:             1             16  io.netty.util.collection.ByteObjectHashMap$KeySet
2482:             1             16  io.netty.util.concurrent.AbstractScheduledEventExecutor$1
2483:             1             16  io.netty.util.concurrent.AbstractScheduledEventExecutor$2
2484:             1             16  io.netty.util.concurrent.DefaultEventExecutorChooserFactory
2485:             1             16  io.netty.util.concurrent.DefaultPromise$CauseHolder
2486:             1             16  io.netty.util.concurrent.GlobalEventExecutor$1
2487:             1             16  io.netty.util.concurrent.GlobalEventExecutor$TaskRunner
2488:             1             16  io.netty.util.concurrent.RejectedExecutionHandlers$1
2489:             1             16  io.netty.util.concurrent.SingleThreadEventExecutor$1
2490:             1             16  io.netty.util.internal.CleanerJava9
2491:             1             16  io.netty.util.internal.PlatformDependent$1
2492:             1             16  io.netty.util.internal.PlatformDependent$2
2493:             1             16  java.beans.Introspector$1 (java.desktop@11.0.8)
2494:             1             16  java.io.DeleteOnExitHook$1 (java.base@11.0.8)
2495:             1             16  java.io.FileDescriptor$1 (java.base@11.0.8)
2496:             1             16  java.io.FilePermission$1 (java.base@11.0.8)
2497:             1             16  java.io.RandomAccessFile$2 (java.base@11.0.8)
2498:             1             16  java.lang.ApplicationShutdownHooks$1 (java.base@11.0.8)
2499:             1             16  java.lang.CharacterDataLatin1 (java.base@11.0.8)
2500:             1             16  java.lang.InheritableThreadLocal (java.base@11.0.8)
2501:             1             16  java.lang.Module$$Lambda$265/0x000000080040f040 (java.base@11.0.8)
2502:             1             16  java.lang.ProcessEnvironment$StringKeySet (java.base@11.0.8)
2503:             1             16  java.lang.ProcessHandleImpl$$Lambda$278/0x000000080044ec40 (java.base@11.0.8)
2504:             1             16  java.lang.Runtime (java.base@11.0.8)
2505:             1             16  java.lang.String$CaseInsensitiveComparator (java.base@11.0.8)
2506:             1             16  java.lang.StringCoding$1 (java.base@11.0.8)
2507:             1             16  java.lang.System$2 (java.base@11.0.8)
2508:             1             16  java.lang.System$LoggerFinder$$Lambda$159/0x0000000800312440 (java.base@11.0.8)
2509:             1             16  java.lang.Terminator$1 (java.base@11.0.8)
2510:             1             16  java.lang.invoke.ClassSpecializer$1 (java.base@11.0.8)
2511:             1             16  java.lang.invoke.MemberName$Factory (java.base@11.0.8)
2512:             1             16  java.lang.invoke.MethodHandleImpl$1 (java.base@11.0.8)
2513:             1             16  java.lang.invoke.StringConcatFactory$MethodHandleInlineCopyStrategy$1 (java.base@11.0.8)
2514:             1             16  java.lang.invoke.StringConcatFactory$MethodHandleInlineCopyStrategy$2 (java.base@11.0.8)
2515:             1             16  java.lang.invoke.StringConcatFactory$MethodHandleInlineCopyStrategy$3 (java.base@11.0.8)
2516:             1             16  java.lang.invoke.VarHandle$1 (java.base@11.0.8)
2517:             1             16  java.lang.management.DefaultPlatformMBeanProvider (java.management@11.0.8)
2518:             1             16  java.lang.management.DefaultPlatformMBeanProvider$5$$Lambda$165/0x0000000800330440 (java.management@11.0.8)
2519:             1             16  java.lang.management.ManagementFactory$$Lambda$160/0x0000000800317840 (java.management@11.0.8)
2520:             1             16  java.lang.management.ManagementFactory$$Lambda$161/0x0000000800317c40 (java.management@11.0.8)
2521:             1             16  java.lang.management.ManagementFactory$$Lambda$162/0x0000000800317040 (java.management@11.0.8)
2522:             1             16  java.lang.management.ManagementFactory$$Lambda$92/0x00000008001e3440 (java.management@11.0.8)
2523:             1             16  java.lang.management.ManagementFactory$PlatformMBeanFinder$$Lambda$100/0x0000000800231440 (java.management@11.0.8)
2524:             1             16  java.lang.management.ManagementFactory$PlatformMBeanFinder$$Lambda$101/0x0000000800237840 (java.management@11.0.8)
2525:             1             16  java.lang.management.ManagementFactory$PlatformMBeanFinder$$Lambda$103/0x0000000800237040 (java.management@11.0.8)
2526:             1             16  java.lang.management.ManagementFactory$PlatformMBeanFinder$$Lambda$107/0x0000000800236440 (java.management@11.0.8)
2527:             1             16  java.lang.management.ManagementFactory$PlatformMBeanFinder$$Lambda$108/0x0000000800235840 (java.management@11.0.8)
2528:             1             16  java.lang.management.ManagementFactory$PlatformMBeanFinder$$Lambda$93/0x00000008001e2840 (java.management@11.0.8)
2529:             1             16  java.lang.module.ModuleDescriptor$1 (java.base@11.0.8)
2530:             1             16  java.lang.module.ModuleDescriptor$Builder$$Lambda$264/0x000000080040fc40 (java.base@11.0.8)
2531:             1             16  java.lang.ref.Cleaner (java.base@11.0.8)
2532:             1             16  java.lang.ref.Cleaner$1 (java.base@11.0.8)
2533:             1             16  java.lang.ref.Reference$1 (java.base@11.0.8)
2534:             1             16  java.lang.reflect.Proxy$$Lambda$12/0x0000000800092440 (java.base@11.0.8)
2535:             1             16  java.lang.reflect.Proxy$$Lambda$8/0x0000000800093440 (java.base@11.0.8)
2536:             1             16  java.lang.reflect.Proxy$ProxyBuilder$$Lambda$263/0x000000080040f840 (java.base@11.0.8)
2537:             1             16  java.lang.reflect.ReflectAccess (java.base@11.0.8)
2538:             1             16  java.math.BigDecimal$1 (java.base@11.0.8)
2539:             1             16  java.net.InetAddress$2 (java.base@11.0.8)
2540:             1             16  java.net.InetAddress$PlatformNameService (java.base@11.0.8)
2541:             1             16  java.net.ServerSocket$2 (java.base@11.0.8)
2542:             1             16  java.net.URI$1 (java.base@11.0.8)
2543:             1             16  java.net.URL$3 (java.base@11.0.8)
2544:             1             16  java.net.URL$DefaultFactory (java.base@11.0.8)
2545:             1             16  java.net.URLClassLoader$7 (java.base@11.0.8)
2546:             1             16  java.nio.Bits$1 (java.base@11.0.8)
2547:             1             16  java.nio.Buffer$1 (java.base@11.0.8)
2548:             1             16  java.nio.file.Files$AcceptAllFilter (java.base@11.0.8)
2549:             1             16  java.security.AllPermission (java.base@11.0.8)
2550:             1             16  java.security.ProtectionDomain$JavaSecurityAccessImpl (java.base@11.0.8)
2551:             1             16  java.time.chrono.IsoChronology (java.base@11.0.8)
2552:             1             16  java.time.format.DateTimeFormatter$$Lambda$282/0x000000080044c040 (java.base@11.0.8)
2553:             1             16  java.time.format.DateTimeFormatter$$Lambda$283/0x000000080044c440 (java.base@11.0.8)
2554:             1             16  java.time.format.DateTimeFormatterBuilder$$Lambda$281/0x000000080044cc40 (java.base@11.0.8)
2555:             1             16  java.time.format.DateTimeFormatterBuilder$2 (java.base@11.0.8)
2556:             1             16  java.time.format.DateTimeFormatterBuilder$InstantPrinterParser (java.base@11.0.8)
2557:             1             16  java.time.format.DateTimeTextProvider (java.base@11.0.8)
2558:             1             16  java.time.format.DateTimeTextProvider$1 (java.base@11.0.8)
2559:             1             16  java.util.Collections$EmptyEnumeration (java.base@11.0.8)
2560:             1             16  java.util.Collections$EmptyIterator (java.base@11.0.8)
2561:             1             16  java.util.Collections$EmptyList (java.base@11.0.8)
2562:             1             16  java.util.Collections$EmptySet (java.base@11.0.8)
2563:             1             16  java.util.Collections$ReverseComparator (java.base@11.0.8)
2564:             1             16  java.util.Comparator$$Lambda$181/0x000000080035d840 (java.base@11.0.8)
2565:             1             16  java.util.EnumMap$1 (java.base@11.0.8)
2566:             1             16  java.util.Hashtable$KeySet (java.base@11.0.8)
2567:             1             16  java.util.IdentityHashMap$Values (java.base@11.0.8)
2568:             1             16  java.util.ResourceBundle$1 (java.base@11.0.8)
2569:             1             16  java.util.ResourceBundle$Control (java.base@11.0.8)
2570:             1             16  java.util.ResourceBundle$ResourceBundleControlProviderHolder$$Lambda$354/0x000000080052e440 (java.base@11.0.8)
2571:             1             16  java.util.ResourceBundle$ResourceBundleControlProviderHolder$$Lambda$355/0x000000080052e840 (java.base@11.0.8)
2572:             1             16  java.util.Spliterators$EmptySpliterator$OfDouble (java.base@11.0.8)
2573:             1             16  java.util.Spliterators$EmptySpliterator$OfInt (java.base@11.0.8)
2574:             1             16  java.util.Spliterators$EmptySpliterator$OfLong (java.base@11.0.8)
2575:             1             16  java.util.Spliterators$EmptySpliterator$OfRef (java.base@11.0.8)
2576:             1             16  java.util.Timer$1 (java.base@11.0.8)
2577:             1             16  java.util.concurrent.ConcurrentLinkedQueue$$Lambda$188/0x000000080035b440 (java.base@11.0.8)
2578:             1             16  java.util.concurrent.Executors$FinalizableDelegatedExecutorService (java.base@11.0.8)
2579:             1             16  java.util.concurrent.ThreadPoolExecutor$AbortPolicy (java.base@11.0.8)
2580:             1             16  java.util.function.Function$$Lambda$102/0x0000000800237c40 (java.base@11.0.8)
2581:             1             16  java.util.jar.JavaUtilJarAccessImpl (java.base@11.0.8)
2582:             1             16  java.util.logging.Level$$Lambda$1/0x0000000800062440 (java.logging@11.0.8)
2583:             1             16  java.util.logging.Level$KnownLevel$$Lambda$2/0x0000000800090440 (java.logging@11.0.8)
2584:             1             16  java.util.logging.LogManager$LoggingProviderAccess (java.logging@11.0.8)
2585:             1             16  java.util.logging.LogManager$VisitedLoggers (java.logging@11.0.8)
2586:             1             16  java.util.logging.Logging (java.logging@11.0.8)
2587:             1             16  java.util.regex.CharPredicates$$Lambda$127/0x0000000800267040 (java.base@11.0.8)
2588:             1             16  java.util.regex.CharPredicates$$Lambda$129/0x0000000800266440 (java.base@11.0.8)
2589:             1             16  java.util.regex.CharPredicates$$Lambda$332/0x000000080050d440 (java.base@11.0.8)
2590:             1             16  java.util.regex.Pattern$$Lambda$28/0x0000000800126440 (java.base@11.0.8)
2591:             1             16  java.util.regex.Pattern$$Lambda$377/0x000000080055fc40 (java.base@11.0.8)
2592:             1             16  java.util.regex.Pattern$1 (java.base@11.0.8)
2593:             1             16  java.util.regex.Pattern$LastNode (java.base@11.0.8)
2594:             1             16  java.util.regex.Pattern$Node (java.base@11.0.8)
2595:             1             16  java.util.stream.Collectors$$Lambda$104/0x0000000800237440 (java.base@11.0.8)
2596:             1             16  java.util.stream.Collectors$$Lambda$113/0x0000000800234c40 (java.base@11.0.8)
2597:             1             16  java.util.stream.Collectors$$Lambda$114/0x0000000800234040 (java.base@11.0.8)
2598:             1             16  java.util.stream.Collectors$$Lambda$115/0x0000000800234440 (java.base@11.0.8)
2599:             1             16  java.util.stream.Collectors$$Lambda$166/0x0000000800330840 (java.base@11.0.8)
2600:             1             16  java.util.stream.Collectors$$Lambda$168/0x0000000800331440 (java.base@11.0.8)
2601:             1             16  java.util.stream.Collectors$$Lambda$259/0x0000000800404c40 (java.base@11.0.8)
2602:             1             16  java.util.stream.Collectors$$Lambda$311/0x00000008004f7840 (java.base@11.0.8)
2603:             1             16  java.util.stream.Collectors$$Lambda$312/0x00000008004f7c40 (java.base@11.0.8)
2604:             1             16  java.util.stream.Collectors$$Lambda$313/0x00000008004f7040 (java.base@11.0.8)
2605:             1             16  java.util.stream.Collectors$$Lambda$314/0x00000008004f7440 (java.base@11.0.8)
2606:             1             16  java.util.stream.Collectors$$Lambda$42/0x0000000800156440 (java.base@11.0.8)
2607:             1             16  java.util.stream.Collectors$$Lambda$43/0x0000000800155840 (java.base@11.0.8)
2608:             1             16  java.util.stream.Collectors$$Lambda$44/0x0000000800155c40 (java.base@11.0.8)
2609:             1             16  java.util.stream.Collectors$$Lambda$96/0x0000000800230440 (java.base@11.0.8)
2610:             1             16  java.util.stream.Collectors$$Lambda$97/0x0000000800230840 (java.base@11.0.8)
2611:             1             16  java.util.stream.Collectors$$Lambda$98/0x0000000800230c40 (java.base@11.0.8)
2612:             1             16  java.util.stream.Collectors$$Lambda$99/0x0000000800231040 (java.base@11.0.8)
2613:             1             16  java.util.stream.FindOps$FindSink$OfRef$$Lambda$3/0x0000000800090840 (java.base@11.0.8)
2614:             1             16  java.util.stream.FindOps$FindSink$OfRef$$Lambda$4/0x0000000800090c40 (java.base@11.0.8)
2615:             1             16  java.util.stream.FindOps$FindSink$OfRef$$Lambda$5/0x0000000800091040 (java.base@11.0.8)
2616:             1             16  java.util.stream.FindOps$FindSink$OfRef$$Lambda$6/0x0000000800091440 (java.base@11.0.8)
2617:             1             16  java.util.stream.IntPipeline$$Lambda$218/0x00000008003f2840 (java.base@11.0.8)
2618:             1             16  java.util.stream.Nodes$EmptyNode$OfDouble (java.base@11.0.8)
2619:             1             16  java.util.stream.Nodes$EmptyNode$OfInt (java.base@11.0.8)
2620:             1             16  java.util.stream.Nodes$EmptyNode$OfLong (java.base@11.0.8)
2621:             1             16  java.util.stream.Nodes$EmptyNode$OfRef (java.base@11.0.8)
2622:             1             16  java.util.zip.ZipFile$1 (java.base@11.0.8)
2623:             1             16  javax.management.JMX (java.management@11.0.8)
2624:             1             16  javax.management.NotificationBroadcasterSupport$1 (java.management@11.0.8)
2625:             1             16  javax.xml.bind.ContextFinder$1
2626:             1             16  javax.xml.bind.annotation.W3CDomHandler
2627:             1             16  javax.xml.validation.SchemaFactoryFinder$$Lambda$17/0x0000000800107040 (java.xml@11.0.8)
2628:             1             16  javax.xml.validation.SchemaFactoryFinder$$Lambda$20/0x0000000800124840 (java.xml@11.0.8)
2629:             1             16  jdk.internal.jimage.ImageReaderFactory$1 (java.base@11.0.8)
2630:             1             16  jdk.internal.jimage.ImageStringsReader (java.base@11.0.8)
2631:             1             16  jdk.internal.jimage.decompressor.Decompressor (java.base@11.0.8)
2632:             1             16  jdk.internal.logger.LazyLoggers$1 (java.base@11.0.8)
2633:             1             16  jdk.internal.logger.LazyLoggers$LazyLoggerFactories (java.base@11.0.8)
2634:             1             16  jdk.internal.math.FloatingDecimal$1 (java.base@11.0.8)
2635:             1             16  jdk.internal.misc.TerminatingThreadLocal$1 (java.base@11.0.8)
2636:             1             16  jdk.internal.misc.Unsafe (java.base@11.0.8)
2637:             1             16  jdk.internal.module.ModulePatcher (java.base@11.0.8)
2638:             1             16  jdk.internal.module.ModuleTarget (java.base@11.0.8)
2639:             1             16  jdk.internal.module.SystemModules$default (java.base@11.0.8)
2640:             1             16  jdk.internal.perf.Perf (java.base@11.0.8)
2641:             1             16  jdk.internal.reflect.GeneratedConstructorAccessor1
2642:             1             16  jdk.internal.reflect.GeneratedConstructorAccessor10
2643:             1             16  jdk.internal.reflect.GeneratedConstructorAccessor11
2644:             1             16  jdk.internal.reflect.GeneratedConstructorAccessor12 (java.base@11.0.8)
2645:             1             16  jdk.internal.reflect.GeneratedConstructorAccessor13
2646:             1             16  jdk.internal.reflect.GeneratedConstructorAccessor14
2647:             1             16  jdk.internal.reflect.GeneratedConstructorAccessor15
2648:             1             16  jdk.internal.reflect.GeneratedConstructorAccessor16
2649:             1             16  jdk.internal.reflect.GeneratedConstructorAccessor17
2650:             1             16  jdk.internal.reflect.GeneratedConstructorAccessor18
2651:             1             16  jdk.internal.reflect.GeneratedConstructorAccessor19
2652:             1             16  jdk.internal.reflect.GeneratedConstructorAccessor2 (java.base@11.0.8)
2653:             1             16  jdk.internal.reflect.GeneratedConstructorAccessor20
2654:             1             16  jdk.internal.reflect.GeneratedConstructorAccessor21
2655:             1             16  jdk.internal.reflect.GeneratedConstructorAccessor22
2656:             1             16  jdk.internal.reflect.GeneratedConstructorAccessor23
2657:             1             16  jdk.internal.reflect.GeneratedConstructorAccessor24
2658:             1             16  jdk.internal.reflect.GeneratedConstructorAccessor25 (java.base@11.0.8)
2659:             1             16  jdk.internal.reflect.GeneratedConstructorAccessor26
2660:             1             16  jdk.internal.reflect.GeneratedConstructorAccessor27
2661:             1             16  jdk.internal.reflect.GeneratedConstructorAccessor28
2662:             1             16  jdk.internal.reflect.GeneratedConstructorAccessor29
2663:             1             16  jdk.internal.reflect.GeneratedConstructorAccessor3
2664:             1             16  jdk.internal.reflect.GeneratedConstructorAccessor30
2665:             1             16  jdk.internal.reflect.GeneratedConstructorAccessor31
2666:             1             16  jdk.internal.reflect.GeneratedConstructorAccessor4
2667:             1             16  jdk.internal.reflect.GeneratedConstructorAccessor5
2668:             1             16  jdk.internal.reflect.GeneratedConstructorAccessor6
2669:             1             16  jdk.internal.reflect.GeneratedConstructorAccessor7
2670:             1             16  jdk.internal.reflect.GeneratedConstructorAccessor8
2671:             1             16  jdk.internal.reflect.GeneratedConstructorAccessor9
2672:             1             16  jdk.internal.reflect.GeneratedMethodAccessor1 (java.base@11.0.8)
2673:             1             16  jdk.internal.reflect.GeneratedMethodAccessor2
2674:             1             16  jdk.internal.reflect.GeneratedMethodAccessor3
2675:             1             16  jdk.internal.reflect.GeneratedMethodAccessor4 (java.base@11.0.8)
2676:             1             16  jdk.internal.reflect.GeneratedMethodAccessor5 (java.base@11.0.8)
2677:             1             16  jdk.internal.reflect.ReflectionFactory (java.base@11.0.8)
2678:             1             16  jdk.internal.util.Preconditions$1 (java.base@11.0.8)
2679:             1             16  jdk.management.jfr.SettingDescriptorInfo$1 (jdk.management.jfr@11.0.8)
2680:             1             16  jdk.net.ExtendedSocketOptions$1 (jdk.net@11.0.8)
2681:             1             16  jdk.net.MacOSXSocketOptions (jdk.net@11.0.8)
2682:             1             16  jdk.net.MacOSXSocketOptions$$Lambda$273/0x0000000800426040 (jdk.net@11.0.8)
2683:             1             16  jdk.xml.internal.SecuritySupport$$Lambda$14/0x0000000800102440 (java.xml@11.0.8)
2684:             1             16  jdk.xml.internal.SecuritySupport$$Lambda$23/0x0000000800127c40 (java.xml@11.0.8)
2685:             1             16  org.apache.activemq.ActiveMQConnectionMetaData
2686:             1             16  org.apache.activemq.artemis.ActiveMQWebLogger_impl
2687:             1             16  org.apache.activemq.artemis.api.core.Message$$Lambda$401/0x00000008005e6840
2688:             1             16  org.apache.activemq.artemis.cli.commands.ActionContext$$Lambda$39/0x0000000800156840
2689:             1             16  org.apache.activemq.artemis.cli.commands.Run$$Lambda$170/0x0000000800332440
2690:             1             16  org.apache.activemq.artemis.cli.commands.Run$1
2691:             1             16  org.apache.activemq.artemis.commons.shaded.johnzon.core.BufferStrategyFactory$$Lambda$140/0x00000008002a7040
2692:             1             16  org.apache.activemq.artemis.commons.shaded.johnzon.core.BufferStrategyFactory$$Lambda$141/0x00000008002a7440
2693:             1             16  org.apache.activemq.artemis.commons.shaded.johnzon.core.BufferStrategyFactory$$Lambda$142/0x00000008002a6840
2694:             1             16  org.apache.activemq.artemis.commons.shaded.johnzon.core.BufferStrategyFactory$$Lambda$143/0x00000008002a6c40
2695:             1             16  org.apache.activemq.artemis.commons.shaded.johnzon.core.DefaultJsonPointerFactory
2696:             1             16  org.apache.activemq.artemis.commons.shaded.johnzon.core.JsonParserFactoryImpl$$Lambda$146/0x00000008002a5c40
2697:             1             16  org.apache.activemq.artemis.commons.shaded.johnzon.core.JsonProviderImpl$$Lambda$139/0x00000008002a7840
2698:             1             16  org.apache.activemq.artemis.commons.shaded.johnzon.core.JsonProviderImpl$$Lambda$147/0x00000008002c0040
2699:             1             16  org.apache.activemq.artemis.commons.shaded.johnzon.core.JsonProviderImpl$$Lambda$148/0x00000008002c0840
2700:             1             16  org.apache.activemq.artemis.commons.shaded.johnzon.core.JsonProviderImpl$$Lambda$151/0x00000008002c1440
2701:             1             16  org.apache.activemq.artemis.commons.shaded.johnzon.core.RejectDuplicateKeysMode$$Lambda$144/0x00000008002a6440
2702:             1             16  org.apache.activemq.artemis.commons.shaded.johnzon.core.RejectDuplicateKeysMode$$Lambda$145/0x00000008002a5840
2703:             1             16  org.apache.activemq.artemis.commons.shaded.json.EmptyArray
2704:             1             16  org.apache.activemq.artemis.component.WebServerComponent$$Lambda$383/0x000000080055d840
2705:             1             16  org.apache.activemq.artemis.core.client.ActiveMQClientLogger_impl
2706:             1             16  org.apache.activemq.artemis.core.client.ActiveMQClientMessageBundle_impl
2707:             1             16  org.apache.activemq.artemis.core.config.ha.LiveOnlyPolicyConfiguration
2708:             1             16  org.apache.activemq.artemis.core.config.impl.Validators$1
2709:             1             16  org.apache.activemq.artemis.core.config.impl.Validators$10
2710:             1             16  org.apache.activemq.artemis.core.config.impl.Validators$11
2711:             1             16  org.apache.activemq.artemis.core.config.impl.Validators$12
2712:             1             16  org.apache.activemq.artemis.core.config.impl.Validators$13
2713:             1             16  org.apache.activemq.artemis.core.config.impl.Validators$14
2714:             1             16  org.apache.activemq.artemis.core.config.impl.Validators$15
2715:             1             16  org.apache.activemq.artemis.core.config.impl.Validators$16
2716:             1             16  org.apache.activemq.artemis.core.config.impl.Validators$17
2717:             1             16  org.apache.activemq.artemis.core.config.impl.Validators$18
2718:             1             16  org.apache.activemq.artemis.core.config.impl.Validators$19
2719:             1             16  org.apache.activemq.artemis.core.config.impl.Validators$2
2720:             1             16  org.apache.activemq.artemis.core.config.impl.Validators$20
2721:             1             16  org.apache.activemq.artemis.core.config.impl.Validators$21
2722:             1             16  org.apache.activemq.artemis.core.config.impl.Validators$22
2723:             1             16  org.apache.activemq.artemis.core.config.impl.Validators$23
2724:             1             16  org.apache.activemq.artemis.core.config.impl.Validators$3
2725:             1             16  org.apache.activemq.artemis.core.config.impl.Validators$4
2726:             1             16  org.apache.activemq.artemis.core.config.impl.Validators$5
2727:             1             16  org.apache.activemq.artemis.core.config.impl.Validators$6
2728:             1             16  org.apache.activemq.artemis.core.config.impl.Validators$7
2729:             1             16  org.apache.activemq.artemis.core.config.impl.Validators$8
2730:             1             16  org.apache.activemq.artemis.core.config.impl.Validators$9
2731:             1             16  org.apache.activemq.artemis.core.io.DummyCallback
2732:             1             16  org.apache.activemq.artemis.core.io.IOCallback$$Lambda$224/0x00000008003f6840
2733:             1             16  org.apache.activemq.artemis.core.journal.EncoderPersister
2734:             1             16  org.apache.activemq.artemis.core.journal.impl.JournalBase$NullEncoding
2735:             1             16  org.apache.activemq.artemis.core.journal.impl.JournalImpl$$Lambda$180/0x000000080035e440
2736:             1             16  org.apache.activemq.artemis.core.journal.impl.JournalImpl$$Lambda$182/0x000000080035dc40
2737:             1             16  org.apache.activemq.artemis.core.journal.impl.JournalRecord$$Lambda$201/0x00000008003e4c40
2738:             1             16  org.apache.activemq.artemis.core.message.impl.CoreMessage$$Lambda$433/0x000000080060b040
2739:             1             16  org.apache.activemq.artemis.core.message.impl.CoreMessagePersister
2740:             1             16  org.apache.activemq.artemis.core.paging.cursor.impl.PageCounterRebuildManager$$Lambda$214/0x00000008003f1040
2741:             1             16  org.apache.activemq.artemis.core.paging.cursor.impl.PageCounterRebuildManager$$Lambda$221/0x00000008003f7c40
2742:             1             16  org.apache.activemq.artemis.core.paging.impl.PagingManagerImpl$$Lambda$183/0x000000080035d040
2743:             1             16  org.apache.activemq.artemis.core.paging.impl.PagingManagerImpl$$Lambda$184/0x000000080035d440
2744:             1             16  org.apache.activemq.artemis.core.paging.impl.PagingManagerImpl$$Lambda$220/0x00000008003f7840
2745:             1             16  org.apache.activemq.artemis.core.persistence.CoreMessageObjectPools$$Lambda$204/0x00000008003e7840
2746:             1             16  org.apache.activemq.artemis.core.persistence.CoreMessageObjectPools$$Lambda$205/0x00000008003e7c40
2747:             1             16  org.apache.activemq.artemis.core.persistence.CoreMessageObjectPools$$Lambda$206/0x00000008003e7040
2748:             1             16  org.apache.activemq.artemis.core.persistence.CoreMessageObjectPools$$Lambda$207/0x00000008003e7440
2749:             1             16  org.apache.activemq.artemis.core.persistence.CoreMessageObjectPools$$Lambda$208/0x00000008003e6840
2750:             1             16  org.apache.activemq.artemis.core.persistence.impl.journal.AbstractJournalStorageManager$$Lambda$175/0x000000080035f840
2751:             1             16  org.apache.activemq.artemis.core.persistence.impl.journal.AbstractJournalStorageManager$$Lambda$176/0x000000080035fc40
2752:             1             16  org.apache.activemq.artemis.core.persistence.impl.journal.AbstractJournalStorageManager$$Lambda$177/0x000000080035f440
2753:             1             16  org.apache.activemq.artemis.core.persistence.impl.journal.AbstractJournalStorageManager$DummyOperationContext
2754:             1             16  org.apache.activemq.artemis.core.postoffice.impl.CopyOnWriteBindings$$Lambda$441/0x0000000800631440
2755:             1             16  org.apache.activemq.artemis.core.postoffice.impl.PostOfficeImpl$$Lambda$275/0x000000080044fc40
2756:             1             16  org.apache.activemq.artemis.core.postoffice.impl.PostOfficeImpl$$Lambda$276/0x000000080044f040
2757:             1             16  org.apache.activemq.artemis.core.postoffice.impl.SimpleAddressManager$$Lambda$274/0x000000080044f840
2758:             1             16  org.apache.activemq.artemis.core.protocol.core.ServerSessionPacketHandler$$Lambda$427/0x000000080060d440
2759:             1             16  org.apache.activemq.artemis.core.protocol.core.ServerSessionPacketHandler$$Lambda$428/0x000000080060c840
2760:             1             16  org.apache.activemq.artemis.core.protocol.core.ServerSessionPacketHandler$$Lambda$429/0x000000080060cc40
2761:             1             16  org.apache.activemq.artemis.core.protocol.core.ServerSessionPacketHandler$$Lambda$430/0x000000080060c040
2762:             1             16  org.apache.activemq.artemis.core.protocol.core.impl.CoreProtocolManagerFactory
2763:             1             16  org.apache.activemq.artemis.core.protocol.hornetq.HornetQProtocolManagerFactory
2764:             1             16  org.apache.activemq.artemis.core.protocol.mqtt.MQTTProtocolManagerFactory
2765:             1             16  org.apache.activemq.artemis.core.protocol.mqtt.MQTTProtocolManagerFactory$MQTTPeriodicTasks$$Lambda$304/0x00000008004ccc40
2766:             1             16  org.apache.activemq.artemis.core.protocol.mqtt.MQTTProtocolManagerFactory$MQTTPeriodicTasks$$Lambda$305/0x00000008004f0040
2767:             1             16  org.apache.activemq.artemis.core.protocol.openwire.OpenWireProtocolManagerFactory
2768:             1             16  org.apache.activemq.artemis.core.protocol.stomp.StompProtocolManagerFactory
2769:             1             16  org.apache.activemq.artemis.core.server.ActiveMQServerLogger_impl
2770:             1             16  org.apache.activemq.artemis.core.server.cluster.ha.LiveOnlyPolicy
2771:             1             16  org.apache.activemq.artemis.core.server.impl.ActiveMQServerImpl$$Lambda$174/0x000000080035a840
2772:             1             16  org.apache.activemq.artemis.core.server.impl.ActiveMQServerImpl$$Lambda$186/0x000000080035bc40
2773:             1             16  org.apache.activemq.artemis.core.server.impl.ActiveMQServerImpl$$Lambda$255/0x0000000800403c40
2774:             1             16  org.apache.activemq.artemis.core.server.impl.ActiveMQServerImpl$$Lambda$256/0x0000000800404040
2775:             1             16  org.apache.activemq.artemis.core.server.impl.ActiveMQServerImpl$$Lambda$257/0x0000000800404440
2776:             1             16  org.apache.activemq.artemis.core.server.impl.ActiveMQServerImpl$$Lambda$258/0x0000000800404840
2777:             1             16  org.apache.activemq.artemis.core.server.impl.ActiveMQServerImpl$1
2778:             1             16  org.apache.activemq.artemis.core.server.impl.ActiveMQServerImpl$2
2779:             1             16  org.apache.activemq.artemis.core.server.impl.FileLockNodeManager$1
2780:             1             16  org.apache.activemq.artemis.core.server.impl.MessageReferenceImpl$MessageReferenceComparatorByID
2781:             1             16  org.apache.activemq.artemis.core.server.impl.QueueConsumersImpl$$Lambda$196/0x00000008003be840
2782:             1             16  org.apache.activemq.artemis.core.server.impl.QueueImpl$$Lambda$212/0x00000008003f1840
2783:             1             16  org.apache.activemq.artemis.core.server.management.ArtemisMBeanServerBuilder
2784:             1             16  org.apache.activemq.artemis.core.server.management.ArtemisMBeanServerGuard
2785:             1             16  org.apache.activemq.artemis.core.server.management.JMXAccessControlList$$Lambda$137/0x00000008002a5040
2786:             1             16  org.apache.activemq.artemis.core.server.management.impl.ManagementServiceImpl$1
2787:             1             16  org.apache.activemq.artemis.core.settings.impl.HierarchicalObjectRepository$1
2788:             1             16  org.apache.activemq.artemis.integration.bootstrap.ActiveMQBootstrapLogger_impl
2789:             1             16  org.apache.activemq.artemis.protocol.amqp.broker.AMQPLargeMessagePersister
2790:             1             16  org.apache.activemq.artemis.protocol.amqp.broker.AMQPMessagePersister
2791:             1             16  org.apache.activemq.artemis.protocol.amqp.broker.AMQPMessagePersisterV2
2792:             1             16  org.apache.activemq.artemis.protocol.amqp.broker.AMQPMessagePersisterV3
2793:             1             16  org.apache.activemq.artemis.protocol.amqp.broker.AMQPMessageSymbolSearch$$Lambda$406/0x00000008005e5440
2794:             1             16  org.apache.activemq.artemis.protocol.amqp.broker.AMQPMessageSymbolSearch$$Lambda$407/0x00000008005e4840
2795:             1             16  org.apache.activemq.artemis.protocol.amqp.broker.ProtonProtocolManagerFactory
2796:             1             16  org.apache.activemq.artemis.protocol.amqp.converter.AMQPMessageIdHelper
2797:             1             16  org.apache.activemq.artemis.protocol.amqp.proton.AMQPConnectionContext$$Lambda$391/0x00000008003f1440
2798:             1             16  org.apache.activemq.artemis.protocol.amqp.proton.transaction.ProtonTransactionImpl$TXOperations$$Lambda$422/0x000000080060ec40
2799:             1             16  org.apache.activemq.artemis.protocol.amqp.sasl.AnonymousServerSASLFactory
2800:             1             16  org.apache.activemq.artemis.protocol.amqp.sasl.ExternalServerSASLFactory
2801:             1             16  org.apache.activemq.artemis.protocol.amqp.sasl.GSSAPIServerSASLFactory
2802:             1             16  org.apache.activemq.artemis.protocol.amqp.sasl.MechanismFinder$$Lambda$267/0x0000000800420440
2803:             1             16  org.apache.activemq.artemis.protocol.amqp.sasl.MechanismFinder$$Lambda$268/0x0000000800427840
2804:             1             16  org.apache.activemq.artemis.protocol.amqp.sasl.MechanismFinder$$Lambda$269/0x0000000800427c40
2805:             1             16  org.apache.activemq.artemis.protocol.amqp.sasl.MechanismFinder$$Lambda$270/0x0000000800427040
2806:             1             16  org.apache.activemq.artemis.protocol.amqp.sasl.MechanismFinder$$Lambda$271/0x0000000800426840
2807:             1             16  org.apache.activemq.artemis.protocol.amqp.sasl.PlainServerSASLFactory
2808:             1             16  org.apache.activemq.artemis.protocol.amqp.util.TLSEncode$1
2809:             1             16  org.apache.activemq.artemis.spi.core.protocol.MessagePersister
2810:             1             16  org.apache.activemq.artemis.utils.FactoryFinder$StandaloneObjectFactory
2811:             1             16  org.apache.activemq.artemis.utils.SimpleFuture$1
2812:             1             16  org.apache.activemq.artemis.utils.actors.HandlerBase$$Lambda$178/0x000000080035e840
2813:             1             16  org.apache.activemq.artemis.utils.collections.TypedProperties$NullValue
2814:             1             16  org.apache.activemq.artemis.utils.critical.CriticalMeasure$2
2815:             1             16  org.apache.activemq.artemis.utils.critical.EmptyCriticalAnalyzer
2816:             1             16  org.apache.activemq.artemis.utils.uri.BeanSupport$$Lambda$262/0x000000080040b440
2817:             1             16  org.apache.activemq.artemis.utils.uri.BeanSupport$1
2818:             1             16  org.apache.activemq.hawtio.branding.PluginContextListener
2819:             1             16  org.apache.activemq.hawtio.plugin.PluginContextListener
2820:             1             16  org.apache.activemq.openwire.v12.ActiveMQBlobMessageMarshaller
2821:             1             16  org.apache.activemq.openwire.v12.ActiveMQBytesMessageMarshaller
2822:             1             16  org.apache.activemq.openwire.v12.ActiveMQMapMessageMarshaller
2823:             1             16  org.apache.activemq.openwire.v12.ActiveMQMessageMarshaller
2824:             1             16  org.apache.activemq.openwire.v12.ActiveMQObjectMessageMarshaller
2825:             1             16  org.apache.activemq.openwire.v12.ActiveMQQueueMarshaller
2826:             1             16  org.apache.activemq.openwire.v12.ActiveMQStreamMessageMarshaller
2827:             1             16  org.apache.activemq.openwire.v12.ActiveMQTempQueueMarshaller
2828:             1             16  org.apache.activemq.openwire.v12.ActiveMQTempTopicMarshaller
2829:             1             16  org.apache.activemq.openwire.v12.ActiveMQTextMessageMarshaller
2830:             1             16  org.apache.activemq.openwire.v12.ActiveMQTopicMarshaller
2831:             1             16  org.apache.activemq.openwire.v12.BrokerIdMarshaller
2832:             1             16  org.apache.activemq.openwire.v12.BrokerInfoMarshaller
2833:             1             16  org.apache.activemq.openwire.v12.BrokerSubscriptionInfoMarshaller
2834:             1             16  org.apache.activemq.openwire.v12.ConnectionControlMarshaller
2835:             1             16  org.apache.activemq.openwire.v12.ConnectionErrorMarshaller
2836:             1             16  org.apache.activemq.openwire.v12.ConnectionIdMarshaller
2837:             1             16  org.apache.activemq.openwire.v12.ConnectionInfoMarshaller
2838:             1             16  org.apache.activemq.openwire.v12.ConsumerControlMarshaller
2839:             1             16  org.apache.activemq.openwire.v12.ConsumerIdMarshaller
2840:             1             16  org.apache.activemq.openwire.v12.ConsumerInfoMarshaller
2841:             1             16  org.apache.activemq.openwire.v12.ControlCommandMarshaller
2842:             1             16  org.apache.activemq.openwire.v12.DataArrayResponseMarshaller
2843:             1             16  org.apache.activemq.openwire.v12.DataResponseMarshaller
2844:             1             16  org.apache.activemq.openwire.v12.DestinationInfoMarshaller
2845:             1             16  org.apache.activemq.openwire.v12.DiscoveryEventMarshaller
2846:             1             16  org.apache.activemq.openwire.v12.ExceptionResponseMarshaller
2847:             1             16  org.apache.activemq.openwire.v12.FlushCommandMarshaller
2848:             1             16  org.apache.activemq.openwire.v12.IntegerResponseMarshaller
2849:             1             16  org.apache.activemq.openwire.v12.JournalQueueAckMarshaller
2850:             1             16  org.apache.activemq.openwire.v12.JournalTopicAckMarshaller
2851:             1             16  org.apache.activemq.openwire.v12.JournalTraceMarshaller
2852:             1             16  org.apache.activemq.openwire.v12.JournalTransactionMarshaller
2853:             1             16  org.apache.activemq.openwire.v12.KeepAliveInfoMarshaller
2854:             1             16  org.apache.activemq.openwire.v12.LastPartialCommandMarshaller
2855:             1             16  org.apache.activemq.openwire.v12.LocalTransactionIdMarshaller
2856:             1             16  org.apache.activemq.openwire.v12.MessageAckMarshaller
2857:             1             16  org.apache.activemq.openwire.v12.MessageDispatchMarshaller
2858:             1             16  org.apache.activemq.openwire.v12.MessageDispatchNotificationMarshaller
2859:             1             16  org.apache.activemq.openwire.v12.MessageIdMarshaller
2860:             1             16  org.apache.activemq.openwire.v12.MessagePullMarshaller
2861:             1             16  org.apache.activemq.openwire.v12.NetworkBridgeFilterMarshaller
2862:             1             16  org.apache.activemq.openwire.v12.PartialCommandMarshaller
2863:             1             16  org.apache.activemq.openwire.v12.ProducerAckMarshaller
2864:             1             16  org.apache.activemq.openwire.v12.ProducerIdMarshaller
2865:             1             16  org.apache.activemq.openwire.v12.ProducerInfoMarshaller
2866:             1             16  org.apache.activemq.openwire.v12.RemoveInfoMarshaller
2867:             1             16  org.apache.activemq.openwire.v12.RemoveSubscriptionInfoMarshaller
2868:             1             16  org.apache.activemq.openwire.v12.ReplayCommandMarshaller
2869:             1             16  org.apache.activemq.openwire.v12.ResponseMarshaller
2870:             1             16  org.apache.activemq.openwire.v12.SessionIdMarshaller
2871:             1             16  org.apache.activemq.openwire.v12.SessionInfoMarshaller
2872:             1             16  org.apache.activemq.openwire.v12.ShutdownInfoMarshaller
2873:             1             16  org.apache.activemq.openwire.v12.SubscriptionInfoMarshaller
2874:             1             16  org.apache.activemq.openwire.v12.TransactionInfoMarshaller
2875:             1             16  org.apache.activemq.openwire.v12.WireFormatInfoMarshaller
2876:             1             16  org.apache.activemq.openwire.v12.XATransactionIdMarshaller
2877:             1             16  org.apache.commons.beanutils.DefaultBeanIntrospector
2878:             1             16  org.apache.commons.beanutils.SuppressPropertiesBeanIntrospector
2879:             1             16  org.apache.commons.beanutils.expression.DefaultResolver
2880:             1             16  org.apache.http.message.HeaderGroup
2881:             1             16  org.apache.logging.log4j.ThreadContext$EmptyIterator
2882:             1             16  org.apache.logging.log4j.ThreadContext$EmptyThreadContextStack
2883:             1             16  org.apache.logging.log4j.core.LoggerContext$$Lambda$126/0x0000000800267c40
2884:             1             16  org.apache.logging.log4j.core.appender.ConsoleAppender$ConsoleManagerFactory
2885:             1             16  org.apache.logging.log4j.core.appender.FileManager$FileManagerFactory
2886:             1             16  org.apache.logging.log4j.core.appender.rolling.RollingFileManager$RollingFileManagerFactory
2887:             1             16  org.apache.logging.log4j.core.config.ConfigurationFactory$Factory
2888:             1             16  org.apache.logging.log4j.core.config.DefaultReliabilityStrategy
2889:             1             16  org.apache.logging.log4j.core.config.OrderComparator
2890:             1             16  org.apache.logging.log4j.core.config.plugins.convert.EnumConverter
2891:             1             16  org.apache.logging.log4j.core.config.plugins.convert.TypeConverterRegistry
2892:             1             16  org.apache.logging.log4j.core.config.plugins.convert.TypeConverters$BigDecimalConverter
2893:             1             16  org.apache.logging.log4j.core.config.plugins.convert.TypeConverters$BigIntegerConverter
2894:             1             16  org.apache.logging.log4j.core.config.plugins.convert.TypeConverters$BooleanConverter
2895:             1             16  org.apache.logging.log4j.core.config.plugins.convert.TypeConverters$ByteArrayConverter
2896:             1             16  org.apache.logging.log4j.core.config.plugins.convert.TypeConverters$ByteConverter
2897:             1             16  org.apache.logging.log4j.core.config.plugins.convert.TypeConverters$CharArrayConverter
2898:             1             16  org.apache.logging.log4j.core.config.plugins.convert.TypeConverters$CharacterConverter
2899:             1             16  org.apache.logging.log4j.core.config.plugins.convert.TypeConverters$CharsetConverter
2900:             1             16  org.apache.logging.log4j.core.config.plugins.convert.TypeConverters$ClassConverter
2901:             1             16  org.apache.logging.log4j.core.config.plugins.convert.TypeConverters$CronExpressionConverter
2902:             1             16  org.apache.logging.log4j.core.config.plugins.convert.TypeConverters$DoubleConverter
2903:             1             16  org.apache.logging.log4j.core.config.plugins.convert.TypeConverters$DurationConverter
2904:             1             16  org.apache.logging.log4j.core.config.plugins.convert.TypeConverters$FileConverter
2905:             1             16  org.apache.logging.log4j.core.config.plugins.convert.TypeConverters$FloatConverter
2906:             1             16  org.apache.logging.log4j.core.config.plugins.convert.TypeConverters$InetAddressConverter
2907:             1             16  org.apache.logging.log4j.core.config.plugins.convert.TypeConverters$IntegerConverter
2908:             1             16  org.apache.logging.log4j.core.config.plugins.convert.TypeConverters$LevelConverter
2909:             1             16  org.apache.logging.log4j.core.config.plugins.convert.TypeConverters$LongConverter
2910:             1             16  org.apache.logging.log4j.core.config.plugins.convert.TypeConverters$PathConverter
2911:             1             16  org.apache.logging.log4j.core.config.plugins.convert.TypeConverters$PatternConverter
2912:             1             16  org.apache.logging.log4j.core.config.plugins.convert.TypeConverters$SecurityProviderConverter
2913:             1             16  org.apache.logging.log4j.core.config.plugins.convert.TypeConverters$ShortConverter
2914:             1             16  org.apache.logging.log4j.core.config.plugins.convert.TypeConverters$StringConverter
2915:             1             16  org.apache.logging.log4j.core.config.plugins.convert.TypeConverters$UriConverter
2916:             1             16  org.apache.logging.log4j.core.config.plugins.convert.TypeConverters$UrlConverter
2917:             1             16  org.apache.logging.log4j.core.config.plugins.convert.TypeConverters$UuidConverter
2918:             1             16  org.apache.logging.log4j.core.config.plugins.processor.PluginCache$$Lambda$86/0x00000008001e7440
2919:             1             16  org.apache.logging.log4j.core.config.properties.PropertiesConfigurationFactory
2920:             1             16  org.apache.logging.log4j.core.config.xml.XmlConfigurationFactory
2921:             1             16  org.apache.logging.log4j.core.impl.ThreadContextDataProvider
2922:             1             16  org.apache.logging.log4j.core.layout.PatternLayout$NoFormatPatternSerializer
2923:             1             16  org.apache.logging.log4j.core.lookup.StrMatcher$NoMatcher
2924:             1             16  org.apache.logging.log4j.core.lookup.StrMatcher$TrimMatcher
2925:             1             16  org.apache.logging.log4j.core.net.JndiManager$JndiManagerFactory
2926:             1             16  org.apache.logging.log4j.core.pattern.NameAbbreviator$NOPAbbreviator
2927:             1             16  org.apache.logging.log4j.core.pattern.NotANumber
2928:             1             16  org.apache.logging.log4j.core.pattern.PlainTextRenderer
2929:             1             16  org.apache.logging.log4j.core.selector.ClassLoaderContextSelector
2930:             1             16  org.apache.logging.log4j.core.util.BasicAuthorizationProvider
2931:             1             16  org.apache.logging.log4j.core.util.CloseShieldOutputStream
2932:             1             16  org.apache.logging.log4j.core.util.datetime.FastDateFormat$1
2933:             1             16  org.apache.logging.log4j.core.util.datetime.FastDateParser$$Lambda$132/0x0000000800264840
2934:             1             16  org.apache.logging.log4j.core.util.datetime.FastDateParser$1
2935:             1             16  org.apache.logging.log4j.core.util.datetime.FastDateParser$2
2936:             1             16  org.apache.logging.log4j.core.util.datetime.FastDateParser$3
2937:             1             16  org.apache.logging.log4j.core.util.datetime.FastDateParser$4
2938:             1             16  org.apache.logging.log4j.core.util.datetime.FastDateParser$5
2939:             1             16  org.apache.logging.log4j.core.util.datetime.FastDatePrinter$TwoDigitMonthField
2940:             1             16  org.apache.logging.log4j.message.ParameterFormatter$$Lambda$171/0x0000000800337840
2941:             1             16  org.apache.logging.log4j.message.ParameterizedNoReferenceMessageFactory
2942:             1             16  org.apache.logging.log4j.message.ReusableMessageFactory
2943:             1             16  org.apache.logging.log4j.spi.DefaultThreadContextStack
2944:             1             16  org.apache.logging.log4j.spi.LoggerRegistry$ConcurrentMapFactory
2945:             1             16  org.apache.logging.log4j.util.LoaderUtil$ThreadContextClassLoaderGetter
2946:             1             16  org.apache.logging.log4j.util.PropertiesUtil$Environment$$Lambda$62/0x00000008001c7840
2947:             1             16  org.apache.logging.log4j.util.PropertiesUtil$Environment$$Lambda$68/0x00000008001c3440
2948:             1             16  org.apache.logging.log4j.util.PropertiesUtil$Environment$$Lambda$69/0x00000008001c2840
2949:             1             16  org.apache.logging.log4j.util.PropertiesUtil$Environment$$Lambda$70/0x00000008001c2c40
2950:             1             16  org.apache.logging.log4j.util.ProviderUtil
2951:             1             16  org.apache.logging.log4j.util.ProviderUtil$$Lambda$79/0x00000008001e1840
2952:             1             16  org.apache.logging.log4j.util.ServiceLoaderUtil$$Lambda$65/0x00000008001c3840
2953:             1             16  org.apache.logging.log4j.util.SortedArrayStringMap$$Lambda$89/0x00000008001e4440
2954:             1             16  org.apache.logging.log4j.util.StackLocator
2955:             1             16  org.apache.logging.log4j.util.StackLocator$$Lambda$83/0x00000008001e7840
2956:             1             16  org.apache.logging.log4j.util.Strings$$Lambda$76/0x00000008001e0440
2957:             1             16  org.apache.logging.slf4j.Log4jLoggerFactory$$Lambda$77/0x00000008001e0c40
2958:             1             16  org.apache.logging.slf4j.Log4jMarkerFactory
2959:             1             16  org.apache.qpid.proton.amqp.messaging.Accepted
2960:             1             16  org.apache.qpid.proton.amqp.messaging.Data
2961:             1             16  org.apache.qpid.proton.amqp.messaging.Released
2962:             1             16  org.apache.qpid.proton.codec.StringType$1
2963:             1             16  org.apache.qpid.proton.message.impl.MessageImpl$1
2964:             1             16  org.eclipse.jetty.http.Http1FieldPreEncoder
2965:             1             16  org.eclipse.jetty.http.HttpHeader$$Lambda$302/0x00000008004cd440
2966:             1             16  org.eclipse.jetty.http.HttpHeaderValue$$Lambda$306/0x00000008004f0440
2967:             1             16  org.eclipse.jetty.http.HttpMethod$$Lambda$286/0x000000080044b040
2968:             1             16  org.eclipse.jetty.http.HttpMethod$$Lambda$287/0x000000080044b440
2969:             1             16  org.eclipse.jetty.http.HttpMethod$$Lambda$288/0x000000080044a840
2970:             1             16  org.eclipse.jetty.http.HttpScheme$$Lambda$284/0x000000080044b840
2971:             1             16  org.eclipse.jetty.http.HttpVersion$$Lambda$289/0x000000080044ac40
2972:             1             16  org.eclipse.jetty.http.MimeTypes$$Lambda$333/0x000000080050c840
2973:             1             16  org.eclipse.jetty.http.MimeTypes$$Lambda$334/0x000000080050cc40
2974:             1             16  org.eclipse.jetty.http.MimeTypes$$Lambda$336/0x000000080050c440
2975:             1             16  org.eclipse.jetty.http.pathmap.MatchedPath$1
2976:             1             16  org.eclipse.jetty.http.pathmap.PathMappings$$Lambda$299/0x00000008004cec40
2977:             1             16  org.eclipse.jetty.http.pathmap.PathMappings$$Lambda$346/0x000000080052bc40
2978:             1             16  org.eclipse.jetty.io.ArrayRetainableByteBufferPool$$Lambda$292/0x0000000800449c40
2979:             1             16  org.eclipse.jetty.io.SelectorManager$$Lambda$294/0x00000008004c8440
2980:             1             16  org.eclipse.jetty.security.SecurityHandler$1
2981:             1             16  org.eclipse.jetty.security.SecurityHandler$2
2982:             1             16  org.eclipse.jetty.server.AbstractConnector$1
2983:             1             16  org.eclipse.jetty.server.HttpChannel$1
2984:             1             16  org.eclipse.jetty.server.ResourceService$$Lambda$357/0x000000080052f040
2985:             1             16  org.eclipse.jetty.server.ResourceService$$Lambda$358/0x000000080052f440
2986:             1             16  org.eclipse.jetty.server.handler.ContextHandler$$Lambda$363/0x0000000800530840
2987:             1             16  org.eclipse.jetty.server.handler.HandlerCollection$Handlers
2988:             1             16  org.eclipse.jetty.server.session.HouseKeeper$Runner
2989:             1             16  org.eclipse.jetty.server.session.SessionHandler$1
2990:             1             16  org.eclipse.jetty.servlet.FilterHolder$$Lambda$352/0x000000080052dc40
2991:             1             16  org.eclipse.jetty.servlet.ListenerHolder$$Lambda$340/0x000000080050ac40
2992:             1             16  org.eclipse.jetty.servlet.ServletHandler$$Lambda$347/0x000000080052c040
2993:             1             16  org.eclipse.jetty.servlet.ServletHolder$$Lambda$356/0x000000080052ec40
2994:             1             16  org.eclipse.jetty.util.AbstractTrie$$Lambda$285/0x000000080044bc40
2995:             1             16  org.eclipse.jetty.util.ArrayTrie$$Lambda$359/0x000000080052f840
2996:             1             16  org.eclipse.jetty.util.ArrayTrie$$Lambda$360/0x000000080052fc40
2997:             1             16  org.eclipse.jetty.util.ArrayTrie$$Lambda$361/0x0000000800530040
2998:             1             16  org.eclipse.jetty.util.IO$ClosedIS
2999:             1             16  org.eclipse.jetty.util.IO$NullOS
3000:             1             16  org.eclipse.jetty.util.TypeUtil$$Lambda$297/0x00000008004cf440
3001:             1             16  org.eclipse.jetty.util.Uptime
3002:             1             16  org.eclipse.jetty.util.resource.EmptyResource
3003:             1             16  org.eclipse.jetty.util.statistic.CounterStatistic$$Lambda$296/0x00000008004cf040
3004:             1             16  org.eclipse.jetty.util.statistic.SampleStatistic$$Lambda$295/0x00000008004cfc40
3005:             1             16  org.eclipse.jetty.util.thread.QueuedThreadPool$$Lambda$280/0x000000080044c840
3006:             1             16  org.eclipse.jetty.util.thread.QueuedThreadPool$Runner
3007:             1             16  org.eclipse.jetty.util.thread.ReservedThreadExecutor$1
3008:             1             16  org.eclipse.jetty.util.thread.ScheduledExecutorScheduler$ScheduledFutureTask
3009:             1             16  org.eclipse.jetty.util.thread.ThreadPoolBudget$$Lambda$315/0x00000008004f6840
3010:             1             16  org.eclipse.jetty.util.thread.ThreadPoolBudget$1
3011:             1             16  org.eclipse.jetty.util.thread.TryExecutor$1
3012:             1             16  org.eclipse.jetty.webapp.AbstractConfiguration$$Lambda$318/0x0000000800504840
3013:             1             16  org.eclipse.jetty.webapp.AbstractConfiguration$$Lambda$319/0x0000000800504c40
3014:             1             16  org.eclipse.jetty.webapp.ClassMatcher$$Lambda$320/0x0000000800505440
3015:             1             16  org.eclipse.jetty.webapp.ClassMatcher$$Lambda$321/0x0000000800505840
3016:             1             16  org.eclipse.jetty.webapp.ClassMatcher$$Lambda$322/0x0000000800505c40
3017:             1             16  org.eclipse.jetty.webapp.ClassMatcher$$Lambda$328/0x0000000800507440
3018:             1             16  org.eclipse.jetty.webapp.ClassMatcher$$Lambda$329/0x0000000800507840
3019:             1             16  org.eclipse.jetty.webapp.ClassMatcher$$Lambda$330/0x0000000800507c40
3020:             1             16  org.eclipse.jetty.webapp.Configurations$$Lambda$317/0x0000000800504440
3021:             1             16  org.eclipse.jetty.webapp.Configurations$$Lambda$323/0x0000000800506040
3022:             1             16  org.eclipse.jetty.webapp.Configurations$$Lambda$324/0x0000000800506440
3023:             1             16  org.eclipse.jetty.webapp.Configurations$$Lambda$325/0x0000000800506840
3024:             1             16  org.eclipse.jetty.webapp.Configurations$$Lambda$326/0x0000000800506c40
3025:             1             16  org.eclipse.jetty.webapp.Configurations$$Lambda$327/0x0000000800507040
3026:             1             16  org.jolokia.config.Configuration
3027:             1             16  org.jolokia.converter.json.ArrayExtractor
3028:             1             16  org.jolokia.converter.json.BeanExtractor
3029:             1             16  org.jolokia.converter.json.CollectionExtractor
3030:             1             16  org.jolokia.converter.json.CompositeDataExtractor
3031:             1             16  org.jolokia.converter.json.DateExtractor
3032:             1             16  org.jolokia.converter.json.EnumExtractor
3033:             1             16  org.jolokia.converter.json.ListExtractor
3034:             1             16  org.jolokia.converter.json.MapExtractor
3035:             1             16  org.jolokia.converter.json.TabularDataExtractor
3036:             1             16  org.jolokia.converter.json.ValueFaultHandler$1
3037:             1             16  org.jolokia.converter.json.ValueFaultHandler$2
3038:             1             16  org.jolokia.converter.json.simplifier.BigIntegerSimplifier$BigIntegerAttributeExtractor
3039:             1             16  org.jolokia.converter.json.simplifier.ClassSimplifier$InterfaceAttributeExtractor
3040:             1             16  org.jolokia.converter.json.simplifier.ClassSimplifier$NameAttributeExtractor
3041:             1             16  org.jolokia.converter.json.simplifier.DomElementSimplifier$ChildAttributeExtractor
3042:             1             16  org.jolokia.converter.json.simplifier.DomElementSimplifier$NameAttributeExtractor
3043:             1             16  org.jolokia.converter.json.simplifier.DomElementSimplifier$ValueAttributeExtractor
3044:             1             16  org.jolokia.converter.json.simplifier.FileSimplifier$ExistsAttributeExtractor
3045:             1             16  org.jolokia.converter.json.simplifier.FileSimplifier$IsDirectoryAttributeExtractor
3046:             1             16  org.jolokia.converter.json.simplifier.FileSimplifier$LastModifiedAttributeExtractor
3047:             1             16  org.jolokia.converter.json.simplifier.FileSimplifier$LengthAttributeExtractor
3048:             1             16  org.jolokia.converter.json.simplifier.FileSimplifier$NameAttributeExtractor
3049:             1             16  org.jolokia.converter.json.simplifier.FileSimplifier$PathAttributeExtractor
3050:             1             16  org.jolokia.converter.json.simplifier.ObjectNameSimplifier$ObjectNameAttributeExtractor
3051:             1             16  org.jolokia.converter.json.simplifier.UrlSimplifier$UrlAttributeExtractor
3052:             1             16  org.jolokia.converter.object.StringToObjectConverter
3053:             1             16  org.jolokia.converter.object.StringToObjectConverter$BigDecimalParser
3054:             1             16  org.jolokia.converter.object.StringToObjectConverter$BigIntegerParser
3055:             1             16  org.jolokia.converter.object.StringToObjectConverter$DateParser
3056:             1             16  org.jolokia.converter.object.StringToObjectConverter$JSONParser
3057:             1             16  org.jolokia.converter.object.StringToObjectConverter$ObjectNameParser
3058:             1             16  org.jolokia.converter.object.StringToObjectConverter$StringParser
3059:             1             16  org.jolokia.converter.object.StringToObjectConverter$URLParser
3060:             1             16  org.jolokia.detector.AbstractServerDetector$1
3061:             1             16  org.jolokia.handler.ListHandler
3062:             1             16  org.jolokia.handler.ReadHandler
3063:             1             16  org.jolokia.handler.ReadHandler$1
3064:             1             16  org.jolokia.handler.ReadHandler$2
3065:             1             16  org.jolokia.handler.RequestHandlerManager
3066:             1             16  org.jolokia.handler.SearchHandler
3067:             1             16  org.jolokia.history.HistoryStore$1
3068:             1             16  org.jolokia.history.HistoryStore$2
3069:             1             16  org.jolokia.history.HistoryStore$3
3070:             1             16  org.jolokia.http.AgentServlet$3
3071:             1             16  org.jolokia.http.AgentServlet$4
3072:             1             16  org.jolokia.http.Jsr160ProxyNotEnabledByDefaultAnymoreDispatcher
3073:             1             16  org.jolokia.restrictor.policy.HttpMethodChecker
3074:             1             16  org.jolokia.restrictor.policy.RequestTypeChecker
3075:             1             16  org.jolokia.util.ServiceObjectFactory$ServiceEntry$1
3076:             1             16  org.slf4j.helpers.NOPLoggerFactory
3077:             1             16  org.slf4j.impl.StaticLoggerBinder
3078:             1             16  org.slf4j.impl.StaticMarkerBinder
3079:             1             16  org.xml.sax.helpers.DefaultHandler (java.xml@11.0.8)
3080:             1             16  sun.management.ClassLoadingImpl (java.management@11.0.8)
3081:             1             16  sun.misc.Unsafe (jdk.unsupported@11.0.8)
3082:             1             16  sun.net.DefaultProgressMeteringPolicy (java.base@11.0.8)
3083:             1             16  sun.net.ext.ExtendedSocketOptions$$Lambda$310/0x00000008004f6440 (java.base@11.0.8)
3084:             1             16  sun.net.www.protocol.file.Handler (java.base@11.0.8)
3085:             1             16  sun.net.www.protocol.jar.Handler (java.base@11.0.8)
3086:             1             16  sun.net.www.protocol.jar.JarFileFactory (java.base@11.0.8)
3087:             1             16  sun.net.www.protocol.jrt.Handler (java.base@11.0.8)
3088:             1             16  sun.nio.ch.ExtendedSocketOption$1 (java.base@11.0.8)
3089:             1             16  sun.nio.ch.FileChannelImpl$1 (java.base@11.0.8)
3090:             1             16  sun.nio.ch.KQueueSelectorProvider (java.base@11.0.8)
3091:             1             16  sun.nio.ch.Net$1 (java.base@11.0.8)
3092:             1             16  sun.nio.ch.SocketDispatcher (java.base@11.0.8)
3093:             1             16  sun.nio.ch.Util$1 (java.base@11.0.8)
3094:             1             16  sun.nio.fs.MacOSXFileSystemProvider (java.base@11.0.8)
3095:             1             16  sun.nio.fs.NativeBuffers$1 (java.base@11.0.8)
3096:             1             16  sun.reflect.generics.tree.BottomSignature (java.base@11.0.8)
3097:             1             16  sun.reflect.generics.tree.ByteSignature (java.base@11.0.8)
3098:             1             16  sun.reflect.generics.tree.CharSignature (java.base@11.0.8)
3099:             1             16  sun.reflect.generics.tree.LongSignature (java.base@11.0.8)
3100:             1             16  sun.reflect.generics.tree.VoidDescriptor (java.base@11.0.8)
3101:             1             16  sun.security.util.ResourcesMgr$$Lambda$395/0x00000008001c4840 (java.base@11.0.8)
3102:             1             16  sun.util.calendar.Gregorian (java.base@11.0.8)
3103:             1             16  sun.util.cldr.CLDRBaseLocaleDataMetaInfo (java.base@11.0.8)
3104:             1             16  sun.util.locale.InternalLocaleBuilder$CaseInsensitiveChar (java.base@11.0.8)
3105:             1             16  sun.util.locale.provider.CalendarDataUtility$CalendarWeekParameterGetter (java.base@11.0.8)
3106:             1             16  sun.util.locale.provider.TimeZoneNameUtility$TimeZoneNameGetter (java.base@11.0.8)
3107:             1             16  sun.util.logging.internal.LoggingProviderImpl (java.logging@11.0.8)
3108:             1             16  sun.util.resources.LocaleData$LocaleDataStrategy (java.base@11.0.8)
3109:             1             16  sun.util.resources.cldr.provider.CLDRLocaleDataMetaInfo (jdk.localedata@11.0.8)
Total        357948       28958520
