 num     #instances         #bytes  class name (module)
-------------------------------------------------------
   1:         13147        5222320  [Ljava.lang.Object; (java.base@11.0.8)
   2:         28799        4681904  [B (java.base@11.0.8)
   3:          3480        4030056  [I (java.base@11.0.8)
   4:         42658        1023792  java.lang.String (java.base@11.0.8)
   5:           610         941848  [C (java.base@11.0.8)
   6:          7687         914656  java.lang.Class (java.base@11.0.8)
   7:         19492         623744  java.util.concurrent.ConcurrentHashMap$Node (java.base@11.0.8)
   8:          4902         431376  java.lang.reflect.Method (java.base@11.0.8)
   9:         20179         322864  java.lang.Integer (java.base@11.0.8)
  10:          9565         306080  java.util.HashMap$Node (java.base@11.0.8)
  11:          1948         280512  [Lorg.eclipse.jetty.util.TreeTrie$Node;
  12:          6448         257920  java.util.LinkedHashMap$Entry (java.base@11.0.8)
  13:          2719         239104  [Ljava.util.HashMap$Node; (java.base@11.0.8)
  14:           360         207360  io.netty.util.internal.shaded.org.jctools.queues.MpscUnboundedArrayQueue
  15:         12229         195664  java.lang.Object (java.base@11.0.8)
  16:          6106         195392  java.lang.invoke.LambdaForm$Name (java.base@11.0.8)
  17:           289         175760  [Ljava.util.concurrent.ConcurrentHashMap$Node; (java.base@11.0.8)
  18:          6329         159208  [Ljava.lang.Class; (java.base@11.0.8)
  19:          1872         134784  io.netty.buffer.PoolSubpage
  20:          1680         120960  java.lang.reflect.Field (java.base@11.0.8)
  21:          2152         120512  java.util.LinkedHashMap (java.base@11.0.8)
  22:           184         104072  [J (java.base@11.0.8)
  23:          2059          98832  java.lang.invoke.MemberName (java.base@11.0.8)
  24:          3878          93072  java.util.ArrayList (java.base@11.0.8)
  25:          2159          86360  java.lang.ref.SoftReference (java.base@11.0.8)
  26:             2          80552  [Ljava.lang.Integer; (java.base@11.0.8)
  27:          1670          80160  java.util.HashMap (java.base@11.0.8)
  28:          2296          73472  java.util.concurrent.locks.ReentrantLock$NonfairSync (java.base@11.0.8)
  29:          1477          70896  sun.util.locale.LocaleObjectCache$CacheEntry (java.base@11.0.8)
  30:          1948          62336  org.eclipse.jetty.util.TreeTrie$Node
  31:          1648          58200  [Ljava.lang.String; (java.base@11.0.8)
  32:           818          52352  java.lang.Class$ReflectionData (java.base@11.0.8)
  33:          1257          50280  java.lang.invoke.MethodType (java.base@11.0.8)
  34:           626          50080  java.lang.reflect.Constructor (java.base@11.0.8)
  35:           657          49616  [Ljava.lang.invoke.LambdaForm$Name; (java.base@11.0.8)
  36:          1527          48864  java.lang.invoke.MethodType$ConcurrentWeakInternSet$WeakEntry (java.base@11.0.8)
  37:          1516          48512  javax.management.MBeanParameterInfo (java.management@11.0.8)
  38:           732          46848  java.nio.DirectByteBuffer (java.base@11.0.8)
  39:           566          38488  [Ljava.lang.ref.SoftReference; (java.base@11.0.8)
  40:          2288          36608  java.util.concurrent.locks.ReentrantLock (java.base@11.0.8)
  41:          1524          36576  java.lang.invoke.ResolvedMethodName (java.base@11.0.8)
  42:          1086          34752  java.lang.ref.WeakReference (java.base@11.0.8)
  43:           848          33920  org.eclipse.jetty.xml.XmlParser$Node
  44:           491          31424  java.util.concurrent.ConcurrentHashMap (java.base@11.0.8)
  45:           652          31296  java.lang.invoke.LambdaForm (java.base@11.0.8)
  46:           399          28216  [Ljava.lang.reflect.Method; (java.base@11.0.8)
  47:           692          27680  java.util.TreeMap$Entry (java.base@11.0.8)
  48:           180          27360  io.netty.channel.kqueue.KQueueEventLoop
  49:           844          27008  java.lang.invoke.LambdaForm$NamedFunction (java.base@11.0.8)
  50:          1125          27000  com.google.common.collect.SingletonImmutableSet
  51:           550          26400  io.airlift.airline.model.OptionMetadata
  52:           444          24864  java.lang.invoke.LambdaFormEditor$Transform (java.base@11.0.8)
  53:           995          23880  sun.reflect.annotation.AnnotationInvocationHandler (java.base@11.0.8)
  54:           739          23648  java.util.Locale (java.base@11.0.8)
  55:           738          23616  sun.util.locale.BaseLocale (java.base@11.0.8)
  56:           738          23616  sun.util.locale.BaseLocale$Key (java.base@11.0.8)
  57:           546          21840  jdk.internal.ref.Cleaner (java.base@11.0.8)
  58:           327          20928  java.net.URL (java.base@11.0.8)
  59:           642          20544  java.lang.invoke.DirectMethodHandle (java.base@11.0.8)
  60:           234          20144  [Ljava.util.WeakHashMap$Entry; (java.base@11.0.8)
  61:            99          19800  com.sun.org.apache.xerces.internal.impl.dv.xs.XSSimpleTypeDecl (java.xml@11.0.8)
  62:           595          19040  io.airlift.airline.Accessor
  63:           334          18704  java.lang.invoke.MethodTypeForm (java.base@11.0.8)
  64:           438          17520  javax.management.MBeanOperationInfo (java.management@11.0.8)
  65:           546          17472  java.nio.DirectByteBuffer$Deallocator (java.base@11.0.8)
  66:           700          16800  org.eclipse.jetty.util.ArrayTrie$Node
  67:           398          15920  java.lang.invoke.DirectMethodHandle$Accessor (java.base@11.0.8)
  68:           318          15264  jdk.internal.ref.CleanerImpl$PhantomCleanableRef (java.base@11.0.8)
  69:           469          15008  java.util.Hashtable$Entry (java.base@11.0.8)
  70:           149          14304  java.util.jar.JarFile$JarFileEntry (java.base@11.0.8)
  71:           288          13824  io.netty.buffer.PoolChunkList
  72:           345          13800  java.util.WeakHashMap$Entry (java.base@11.0.8)
  73:           842          13568  [Lorg.eclipse.jetty.xml.XmlParser$Attribute;
  74:           208          13312  java.util.zip.Inflater (java.base@11.0.8)
  75:           104          13312  sun.nio.fs.UnixFileAttributes (java.base@11.0.8)
  76:           396          12672  javax.management.MBeanAttributeInfo (java.management@11.0.8)
  77:           526          12624  java.util.concurrent.CopyOnWriteArrayList (java.base@11.0.8)
  78:           319          12064  [Ljavax.management.MBeanParameterInfo; (java.management@11.0.8)
  79:           494          11848  [Ljava.lang.reflect.Constructor; (java.base@11.0.8)
  80:           207          11592  java.beans.MethodDescriptor (java.desktop@11.0.8)
  81:           181          11584  io.netty.buffer.UnpooledUnsafeDirectByteBuf
  82:           360          11520  io.netty.channel.kqueue.KQueueEventArray
  83:           273          10920  java.lang.Package$VersionInfo (java.base@11.0.8)
  84:           341          10912  jdk.internal.math.FDBigInteger (java.base@11.0.8)
  85:           452          10848  java.util.LinkedList$Node (java.base@11.0.8)
  86:           336          10752  org.eclipse.jetty.webapp.MetaData$OriginInfo
  87:           217          10416  java.util.WeakHashMap (java.base@11.0.8)
  88:           321          10272  java.lang.Package (java.base@11.0.8)
  89:           616           9856  com.google.common.collect.SingletonImmutableList
  90:           390           9360  jdk.internal.reflect.NativeConstructorAccessorImpl (java.base@11.0.8)
  91:           385           9240  java.beans.MethodRef (java.desktop@11.0.8)
  92:           128           9216  org.apache.activemq.artemis.utils.collections.ConcurrentLongHashMap$Section
  93:           229           9160  org.apache.logging.log4j.core.Logger
  94:           229           9160  org.apache.logging.log4j.core.Logger$PrivateConfig
  95:           135           8704  [Ljava.util.Hashtable$Entry; (java.base@11.0.8)
  96:           180           8640  io.netty.channel.unix.IovArray
  97:           180           8640  io.netty.util.collection.IntObjectHashMap
  98:           358           8592  java.time.LocalDateTime (java.base@11.0.8)
  99:           355           8520  java.lang.module.ModuleDescriptor$Exports (java.base@11.0.8)
 100:            48           8448  [Lio.netty.buffer.PoolSubpage;
 101:           260           8320  java.lang.ref.ReferenceQueue (java.base@11.0.8)
 102:           257           8224  java.util.LinkedList (java.base@11.0.8)
 103:            21           8064  org.apache.activemq.artemis.utils.ActiveMQThreadFactory$1
 104:           166           7968  java.nio.HeapByteBuffer (java.base@11.0.8)
 105:           497           7952  java.util.LinkedHashMap$LinkedValues (java.base@11.0.8)
 106:            13           7824  [Lorg.eclipse.jetty.util.ArrayTrie$Node;
 107:           324           7776  java.util.jar.Attributes$Name (java.base@11.0.8)
 108:            92           7360  java.net.URI (java.base@11.0.8)
 109:           100           7344  [Ljavax.management.MBeanAttributeInfo; (java.management@11.0.8)
 110:           229           7328  org.apache.logging.slf4j.Log4jLogger
 111:           225           7200  org.apache.logging.log4j.core.config.plugins.processor.PluginEntry
 112:           128           7168  org.eclipse.jetty.io.ArrayRetainableByteBufferPool$Bucket
 113:            19           7144  java.lang.Thread (java.base@11.0.8)
 114:            40           7120  [Z (java.base@11.0.8)
 115:           221           7072  java.lang.invoke.BoundMethodHandle$Species_L (java.base@11.0.8)
 116:           294           7056  javax.management.ImmutableDescriptor (java.management@11.0.8)
 117:           291           6984  org.eclipse.jetty.util.TreeTrie
 118:           147           6952  [Ljava.lang.reflect.Field; (java.base@11.0.8)
 119:           214           6848  sun.nio.fs.UnixPath (java.base@11.0.8)
 120:           281           6744  java.util.ImmutableCollections$Set12 (java.base@11.0.8)
 121:           105           6720  java.util.jar.JarFile (java.base@11.0.8)
 122:           420           6720  jdk.internal.reflect.DelegatingConstructorAccessorImpl (java.base@11.0.8)
 123:           104           6656  java.util.zip.ZipFile$Source (java.base@11.0.8)
 124:           116           6496  java.io.FileCleanable (java.base@11.0.8)
 125:            91           6440  [Ljavax.management.MBeanOperationInfo; (java.management@11.0.8)
 126:           161           6440  java.lang.invoke.BoundMethodHandle$Species_LL (java.base@11.0.8)
 127:           134           6432  java.util.Hashtable (java.base@11.0.8)
 128:            89           6408  java.beans.PropertyDescriptor (java.desktop@11.0.8)
 129:           108           6376  [Ljava.lang.invoke.MethodHandle; (java.base@11.0.8)
 130:           263           6312  java.lang.Long (java.base@11.0.8)
 131:           194           6208  io.netty.util.internal.LongAdderCounter
 132:           256           6144  sun.reflect.generics.tree.SimpleClassTypeSignature (java.base@11.0.8)
 133:           255           6120  java.lang.Class$AnnotationData (java.base@11.0.8)
 134:           250           6000  com.sun.jmx.mbeanserver.PerInterface$MethodAndSig (java.management@11.0.8)
 135:           106           5936  java.lang.Module (java.base@11.0.8)
 136:           185           5920  io.netty.util.concurrent.DefaultPromise
 137:           182           5824  java.util.concurrent.CountDownLatch$Sync (java.base@11.0.8)
 138:           232           5568  java.util.concurrent.atomic.AtomicLong (java.base@11.0.8)
 139:           231           5544  org.apache.logging.log4j.message.DefaultFlowMessageFactory
 140:           231           5544  org.apache.logging.log4j.spi.AbstractLogger$LocalLogBuilder
 141:           225           5400  org.apache.logging.log4j.core.config.plugins.util.PluginType
 142:           130           5200  org.eclipse.jetty.io.ByteBufferPool$Bucket
 143:           105           5040  jdk.internal.loader.URLClassPath$JarLoader (java.base@11.0.8)
 144:           208           4992  java.util.zip.Inflater$InflaterZStreamRef (java.base@11.0.8)
 145:           206           4944  java.util.concurrent.ConcurrentLinkedQueue$Node (java.base@11.0.8)
 146:           153           4896  com.sun.jmx.mbeanserver.ConvertingMethod (java.management@11.0.8)
 147:           256           4840  [Lsun.reflect.generics.tree.TypeArgument; (java.base@11.0.8)
 148:           121           4840  java.io.FileDescriptor (java.base@11.0.8)
 149:           100           4800  java.util.logging.LogManager$LoggerWeakRef (java.logging@11.0.8)
 150:           100           4800  javax.management.MBeanInfo (java.management@11.0.8)
 151:           294           4704  org.eclipse.jetty.util.thread.AutoLock
 152:            73           4672  java.lang.invoke.BoundMethodHandle$Species_LLLLLLIIL (java.base@11.0.8)
 153:           192           4608  com.sun.org.apache.xerces.internal.util.SymbolHash$Entry (java.xml@11.0.8)
 154:           190           4560  java.util.concurrent.ConcurrentLinkedQueue (java.base@11.0.8)
 155:           142           4544  java.io.File (java.base@11.0.8)
 156:           182           4368  java.time.LocalDate (java.base@11.0.8)
 157:           136           4352  org.eclipse.jetty.util.IncludeExcludeSet
 158:           180           4320  io.netty.channel.unix.FileDescriptor
 159:           180           4320  io.netty.util.internal.ThreadExecutorMap$1
 160:           108           4320  java.math.BigInteger (java.base@11.0.8)
 161:           133           4256  java.lang.module.ModuleDescriptor$Requires (java.base@11.0.8)
 162:           265           4240  java.util.HashSet (java.base@11.0.8)
 163:           262           4192  java.lang.ref.ReferenceQueue$Lock (java.base@11.0.8)
 164:           174           4176  java.util.ArrayDeque (java.base@11.0.8)
 165:           104           4160  java.security.ProtectionDomain (java.base@11.0.8)
 166:           259           4144  java.lang.Byte (java.base@11.0.8)
 167:           259           4144  java.lang.Short (java.base@11.0.8)
 168:           171           4104  java.util.ImmutableCollections$SetN (java.base@11.0.8)
 169:           102           4080  java.security.CodeSource (java.base@11.0.8)
 170:           254           4064  sun.reflect.generics.tree.ClassTypeSignature (java.base@11.0.8)
 171:           168           4032  org.eclipse.jetty.util.component.ContainerLifeCycle$Bean
 172:           167           4008  java.util.Collections$SetFromMap (java.base@11.0.8)
 173:           166           3984  jdk.internal.module.ServicesCatalog$ServiceProvider (java.base@11.0.8)
 174:            61           3904  java.lang.module.ModuleDescriptor (java.base@11.0.8)
 175:            80           3840  org.eclipse.jetty.http.HttpHeader
 176:            95           3800  java.io.ObjectStreamField (java.base@11.0.8)
 177:            95           3800  java.lang.ref.Finalizer (java.base@11.0.8)
 178:           230           3680  org.apache.logging.log4j.message.ParameterizedMessageFactory
 179:            24           3648  io.netty.buffer.PoolArena$DirectArena
 180:            24           3648  io.netty.buffer.PoolArena$HeapArena
 181:           166           3608  [Ljava.lang.reflect.Type; (java.base@11.0.8)
 182:            45           3600  sun.net.www.protocol.jar.URLJarFile (java.base@11.0.8)
 183:           112           3584  java.io.RandomAccessFile (java.base@11.0.8)
 184:           145           3480  java.util.Collections$SingletonList (java.base@11.0.8)
 185:           105           3360  java.util.zip.ZipFile$CleanableResource (java.base@11.0.8)
 186:            60           3360  jdk.internal.module.ModuleReferenceImpl (java.base@11.0.8)
 187:           164           3288  [Lcom.sun.jmx.mbeanserver.MXBeanMapping; (java.management@11.0.8)
 188:           136           3264  org.eclipse.jetty.webapp.ClassMatcher$ByClass
 189:           136           3264  org.eclipse.jetty.webapp.ClassMatcher$ByLocationOrModule
 190:           136           3264  org.eclipse.jetty.webapp.ClassMatcher$ByModule
 191:           136           3264  org.eclipse.jetty.webapp.ClassMatcher$ByPackageOrName
 192:            81           3240  java.lang.invoke.MethodHandleImpl$AsVarargsCollector (java.base@11.0.8)
 193:            80           3200  com.sun.management.internal.DiagnosticCommandArgumentInfo (jdk.management@11.0.8)
 194:           200           3200  com.sun.proxy.$Proxy14
 195:           196           3136  java.util.Collections$SingletonSet (java.base@11.0.8)
 196:            49           3136  javax.management.openmbean.OpenMBeanAttributeInfoSupport (java.management@11.0.8)
 197:            77           3080  com.sun.beans.introspect.PropertyInfo (java.desktop@11.0.8)
 198:            35           3080  jdk.internal.reflect.DelegatingClassLoader (java.base@11.0.8)
 199:           191           3056  java.util.LinkedHashSet (java.base@11.0.8)
 200:           190           3040  com.sun.proxy.$Proxy31
 201:            63           3024  java.util.TreeMap (java.base@11.0.8)
 202:           113           2992  [Ljavax.management.ObjectName$Property; (java.management@11.0.8)
 203:           182           2912  java.util.concurrent.CountDownLatch (java.base@11.0.8)
 204:           180           2880  io.netty.channel.kqueue.KQueueEventLoop$1
 205:           180           2880  io.netty.util.collection.IntObjectHashMap$1
 206:           180           2880  io.netty.util.collection.IntObjectHashMap$EntrySet
 207:           180           2880  io.netty.util.collection.IntObjectHashMap$KeySet
 208:           179           2864  java.lang.ThreadLocal (java.base@11.0.8)
 209:           178           2848  java.util.Collections$UnmodifiableSet (java.base@11.0.8)
 210:           118           2832  javax.management.ObjectName$Property (java.management@11.0.8)
 211:           175           2800  java.util.concurrent.atomic.AtomicInteger (java.base@11.0.8)
 212:            47           2752  [Lcom.sun.org.apache.xerces.internal.util.SymbolHash$Entry; (java.xml@11.0.8)
 213:            31           2728  java.util.regex.Pattern (java.base@11.0.8)
 214:            85           2720  java.util.logging.LogManager$LogNode (java.logging@11.0.8)
 215:           111           2664  java.util.ImmutableCollections$List12 (java.base@11.0.8)
 216:           163           2608  com.sun.proxy.$Proxy32
 217:           163           2608  java.util.concurrent.atomic.AtomicBoolean (java.base@11.0.8)
 218:            79           2528  org.apache.activemq.artemis.api.core.SimpleString
 219:           104           2496  java.util.zip.ZipFile$Source$Key (java.base@11.0.8)
 220:            44           2464  java.util.logging.Logger (java.logging@11.0.8)
 221:           151           2416  java.util.ImmutableCollections$ListN (java.base@11.0.8)
 222:           151           2416  java.util.WeakHashMap$KeySet (java.base@11.0.8)
 223:            49           2352  java.lang.invoke.BoundMethodHandle$SpeciesData (java.base@11.0.8)
 224:             2           2328  [Lorg.eclipse.jetty.http.HttpStatus$Code;
 225:            97           2328  com.sun.beans.introspect.MethodInfo (java.desktop@11.0.8)
 226:            29           2320  java.lang.invoke.BoundMethodHandle$Species_LLLLLLLLLIILL (java.base@11.0.8)
 227:            41           2296  java.security.Provider$Service (java.base@11.0.8)
 228:            57           2280  java.io.FilePermission (java.base@11.0.8)
 229:            95           2280  java.security.Provider$ServiceKey (java.base@11.0.8)
 230:            71           2272  com.sun.org.apache.xerces.internal.xni.QName (java.xml@11.0.8)
 231:            46           2208  io.airlift.airline.model.CommandMetadata
 232:           136           2176  org.eclipse.jetty.webapp.ClassMatcher$ByLocation
 233:           136           2176  org.eclipse.jetty.webapp.ClassMatcher$ByPackage
 234:            89           2136  sun.reflect.generics.factory.CoreReflectionFactory (java.base@11.0.8)
 235:            66           2112  java.lang.invoke.LambdaForm$Kind (java.base@11.0.8)
 236:            23           2104  [[B (java.base@11.0.8)
 237:           130           2080  java.lang.Character (java.base@11.0.8)
 238:             1           2064  [Lorg.eclipse.jetty.http.HttpGenerator$PreparedResponse;
 239:            51           2040  java.lang.invoke.DirectMethodHandle$Special (java.base@11.0.8)
 240:            62           1984  jdk.internal.reflect.UnsafeObjectFieldAccessorImpl (java.base@11.0.8)
 241:            41           1968  com.sun.management.internal.DiagnosticCommandInfo (jdk.management@11.0.8)
 242:            49           1960  [Ljava.lang.invoke.BoundMethodHandle$SpeciesData; (java.base@11.0.8)
 243:            61           1952  java.security.Permissions (java.base@11.0.8)
 244:            61           1952  org.eclipse.jetty.http.HttpStatus$Code
 245:            81           1944  sun.reflect.generics.reflectiveObjects.ParameterizedTypeImpl (java.base@11.0.8)
 246:            78           1872  jdk.internal.reflect.NativeMethodAccessorImpl (java.base@11.0.8)
 247:            76           1824  java.util.Arrays$ArrayList (java.base@11.0.8)
 248:            57           1824  javax.management.ObjectName (java.management@11.0.8)
 249:            45           1800  java.security.AccessControlContext (java.base@11.0.8)
 250:            45           1800  java.util.logging.Logger$ConfigurationData (java.logging@11.0.8)
 251:            74           1776  jdk.internal.loader.AbstractClassLoaderValue$Sub (java.base@11.0.8)
 252:            37           1776  org.eclipse.jetty.http.pathmap.ServletPathSpec
 253:            13           1752  [Ljava.lang.ClassValue$Entry; (java.base@11.0.8)
 254:            72           1728  java.util.Collections$UnmodifiableRandomAccessList (java.base@11.0.8)
 255:             3           1704  org.jctools.queues.MpscUnboundedArrayQueue
 256:            53           1696  sun.nio.fs.UnixFileKey (java.base@11.0.8)
 257:            21           1680  [Ljava.lang.ThreadLocal$ThreadLocalMap$Entry; (java.base@11.0.8)
 258:            30           1680  [Lorg.apache.activemq.artemis.utils.collections.LinkedListImpl$Iterator;
 259:           104           1664  [Ljava.security.Principal; (java.base@11.0.8)
 260:           104           1664  java.security.ProtectionDomain$Key (java.base@11.0.8)
 261:           104           1664  sun.nio.fs.UnixFileAttributes$UnixAsBasicFileAttributes (java.base@11.0.8)
 262:            68           1632  org.eclipse.jetty.webapp.ClassMatcher
 263:            40           1600  org.eclipse.jetty.http.HttpMethod
 264:            33           1584  java.time.temporal.ValueRange (java.base@11.0.8)
 265:            39           1560  org.apache.activemq.artemis.utils.actors.OrderedExecutor
 266:            32           1536  com.sun.org.apache.xerces.internal.impl.dv.xs.DecimalDV$XDecimal (java.xml@11.0.8)
 267:            48           1536  com.sun.org.apache.xerces.internal.impl.xs.traversers.OneAttr (java.xml@11.0.8)
 268:            64           1536  java.util.concurrent.locks.AbstractQueuedSynchronizer$ConditionObject (java.base@11.0.8)
 269:            19           1520  org.eclipse.jetty.servlet.FilterHolder
 270:            38           1520  sun.reflect.generics.repository.MethodRepository (java.base@11.0.8)
 271:            47           1504  com.sun.org.apache.xerces.internal.util.SymbolHash (java.xml@11.0.8)
 272:             4           1504  org.apache.logging.log4j.core.util.Log4jThread
 273:            46           1472  java.util.Vector (java.base@11.0.8)
 274:             2           1448  [Ljava.time.LocalDateTime; (java.base@11.0.8)
 275:            60           1440  java.lang.module.ResolvedModule (java.base@11.0.8)
 276:            45           1440  java.util.zip.ZipFile$CleanableResource$FinalizableResource (java.base@11.0.8)
 277:            60           1440  jdk.internal.module.SystemModuleFinders$2 (java.base@11.0.8)
 278:            60           1440  jdk.internal.module.SystemModuleFinders$SystemModuleReader (java.base@11.0.8)
 279:            30           1440  org.apache.activemq.artemis.utils.collections.LinkedListImpl
 280:            59           1416  jdk.internal.loader.BuiltinClassLoader$LoadedModule (java.base@11.0.8)
 281:            59           1416  org.eclipse.jetty.http.HttpGenerator$PreparedResponse
 282:            44           1408  org.jolokia.config.ConfigKey
 283:            58           1392  com.sun.org.apache.xerces.internal.util.SymbolTable$Entry (java.xml@11.0.8)
 284:             1           1376  [Ljdk.internal.math.FDBigInteger; (java.base@11.0.8)
 285:            13           1352  org.eclipse.jetty.servlet.ServletHolder
 286:            56           1344  java.io.FilePermissionCollection (java.base@11.0.8)
 287:            56           1344  java.lang.module.ModuleDescriptor$Provides (java.base@11.0.8)
 288:            42           1344  java.util.concurrent.atomic.LongAdder (java.base@11.0.8)
 289:            56           1344  javax.xml.namespace.QName (java.xml@11.0.8)
 290:             8           1336  [Ljava.beans.MethodDescriptor; (java.desktop@11.0.8)
 291:            79           1336  [Lsun.reflect.generics.tree.FormalTypeParameter; (java.base@11.0.8)
 292:            83           1328  jdk.internal.reflect.DelegatingMethodAccessorImpl (java.base@11.0.8)
 293:            41           1312  com.sun.management.internal.DiagnosticCommandImpl$Wrapper (jdk.management@11.0.8)
 294:            41           1312  sun.reflect.generics.repository.ClassRepository (java.base@11.0.8)
 295:            40           1296  [Ljava.math.BigInteger; (java.base@11.0.8)
 296:            54           1296  java.util.jar.Manifest (java.base@11.0.8)
 297:            27           1296  org.apache.commons.beanutils.converters.ArrayConverter
 298:            41           1264  [Lcom.sun.org.apache.xerces.internal.impl.xs.traversers.OneAttr; (java.xml@11.0.8)
 299:            51           1224  com.sun.jmx.mbeanserver.NamedObject (java.management@11.0.8)
 300:            51           1224  sun.reflect.generics.scope.ClassScope (java.base@11.0.8)
 301:            38           1216  sun.reflect.generics.tree.MethodTypeSignature (java.base@11.0.8)
 302:            30           1200  java.time.temporal.ChronoField (java.base@11.0.8)
 303:             5           1200  org.apache.activemq.artemis.core.remoting.impl.netty.NettyAcceptor
 304:            50           1200  org.eclipse.jetty.servlet.Source
 305:            37           1184  io.netty.channel.ChannelOption
 306:            37           1184  java.lang.ThreadLocal$ThreadLocalMap$Entry (java.base@11.0.8)
 307:            21           1176  org.apache.logging.log4j.core.util.datetime.FixedDateFormat$FixedFormat
 308:            29           1160  com.sun.jmx.mbeanserver.PerInterface (java.management@11.0.8)
 309:            29           1160  java.lang.invoke.VarHandleObjects$FieldInstanceReadWrite (java.base@11.0.8)
 310:            48           1152  java.security.Provider$UString (java.base@11.0.8)
 311:            48           1152  java.util.regex.Pattern$BmpCharPropertyGreedy (java.base@11.0.8)
 312:            71           1136  com.sun.proxy.$Proxy8
 313:            47           1128  org.eclipse.jetty.servlet.ServletHandler$MappedServlet
 314:            28           1120  java.math.BigDecimal (java.base@11.0.8)
 315:            46           1104  org.eclipse.jetty.webapp.ClassMatcher$ClassEntry
 316:            34           1088  sun.reflect.annotation.AnnotationType (java.base@11.0.8)
 317:            19           1064  javax.management.openmbean.ArrayType (java.management@11.0.8)
 318:             2           1056  [Ljava.lang.Byte; (java.base@11.0.8)
 319:             2           1056  [Ljava.lang.Long; (java.base@11.0.8)
 320:             2           1056  [Ljava.lang.Short; (java.base@11.0.8)
 321:            48           1056  [Ljavax.management.MBeanConstructorInfo; (java.management@11.0.8)
 322:             1           1040  [Lorg.apache.activemq.openwire.DataStreamMarshaller;
 323:            65           1040  org.eclipse.jetty.io.AbstractByteBufferPool$$Lambda$290/0x000000080044a440
 324:            65           1040  org.eclipse.jetty.io.AbstractByteBufferPool$$Lambda$291/0x0000000800449840
 325:            43           1032  java.util.regex.Pattern$BmpCharProperty (java.base@11.0.8)
 326:            41           1024  [Lcom.sun.management.internal.DiagnosticCommandArgumentInfo; (jdk.management@11.0.8)
 327:            64           1024  java.util.HashMap$EntrySet (java.base@11.0.8)
 328:            15           1016  [Ljava.beans.PropertyDescriptor; (java.desktop@11.0.8)
 329:             7           1008  [Ljava.lang.invoke.MemberName; (java.base@11.0.8)
 330:            55           1008  [Lsun.reflect.generics.tree.FieldTypeSignature; (java.base@11.0.8)
 331:            21           1008  java.util.concurrent.ThreadPoolExecutor$Worker (java.base@11.0.8)
 332:             3           1008  org.apache.activemq.artemis.core.server.impl.QueueImpl
 333:            31            992  java.lang.invoke.VarHandle$AccessDescriptor (java.base@11.0.8)
 334:            31            992  java.lang.invoke.VarHandle$AccessMode (java.base@11.0.8)
 335:            31            992  java.util.concurrent.locks.AbstractQueuedSynchronizer$Node (java.base@11.0.8)
 336:            33            984  [Ljava.security.ProtectionDomain; (java.base@11.0.8)
 337:            41            984  sun.reflect.generics.tree.ClassSignature (java.base@11.0.8)
 338:            61            976  java.util.HashMap$KeySet (java.base@11.0.8)
 339:            10            968  [D (java.base@11.0.8)
 340:            60            960  com.sun.proxy.$Proxy15
 341:            24            960  java.lang.invoke.DirectMethodHandle$Interface (java.base@11.0.8)
 342:            30            960  java.security.Provider$EngineDescription (java.base@11.0.8)
 343:            60            960  java.security.SecureClassLoader$CodeSourceKey (java.base@11.0.8)
 344:            30            960  org.apache.activemq.artemis.utils.collections.LinkedListImpl$NodeHolder
 345:            24            960  org.apache.activemq.artemis.utils.critical.CriticalMeasure
 346:            41            944  [Lsun.reflect.generics.tree.ClassTypeSignature; (java.base@11.0.8)
 347:            13            936  java.util.concurrent.ScheduledThreadPoolExecutor$ScheduledFutureTask (java.base@11.0.8)
 348:             3            936  org.apache.activemq.artemis.core.settings.impl.AddressSettings
 349:            13            936  org.apache.logging.log4j.core.config.LoggerConfig
 350:            39            936  org.eclipse.jetty.webapp.ClassMatcher$PackageEntry
 351:            29            928  java.util.RegularEnumSet (java.base@11.0.8)
 352:            58            928  jdk.internal.module.SystemModuleFinders$3 (java.base@11.0.8)
 353:            29            928  org.eclipse.jetty.util.resource.PathResource
 354:            23            920  com.sun.jmx.mbeanserver.MXBeanSupport (java.management@11.0.8)
 355:            19            912  org.eclipse.jetty.http.MimeTypes$Type
 356:            38            912  sun.reflect.generics.scope.MethodScope (java.base@11.0.8)
 357:            28            896  org.apache.logging.log4j.core.config.builder.api.Component
 358:            37            888  java.util.regex.Pattern$GroupHead (java.base@11.0.8)
 359:            37            888  java.util.regex.Pattern$GroupTail (java.base@11.0.8)
 360:            37            888  org.eclipse.jetty.http.pathmap.MappedResource
 361:             3            888  org.eclipse.jetty.webapp.WebAppContext
 362:            55            880  com.sun.proxy.$Proxy9
 363:            11            880  java.lang.invoke.BoundMethodHandle$Species_LLLLLLLLIILL (java.base@11.0.8)
 364:            27            872  [Ljava.time.format.DateTimeFormatterBuilder$DateTimePrinterParser; (java.base@11.0.8)
 365:            27            864  [Ljava.io.ObjectStreamField; (java.base@11.0.8)
 366:            36            864  com.sun.org.apache.xerces.internal.impl.xs.traversers.SmallContainer (java.xml@11.0.8)
 367:            27            864  java.util.concurrent.atomic.AtomicIntegerFieldUpdater$AtomicIntegerFieldUpdaterImpl (java.base@11.0.8)
 368:            54            864  java.util.jar.Attributes (java.base@11.0.8)
 369:            53            848  org.apache.commons.beanutils.converters.ConverterFacade
 370:            35            840  java.lang.management.ManagementPermission (java.management@11.0.8)
 371:            15            840  sun.util.calendar.ZoneInfo (java.base@11.0.8)
 372:            34            816  java.lang.ProcessEnvironment$Value (java.base@11.0.8)
 373:            34            816  java.lang.ProcessEnvironment$Variable (java.base@11.0.8)
 374:             5            800  [Lio.netty.util.concurrent.EventExecutor;
 375:            25            800  io.airlift.airline.model.ArgumentsMetadata
 376:            33            792  java.lang.invoke.Invokers (java.base@11.0.8)
 377:            49            784  java.util.LinkedHashMap$LinkedEntrySet (java.base@11.0.8)
 378:            14            784  javax.management.openmbean.CompositeType (java.management@11.0.8)
 379:            14            784  javax.management.openmbean.OpenMBeanParameterInfoSupport (java.management@11.0.8)
 380:            48            768  com.google.common.collect.RegularImmutableList
 381:            16            768  com.sun.beans.util.Cache$Kind$Soft (java.desktop@11.0.8)
 382:            32            768  com.sun.jmx.mbeanserver.DefaultMXBeanMappingFactory$IdentityMapping (java.management@11.0.8)
 383:            24            768  com.sun.jmx.mbeanserver.WeakIdentityHashMap$IdentityWeakReference (java.management@11.0.8)
 384:            32            768  io.netty.util.internal.logging.LocationAwareSlf4JLogger
 385:            12            768  java.lang.ClassValue$ClassValueMap (java.base@11.0.8)
 386:            32            768  java.util.concurrent.ConcurrentHashMap$KeySetView (java.base@11.0.8)
 387:             2            752  [Ljava.time.ZoneOffset; (java.base@11.0.8)
 388:            47            752  com.sun.proxy.$Proxy16
 389:            27            720  [Ljavax.xml.namespace.QName; (java.xml@11.0.8)
 390:            45            720  java.util.HashMap$Values (java.base@11.0.8)
 391:            22            704  [Ljava.lang.invoke.LambdaFormEditor$Transform; (java.base@11.0.8)
 392:             2            672  [Lorg.eclipse.jetty.http.HttpHeader;
 393:            28            672  org.apache.activemq.artemis.api.core.management.CoreNotificationType
 394:            38            664  [Lsun.reflect.generics.tree.TypeSignature; (java.base@11.0.8)
 395:            14            648  [S (java.base@11.0.8)
 396:            27            648  java.time.format.DateTimeFormatterBuilder$CompositePrinterParser (java.base@11.0.8)
 397:             9            648  java.util.ResourceBundle$CacheKey (java.base@11.0.8)
 398:            27            648  java.util.regex.Pattern$CharPropertyGreedy (java.base@11.0.8)
 399:             9            648  org.apache.activemq.artemis.core.journal.impl.JournalFileImpl
 400:             8            640  [Ljava.util.concurrent.RunnableScheduledFuture; (java.base@11.0.8)
 401:             8            640  [Lorg.apache.activemq.artemis.utils.collections.ConcurrentLongHashMap$Section;
 402:             8            640  com.google.common.cache.LocalCache$Segment
 403:             5            640  io.netty.util.internal.InternalThreadLocalMap
 404:            10            640  java.lang.invoke.BoundMethodHandle$Species_LLLLLLII (java.base@11.0.8)
 405:             8            640  java.lang.invoke.BoundMethodHandle$Species_LLLLLLLLLLLLL (java.base@11.0.8)
 406:            16            640  java.lang.invoke.DirectMethodHandle$Constructor (java.base@11.0.8)
 407:             8            640  java.util.concurrent.ScheduledThreadPoolExecutor (java.base@11.0.8)
 408:            20            640  org.eclipse.jetty.http.PreEncodedHttpField
 409:             3            624  [Ljava.lang.invoke.LambdaForm; (java.base@11.0.8)
 410:            26            624  com.sun.jmx.mbeanserver.StandardMBeanSupport (java.management@11.0.8)
 411:            26            624  java.time.LocalTime (java.base@11.0.8)
 412:            39            624  org.apache.activemq.artemis.utils.actors.ProcessorBase$$Lambda$179/0x000000080035ec40
 413:            38            608  com.sun.proxy.$Proxy11
 414:            19            608  java.time.format.DateTimeFormatterBuilder$NumberPrinterParser (java.base@11.0.8)
 415:            19            608  java.util.concurrent.atomic.AtomicLongFieldUpdater$CASUpdater (java.base@11.0.8)
 416:            19            608  javax.management.MBeanConstructorInfo (java.management@11.0.8)
 417:            19            608  org.eclipse.jetty.servlet.FilterMapping
 418:            33            600  [Ljava.lang.reflect.TypeVariable; (java.base@11.0.8)
 419:            15            600  java.time.format.DateTimeFormatter (java.base@11.0.8)
 420:            15            600  java.util.concurrent.atomic.LongAccumulator (java.base@11.0.8)
 421:             1            592  org.apache.activemq.artemis.core.config.impl.FileConfiguration
 422:            12            576  com.sun.org.apache.xerces.internal.util.XMLAttributesImpl$Attribute (java.xml@11.0.8)
 423:            24            576  com.sun.org.apache.xerces.internal.util.XMLStringBuffer (java.xml@11.0.8)
 424:            18            576  java.lang.ClassValue$Entry (java.base@11.0.8)
 425:            18            576  java.net.InetAddress$InetAddressHolder (java.base@11.0.8)
 426:             4            576  java.text.DecimalFormat (java.base@11.0.8)
 427:            18            576  java.util.ResourceBundle$KeyElementReference (java.base@11.0.8)
 428:            12            576  java.util.concurrent.locks.ReentrantReadWriteLock$NonfairSync (java.base@11.0.8)
 429:            18            576  org.apache.activemq.artemis.utils.AbstractLatch$CountSync
 430:            12            576  org.apache.activemq.artemis.utils.ActiveMQThreadFactory
 431:            24            576  org.apache.activemq.artemis.utils.critical.CriticalMeasure$1
 432:             8            576  sun.nio.ch.FileChannelImpl (java.base@11.0.8)
 433:             6            576  sun.nio.ch.KQueueSelectorImpl (java.base@11.0.8)
 434:             6            576  sun.util.calendar.Gregorian$Date (java.base@11.0.8)
 435:             2            560  [Lorg.eclipse.jetty.io.ByteBufferPool$Bucket;
 436:            10            560  java.util.Properties (java.base@11.0.8)
 437:             7            560  java.util.concurrent.TimeUnit (java.base@11.0.8)
 438:            14            560  javax.management.openmbean.SimpleType (java.management@11.0.8)
 439:             7            560  org.apache.activemq.artemis.utils.SizeAwareMetric
 440:             2            544  [Ljava.lang.Character; (java.base@11.0.8)
 441:             2            544  [Lorg.eclipse.jetty.io.ArrayRetainableByteBufferPool$Bucket;
 442:            34            544  com.sun.proxy.$Proxy20
 443:            17            544  java.util.Collections$UnmodifiableMap (java.base@11.0.8)
 444:             1            528  [Ljava.util.TimerTask; (java.base@11.0.8)
 445:            11            528  com.sun.jmx.mbeanserver.DefaultMXBeanMappingFactory$CompositeMapping (java.management@11.0.8)
 446:            22            528  java.util.regex.Pattern$BitClass (java.base@11.0.8)
 447:             3            528  org.apache.activemq.artemis.core.paging.impl.PagingStoreImpl
 448:             4            520  [Ljava.util.concurrent.ConcurrentMap; (java.base@11.0.8)
 449:             5            520  io.netty.channel.kqueue.KQueueServerSocketChannel
 450:            13            520  org.apache.activemq.artemis.core.version.impl.VersionImpl
 451:            13            520  org.eclipse.jetty.util.ArrayTrie
 452:            16            512  java.time.temporal.ChronoUnit (java.base@11.0.8)
 453:            16            512  java.util.regex.Pattern$Branch (java.base@11.0.8)
 454:            21            504  com.sun.org.apache.xerces.internal.xni.XMLString (java.xml@11.0.8)
 455:            21            504  java.lang.ThreadLocal$ThreadLocalMap (java.base@11.0.8)
 456:             7            504  java.lang.invoke.BoundMethodHandle$Species_LLLLLLLIIL (java.base@11.0.8)
 457:            21            504  java.util.AbstractMap$SimpleImmutableEntry (java.base@11.0.8)
 458:             9            504  org.apache.activemq.artemis.core.io.nio.NIOSequentialFile
 459:             9            504  org.eclipse.jetty.servlet.ListenerHolder
 460:             7            496  [Lsun.invoke.util.Wrapper; (java.base@11.0.8)
 461:             3            480  com.sun.org.apache.xerces.internal.impl.xs.SchemaGrammar$BuiltinSchemaGrammar (java.xml@11.0.8)
 462:            30            480  jdk.internal.reflect.BootstrapConstructorAccessorImpl (java.base@11.0.8)
 463:             6            480  org.eclipse.jetty.io.ManagedSelector
 464:             6            480  org.eclipse.jetty.util.thread.strategy.AdaptiveExecutionStrategy
 465:            10            480  sun.invoke.util.Wrapper (java.base@11.0.8)
 466:            21            464  [Ljavax.management.MBeanNotificationInfo; (java.management@11.0.8)
 467:            19            456  java.time.Duration (java.base@11.0.8)
 468:             3            456  org.eclipse.jetty.server.session.SessionHandler
 469:            19            456  org.eclipse.jetty.servlet.FilterHolder$Config
 470:             4            448  java.util.GregorianCalendar (java.base@11.0.8)
 471:             8            448  sun.management.MemoryPoolImpl (java.management@11.0.8)
 472:            11            440  java.util.IdentityHashMap (java.base@11.0.8)
 473:            18            432  java.text.DateFormat$Field (java.base@11.0.8)
 474:             9            432  java.util.ResourceBundle$BundleReference (java.base@11.0.8)
 475:             6            432  java.util.concurrent.ThreadPoolExecutor (java.base@11.0.8)
 476:             9            432  org.apache.activemq.artemis.core.server.impl.QueueMessageMetrics
 477:            18            432  org.apache.commons.logging.impl.Jdk14Logger
 478:            18            432  org.apache.logging.log4j.core.pattern.PatternFormatter
 479:             3            432  org.eclipse.jetty.servlet.ServletHandler
 480:             6            432  org.eclipse.jetty.util.resource.JarFileResource
 481:            18            432  org.eclipse.jetty.xml.XmlParser$Attribute
 482:             1            424  [Lcom.sun.org.apache.xerces.internal.util.SymbolTable$Entry; (java.xml@11.0.8)
 483:             4            416  com.sun.org.apache.xerces.internal.impl.dv.xs.AbstractDateTimeDV$DateTimeData (java.xml@11.0.8)
 484:            13            416  com.sun.org.apache.xerces.internal.util.AugmentationsImpl$SmallContainer (java.xml@11.0.8)
 485:            13            416  jdk.internal.reflect.UnsafeBooleanFieldAccessorImpl (java.base@11.0.8)
 486:            13            416  org.eclipse.jetty.servlet.ServletMapping
 487:            13            416  sun.security.jca.ProviderConfig (java.base@11.0.8)
 488:            17            408  java.lang.RuntimePermission (java.base@11.0.8)
 489:            17            408  java.util.regex.Pattern$Start (java.base@11.0.8)
 490:            17            408  javax.management.StandardMBean (java.management@11.0.8)
 491:            17            408  jdk.internal.util.jar.JarIndex (java.base@11.0.8)
 492:            17            408  sun.nio.ch.OptionKey (java.base@11.0.8)
 493:            17            408  sun.nio.ch.SocketOptionRegistry$RegistryKey (java.base@11.0.8)
 494:            10            400  com.sun.org.apache.xerces.internal.impl.xpath.regex.RangeToken (java.xml@11.0.8)
 495:            10            400  io.netty.channel.group.DefaultChannelGroup
 496:            10            400  java.lang.OutOfMemoryError (java.base@11.0.8)
 497:            10            400  jdk.internal.reflect.UnsafeQualifiedStaticObjectFieldAccessorImpl (java.base@11.0.8)
 498:             1            400  org.apache.activemq.artemis.core.remoting.server.impl.RemotingServiceImpl$FailureCheckAndFlushThread
 499:             9            392  [Ljava.lang.invoke.MethodType; (java.base@11.0.8)
 500:             4            384  [Lcom.sun.org.apache.xerces.internal.xni.QName; (java.xml@11.0.8)
 501:            16            384  [Ljava.util.regex.Pattern$Node; (java.base@11.0.8)
 502:            16            384  com.sun.org.apache.xerces.internal.impl.xpath.regex.Op$RangeOp (java.xml@11.0.8)
 503:             8            384  java.beans.BeanDescriptor (java.desktop@11.0.8)
 504:             1            384  java.lang.ref.Finalizer$FinalizerThread (java.base@11.0.8)
 505:             1            384  java.util.TimerThread (java.base@11.0.8)
 506:             1            384  java.util.logging.LogManager$Cleaner (java.logging@11.0.8)
 507:             1            384  jdk.internal.misc.InnocuousThread (java.base@11.0.8)
 508:             1            384  org.apache.activemq.artemis.cli.commands.Run$3
 509:             4            384  org.apache.activemq.artemis.core.server.impl.AddressInfo
 510:            12            384  org.apache.logging.log4j.core.config.AwaitCompletionReliabilityStrategy
 511:             3            384  org.eclipse.jetty.webapp.WebAppClassLoader
 512:            12            384  sun.reflect.generics.reflectiveObjects.TypeVariableImpl (java.base@11.0.8)
 513:             1            376  java.lang.ref.Reference$ReferenceHandler (java.base@11.0.8)
 514:            10            368  [Ljava.lang.Boolean; (java.base@11.0.8)
 515:            23            368  java.util.TreeSet (java.base@11.0.8)
 516:            23            368  java.util.concurrent.ConcurrentHashMap$ValuesView (java.base@11.0.8)
 517:            23            368  java.util.concurrent.atomic.AtomicReference (java.base@11.0.8)
 518:             4            360  [Ljava.lang.Thread; (java.base@11.0.8)
 519:             1            360  com.sun.org.apache.xerces.internal.impl.XMLNSDocumentScannerImpl (java.xml@11.0.8)
 520:             9            360  com.sun.org.apache.xerces.internal.utils.XMLSecurityManager$Limit (java.xml@11.0.8)
 521:             5            360  io.netty.channel.kqueue.KQueueServerSocketChannelConfig
 522:             9            360  java.lang.ClassLoader$NativeLibrary (java.base@11.0.8)
 523:            11            352  java.util.concurrent.atomic.AtomicReferenceFieldUpdater$AtomicReferenceFieldUpdaterImpl (java.base@11.0.8)
 524:            22            352  java.util.regex.Pattern$$Lambda$26/0x0000000800126840 (java.base@11.0.8)
 525:            22            352  java.util.regex.Pattern$BitClass$$Lambda$25/0x0000000800127440 (java.base@11.0.8)
 526:            11            352  org.eclipse.jetty.http.HttpHeaderValue
 527:            14            336  com.sun.org.apache.xerces.internal.impl.xpath.regex.Op$ChildOp (java.xml@11.0.8)
 528:            21            336  com.sun.proxy.$Proxy3
 529:             6            336  java.nio.DirectLongBufferU (java.base@11.0.8)
 530:            14            336  java.util.concurrent.Executors$RunnableAdapter (java.base@11.0.8)
 531:            14            336  java.util.concurrent.locks.ReentrantReadWriteLock (java.base@11.0.8)
 532:            14            336  java.util.regex.Pattern$$Lambda$158/0x0000000800312040 (java.base@11.0.8)
 533:            14            336  java.util.regex.Pattern$Dollar (java.base@11.0.8)
 534:            14            336  java.util.regex.Pattern$Ques (java.base@11.0.8)
 535:             6            336  org.apache.commons.collections.FastHashMap
 536:             7            336  org.apache.logging.log4j.core.lookup.ConfigurationStrSubstitutor
 537:             7            336  sun.util.resources.Bundles$BundleReference (java.base@11.0.8)
 538:            10            320  com.sun.org.apache.xerces.internal.impl.XMLEntityManager$EncodingInfo (java.xml@11.0.8)
 539:            20            320  com.sun.proxy.$Proxy1
 540:            20            320  com.sun.proxy.$Proxy6
 541:             5            320  io.netty.channel.ChannelOutboundBuffer
 542:             5            320  io.netty.channel.DefaultChannelPipeline$HeadContext
 543:             8            320  java.beans.GenericBeanInfo (java.desktop@11.0.8)
 544:             4            320  java.lang.invoke.BoundMethodHandle$Species_LLLLLLLLLLLII (java.base@11.0.8)
 545:            10            320  java.net.Inet6Address (java.base@11.0.8)
 546:            10            320  java.net.Inet6Address$Inet6AddressHolder (java.base@11.0.8)
 547:             5            320  java.nio.DirectByteBufferR (java.base@11.0.8)
 548:            10            320  javax.management.MBeanNotificationInfo (java.management@11.0.8)
 549:             8            320  sun.management.MemoryPoolImpl$CollectionSensor (java.management@11.0.8)
 550:             8            320  sun.management.MemoryPoolImpl$PoolSensor (java.management@11.0.8)
 551:             6            312  [Lcom.sun.org.apache.xerces.internal.impl.xs.util.SimpleLocator; (java.xml@11.0.8)
 552:             3            312  org.apache.activemq.artemis.core.messagecounter.MessageCounter
 553:            13            312  org.eclipse.jetty.servlet.ServletHolder$Config
 554:            19            304  java.util.regex.Pattern$$Lambda$38/0x0000000800157440 (java.base@11.0.8)
 555:             9            288  com.sun.beans.introspect.ClassInfo (java.desktop@11.0.8)
 556:            12            288  com.sun.org.apache.xerces.internal.impl.xpath.regex.Token$CharToken (java.xml@11.0.8)
 557:            12            288  java.net.StandardSocketOptions$StdSocketOption (java.base@11.0.8)
 558:             4            288  java.text.DecimalFormatSymbols (java.base@11.0.8)
 559:            12            288  java.time.Month (java.base@11.0.8)
 560:            18            288  java.util.concurrent.ConcurrentHashMap$EntrySetView (java.base@11.0.8)
 561:             6            288  java.util.concurrent.LinkedBlockingQueue (java.base@11.0.8)
 562:             9            288  java.util.logging.Level (java.logging@11.0.8)
 563:             9            288  java.util.logging.Level$KnownLevel (java.logging@11.0.8)
 564:            12            288  java.util.regex.Pattern$BmpCharPredicate$$Lambda$73/0x00000008001c1840 (java.base@11.0.8)
 565:             9            288  jdk.internal.org.objectweb.asm.Type (java.base@11.0.8)
 566:             2            288  org.apache.activemq.artemis.core.journal.impl.JournalImpl
 567:             3            288  org.apache.activemq.artemis.core.paging.cursor.impl.PageSubscriptionCounterImpl
 568:             1            288  org.apache.activemq.artemis.core.server.impl.ActiveMQServerImpl
 569:            18            288  org.apache.activemq.artemis.utils.ReusableLatch
 570:            18            288  org.apache.activemq.artemis.utils.collections.ConcurrentHashSet
 571:             3            288  org.eclipse.jetty.security.ConstraintSecurityHandler
 572:             9            288  org.eclipse.jetty.util.statistic.SampleStatistic
 573:            12            288  sun.reflect.generics.tree.FormalTypeParameter (java.base@11.0.8)
 574:             1            280  [Ljava.lang.invoke.LambdaForm$Kind; (java.base@11.0.8)
 575:             5            280  io.netty.bootstrap.ServerBootstrap
 576:             5            280  io.netty.channel.DefaultChannelHandlerContext
 577:             5            280  io.netty.channel.DefaultChannelPipeline$TailContext
 578:             5            280  io.netty.channel.kqueue.AbstractKQueueServerChannel$KQueueServerSocketUnsafe
 579:             5            280  java.lang.invoke.BoundMethodHandle$Species_LIILLL (java.base@11.0.8)
 580:             5            280  org.eclipse.jetty.util.thread.ScheduledExecutorScheduler
 581:            17            272  java.time.format.DateTimeFormatterBuilder$CharLiteralPrinterParser (java.base@11.0.8)
 582:             2            272  org.apache.activemq.artemis.api.core.QueueConfiguration
 583:            17            272  sun.invoke.util.ValueConversions$WrapperCache (java.base@11.0.8)
 584:            11            264  java.lang.annotation.ElementType (java.base@11.0.8)
 585:            11            264  java.lang.invoke.MethodHandleImpl$Intrinsic (java.base@11.0.8)
 586:            11            264  java.util.Collections$SynchronizedSet (java.base@11.0.8)
 587:            11            264  java.util.concurrent.ConcurrentSkipListMap$Node (java.base@11.0.8)
 588:            11            264  java.util.regex.Pattern$SliceI (java.base@11.0.8)
 589:            11            264  org.apache.logging.log4j.core.util.datetime.FastDateParser$StrategyAndWidth
 590:            11            264  sun.reflect.generics.repository.FieldRepository (java.base@11.0.8)
 591:             4            256  [Lcom.sun.org.apache.xerces.internal.impl.xs.XSElementDecl; (java.xml@11.0.8)
 592:             2            256  com.google.common.cache.LocalCache
 593:             8            256  com.sun.beans.util.Cache$CacheEntry (java.desktop@11.0.8)
 594:             8            256  java.lang.reflect.ProxyGenerator$PrimitiveTypeInfo (java.base@11.0.8)
 595:             8            256  java.util.concurrent.ScheduledThreadPoolExecutor$DelayedWorkQueue (java.base@11.0.8)
 596:            16            256  java.util.regex.Pattern$BranchConn (java.base@11.0.8)
 597:             8            256  org.apache.logging.log4j.core.lookup.Interpolator
 598:            16            256  org.apache.logging.log4j.core.lookup.SystemPropertiesLookup
 599:             8            256  org.eclipse.jetty.http.HttpCompliance$Violation
 600:             7            248  [Ljava.lang.annotation.ElementType; (java.base@11.0.8)
 601:             8            248  [Ljava.util.Map$Entry; (java.base@11.0.8)
 602:             3            240  [Lcom.sun.org.apache.xerces.internal.impl.xs.XSComplexTypeDecl; (java.xml@11.0.8)
 603:            10            240  com.sun.org.apache.xerces.internal.impl.XMLScanner$NameType (java.xml@11.0.8)
 604:             5            240  io.netty.channel.AbstractChannel$CloseFuture
 605:             5            240  io.netty.channel.DefaultChannelPipeline
 606:            10            240  io.netty.channel.VoidChannelPromise
 607:             3            240  java.lang.invoke.BoundMethodHandle$Species_LLLLLLLLLIIL (java.base@11.0.8)
 608:            10            240  java.nio.charset.CoderResult (java.base@11.0.8)
 609:            10            240  java.nio.file.StandardOpenOption (java.base@11.0.8)
 610:             6            240  java.util.Collections$SingletonMap (java.base@11.0.8)
 611:            10            240  java.util.concurrent.LinkedBlockingQueue$Node (java.base@11.0.8)
 612:            15            240  java.util.regex.Pattern$Begin (java.base@11.0.8)
 613:            10            240  org.apache.activemq.artemis.commons.shaded.json.stream.JsonParser$Event
 614:             3            240  org.apache.activemq.artemis.core.paging.cursor.impl.PageSubscriptionImpl
 615:             3            240  org.apache.activemq.artemis.core.paging.impl.PageSyncTimer
 616:            10            240  org.apache.http.message.BasicHeader
 617:             2            240  org.apache.logging.log4j.core.appender.rolling.RollingFileManager
 618:             5            240  org.apache.logging.log4j.core.config.AppenderControl
 619:             3            240  org.apache.logging.log4j.core.util.datetime.FixedDateFormat
 620:             3            240  org.eclipse.jetty.webapp.MetaData
 621:             5            240  sun.util.locale.provider.LocaleResources$ResourceReference (java.base@11.0.8)
 622:             2            224  [Lio.netty.buffer.PoolArena;
 623:             5            224  [Ljava.lang.invoke.LambdaForm$NamedFunction; (java.base@11.0.8)
 624:             7            224  io.airlift.airline.model.CommandGroupMetadata
 625:             7            224  java.lang.invoke.VarHandleInts$FieldInstanceReadWrite (java.base@11.0.8)
 626:            14            224  java.util.concurrent.locks.ReentrantReadWriteLock$ReadLock (java.base@11.0.8)
 627:            14            224  java.util.concurrent.locks.ReentrantReadWriteLock$Sync$ThreadLocalHoldCounter (java.base@11.0.8)
 628:            14            224  java.util.concurrent.locks.ReentrantReadWriteLock$WriteLock (java.base@11.0.8)
 629:             7            224  org.apache.activemq.artemis.commons.shaded.johnzon.core.JsonObjectImpl
 630:             7            224  sun.util.resources.Bundles$CacheKey (java.base@11.0.8)
 631:             9            216  java.nio.file.attribute.PosixFilePermission (java.base@11.0.8)
 632:             3            216  java.security.SecureRandom (java.base@11.0.8)
 633:             9            216  java.util.regex.Pattern$$Lambda$72/0x00000008001c2440 (java.base@11.0.8)
 634:             9            216  org.apache.activemq.artemis.core.io.nio.NIOSequentialFile$SyncLocalBufferObserver
 635:             9            216  org.apache.activemq.artemis.core.journal.impl.JournalRecord
 636:             9            216  org.apache.logging.log4j.MarkerManager$Log4jMarker
 637:             3            216  org.eclipse.jetty.server.session.DefaultSessionCache
 638:             3            216  sun.security.provider.NativePRNG$RandomIO (java.base@11.0.8)
 639:            13            208  com.sun.org.apache.xerces.internal.util.AugmentationsImpl (java.xml@11.0.8)
 640:            13            208  com.sun.proxy.$Proxy26
 641:            13            208  java.util.concurrent.CopyOnWriteArraySet (java.base@11.0.8)
 642:            13            208  org.apache.logging.log4j.core.config.AppenderControlArraySet
 643:             2            200  [Ljava.text.DateFormat$Field; (java.base@11.0.8)
 644:             1            200  com.sun.org.apache.xerces.internal.impl.XMLDTDScannerImpl (java.xml@11.0.8)
 645:             1            200  com.sun.org.apache.xerces.internal.parsers.XIncludeAwareParserConfiguration (java.xml@11.0.8)
 646:             5            200  io.netty.bootstrap.ServerBootstrap$ServerBootstrapAcceptor
 647:             5            200  java.lang.invoke.MethodHandleImpl$IntrinsicMethodHandle (java.base@11.0.8)
 648:             5            200  java.util.EnumMap (java.base@11.0.8)
 649:             5            200  java.util.stream.StreamOpFlag (java.base@11.0.8)
 650:             5            200  jdk.internal.loader.URLClassPath (java.base@11.0.8)
 651:             5            200  org.apache.logging.log4j.core.pattern.DatePatternConverter
 652:             5            200  org.eclipse.jetty.http.HttpVersion
 653:             5            192  [Lorg.apache.activemq.artemis.utils.critical.CriticalMeasure;
 654:             1            192  [Lorg.jolokia.config.ConfigKey;
 655:             8            192  com.google.common.cache.LocalCache$AccessQueue$1
 656:             8            192  com.google.common.cache.LocalCache$WriteQueue$1
 657:             8            192  com.sun.beans.introspect.PropertyInfo$Name (java.desktop@11.0.8)
 658:             6            192  com.sun.jmx.mbeanserver.DefaultMXBeanMappingFactory$CollectionMapping (java.management@11.0.8)
 659:             6            192  com.sun.org.apache.xerces.internal.impl.xpath.regex.Token$ClosureToken (java.xml@11.0.8)
 660:             4            192  com.sun.org.apache.xerces.internal.impl.xs.SchemaGrammar$BuiltinAttrDecl (java.xml@11.0.8)
 661:             6            192  com.sun.xml.bind.v2.model.impl.ClassInfoImpl$SecondaryAnnotation
 662:             6            192  java.lang.invoke.LambdaForm$BasicType (java.base@11.0.8)
 663:             8            192  java.math.RoundingMode (java.base@11.0.8)
 664:             8            192  java.net.Inet4Address (java.base@11.0.8)
 665:             8            192  java.net.NetPermission (java.base@11.0.8)
 666:             6            192  java.time.format.TextStyle (java.base@11.0.8)
 667:             6            192  java.util.ImmutableCollections$MapN (java.base@11.0.8)
 668:             8            192  java.util.concurrent.ConcurrentSkipListMap$Index (java.base@11.0.8)
 669:             8            192  java.util.regex.Pattern$CharProperty (java.base@11.0.8)
 670:             8            192  java.util.regex.Pattern$Slice (java.base@11.0.8)
 671:             8            192  org.apache.activemq.artemis.commons.shaded.johnzon.core.JsonGeneratorImpl$GeneratorState
 672:             8            192  org.apache.activemq.artemis.core.config.HAPolicyConfiguration$TYPE
 673:             3            192  org.apache.activemq.artemis.core.io.nio.NIOSequentialFileFactory
 674:             4            192  org.apache.activemq.artemis.core.management.impl.AddressControlImpl
 675:             8            192  org.apache.activemq.artemis.core.server.ActiveMQScheduledComponent$$Lambda$173/0x0000000800337040
 676:             8            192  org.apache.logging.log4j.Level
 677:             8            192  org.apache.logging.log4j.core.appender.rolling.RolloverFrequency
 678:             3            192  org.apache.logging.log4j.core.layout.PatternLayout
 679:             8            192  org.apache.logging.log4j.core.lookup.PropertiesLookup
 680:             8            192  org.apache.logging.log4j.core.pattern.SimpleLiteralPatternConverter$StringValue
 681:             8            192  org.apache.logging.log4j.spi.StandardLevel
 682:             6            192  org.eclipse.jetty.http.UriCompliance$Violation
 683:             6            192  org.eclipse.jetty.http.pathmap.PathMappings
 684:             6            192  org.eclipse.jetty.security.ConstraintMapping
 685:             3            192  org.eclipse.jetty.server.session.NullSessionDataStore
 686:             3            192  org.eclipse.jetty.servlet.DefaultServlet
 687:             3            192  org.eclipse.jetty.servlet.ErrorPageErrorHandler
 688:             6            192  org.eclipse.jetty.util.security.Constraint
 689:             8            192  org.jolokia.util.RequestType
 690:             8            192  sun.nio.ch.NativeThreadSet (java.base@11.0.8)
 691:             1            176  [Lorg.eclipse.jetty.http.HttpMethod;
 692:             1            176  com.sun.org.apache.xerces.internal.impl.dtd.XMLNSDTDValidator (java.xml@11.0.8)
 693:            11            176  com.sun.org.apache.xerces.internal.impl.xs.util.XInt (java.xml@11.0.8)
 694:             2            176  org.apache.activemq.artemis.core.journal.impl.JournalFilesRepository
 695:             2            176  org.apache.activemq.artemis.protocol.amqp.broker.ProtonProtocolManager
 696:             1            176  org.apache.logging.log4j.core.config.properties.PropertiesConfiguration
 697:            11            176  org.apache.logging.log4j.core.util.datetime.FastDateParser$NumberStrategy
 698:             3            168  [Lorg.apache.activemq.artemis.utils.collections.LinkedListImpl;
 699:             2            168  [[Ljava.lang.String; (java.base@11.0.8)
 700:             1            168  [[Ljava.math.BigInteger; (java.base@11.0.8)
 701:             3            168  com.sun.org.apache.xerces.internal.impl.xs.XSDDescription (java.xml@11.0.8)
 702:             7            168  com.sun.org.apache.xerces.internal.util.FeatureState (java.xml@11.0.8)
 703:             7            168  com.sun.xml.bind.v2.model.impl.ClassInfoImpl$PropertyGroup
 704:             7            168  java.lang.Double (java.base@11.0.8)
 705:             7            168  java.lang.System$Logger$Level (java.base@11.0.8)
 706:             7            168  java.lang.ThreadLocal$SuppliedThreadLocal (java.base@11.0.8)
 707:             7            168  java.lang.invoke.VarForm (java.base@11.0.8)
 708:             7            168  java.time.DayOfWeek (java.base@11.0.8)
 709:             7            168  java.time.ZoneOffset (java.base@11.0.8)
 710:             3            168  javax.management.openmbean.OpenMBeanOperationInfoSupport (java.management@11.0.8)
 711:             7            168  org.apache.activemq.artemis.commons.shaded.johnzon.core.BufferStrategyFactory$CharBufferQueueProvider
 712:             7            168  org.apache.activemq.artemis.commons.shaded.json.JsonValue$ValueType
 713:             3            168  org.apache.activemq.artemis.core.management.impl.QueueControlImpl
 714:             3            168  org.apache.commons.beanutils.WeakFastHashMap
 715:             7            168  org.eclipse.jetty.http.UriCompliance
 716:             7            168  org.eclipse.jetty.http.pathmap.MatchedPath$2
 717:             3            168  org.eclipse.jetty.server.CachedContentFactory
 718:             3            168  org.eclipse.jetty.server.ResourceService
 719:             1            168  org.eclipse.jetty.server.ServerConnector
 720:             3            168  org.eclipse.jetty.util.MultiMap
 721:             7            168  org.eclipse.jetty.webapp.Origin
 722:             4            160  [F (java.base@11.0.8)
 723:             3            160  [Ljava.math.BigDecimal; (java.base@11.0.8)
 724:             3            160  [Ljava.util.logging.Level; (java.logging@11.0.8)
 725:             5            160  com.sun.xml.bind.v2.model.core.PropertyKind
 726:             5            160  io.netty.channel.DefaultChannelId
 727:            10            160  io.netty.channel.group.DefaultChannelGroup$1
 728:            10            160  io.netty.channel.group.VoidChannelGroupFuture
 729:             5            160  io.netty.channel.kqueue.KQueueEventLoopGroup
 730:             4            160  java.io.FileOutputStream (java.base@11.0.8)
 731:             5            160  java.lang.invoke.VarHandle$AccessType (java.base@11.0.8)
 732:             4            160  java.text.DigitList (java.base@11.0.8)
 733:            10            160  java.util.Formatter$Flags (java.base@11.0.8)
 734:             5            160  java.util.regex.Pattern$Curly (java.base@11.0.8)
 735:             5            160  javax.management.StandardEmitterMBean (java.management@11.0.8)
 736:             4            160  javax.xml.catalog.CatalogFeatures$Feature (java.xml@11.0.8)
 737:             4            160  jdk.xml.internal.JdkXmlFeatures$XmlFeature (java.xml@11.0.8)
 738:             5            160  org.apache.activemq.artemis.api.core.TransportConfiguration
 739:             5            160  org.apache.activemq.artemis.core.management.impl.AcceptorControlImpl
 740:             4            160  org.apache.activemq.artemis.core.postoffice.impl.AddressPartNode
 741:             5            160  org.apache.activemq.artemis.core.protocol.ProtocolHandler
 742:             2            160  org.apache.activemq.artemis.utils.ActiveMQThreadPoolExecutor
 743:            10            160  org.apache.activemq.artemis.utils.actors.HandlerBase$Counter
 744:             4            160  org.apache.commons.beanutils.converters.ByteConverter
 745:             4            160  org.apache.commons.beanutils.converters.DoubleConverter
 746:             4            160  org.apache.commons.beanutils.converters.FloatConverter
 747:             4            160  org.apache.commons.beanutils.converters.IntegerConverter
 748:             4            160  org.apache.commons.beanutils.converters.LongConverter
 749:             4            160  org.apache.commons.beanutils.converters.ShortConverter
 750:             4            160  org.apache.logging.log4j.core.config.Node
 751:             5            160  org.apache.logging.log4j.core.pattern.DatePatternConverter$CachedTime
 752:             4            160  org.eclipse.jetty.webapp.WebInfConfiguration
 753:             5            160  sun.util.locale.provider.LocaleProviderAdapter$Type (java.base@11.0.8)
 754:             1            152  com.sun.org.apache.xerces.internal.impl.XMLEntityManager (java.xml@11.0.8)
 755:             1            144  [Ljava.lang.invoke.VarHandle$AccessMode; (java.base@11.0.8)
 756:             6            144  com.sun.org.apache.xerces.internal.util.Status (java.xml@11.0.8)
 757:             6            144  io.netty.channel.WriteBufferWaterMark
 758:             3            144  io.netty.util.collection.LongObjectHashMap
 759:             6            144  java.lang.Thread$State (java.base@11.0.8)
 760:             3            144  java.lang.ThreadGroup (java.base@11.0.8)
 761:             6            144  java.lang.invoke.StringConcatFactory$Strategy (java.base@11.0.8)
 762:             6            144  java.net.InetSocketAddress$InetSocketAddressHolder (java.base@11.0.8)
 763:             3            144  java.time.temporal.JulianFields$Field (java.base@11.0.8)
 764:             6            144  java.util.Date (java.base@11.0.8)
 765:             9            144  java.util.Hashtable$EntrySet (java.base@11.0.8)
 766:             3            144  java.util.concurrent.ConcurrentSkipListMap (java.base@11.0.8)
 767:             3            144  javax.management.openmbean.TabularType (java.management@11.0.8)
 768:             6            144  javax.xml.datatype.DatatypeConstants$Field (java.xml@11.0.8)
 769:             6            144  jdk.internal.perf.PerfCounter (java.base@11.0.8)
 770:             6            144  org.apache.activemq.artemis.api.core.Pair
 771:             3            144  org.apache.activemq.artemis.core.paging.cursor.impl.PageSubscriptionImpl$CursorIterator
 772:             3            144  org.apache.activemq.artemis.core.postoffice.QueueInfo
 773:             3            144  org.apache.activemq.artemis.core.postoffice.impl.BindingsImpl
 774:             2            144  org.apache.activemq.artemis.core.protocol.mqtt.MQTTProtocolManager
 775:             3            144  org.apache.activemq.artemis.core.protocol.stomp.StompProtocolManager
 776:             6            144  org.apache.activemq.artemis.core.transaction.Transaction$State
 777:             6            144  org.apache.commons.beanutils.BeanIntrospectionData
 778:             3            144  org.apache.commons.beanutils.converters.DateConverter
 779:             6            144  org.apache.logging.log4j.core.LifeCycle$State
 780:             9            144  org.apache.logging.log4j.core.impl.ThreadContextDataInjector$ForDefaultThreadContextMap
 781:             9            144  org.apache.logging.log4j.core.lookup.JmxRuntimeInputArgumentsLookup
 782:             9            144  org.apache.logging.log4j.core.lookup.MapLookup
 783:             6            144  org.eclipse.jetty.http.pathmap.PathSpecGroup
 784:             6            144  org.eclipse.jetty.io.ManagedSelector$SelectorProducer
 785:             6            144  org.eclipse.jetty.security.RoleInfo
 786:             6            144  org.eclipse.jetty.util.statistic.CounterStatistic
 787:             3            144  org.eclipse.jetty.webapp.DefaultsDescriptor
 788:             3            144  org.eclipse.jetty.webapp.WebDescriptor
 789:             9            144  sun.util.logging.internal.LoggingProviderImpl$JULWrapper (java.logging@11.0.8)
 790:             1            136  [Lcom.sun.org.apache.xerces.internal.impl.dv.xs.TypeValidator; (java.xml@11.0.8)
 791:             4            136  [Ljava.lang.CharSequence; (java.base@11.0.8)
 792:             1            136  [Ljava.time.temporal.ChronoField; (java.base@11.0.8)
 793:             4            136  [Lsun.invoke.util.ValueConversions$WrapperCache; (java.base@11.0.8)
 794:             1            136  org.apache.activemq.artemis.core.persistence.impl.journal.JournalStorageManager
 795:             1            136  org.apache.activemq.artemis.core.protocol.openwire.OpenWireProtocolManager
 796:             1            136  org.apache.logging.log4j.core.config.NullConfiguration
 797:             2            128  [Lcom.sun.beans.util.Cache$CacheEntry; (java.desktop@11.0.8)
 798:             2            128  [Ljava.time.Month; (java.base@11.0.8)
 799:             1            128  [Lorg.apache.activemq.artemis.api.core.management.CoreNotificationType;
 800:             8            128  [Lorg.apache.logging.log4j.core.config.AppenderRef;
 801:             3            128  [Lorg.apache.logging.log4j.core.pattern.PatternFormatter;
 802:             8            128  com.google.common.cache.LocalCache$AccessQueue
 803:             8            128  com.google.common.cache.LocalCache$WriteQueue
 804:             4            128  com.sun.jmx.mbeanserver.DefaultMXBeanMappingFactory$ArrayMapping (java.management@11.0.8)
 805:             2            128  com.sun.org.apache.xerces.internal.impl.xpath.regex.RegularExpression (java.xml@11.0.8)
 806:             8            128  io.netty.channel.$Proxy36
 807:             2            128  java.io.ExpiringCache$1 (java.base@11.0.8)
 808:             2            128  java.lang.invoke.BoundMethodHandle$Species_LLLLLIIL (java.base@11.0.8)
 809:             8            128  java.util.Collections$UnmodifiableMap$UnmodifiableEntrySet (java.base@11.0.8)
 810:             8            128  java.util.IdentityHashMap$KeySet (java.base@11.0.8)
 811:             4            128  java.util.concurrent.Semaphore$NonfairSync (java.base@11.0.8)
 812:             4            128  java.util.concurrent.SynchronousQueue (java.base@11.0.8)
 813:             8            128  java.util.concurrent.atomic.AtomicReferenceArray (java.base@11.0.8)
 814:             8            128  org.apache.activemq.artemis.utils.collections.ConcurrentLongHashMap
 815:             4            128  org.apache.commons.beanutils.converters.BooleanConverter
 816:             2            128  org.apache.logging.log4j.core.appender.RollingFileAppender
 817:             2            128  org.apache.logging.log4j.core.appender.rolling.PatternProcessor
 818:             8            128  org.apache.logging.log4j.core.lookup.ContextMapLookup
 819:             8            128  org.apache.logging.log4j.core.lookup.DateLookup
 820:             8            128  org.apache.logging.log4j.core.lookup.EnvironmentLookup
 821:             8            128  org.apache.logging.log4j.core.lookup.EventLookup
 822:             8            128  org.apache.logging.log4j.core.lookup.JavaLookup
 823:             8            128  org.apache.logging.log4j.core.lookup.Log4jLookup
 824:             8            128  org.apache.logging.log4j.core.lookup.LowerLookup
 825:             8            128  org.apache.logging.log4j.core.lookup.MainMapLookup
 826:             8            128  org.apache.logging.log4j.core.lookup.MarkerLookup
 827:             8            128  org.apache.logging.log4j.core.lookup.ResourceBundleLookup
 828:             8            128  org.apache.logging.log4j.core.lookup.StructuredDataLookup
 829:             8            128  org.apache.logging.log4j.core.lookup.UpperLookup
 830:             2            128  org.apache.logging.log4j.core.util.CronExpression
 831:             4            128  org.apache.logging.log4j.core.util.Log4jThreadFactory
 832:             4            128  org.eclipse.jetty.http.HttpScheme
 833:             8            128  org.eclipse.jetty.servlet.ServletHolder$NotAsync
 834:             4            128  org.eclipse.jetty.webapp.FragmentConfiguration
 835:             4            128  org.eclipse.jetty.webapp.JettyWebXmlConfiguration
 836:             4            128  org.eclipse.jetty.webapp.MetaInfConfiguration
 837:             4            128  org.eclipse.jetty.webapp.WebAppConfiguration
 838:             4            128  org.eclipse.jetty.webapp.WebXmlConfiguration
 839:             8            128  sun.nio.ch.FileDispatcherImpl (java.base@11.0.8)
 840:             4            128  sun.security.util.LazyCodeSourcePermissionCollection (java.base@11.0.8)
 841:             3            120  [Ljava.lang.invoke.LambdaForm$BasicType; (java.base@11.0.8)
 842:             5            120  com.sun.org.apache.xerces.internal.impl.xs.traversers.LargeContainer (java.xml@11.0.8)
 843:             1            120  com.sun.org.apache.xerces.internal.jaxp.SAXParserImpl$JAXPSAXParser (java.xml@11.0.8)
 844:             5            120  com.sun.org.apache.xerces.internal.util.PropertyState (java.xml@11.0.8)
 845:             5            120  com.sun.org.apache.xerces.internal.utils.XMLSecurityManager$State (java.xml@11.0.8)
 846:             5            120  com.sun.org.apache.xerces.internal.utils.XMLSecurityPropertyManager$State (java.xml@11.0.8)
 847:             5            120  io.airlift.airline.Context
 848:             5            120  io.netty.bootstrap.ServerBootstrap$ServerBootstrapAcceptor$1
 849:             5            120  io.netty.channel.ServerChannelRecvByteBufAllocator
 850:             5            120  io.netty.channel.SucceededChannelFuture
 851:             5            120  io.netty.channel.kqueue.BsdSocket
 852:             5            120  io.netty.util.concurrent.DefaultEventExecutorChooserFactory$GenericEventExecutorChooser
 853:             5            120  io.netty.util.internal.ThreadExecutorMap$2
 854:             3            120  java.io.FileInputStream (java.base@11.0.8)
 855:             5            120  java.lang.ClassValue$Version (java.base@11.0.8)
 856:             3            120  java.lang.WeakPairMap$Pair$Weak (java.base@11.0.8)
 857:             3            120  java.lang.invoke.BoundMethodHandle$Species_LLL (java.base@11.0.8)
 858:             5            120  java.net.InterfaceAddress (java.base@11.0.8)
 859:             5            120  java.time.format.SignStyle (java.base@11.0.8)
 860:             3            120  java.util.PropertyResourceBundle (java.base@11.0.8)
 861:             5            120  java.util.stream.StreamOpFlag$Type (java.base@11.0.8)
 862:             5            120  javax.servlet.DispatcherType
 863:             5            120  javax.servlet.http.MappingMatch
 864:             5            120  javax.xml.catalog.CatalogFeatures$State (java.xml@11.0.8)
 865:             1            120  jdk.internal.loader.ClassLoaders$AppClassLoader (java.base@11.0.8)
 866:             5            120  jdk.internal.math.FloatingDecimal$PreparedASCIIToBinaryBuffer (java.base@11.0.8)
 867:             5            120  jdk.net.ExtendedSocketOptions$ExtSocketOption (jdk.net@11.0.8)
 868:             5            120  jdk.xml.internal.JdkXmlFeatures$State (java.xml@11.0.8)
 869:             5            120  org.apache.activemq.artemis.core.journal.Journal$JournalState
 870:             5            120  org.apache.activemq.artemis.core.remoting.impl.netty.NettyAcceptor$4
 871:             3            120  org.apache.activemq.artemis.core.server.management.JMXAccessControlList$Access
 872:             5            120  org.apache.logging.log4j.core.config.AppenderRef
 873:             3            120  org.apache.logging.log4j.core.config.ConfigurationSource
 874:             3            120  org.apache.logging.log4j.core.pattern.DatePatternConverter$FixedFormatter
 875:             3            120  org.apache.logging.log4j.core.pattern.ExtendedThrowablePatternConverter
 876:             5            120  org.apache.logging.log4j.core.pattern.PatternParser$ParserState
 877:             5            120  org.eclipse.jetty.http.HttpCompliance
 878:             3            120  org.eclipse.jetty.http.MetaData$Response
 879:             1            120  org.eclipse.jetty.server.HttpConfiguration
 880:             3            120  org.eclipse.jetty.server.SymlinkAllowedResourceAliasChecker
 881:             5            120  org.eclipse.jetty.server.handler.ContextHandler$Availability
 882:             5            120  org.eclipse.jetty.util.component.AbstractLifeCycle$State
 883:             1            120  org.eclipse.jetty.util.thread.QueuedThreadPool
 884:             3            120  org.eclipse.jetty.webapp.StandardDescriptorProcessor
 885:             3            120  org.eclipse.jetty.webapp.WebAppContext$Context
 886:             2            112  [Ljava.nio.file.attribute.PosixFilePermission; (java.base@11.0.8)
 887:             1            112  [Ljava.time.LocalTime; (java.base@11.0.8)
 888:             2            112  [Lorg.apache.activemq.artemis.commons.shaded.json.stream.JsonParser$Event;
 889:             5            112  [Lorg.apache.logging.log4j.core.config.AppenderControl;
 890:             7            112  java.lang.Float (java.base@11.0.8)
 891:             2            112  java.nio.DirectIntBufferRU (java.base@11.0.8)
 892:             7            112  java.util.TreeMap$EntrySet (java.base@11.0.8)
 893:             7            112  java.util.TreeMap$Values (java.base@11.0.8)
 894:             7            112  jdk.internal.loader.ClassLoaderValue (java.base@11.0.8)
 895:             1            112  jdk.internal.loader.ClassLoaders$BootClassLoader (java.base@11.0.8)
 896:             1            112  jdk.internal.loader.ClassLoaders$PlatformClassLoader (java.base@11.0.8)
 897:             2            112  org.apache.activemq.artemis.core.settings.impl.HierarchicalObjectRepository
 898:             2            112  org.apache.activemq.artemis.utils.ActiveMQThreadPoolExecutor$ThreadPoolQueue
 899:             4            104  [Ljava.net.InetAddress; (java.base@11.0.8)
 900:             5            104  [Ljava.nio.file.LinkOption; (java.base@11.0.8)
 901:             1            104  [Lorg.apache.logging.log4j.core.util.datetime.FixedDateFormat$FixedFormat;
 902:             1            104  java.net.URLClassLoader (java.base@11.0.8)
 903:             1            104  org.apache.activemq.artemis.core.paging.cursor.PagedReferenceImpl
 904:             1            104  org.apache.activemq.artemis.core.server.impl.FileLockNodeManager
 905:             1            104  sun.security.jca.ProviderList$1 (java.base@11.0.8)
 906:             1            104  sun.security.provider.Sun (java.base@11.0.8)
 907:             2             96  [Lcom.google.common.cache.LocalCache$EntryFactory;
 908:             1             96  [Lcom.sun.org.apache.xerces.internal.impl.xpath.regex.RegularExpression; (java.xml@11.0.8)
 909:             2             96  [Lcom.sun.org.apache.xerces.internal.utils.XMLSecurityManager$State; (java.xml@11.0.8)
 910:             5             96  [Ljava.lang.StackTraceElement; (java.base@11.0.8)
 911:             2             96  [Ljava.time.DayOfWeek; (java.base@11.0.8)
 912:             4             96  [Lorg.apache.logging.log4j.Marker;
 913:             3             96  [Lorg.apache.logging.log4j.core.util.datetime.FastDatePrinter$Rule;
 914:             2             96  [Lorg.apache.logging.log4j.spi.StandardLevel;
 915:             2             96  [Lorg.eclipse.jetty.http.HttpCompliance$Violation;
 916:             1             96  [Lorg.eclipse.jetty.http.MimeTypes$Type;
 917:             3             96  [Lsun.nio.fs.NativeBuffer; (java.base@11.0.8)
 918:             1             96  [[J (java.base@11.0.8)
 919:             4             96  com.google.common.base.AbstractIterator$State
 920:             4             96  com.sun.jmx.interceptor.DefaultMBeanServerInterceptor$ListenerWrapper (java.management@11.0.8)
 921:             3             96  com.sun.jmx.mbeanserver.DefaultMXBeanMappingFactory$EnumMapping (java.management@11.0.8)
 922:             2             96  com.sun.jmx.mbeanserver.MBeanIntrospector$MBeanInfoMap (java.management@11.0.8)
 923:             2             96  com.sun.jmx.mbeanserver.MBeanIntrospector$PerInterfaceMap (java.management@11.0.8)
 924:             2             96  com.sun.management.internal.GarbageCollectorExtImpl (jdk.management@11.0.8)
 925:             1             96  com.sun.org.apache.xerces.internal.impl.dtd.XMLDTDProcessor (java.xml@11.0.8)
 926:             4             96  com.sun.org.apache.xerces.internal.impl.xpath.regex.Token$ParenToken (java.xml@11.0.8)
 927:             4             96  com.sun.org.apache.xerces.internal.impl.xpath.regex.Token$UnionToken (java.xml@11.0.8)
 928:             3             96  com.sun.org.apache.xerces.internal.util.XMLResourceIdentifierImpl (java.xml@11.0.8)
 929:             3             96  com.sun.org.apache.xerces.internal.utils.XMLSecurityManager$NameMap (java.xml@11.0.8)
 930:             4             96  io.netty.util.ResourceLeakDetector$Level
 931:             4             96  java.lang.NamedPackage (java.base@11.0.8)
 932:             3             96  java.lang.Runtime$Version (java.base@11.0.8)
 933:             4             96  java.lang.StringBuilder (java.base@11.0.8)
 934:             3             96  java.lang.WeakPairMap$Pair$Weak$1 (java.base@11.0.8)
 935:             3             96  java.lang.invoke.SimpleMethodHandle (java.base@11.0.8)
 936:             4             96  java.lang.module.ModuleDescriptor$Modifier (java.base@11.0.8)
 937:             4             96  java.lang.module.ModuleDescriptor$Opens (java.base@11.0.8)
 938:             4             96  java.lang.module.ModuleDescriptor$Requires$Modifier (java.base@11.0.8)
 939:             4             96  java.math.MathContext (java.base@11.0.8)
 940:             6             96  java.net.InetSocketAddress (java.base@11.0.8)
 941:             2             96  java.net.NetworkInterface (java.base@11.0.8)
 942:             1             96  java.net.SocksSocketImpl (java.base@11.0.8)
 943:             6             96  java.nio.channels.spi.AbstractInterruptibleChannel$1 (java.base@11.0.8)
 944:             6             96  java.nio.channels.spi.AbstractSelector$1 (java.base@11.0.8)
 945:             3             96  java.nio.file.attribute.FileTime (java.base@11.0.8)
 946:             4             96  java.time.format.DateTimeFormatterBuilder$OffsetIdPrinterParser (java.base@11.0.8)
 947:             4             96  java.time.format.DateTimeFormatterBuilder$SettingsParser (java.base@11.0.8)
 948:             2             96  java.time.zone.ZoneOffsetTransitionRule (java.base@11.0.8)
 949:             3             96  java.util.Collections$SynchronizedMap (java.base@11.0.8)
 950:             6             96  java.util.Comparator$$Lambda$149/0x00000008002c0c40 (java.base@11.0.8)
 951:             3             96  java.util.Stack (java.base@11.0.8)
 952:             2             96  java.util.concurrent.locks.ReentrantReadWriteLock$FairSync (java.base@11.0.8)
 953:             6             96  java.util.regex.Pattern$CharPredicate$$Lambda$27/0x0000000800126040 (java.base@11.0.8)
 954:             4             96  java.util.regex.Pattern$Qtype (java.base@11.0.8)
 955:             3             96  java.util.stream.Collectors$CollectorImpl (java.base@11.0.8)
 956:             4             96  java.util.stream.StreamShape (java.base@11.0.8)
 957:             4             96  javax.management.NotificationBroadcasterSupport$ListenerInfo (java.management@11.0.8)
 958:             4             96  javax.xml.bind.annotation.XmlAccessType
 959:             1             96  jdk.internal.jimage.ImageReader$SharedImageReader (java.base@11.0.8)
 960:             4             96  jdk.internal.loader.URLClassPath$FileLoader (java.base@11.0.8)
 961:             4             96  jdk.internal.logger.BootstrapLogger$LoggingBackend (java.base@11.0.8)
 962:             1             96  org.apache.activemq.artemis.cli.commands.Run
 963:             3             96  org.apache.activemq.artemis.core.config.WildcardConfiguration
 964:             3             96  org.apache.activemq.artemis.core.paging.cursor.impl.PageCursorProviderImpl
 965:             1             96  org.apache.activemq.artemis.core.paging.impl.PagingManagerImpl
 966:             3             96  org.apache.activemq.artemis.core.postoffice.impl.AddressImpl
 967:             3             96  org.apache.activemq.artemis.core.postoffice.impl.LocalQueueBinding
 968:             2             96  org.apache.activemq.artemis.core.protocol.hornetq.HornetQProtocolManager
 969:             1             96  org.apache.activemq.artemis.core.remoting.server.impl.RemotingServiceImpl
 970:             4             96  org.apache.activemq.artemis.core.server.ActiveMQServer$SERVER_STATE
 971:             4             96  org.apache.activemq.artemis.core.server.ComponentConfigurationRoutingType
 972:             4             96  org.apache.activemq.artemis.core.server.cluster.ClusterManager$State
 973:             4             96  org.apache.activemq.artemis.core.server.cluster.impl.MessageLoadBalancingType
 974:             4             96  org.apache.activemq.artemis.core.server.federation.FederationManager$State
 975:             3             96  org.apache.activemq.artemis.core.server.impl.QueueManagerImpl
 976:             3             96  org.apache.activemq.artemis.core.server.impl.ScheduledDeliveryHandlerImpl
 977:             4             96  org.apache.activemq.artemis.core.settings.impl.AddressFullMessagePolicy
 978:             4             96  org.apache.activemq.artemis.core.settings.impl.SlowConsumerThresholdMeasurementUnit
 979:             3             96  org.apache.activemq.artemis.utils.collections.PriorityLinkedListImpl
 980:             4             96  org.apache.commons.beanutils.converters.CharacterConverter
 981:             2             96  org.apache.commons.beanutils.converters.SqlDateConverter
 982:             2             96  org.apache.commons.beanutils.converters.SqlTimeConverter
 983:             2             96  org.apache.commons.beanutils.converters.SqlTimestampConverter
 984:             3             96  org.apache.logging.log4j.core.appender.DefaultErrorHandler
 985:             2             96  org.apache.logging.log4j.core.appender.rolling.RollingFileManager$EmptyQueue
 986:             3             96  org.apache.logging.log4j.core.layout.StringBuilderEncoder
 987:             2             96  org.apache.logging.log4j.core.lookup.RuntimeStrSubstitutor
 988:             3             96  org.apache.logging.log4j.core.util.datetime.FixedDateFormat$FixedTimeZoneFormat
 989:             6             96  org.eclipse.jetty.io.ManagedSelector$$Lambda$382/0x000000080055e440
 990:             3             96  org.eclipse.jetty.server.session.SessionContext
 991:             4             96  org.eclipse.jetty.servlet.Source$Origin
 992:             4             96  org.eclipse.jetty.util.Pool$StrategyType
 993:             4             96  org.eclipse.jetty.util.component.ContainerLifeCycle$Managed
 994:             6             96  org.eclipse.jetty.util.thread.strategy.AdaptiveExecutionStrategy$$Lambda$381/0x000000080055ec40
 995:             4             96  org.eclipse.jetty.util.thread.strategy.AdaptiveExecutionStrategy$SubStrategy
 996:             4             96  org.jolokia.backend.MBeanServerHandler$MBeanHandle
 997:             3             96  sun.nio.ch.FileKey (java.base@11.0.8)
 998:             1             96  sun.nio.ch.ServerSocketChannelImpl (java.base@11.0.8)
 999:             6             96  sun.nio.ch.Util$2 (java.base@11.0.8)
1000:             2             96  sun.nio.cs.StreamEncoder (java.base@11.0.8)
1001:             2             96  sun.nio.cs.UTF_8$Encoder (java.base@11.0.8)
1002:             3             96  sun.nio.fs.NativeBuffer (java.base@11.0.8)
1003:             3             96  sun.util.locale.provider.LocaleResources (java.base@11.0.8)
1004:             4             88  [Lorg.apache.activemq.artemis.core.postoffice.Binding;
1005:             2             88  [Lsun.security.jca.ProviderConfig; (java.base@11.0.8)
1006:             1             88  java.lang.invoke.BoundMethodHandle$Species_LLLLLLLLLLLLII (java.base@11.0.8)
1007:             1             88  org.apache.activemq.artemis.core.postoffice.impl.PostOfficeImpl
1008:             1             88  org.apache.activemq.artemis.core.server.NetworkHealthCheck
1009:             1             88  org.apache.activemq.artemis.core.server.management.impl.ManagementServiceImpl
1010:             1             88  org.apache.activemq.artemis.dto.WebServerDTO
1011:             1             88  org.eclipse.jetty.server.Server
1012:             2             80  [Lcom.sun.org.apache.xerces.internal.util.XMLAttributesImpl$Attribute; (java.xml@11.0.8)
1013:             2             80  [Lcom.sun.xml.bind.v2.model.impl.ClassInfoImpl$SecondaryAnnotation;
1014:             1             80  [Lcom.sun.xml.bind.v2.util.QNameMap$Entry;
1015:             2             80  [Lio.netty.util.internal.PriorityQueueNode;
1016:             1             80  [Ljava.time.temporal.ChronoUnit; (java.base@11.0.8)
1017:             2             80  [Ljava.util.stream.StreamOpFlag$Type; (java.base@11.0.8)
1018:             2             80  [Ljavax.servlet.DispatcherType;
1019:             2             80  [Lorg.eclipse.jetty.http.UriCompliance$Violation;
1020:             2             80  com.sun.jmx.mbeanserver.DefaultMXBeanMappingFactory$TabularMapping (java.management@11.0.8)
1021:             2             80  com.sun.org.apache.xerces.internal.impl.dtd.XMLEntityDecl (java.xml@11.0.8)
1022:             2             80  com.sun.org.apache.xerces.internal.impl.dtd.XMLSimpleType (java.xml@11.0.8)
1023:             2             80  com.sun.org.apache.xerces.internal.impl.xs.XSParticleDecl (java.xml@11.0.8)
1024:             5             80  com.sun.proxy.$Proxy0
1025:             5             80  com.sun.proxy.$Proxy19
1026:             5             80  com.sun.proxy.$Proxy21
1027:             5             80  com.sun.proxy.$Proxy22
1028:             5             80  com.sun.proxy.$Proxy24
1029:             5             80  com.sun.proxy.$Proxy28
1030:             5             80  io.netty.bootstrap.ServerBootstrapConfig
1031:             5             80  io.netty.channel.ReflectiveChannelFactory
1032:             5             80  io.netty.channel.VoidChannelPromise$1
1033:             5             80  io.netty.channel.kqueue.AbstractKQueueChannel$AbstractKQueueUnsafe$1
1034:             5             80  io.netty.util.concurrent.MultithreadEventExecutorGroup$1
1035:             5             80  io.netty.util.concurrent.SingleThreadEventExecutor$4
1036:             5             80  io.netty.util.concurrent.ThreadPerTaskExecutor
1037:             2             80  java.io.BufferedInputStream (java.base@11.0.8)
1038:             2             80  java.io.BufferedWriter (java.base@11.0.8)
1039:             2             80  java.io.ExpiringCache (java.base@11.0.8)
1040:             2             80  java.io.PrintStream (java.base@11.0.8)
1041:             5             80  java.lang.ClassValue$Identity (java.base@11.0.8)
1042:             2             80  java.lang.ModuleLayer (java.base@11.0.8)
1043:             2             80  java.lang.VirtualMachineError (java.base@11.0.8)
1044:             1             80  java.lang.invoke.BoundMethodHandle$Species_LLLLLLLLLLIIL (java.base@11.0.8)
1045:             2             80  java.lang.module.Configuration (java.base@11.0.8)
1046:             2             80  java.net.InetAddress$CachedAddresses (java.base@11.0.8)
1047:             2             80  java.util.Locale$Category (java.base@11.0.8)
1048:             2             80  java.util.concurrent.LinkedBlockingDeque (java.base@11.0.8)
1049:             2             80  jdk.internal.math.FloatingDecimal$BinaryToASCIIBuffer (java.base@11.0.8)
1050:             2             80  org.apache.activemq.artemis.commons.shaded.johnzon.core.JsonParserFactoryImpl
1051:             1             80  org.apache.activemq.artemis.core.io.buffer.TimedBuffer
1052:             5             80  org.apache.activemq.artemis.core.remoting.impl.netty.NettyAcceptorFactory
1053:             5             80  org.apache.activemq.artemis.core.remoting.server.impl.RemotingServiceImpl$DelegatingBufferHandler
1054:             1             80  org.apache.activemq.artemis.core.server.cluster.ClusterManager
1055:             1             80  org.apache.activemq.artemis.core.server.files.FileStoreMonitor
1056:             2             80  org.apache.activemq.artemis.core.server.reload.ReloadManagerImpl$ReloadRegistry
1057:             2             80  org.apache.commons.beanutils.converters.BigDecimalConverter
1058:             2             80  org.apache.commons.beanutils.converters.BigIntegerConverter
1059:             2             80  org.apache.logging.log4j.core.appender.rolling.CronTriggeringPolicy
1060:             2             80  org.apache.logging.log4j.core.appender.rolling.DefaultRolloverStrategy
1061:             5             80  org.apache.logging.log4j.core.lookup.StrMatcher$CharMatcher
1062:             2             80  org.apache.logging.log4j.core.util.WatchManager
1063:             2             80  org.apache.logging.log4j.core.util.datetime.FastDateParser
1064:             5             80  org.apache.logging.log4j.core.util.datetime.FastDateParser$CopyQuotedStrategy
1065:             5             80  org.apache.logging.log4j.core.util.datetime.FastDatePrinter$CharacterLiteral
1066:             1             80  org.eclipse.jetty.server.ServerConnector$ServerConnectorManager
1067:             2             80  org.eclipse.jetty.server.ServletPathMapping
1068:             5             80  org.eclipse.jetty.util.thread.ScheduledExecutorScheduler$$Lambda$343/0x0000000800509440
1069:             2             80  sun.management.MemoryManagerImpl (java.management@11.0.8)
1070:             2             80  sun.nio.ch.FileLockImpl (java.base@11.0.8)
1071:             5             80  sun.reflect.generics.tree.TypeVariableSignature (java.base@11.0.8)
1072:             1             80  sun.util.cldr.CLDRLocaleProviderAdapter (java.base@11.0.8)
1073:             1             80  sun.util.locale.provider.JRELocaleProviderAdapter (java.base@11.0.8)
1074:             1             80  sun.util.locale.provider.LocaleProviderAdapter$NonExistentAdapter (java.base@11.0.8)
1075:             3             72  [Lcom.sun.org.apache.xerces.internal.impl.xs.XSGroupDecl; (java.xml@11.0.8)
1076:             1             72  [Ljavax.management.openmbean.SimpleType; (java.management@11.0.8)
1077:             3             72  [Lorg.apache.activemq.artemis.api.core.SimpleString;
1078:             1             72  [Lorg.apache.activemq.artemis.core.version.Version;
1079:             3             72  com.sun.xml.bind.v2.model.core.ID
1080:             3             72  io.airlift.airline.OptionType
1081:             3             72  io.netty.handler.codec.socksx.SocksVersion
1082:             3             72  java.lang.StackStreamFactory$WalkerState (java.base@11.0.8)
1083:             3             72  java.lang.StackWalker$Option (java.base@11.0.8)
1084:             3             72  java.lang.WeakPairMap (java.base@11.0.8)
1085:             3             72  java.lang.annotation.RetentionPolicy (java.base@11.0.8)
1086:             1             72  java.lang.invoke.BoundMethodHandle$Species_LLLLLLLLIIL (java.base@11.0.8)
1087:             3             72  java.lang.invoke.MethodHandleImpl$ArrayAccess (java.base@11.0.8)
1088:             3             72  java.lang.invoke.MethodHandles$Lookup (java.base@11.0.8)
1089:             3             72  java.lang.invoke.StringConcatFactory$Mode (java.base@11.0.8)
1090:             3             72  java.nio.file.StandardCopyOption (java.base@11.0.8)
1091:             3             72  java.security.SecurityPermission (java.base@11.0.8)
1092:             3             72  java.time.Instant (java.base@11.0.8)
1093:             3             72  java.time.format.ResolverStyle (java.base@11.0.8)
1094:             3             72  java.time.zone.ZoneOffsetTransitionRule$TimeDefinition (java.base@11.0.8)
1095:             3             72  java.util.concurrent.ConcurrentLinkedDeque$Node (java.base@11.0.8)
1096:             3             72  java.util.stream.Collector$Characteristics (java.base@11.0.8)
1097:             3             72  javax.management.NotificationBroadcasterSupport (java.management@11.0.8)
1098:             3             72  javax.servlet.SessionTrackingMode
1099:             3             72  javax.xml.bind.annotation.XmlNsForm
1100:             3             72  jdk.internal.math.FloatingDecimal$ExceptionalBinaryToASCIIBuffer (java.base@11.0.8)
1101:             3             72  jdk.internal.misc.Signal (java.base@11.0.8)
1102:             3             72  jdk.internal.module.IllegalAccessLogger$Mode (java.base@11.0.8)
1103:             3             72  org.apache.activemq.artemis.core.io.util.ThreadLocalByteBufferPool
1104:             3             72  org.apache.activemq.artemis.core.messagecounter.MessageCounter$DayCounter
1105:             3             72  org.apache.activemq.artemis.core.paging.cursor.PageIterator$NextResult
1106:             3             72  org.apache.activemq.artemis.core.paging.impl.PageCache
1107:             3             72  org.apache.activemq.artemis.core.postoffice.BindingType
1108:             3             72  org.apache.activemq.artemis.core.postoffice.impl.CopyOnWriteBindings$BindingsAndPosition
1109:             3             72  org.apache.activemq.artemis.core.postoffice.impl.PostOfficeImpl$DuplicateCheckResult
1110:             3             72  org.apache.activemq.artemis.core.server.JournalType
1111:             3             72  org.apache.activemq.artemis.core.server.impl.QueueConsumersImpl
1112:             3             72  org.apache.activemq.artemis.core.server.impl.QueueImpl$AddressSettingsRepositoryListener
1113:             3             72  org.apache.activemq.artemis.core.settings.impl.Match
1114:             3             72  org.apache.activemq.artemis.dto.AppDTO
1115:             3             72  org.apache.activemq.artemis.json.impl.JsonObjectImpl
1116:             3             72  org.apache.activemq.artemis.json.impl.JsonValueImpl
1117:             3             72  org.apache.activemq.artemis.utils.actors.OrderedExecutorFactory
1118:             3             72  org.apache.activemq.artemis.utils.collections.MultiResettableIterator
1119:             3             72  org.apache.activemq.artemis.utils.collections.PriorityCollection
1120:             3             72  org.apache.activemq.artemis.utils.collections.RepeatableIteratorWrapper
1121:             3             72  org.apache.activemq.artemis.utils.collections.UpdatableIterator
1122:             3             72  org.apache.activemq.artemis.utils.critical.CriticalAnalyzerPolicy
1123:             1             72  org.apache.activemq.openwire.OpenWireFormatFactory
1124:             3             72  org.apache.logging.log4j.core.pattern.FormattingInfo
1125:             3             72  org.eclipse.jetty.http.HttpMethod$Type
1126:             3             72  org.eclipse.jetty.security.UserDataConstraint
1127:             3             72  org.eclipse.jetty.server.handler.ContextHandler$ContextStatus
1128:             1             72  org.eclipse.jetty.server.session.DefaultSessionIdManager
1129:             3             72  org.eclipse.jetty.servlet.NoJspServlet
1130:             3             72  org.eclipse.jetty.util.component.DumpableCollection
1131:             3             72  org.eclipse.jetty.util.thread.Invocable$InvocationType
1132:             3             72  org.eclipse.jetty.util.thread.ThreadPoolBudget$Leased
1133:             3             72  org.eclipse.jetty.util.thread.strategy.AdaptiveExecutionStrategy$State
1134:             3             72  org.eclipse.jetty.webapp.Configurations
1135:             3             72  org.eclipse.jetty.webapp.MetaData$Complete
1136:             3             72  sun.nio.ch.FileLockTable (java.base@11.0.8)
1137:             3             72  sun.nio.fs.NativeBuffer$Deallocator (java.base@11.0.8)
1138:             3             72  sun.security.provider.NativePRNG$Variant (java.base@11.0.8)
1139:             2             64  [Lcom.google.common.cache.LocalCache$Segment;
1140:             2             64  [Lcom.sun.org.apache.xerces.internal.utils.XMLSecurityPropertyManager$State; (java.xml@11.0.8)
1141:             2             64  [Lio.airlift.airline.OptionType;
1142:             2             64  [Ljava.lang.StackWalker$Option; (java.base@11.0.8)
1143:             4             64  [Ljava.lang.annotation.Annotation; (java.base@11.0.8)
1144:             2             64  [Ljava.lang.annotation.RetentionPolicy; (java.base@11.0.8)
1145:             1             64  [Ljava.lang.invoke.MethodHandleImpl$Intrinsic; (java.base@11.0.8)
1146:             2             64  [Ljava.nio.charset.CoderResult; (java.base@11.0.8)
1147:             2             64  [Ljava.util.stream.Collector$Characteristics; (java.base@11.0.8)
1148:             2             64  [Ljavax.servlet.SessionTrackingMode;
1149:             2             64  [Ljavax.xml.bind.annotation.XmlAccessType;
1150:             2             64  [Ljavax.xml.bind.annotation.XmlNsForm;
1151:             2             64  [Lorg.apache.activemq.artemis.core.server.JournalType;
1152:             2             64  [Lorg.apache.activemq.artemis.core.settings.impl.AddressFullMessagePolicy;
1153:             2             64  [Lorg.apache.activemq.artemis.utils.critical.CriticalAnalyzerPolicy;
1154:             4             64  [Lorg.apache.logging.log4j.core.config.Property;
1155:             3             64  [Lorg.apache.logging.log4j.core.pattern.FormattingInfo;
1156:             1             64  [Lorg.eclipse.jetty.http.HttpHeaderValue;
1157:             1             64  com.google.common.cache.CacheStats
1158:             1             64  com.sun.org.apache.xerces.internal.impl.XMLEntityScanner (java.xml@11.0.8)
1159:             1             64  com.sun.org.apache.xerces.internal.impl.xs.SchemaGrammar$XSAnyType (java.xml@11.0.8)
1160:             2             64  com.sun.org.apache.xerces.internal.impl.xs.XSWildcardDecl (java.xml@11.0.8)
1161:             2             64  com.sun.org.apache.xerces.internal.utils.XMLSecurityPropertyManager$Property (java.xml@11.0.8)
1162:             4             64  com.sun.proxy.$Proxy13
1163:             4             64  com.sun.proxy.$Proxy17
1164:             4             64  com.sun.proxy.$Proxy23
1165:             4             64  com.sun.proxy.$Proxy27
1166:             2             64  io.netty.buffer.EmptyByteBuf
1167:             1             64  io.netty.buffer.PooledByteBufAllocator
1168:             1             64  io.netty.util.concurrent.GlobalEventExecutor
1169:             1             64  io.netty.util.concurrent.ScheduledFutureTask
1170:             2             64  java.io.BufferedOutputStream (java.base@11.0.8)
1171:             2             64  java.io.ByteArrayInputStream (java.base@11.0.8)
1172:             2             64  java.lang.StackWalker (java.base@11.0.8)
1173:             1             64  java.lang.invoke.BoundMethodHandle$Species_LLLIILLL (java.base@11.0.8)
1174:             1             64  java.lang.invoke.BoundMethodHandle$Species_LLLIILLLL (java.base@11.0.8)
1175:             1             64  java.lang.invoke.BoundMethodHandle$Species_LLLLLLLII (java.base@11.0.8)
1176:             2             64  java.lang.invoke.VarHandleLongs$FieldInstanceReadWrite (java.base@11.0.8)
1177:             2             64  java.lang.ref.ReferenceQueue$Null (java.base@11.0.8)
1178:             1             64  java.text.DateFormatSymbols (java.base@11.0.8)
1179:             2             64  java.time.format.DateTimeFormatterBuilder$TextPrinterParser (java.base@11.0.8)
1180:             2             64  java.time.temporal.IsoFields$Unit (java.base@11.0.8)
1181:             2             64  java.time.zone.ZoneOffsetTransition (java.base@11.0.8)
1182:             4             64  java.util.LinkedHashMap$LinkedKeySet (java.base@11.0.8)
1183:             2             64  java.util.PropertyPermission (java.base@11.0.8)
1184:             2             64  java.util.UUID (java.base@11.0.8)
1185:             4             64  java.util.concurrent.Semaphore (java.base@11.0.8)
1186:             4             64  java.util.concurrent.SynchronousQueue$TransferStack (java.base@11.0.8)
1187:             2             64  java.util.concurrent.SynchronousQueue$TransferStack$SNode (java.base@11.0.8)
1188:             1             64  java.util.logging.LogManager$RootLogger (java.logging@11.0.8)
1189:             2             64  java.util.stream.FindOps$FindOp (java.base@11.0.8)
1190:             1             64  org.apache.activemq.artemis.component.DefaultHandler
1191:             1             64  org.apache.activemq.artemis.core.management.impl.ActiveMQServerControlImpl
1192:             1             64  org.apache.activemq.artemis.core.postoffice.impl.PostOfficeImpl$ExpiryReaper
1193:             4             64  org.apache.activemq.artemis.core.protocol.hornetq.HQPropertiesConversionInterceptor
1194:             1             64  org.apache.activemq.artemis.core.protocol.mqtt.MQTTProtocolManagerFactory$MQTTPeriodicTasks
1195:             1             64  org.apache.activemq.artemis.core.server.reload.ReloadManagerImpl
1196:             1             64  org.apache.activemq.artemis.dto.BindingDTO
1197:             1             64  org.apache.activemq.artemis.selector.impl.LRUCache
1198:             1             64  org.apache.activemq.openwire.OpenWireFormat
1199:             2             64  org.apache.logging.log4j.core.config.ConfigurationScheduler
1200:             2             64  org.apache.logging.log4j.core.config.ConfigurationScheduler$CronRunnable
1201:             4             64  org.apache.logging.log4j.core.lookup.StrMatcher$StringMatcher
1202:             2             64  org.apache.logging.log4j.core.pattern.DatePatternConverter$PatternFormatter
1203:             2             64  org.apache.logging.log4j.core.util.datetime.FastDatePrinter
1204:             2             64  org.apache.logging.log4j.util.PropertiesUtil$Environment
1205:             2             64  org.apache.logging.log4j.util.SortedArrayStringMap
1206:             2             64  org.eclipse.jetty.http.CookieCompliance$Violation
1207:             1             64  org.eclipse.jetty.io.ArrayByteBufferPool
1208:             4             64  org.eclipse.jetty.security.DefaultAuthenticatorFactory
1209:             1             64  org.eclipse.jetty.util.thread.ReservedThreadExecutor
1210:             2             64  sun.nio.ch.FileLockTable$FileLockReference (java.base@11.0.8)
1211:             2             64  sun.security.provider.FileInputStreamPool$StreamRef (java.base@11.0.8)
1212:             2             64  sun.util.locale.UnicodeLocaleExtension (java.base@11.0.8)
1213:             1             56  [Lcom.sun.org.apache.xerces.internal.impl.XMLScanner$NameType; (java.xml@11.0.8)
1214:             1             56  [Lcom.sun.org.apache.xerces.internal.impl.dv.XSSimpleType; (java.xml@11.0.8)
1215:             1             56  [Lcom.sun.org.apache.xerces.internal.impl.xs.util.XInt; (java.xml@11.0.8)
1216:             1             56  [Lcom.sun.org.apache.xerces.internal.utils.XMLSecurityManager$Limit; (java.xml@11.0.8)
1217:             1             56  [Ljava.lang.Runnable; (java.base@11.0.8)
1218:             2             56  [Ljava.net.InterfaceAddress; (java.base@11.0.8)
1219:             1             56  [Ljava.nio.file.StandardOpenOption; (java.base@11.0.8)
1220:             1             56  [Ljava.util.Map; (java.base@11.0.8)
1221:             1             56  [[I (java.base@11.0.8)
1222:             1             56  com.sun.org.apache.xerces.internal.impl.xpath.regex.RegularExpression$Context (java.xml@11.0.8)
1223:             1             56  com.sun.org.apache.xerces.internal.jaxp.SAXParserImpl (java.xml@11.0.8)
1224:             1             56  com.sun.org.apache.xerces.internal.util.XMLAttributesIteratorImpl (java.xml@11.0.8)
1225:             1             56  io.hawt.web.servlets.JolokiaConfiguredAgentServlet
1226:             1             56  java.lang.invoke.BoundMethodHandle$Specializer (java.base@11.0.8)
1227:             1             56  java.lang.invoke.BoundMethodHandle$Species_LLLLLII (java.base@11.0.8)
1228:             1             56  java.net.SocketPermission (java.base@11.0.8)
1229:             1             56  java.util.logging.LogManager (java.logging@11.0.8)
1230:             1             56  jdk.internal.ref.CleanerImpl$SoftCleanableRef (java.base@11.0.8)
1231:             1             56  org.apache.activemq.artemis.component.WebServerComponent
1232:             1             56  org.apache.activemq.artemis.core.messagecounter.impl.MessageCounterManagerImpl$MessageCountersPinger
1233:             1             56  org.apache.activemq.artemis.core.paging.impl.PagingManagerImpl$1
1234:             1             56  org.apache.activemq.artemis.core.paging.impl.PagingStoreFactoryNIO
1235:             1             56  org.apache.activemq.artemis.core.postoffice.impl.PostOfficeImpl$AddressQueueReaper
1236:             1             56  org.apache.activemq.artemis.core.server.cluster.ClusterController
1237:             1             56  org.apache.activemq.artemis.core.server.impl.FileLockNodeManager$MonitorLock
1238:             1             56  org.apache.activemq.artemis.core.server.impl.ServiceRegistryImpl
1239:             1             56  org.apache.activemq.artemis.utils.critical.CriticalAnalyzerImpl$1
1240:             1             56  org.apache.commons.logging.impl.WeakHashtable
1241:             1             56  org.apache.logging.log4j.core.LoggerContext
1242:             1             56  org.apache.logging.log4j.core.appender.ConsoleAppender
1243:             1             56  org.apache.logging.log4j.status.StatusLogger
1244:             1             56  org.eclipse.jetty.io.ArrayRetainableByteBufferPool
1245:             1             56  org.eclipse.jetty.server.HttpConnectionFactory
1246:             1             56  org.eclipse.jetty.server.session.HouseKeeper
1247:             1             56  org.jolokia.backend.BackendManager
1248:             1             56  sun.security.provider.SHA (java.base@11.0.8)
1249:             1             48  [Lcom.sun.beans.introspect.PropertyInfo$Name; (java.desktop@11.0.8)
1250:             1             48  [Lcom.sun.xml.bind.v2.model.impl.ClassInfoImpl$PropertyGroup;
1251:             1             48  [Ljava.beans.WeakIdentityMap$Entry; (java.desktop@11.0.8)
1252:             1             48  [Ljava.lang.System$Logger$Level; (java.base@11.0.8)
1253:             1             48  [Ljava.lang.management.MemoryPoolMXBean; (java.management@11.0.8)
1254:             1             48  [Ljava.math.RoundingMode; (java.base@11.0.8)
1255:             1             48  [Ljava.util.concurrent.TimeUnit; (java.base@11.0.8)
1256:             2             48  [Lorg.apache.activemq.artemis.api.core.RoutingType;
1257:             1             48  [Lorg.apache.activemq.artemis.commons.shaded.johnzon.core.JsonGeneratorImpl$GeneratorState;
1258:             1             48  [Lorg.apache.activemq.artemis.commons.shaded.json.JsonValue$ValueType;
1259:             1             48  [Lorg.apache.activemq.artemis.core.config.HAPolicyConfiguration$TYPE;
1260:             3             48  [Lorg.apache.activemq.artemis.utils.collections.PriorityCollection$PriorityHolder;
1261:             3             48  [Lorg.apache.activemq.artemis.utils.collections.ResettableIterator;
1262:             1             48  [Lorg.apache.logging.log4j.core.appender.rolling.RolloverFrequency;
1263:             2             48  [Lorg.apache.logging.log4j.core.appender.rolling.TriggeringPolicy;
1264:             2             48  [Lorg.apache.logging.log4j.core.pattern.ArrayPatternConverter;
1265:             1             48  [Lorg.apache.logging.log4j.core.pattern.LogEventPatternConverter;
1266:             3             48  [Lorg.eclipse.jetty.http.CompressedContentFormat;
1267:             2             48  [Lorg.eclipse.jetty.http.CookieCompliance$Violation;
1268:             1             48  [Lorg.eclipse.jetty.webapp.Origin;
1269:             1             48  [Lorg.jolokia.util.RequestType;
1270:             1             48  [[Ljava.lang.Object; (java.base@11.0.8)
1271:             2             48  com.sun.jmx.mbeanserver.ClassLoaderRepositorySupport$LoaderEntry (java.management@11.0.8)
1272:             1             48  com.sun.jmx.mbeanserver.DefaultMXBeanMappingFactory$Mappings (java.management@11.0.8)
1273:             2             48  com.sun.jmx.mbeanserver.WeakIdentityHashMap (java.management@11.0.8)
1274:             1             48  com.sun.org.apache.xerces.internal.impl.XMLDocumentFragmentScannerImpl$ElementStack (java.xml@11.0.8)
1275:             3             48  com.sun.org.apache.xerces.internal.impl.dv.dtd.ListDatatypeValidator (java.xml@11.0.8)
1276:             1             48  com.sun.org.apache.xerces.internal.impl.xs.XSAttributeGroupDecl (java.xml@11.0.8)
1277:             1             48  com.sun.org.apache.xerces.internal.util.URI (java.xml@11.0.8)
1278:             1             48  com.sun.org.apache.xerces.internal.util.XMLAttributesImpl (java.xml@11.0.8)
1279:             1             48  io.hawt.jmx.PluginRegistry
1280:             2             48  io.netty.channel.ChannelMetadata
1281:             1             48  io.netty.util.collection.ByteObjectHashMap
1282:             3             48  io.netty.util.collection.LongObjectHashMap$1
1283:             3             48  io.netty.util.collection.LongObjectHashMap$EntrySet
1284:             3             48  io.netty.util.collection.LongObjectHashMap$KeySet
1285:             3             48  io.netty.util.concurrent.PromiseTask$SentinelRunnable
1286:             2             48  java.io.ExpiringCache$Entry (java.base@11.0.8)
1287:             2             48  java.io.File$PathStatus (java.base@11.0.8)
1288:             2             48  java.io.OutputStreamWriter (java.base@11.0.8)
1289:             1             48  java.lang.ProcessHandleImpl (java.base@11.0.8)
1290:             1             48  java.lang.StackTraceElement (java.base@11.0.8)
1291:             1             48  java.lang.invoke.BoundMethodHandle$Specializer$Factory (java.base@11.0.8)
1292:             1             48  java.lang.invoke.BoundMethodHandle$Species_LIILL (java.base@11.0.8)
1293:             1             48  java.lang.invoke.BoundMethodHandle$Species_LLLL (java.base@11.0.8)
1294:             2             48  java.lang.reflect.ReflectPermission (java.base@11.0.8)
1295:             2             48  java.net.StandardProtocolFamily (java.base@11.0.8)
1296:             3             48  java.nio.charset.CodingErrorAction (java.base@11.0.8)
1297:             3             48  java.text.AttributedCharacterIterator$Attribute (java.base@11.0.8)
1298:             2             48  java.time.format.DateTimeFormatterBuilder$1 (java.base@11.0.8)
1299:             2             48  java.time.format.DateTimeFormatterBuilder$ZoneIdPrinterParser (java.base@11.0.8)
1300:             2             48  java.time.format.DateTimeTextProvider$LocaleStore (java.base@11.0.8)
1301:             2             48  java.util.BitSet (java.base@11.0.8)
1302:             2             48  java.util.Collections$SynchronizedList (java.base@11.0.8)
1303:             2             48  java.util.Collections$SynchronizedRandomAccessList (java.base@11.0.8)
1304:             3             48  java.util.Collections$UnmodifiableCollection (java.base@11.0.8)
1305:             3             48  java.util.ResourceBundle$NoFallbackControl (java.base@11.0.8)
1306:             3             48  java.util.TreeMap$KeySet (java.base@11.0.8)
1307:             3             48  java.util.concurrent.ConcurrentSkipListMap$KeySet (java.base@11.0.8)
1308:             3             48  java.util.concurrent.ConcurrentSkipListSet (java.base@11.0.8)
1309:             2             48  java.util.logging.Logger$LoggerBundle (java.logging@11.0.8)
1310:             2             48  java.util.logging.LoggingPermission (java.logging@11.0.8)
1311:             2             48  java.util.regex.Pattern$$Lambda$375/0x000000080055ac40 (java.base@11.0.8)
1312:             2             48  java.util.regex.Pattern$CharPredicate$$Lambda$376/0x000000080055f840 (java.base@11.0.8)
1313:             2             48  javax.management.relation.MBeanServerNotificationFilter (java.management@11.0.8)
1314:             2             48  javax.xml.bind.annotation.XmlAccessOrder
1315:             1             48  jdk.internal.jimage.ImageHeader (java.base@11.0.8)
1316:             2             48  jdk.internal.misc.Signal$NativeHandler (java.base@11.0.8)
1317:             3             48  jdk.internal.module.ServicesCatalog (java.base@11.0.8)
1318:             1             48  jdk.internal.ref.CleanerImpl$WeakCleanableRef (java.base@11.0.8)
1319:             1             48  jdk.management.jfr.FlightRecorderMXBeanImpl (jdk.management.jfr@11.0.8)
1320:             2             48  org.apache.activemq.artemis.api.core.RoutingType
1321:             2             48  org.apache.activemq.artemis.api.core.management.ObjectNameBuilder
1322:             1             48  org.apache.activemq.artemis.cli.commands.Run$2
1323:             2             48  org.apache.activemq.artemis.commons.shaded.johnzon.core.JsonGeneratorFactoryImpl
1324:             2             48  org.apache.activemq.artemis.commons.shaded.johnzon.core.JsonProviderImpl$Cached
1325:             2             48  org.apache.activemq.artemis.commons.shaded.johnzon.core.JsonStringImpl
1326:             2             48  org.apache.activemq.artemis.commons.shaded.johnzon.core.RejectDuplicateKeysMode
1327:             3             48  org.apache.activemq.artemis.commons.shaded.json.JsonValueImpl
1328:             3             48  org.apache.activemq.artemis.component.AuthenticationFilter
1329:             3             48  org.apache.activemq.artemis.component.JolokiaFilter
1330:             2             48  org.apache.activemq.artemis.core.config.CoreAddressConfiguration
1331:             2             48  org.apache.activemq.artemis.core.journal.impl.dataformat.JournalCompleteRecordTX$TX_RECORD_TYPE
1332:             3             48  org.apache.activemq.artemis.core.messagecounter.MessageCounter$1
1333:             3             48  org.apache.activemq.artemis.core.paging.impl.PageSyncTimer$1
1334:             3             48  org.apache.activemq.artemis.core.paging.impl.PagingStoreImpl$$Lambda$193/0x00000008003bf840
1335:             3             48  org.apache.activemq.artemis.core.paging.impl.PagingStoreImpl$$Lambda$194/0x00000008003bfc40
1336:             3             48  org.apache.activemq.artemis.core.paging.impl.PagingStoreImpl$$Lambda$195/0x00000008003bf440
1337:             3             48  org.apache.activemq.artemis.core.postoffice.impl.CopyOnWriteBindings
1338:             1             48  org.apache.activemq.artemis.core.postoffice.impl.WildcardAddressManager
1339:             3             48  org.apache.activemq.artemis.core.protocol.core.impl.ActiveMQRoutingHandler
1340:             1             48  org.apache.activemq.artemis.core.protocol.core.impl.CoreProtocolManager
1341:             1             48  org.apache.activemq.artemis.core.security.impl.SecurityStoreImpl
1342:             1             48  org.apache.activemq.artemis.core.server.cluster.BackupManager
1343:             3             48  org.apache.activemq.artemis.core.server.impl.QueueImpl$DeliverRunner
1344:             3             48  org.apache.activemq.artemis.core.server.impl.QueueManagerImpl$$Lambda$197/0x00000008003bec40
1345:             3             48  org.apache.activemq.artemis.core.server.impl.ScheduledDeliveryHandlerImpl$MessageReferenceComparator
1346:             3             48  org.apache.activemq.artemis.core.server.impl.SimpleMessageGroups
1347:             2             48  org.apache.activemq.artemis.core.settings.impl.DeletionPolicy
1348:             2             48  org.apache.activemq.artemis.core.settings.impl.HierarchicalObjectRepository$MatchComparator
1349:             2             48  org.apache.activemq.artemis.core.settings.impl.SlowConsumerPolicy
1350:             1             48  org.apache.activemq.artemis.core.transaction.impl.ResourceManagerImpl
1351:             3             48  org.apache.activemq.artemis.logs.AuditLogger_impl
1352:             2             48  org.apache.activemq.artemis.spi.core.security.scram.SCRAM
1353:             1             48  org.apache.activemq.artemis.utils.critical.CriticalAnalyzerImpl
1354:             1             48  org.apache.activemq.command.ProducerId
1355:             2             48  org.apache.activemq.util.IdGenerator
1356:             1             48  org.apache.commons.beanutils.ConvertUtilsBean
1357:             1             48  org.apache.commons.beanutils.converters.CalendarConverter
1358:             2             48  org.apache.commons.beanutils.converters.ClassConverter
1359:             2             48  org.apache.commons.beanutils.converters.FileConverter
1360:             2             48  org.apache.commons.beanutils.converters.URLConverter
1361:             1             48  org.apache.commons.logging.impl.LogFactoryImpl
1362:             2             48  org.apache.logging.log4j.core.appender.rolling.CompositeTriggeringPolicy
1363:             1             48  org.apache.logging.log4j.core.config.ConfigurationFileWatcher
1364:             2             48  org.apache.logging.log4j.core.config.CronScheduledFuture$FutureData
1365:             2             48  org.apache.logging.log4j.core.config.plugins.util.PluginManager
1366:             2             48  org.apache.logging.log4j.core.config.status.StatusConfiguration$Verbosity
1367:             1             48  org.apache.logging.log4j.core.impl.Log4jProvider
1368:             2             48  org.apache.logging.log4j.core.util.DummyNanoClock
1369:             2             48  org.apache.logging.log4j.core.util.Source
1370:             2             48  org.apache.logging.log4j.core.util.datetime.FastDateFormat
1371:             2             48  org.apache.logging.log4j.core.util.datetime.FastDatePrinter$PaddedNumberField
1372:             2             48  org.apache.logging.log4j.core.util.datetime.FormatCache$MultipartKey
1373:             1             48  org.apache.logging.log4j.simple.SimpleLogger
1374:             2             48  org.apache.logging.log4j.util.PropertyFilePropertySource
1375:             2             48  org.eclipse.jetty.http.CookieCompliance
1376:             3             48  org.eclipse.jetty.http.MimeTypes
1377:             3             48  org.eclipse.jetty.security.DefaultIdentityService
1378:             3             48  org.eclipse.jetty.server.AllowedResourceAliasChecker$AllowedResourceAliasCheckListener
1379:             2             48  org.eclipse.jetty.server.MultiPartFormDataCompliance
1380:             2             48  org.eclipse.jetty.server.handler.ContextHandler$ProtectedTargetType
1381:             1             48  org.eclipse.jetty.server.handler.ErrorHandler
1382:             1             48  org.eclipse.jetty.server.handler.HandlerList
1383:             3             48  org.eclipse.jetty.server.session.SessionHandler$CookieConfig
1384:             3             48  org.eclipse.jetty.servlet.listener.ELContextCleaner
1385:             3             48  org.eclipse.jetty.servlet.listener.IntrospectorCleaner
1386:             2             48  org.eclipse.jetty.util.AtomicBiInteger
1387:             3             48  org.eclipse.jetty.util.AttributesMap
1388:             1             48  org.eclipse.jetty.util.BlockingArrayQueue
1389:             3             48  org.eclipse.jetty.util.DecoratedObjectFactory
1390:             3             48  org.eclipse.jetty.util.DeprecationWarning
1391:             1             48  org.eclipse.jetty.util.component.AttributeContainerMap
1392:             2             48  org.eclipse.jetty.util.thread.AutoLock$WithCondition
1393:             1             48  org.eclipse.jetty.webapp.WebDescriptor$1
1394:             2             48  org.jolokia.backend.Config
1395:             1             48  org.jolokia.converter.json.JsonConvertOptions$Builder
1396:             1             48  org.jolokia.discovery.AgentDetails
1397:             2             48  sun.management.ManagementFactoryHelper$1 (java.management@11.0.8)
1398:             1             48  sun.nio.fs.UnixMountEntry (java.base@11.0.8)
1399:             2             48  sun.reflect.generics.reflectiveObjects.WildcardTypeImpl (java.base@11.0.8)
1400:             2             48  sun.reflect.generics.tree.Wildcard (java.base@11.0.8)
1401:             2             48  sun.security.jca.ProviderList (java.base@11.0.8)
1402:             2             48  sun.security.jca.ProviderList$3 (java.base@11.0.8)
1403:             3             48  sun.security.provider.NativePRNG (java.base@11.0.8)
1404:             2             48  sun.util.locale.LocaleExtensions (java.base@11.0.8)
1405:             2             48  sun.util.locale.provider.LocaleServiceProviderPool (java.base@11.0.8)
1406:             1             48  sun.util.resources.cldr.TimeZoneNames (java.base@11.0.8)
1407:             1             48  sun.util.resources.cldr.TimeZoneNames_en (java.base@11.0.8)
1408:             2             40  [Lcom.sun.jmx.mbeanserver.ClassLoaderRepositorySupport$LoaderEntry; (java.management@11.0.8)
1409:             1             40  [Lcom.sun.org.apache.xerces.internal.impl.xs.XSAttributeUseImpl; (java.xml@11.0.8)
1410:             1             40  [Lcom.sun.org.apache.xerces.internal.util.Status; (java.xml@11.0.8)
1411:             1             40  [Lcom.sun.xml.bind.v2.model.core.PropertyKind;
1412:             1             40  [Lio.airlift.airline.Context;
1413:             1             40  [Ljava.lang.Thread$State; (java.base@11.0.8)
1414:             1             40  [Ljava.lang.invoke.StringConcatFactory$Strategy; (java.base@11.0.8)
1415:             1             40  [Ljava.lang.invoke.VarHandle$AccessType; (java.base@11.0.8)
1416:             1             40  [Ljava.nio.charset.Charset; (java.base@11.0.8)
1417:             1             40  [Ljava.time.format.SignStyle; (java.base@11.0.8)
1418:             1             40  [Ljava.time.format.TextStyle; (java.base@11.0.8)
1419:             2             40  [Ljava.time.zone.ZoneOffsetTransitionRule; (java.base@11.0.8)
1420:             1             40  [Ljava.util.stream.StreamOpFlag; (java.base@11.0.8)
1421:             1             40  [Ljavax.servlet.http.MappingMatch;
1422:             1             40  [Ljavax.xml.catalog.CatalogFeatures$State; (java.xml@11.0.8)
1423:             1             40  [Ljdk.xml.internal.JdkXmlFeatures$State; (java.xml@11.0.8)
1424:             1             40  [Lorg.apache.activemq.artemis.core.journal.Journal$JournalState;
1425:             1             40  [Lorg.apache.activemq.artemis.core.persistence.Persister;
1426:             1             40  [Lorg.apache.activemq.artemis.core.transaction.Transaction$State;
1427:             1             40  [Lorg.apache.logging.log4j.core.LifeCycle$State;
1428:             1             40  [Lorg.apache.logging.log4j.core.appender.rolling.FileExtension;
1429:             1             40  [Lorg.apache.logging.log4j.core.pattern.PatternParser$ParserState;
1430:             1             40  [Lorg.eclipse.jetty.http.HttpCompliance;
1431:             2             40  [Lorg.eclipse.jetty.http.HttpField;
1432:             1             40  [Lorg.eclipse.jetty.http.HttpVersion;
1433:             1             40  [Lorg.eclipse.jetty.http.pathmap.PathSpecGroup;
1434:             1             40  [Lorg.eclipse.jetty.io.ManagedSelector;
1435:             1             40  [Lorg.eclipse.jetty.server.handler.ContextHandler$Availability;
1436:             1             40  [Lorg.eclipse.jetty.util.component.AbstractLifeCycle$State;
1437:             1             40  [Lsun.util.locale.provider.LocaleProviderAdapter$Type; (java.base@11.0.8)
1438:             1             40  [[Ljava.lang.invoke.LambdaForm$Name; (java.base@11.0.8)
1439:             1             40  [[S (java.base@11.0.8)
1440:             1             40  com.sun.beans.finder.MethodFinder$1 (java.desktop@11.0.8)
1441:             1             40  com.sun.beans.introspect.ClassInfo$1 (java.desktop@11.0.8)
1442:             1             40  com.sun.jmx.interceptor.DefaultMBeanServerInterceptor (java.management@11.0.8)
1443:             1             40  com.sun.jmx.mbeanserver.JmxMBeanServer (java.management@11.0.8)
1444:             1             40  com.sun.jmx.mbeanserver.MBeanServerDelegateImpl (java.management@11.0.8)
1445:             1             40  com.sun.management.internal.DiagnosticCommandImpl (jdk.management@11.0.8)
1446:             1             40  com.sun.org.apache.xerces.internal.impl.XMLDocumentFragmentScannerImpl$ElementStack2 (java.xml@11.0.8)
1447:             1             40  com.sun.org.apache.xerces.internal.impl.XMLEntityScanner$1 (java.xml@11.0.8)
1448:             1             40  com.sun.org.apache.xerces.internal.impl.XMLErrorReporter (java.xml@11.0.8)
1449:             1             40  com.sun.org.apache.xerces.internal.impl.XMLVersionDetector (java.xml@11.0.8)
1450:             1             40  com.sun.org.apache.xerces.internal.impl.dtd.XMLDTDDescription (java.xml@11.0.8)
1451:             1             40  com.sun.org.apache.xerces.internal.impl.validation.ValidationState (java.xml@11.0.8)
1452:             1             40  com.sun.org.apache.xerces.internal.util.SymbolTable (java.xml@11.0.8)
1453:             1             40  com.sun.org.apache.xerces.internal.utils.XMLLimitAnalyzer (java.xml@11.0.8)
1454:             1             40  com.sun.org.apache.xerces.internal.utils.XMLSecurityManager (java.xml@11.0.8)
1455:             1             40  com.sun.xml.internal.stream.XMLEntityStorage (java.xml@11.0.8)
1456:             1             40  io.airlift.airline.model.GlobalMetadata
1457:             1             40  io.hawt.HawtioContextListener
1458:             1             40  io.hawt.jmx.JmxTreeWatcher
1459:             1             40  io.hawt.web.plugin.HawtioPlugin
1460:             1             40  io.hawt.web.plugin.HawtioPlugin
1461:             1             40  io.netty.util.concurrent.DefaultPromise$StacklessCancellationException
1462:             1             40  java.beans.WeakIdentityMap$Entry (java.desktop@11.0.8)
1463:             1             40  java.io.PrintWriter (java.base@11.0.8)
1464:             1             40  java.lang.ArithmeticException (java.base@11.0.8)
1465:             1             40  java.lang.NullPointerException (java.base@11.0.8)
1466:             1             40  java.lang.UnsupportedOperationException (java.base@11.0.8)
1467:             1             40  java.lang.invoke.VarHandleObjects$Array (java.base@11.0.8)
1468:             1             40  java.time.format.DateTimeFormatterBuilder (java.base@11.0.8)
1469:             1             40  java.time.format.DateTimeFormatterBuilder$FractionPrinterParser (java.base@11.0.8)
1470:             1             40  java.time.zone.ZoneRules (java.base@11.0.8)
1471:             1             40  java.util.HashMap$KeyIterator (java.base@11.0.8)
1472:             1             40  java.util.ResourceBundle$2 (java.base@11.0.8)
1473:             1             40  java.util.regex.Pattern$Loop (java.base@11.0.8)
1474:             1             40  jdk.internal.ref.CleanerImpl$CleanerCleanable (java.base@11.0.8)
1475:             1             40  org.apache.activemq.artemis.commons.shaded.johnzon.core.JsonProviderImpl
1476:             1             40  org.apache.activemq.artemis.core.persistence.impl.journal.BatchingIDGenerator
1477:             1             40  org.apache.activemq.artemis.core.server.cluster.qourum.QuorumManager
1478:             1             40  org.apache.activemq.artemis.core.server.impl.ConnectorsService
1479:             1             40  org.apache.activemq.artemis.core.server.impl.QueueFactoryImpl
1480:             1             40  org.apache.activemq.artemis.core.server.management.ManagementContext
1481:             1             40  org.apache.activemq.artemis.utils.UUIDTimer
1482:             1             40  org.apache.activemq.command.WireFormatInfo
1483:             1             40  org.apache.logging.log4j.core.appender.OutputStreamManager
1484:             1             40  org.apache.logging.log4j.core.config.status.StatusConfiguration
1485:             1             40  org.eclipse.jetty.server.ShutdownMonitor
1486:             1             40  sun.nio.cs.StandardCharsets$Aliases (java.base@11.0.8)
1487:             1             40  sun.nio.cs.StandardCharsets$Cache (java.base@11.0.8)
1488:             1             40  sun.text.resources.cldr.FormatData (java.base@11.0.8)
1489:             1             40  sun.text.resources.cldr.FormatData_en (java.base@11.0.8)
1490:             1             40  sun.util.resources.Bundles$1 (java.base@11.0.8)
1491:             1             40  sun.util.resources.cldr.CalendarData (java.base@11.0.8)
1492:             1             32  [Lcom.google.common.base.AbstractIterator$State;
1493:             1             32  [Lcom.google.common.cache.LocalCache$Strength;
1494:             1             32  [Lcom.sun.beans.util.Cache$Kind; (java.desktop@11.0.8)
1495:             1             32  [Lcom.sun.org.apache.xerces.internal.impl.dv.xs.AbstractDateTimeDV$DateTimeData; (java.xml@11.0.8)
1496:             1             32  [Lcom.sun.org.apache.xerces.internal.utils.XMLSecurityManager$NameMap; (java.xml@11.0.8)
1497:             1             32  [Lcom.sun.xml.bind.v2.model.core.ID;
1498:             1             32  [Lio.netty.handler.codec.socksx.SocksVersion;
1499:             1             32  [Lio.netty.util.ResourceLeakDetector$Level;
1500:             1             32  [Ljava.lang.OutOfMemoryError; (java.base@11.0.8)
1501:             1             32  [Ljava.lang.StackStreamFactory$WalkerState; (java.base@11.0.8)
1502:             1             32  [Ljava.lang.ThreadGroup; (java.base@11.0.8)
1503:             1             32  [Ljava.lang.invoke.MethodHandleImpl$ArrayAccess; (java.base@11.0.8)
1504:             1             32  [Ljava.lang.invoke.StringConcatFactory$Mode; (java.base@11.0.8)
1505:             1             32  [Ljava.lang.management.MemoryManagerMXBean; (java.management@11.0.8)
1506:             1             32  [Ljava.lang.module.ModuleDescriptor$Modifier; (java.base@11.0.8)
1507:             1             32  [Ljava.lang.module.ModuleDescriptor$Requires$Modifier; (java.base@11.0.8)
1508:             2             32  [Ljava.net.NetworkInterface; (java.base@11.0.8)
1509:             1             32  [Ljava.nio.channels.FileChannel; (java.base@11.0.8)
1510:             1             32  [Ljava.nio.file.StandardCopyOption; (java.base@11.0.8)
1511:             2             32  [Ljava.security.cert.Certificate; (java.base@11.0.8)
1512:             1             32  [Ljava.time.format.DateTimeFormatterBuilder$SettingsParser; (java.base@11.0.8)
1513:             1             32  [Ljava.time.format.ResolverStyle; (java.base@11.0.8)
1514:             1             32  [Ljava.time.temporal.IsoFields$Field; (java.base@11.0.8)
1515:             1             32  [Ljava.time.temporal.JulianFields$Field; (java.base@11.0.8)
1516:             1             32  [Ljava.time.zone.ZoneOffsetTransitionRule$TimeDefinition; (java.base@11.0.8)
1517:             1             32  [Ljava.util.regex.Pattern$Qtype; (java.base@11.0.8)
1518:             1             32  [Ljava.util.stream.StreamShape; (java.base@11.0.8)
1519:             1             32  [Ljavax.xml.catalog.CatalogFeatures$Feature; (java.xml@11.0.8)
1520:             1             32  [Ljdk.internal.logger.BootstrapLogger$LoggingBackend; (java.base@11.0.8)
1521:             1             32  [Ljdk.internal.module.IllegalAccessLogger$Mode; (java.base@11.0.8)
1522:             1             32  [Ljdk.xml.internal.JdkXmlFeatures$XmlFeature; (java.xml@11.0.8)
1523:             1             32  [Lorg.apache.activemq.artemis.core.paging.cursor.PageIterator$NextResult;
1524:             1             32  [Lorg.apache.activemq.artemis.core.postoffice.BindingType;
1525:             1             32  [Lorg.apache.activemq.artemis.core.postoffice.impl.PostOfficeImpl$DuplicateCheckResult;
1526:             1             32  [Lorg.apache.activemq.artemis.core.server.ActiveMQServer$SERVER_STATE;
1527:             1             32  [Lorg.apache.activemq.artemis.core.server.ComponentConfigurationRoutingType;
1528:             1             32  [Lorg.apache.activemq.artemis.core.server.cluster.ClusterManager$State;
1529:             1             32  [Lorg.apache.activemq.artemis.core.server.cluster.impl.MessageLoadBalancingType;
1530:             1             32  [Lorg.apache.activemq.artemis.core.server.federation.FederationManager$State;
1531:             1             32  [Lorg.apache.activemq.artemis.core.settings.impl.SlowConsumerThresholdMeasurementUnit;
1532:             1             32  [Lorg.apache.logging.log4j.core.config.LoggerConfig$LoggerConfigPredicate;
1533:             1             32  [Lorg.apache.logging.log4j.core.util.datetime.FixedDateFormat$FixedTimeZoneFormat;
1534:             1             32  [Lorg.eclipse.jetty.http.HttpMethod$Type;
1535:             1             32  [Lorg.eclipse.jetty.http.HttpScheme;
1536:             1             32  [Lorg.eclipse.jetty.security.UserDataConstraint;
1537:             1             32  [Lorg.eclipse.jetty.server.Handler;
1538:             1             32  [Lorg.eclipse.jetty.server.handler.ContextHandler$ContextStatus;
1539:             1             32  [Lorg.eclipse.jetty.servlet.Source$Origin;
1540:             1             32  [Lorg.eclipse.jetty.util.Pool$StrategyType;
1541:             1             32  [Lorg.eclipse.jetty.util.component.ContainerLifeCycle$Managed;
1542:             1             32  [Lorg.eclipse.jetty.util.thread.Invocable$InvocationType;
1543:             1             32  [Lorg.eclipse.jetty.util.thread.strategy.AdaptiveExecutionStrategy$State;
1544:             1             32  [Lorg.eclipse.jetty.util.thread.strategy.AdaptiveExecutionStrategy$SubStrategy;
1545:             1             32  [Lorg.eclipse.jetty.webapp.MetaData$Complete;
1546:             1             32  [Lorg.jolokia.converter.object.OpenTypeConverter;
1547:             1             32  [Lsun.security.provider.NativePRNG$Variant; (java.base@11.0.8)
1548:             2             32  com.google.common.cache.LocalCache$LocalManualCache
1549:             1             32  com.google.common.collect.Iterators$ArrayItr
1550:             2             32  com.sun.beans.WeakCache (java.desktop@11.0.8)
1551:             1             32  com.sun.beans.finder.BeanInfoFinder (java.desktop@11.0.8)
1552:             1             32  com.sun.jmx.mbeanserver.Repository (java.management@11.0.8)
1553:             1             32  com.sun.org.apache.xerces.internal.impl.dtd.XMLElementDecl (java.xml@11.0.8)
1554:             2             32  com.sun.org.apache.xerces.internal.impl.dv.dtd.ENTITYDatatypeValidator (java.xml@11.0.8)
1555:             2             32  com.sun.org.apache.xerces.internal.impl.dv.xs.QNameDV (java.xml@11.0.8)
1556:             1             32  com.sun.org.apache.xerces.internal.impl.xpath.regex.Op$ModifierOp (java.xml@11.0.8)
1557:             2             32  com.sun.org.apache.xerces.internal.impl.xpath.regex.Token (java.xml@11.0.8)
1558:             1             32  com.sun.org.apache.xerces.internal.impl.xs.XSModelGroupImpl (java.xml@11.0.8)
1559:             1             32  com.sun.org.apache.xerces.internal.jaxp.SAXParserFactoryImpl (java.xml@11.0.8)
1560:             1             32  com.sun.org.apache.xerces.internal.util.NamespaceSupport (java.xml@11.0.8)
1561:             2             32  com.sun.proxy.$Proxy12
1562:             2             32  com.sun.proxy.jdk.proxy1.$Proxy34 (jdk.proxy1@)
1563:             1             32  com.sun.xml.bind.v2.util.QNameMap
1564:             1             32  io.hawt.jmx.JMXSecurity
1565:             1             32  io.hawt.web.auth.AuthenticationConfiguration
1566:             1             32  io.hawt.web.auth.LoginRedirectFilter
1567:             1             32  io.hawt.web.proxy.ProxyServlet
1568:             1             32  io.netty.buffer.UnpooledByteBufAllocator
1569:             1             32  io.netty.util.ResourceLeakDetector
1570:             1             32  io.netty.util.concurrent.DefaultThreadFactory
1571:             2             32  io.netty.util.internal.logging.Slf4JLoggerFactory
1572:             1             32  java.beans.ThreadGroupContext (java.desktop@11.0.8)
1573:             1             32  java.beans.ThreadGroupContext$1 (java.desktop@11.0.8)
1574:             1             32  java.io.UnixFileSystem (java.base@11.0.8)
1575:             2             32  java.lang.Boolean (java.base@11.0.8)
1576:             1             32  java.lang.ClassLoader$NativeLibrary$Unloader (java.base@11.0.8)
1577:             2             32  java.lang.Shutdown$Lock (java.base@11.0.8)
1578:             1             32  java.lang.module.ModuleDescriptor$Version (java.base@11.0.8)
1579:             1             32  java.net.InetAddress$CachedLocalHost (java.base@11.0.8)
1580:             2             32  java.nio.ByteOrder (java.base@11.0.8)
1581:             2             32  java.nio.file.attribute.PosixFilePermissions$1 (java.base@11.0.8)
1582:             1             32  java.security.BasicPermissionCollection (java.base@11.0.8)
1583:             1             32  java.security.MessageDigest$Delegate (java.base@11.0.8)
1584:             2             32  java.time.format.DateTimeFormatterBuilder$StringLiteralPrinterParser (java.base@11.0.8)
1585:             1             32  java.util.JumboEnumSet (java.base@11.0.8)
1586:             2             32  java.util.Optional (java.base@11.0.8)
1587:             2             32  java.util.ResourceBundle$SingleFormatControl (java.base@11.0.8)
1588:             1             32  java.util.concurrent.ThreadLocalRandom (java.base@11.0.8)
1589:             1             32  java.util.logging.LogManager$SystemLoggerContext (java.logging@11.0.8)
1590:             1             32  java.util.regex.Pattern$BnM (java.base@11.0.8)
1591:             2             32  java.util.regex.Pattern$Caret (java.base@11.0.8)
1592:             1             32  jdk.internal.module.IllegalAccessLogger (java.base@11.0.8)
1593:             1             32  jdk.internal.ref.CleanerImpl (java.base@11.0.8)
1594:             1             32  jdk.internal.reflect.UnsafeIntegerFieldAccessorImpl (java.base@11.0.8)
1595:             1             32  org.apache.activemq.artemis.core.io.buffer.TimedBuffer$CheckTimer
1596:             2             32  org.apache.activemq.artemis.core.journal.impl.JournalFilesRepository$1
1597:             2             32  org.apache.activemq.artemis.core.protocol.hornetq.HQFilterConversionInterceptor
1598:             2             32  org.apache.activemq.artemis.core.protocol.mqtt.MQTTRoutingHandler
1599:             1             32  org.apache.activemq.artemis.core.protocol.mqtt.MQTTUtil$MQTTWildcardConfiguration
1600:             1             32  org.apache.activemq.artemis.core.security.Role
1601:             1             32  org.apache.activemq.artemis.core.server.impl.LiveOnlyActivation
1602:             1             32  org.apache.activemq.artemis.core.server.management.JMXAccessControlList
1603:             1             32  org.apache.activemq.artemis.core.server.management.impl.HawtioSecurityControlImpl
1604:             1             32  org.apache.activemq.artemis.core.server.routing.ConnectionRouterManager
1605:             1             32  org.apache.activemq.artemis.dto.BrokerDTO
1606:             1             32  org.apache.activemq.artemis.integration.FileBroker
1607:             2             32  org.apache.activemq.artemis.protocol.amqp.proton.AMQPRoutingHandler
1608:             1             32  org.apache.activemq.artemis.spi.core.security.ActiveMQJAASSecurityManager
1609:             1             32  org.apache.activemq.artemis.utils.UUIDGenerator
1610:             1             32  org.apache.commons.beanutils.PropertyUtilsBean
1611:             1             32  org.apache.commons.logging.impl.WeakHashtable$WeakKey
1612:             2             32  org.apache.logging.log4j.core.appender.rolling.CronTriggeringPolicy$CronTrigger
1613:             2             32  org.apache.logging.log4j.core.config.CronScheduledFuture
1614:             2             32  org.apache.logging.log4j.core.config.DefaultAdvertiser
1615:             2             32  org.apache.logging.log4j.core.impl.DefaultLogEventFactory
1616:             1             32  org.apache.logging.log4j.core.impl.ThrowableFormatOptions
1617:             2             32  org.apache.logging.log4j.core.layout.PatternLayout$PatternFormatterPatternSerializer
1618:             2             32  org.apache.logging.log4j.core.lookup.StrMatcher$CharSetMatcher
1619:             1             32  org.apache.logging.log4j.core.util.DefaultShutdownCallbackRegistry
1620:             2             32  org.apache.logging.log4j.core.util.SystemClock
1621:             1             32  org.apache.logging.log4j.core.util.WatchManager$ConfigurationMonitor
1622:             2             32  org.apache.logging.log4j.core.util.datetime.FastDatePrinter$TwoDigitNumberField
1623:             1             32  org.apache.logging.log4j.status.StatusLogger$BoundedQueue
1624:             2             32  org.apache.logging.log4j.util.EnvironmentPropertySource
1625:             2             32  org.apache.logging.log4j.util.PropertiesUtil
1626:             2             32  org.apache.logging.log4j.util.PropertySource$Comparator
1627:             2             32  org.apache.logging.log4j.util.SystemPropertiesPropertySource
1628:             1             32  org.eclipse.jetty.http.HttpField
1629:             2             32  org.eclipse.jetty.http.HttpFields$Immutable
1630:             2             32  org.eclipse.jetty.util.EmptyTrie
1631:             1             32  org.eclipse.jetty.util.thread.ThreadPoolBudget
1632:             1             32  org.eclipse.jetty.webapp.JaasConfiguration
1633:             1             32  org.eclipse.jetty.webapp.JaspiConfiguration
1634:             1             32  org.eclipse.jetty.webapp.JmxConfiguration
1635:             1             32  org.eclipse.jetty.webapp.JndiConfiguration
1636:             1             32  org.eclipse.jetty.webapp.JspConfiguration
1637:             1             32  org.eclipse.jetty.webapp.ServletsConfiguration
1638:             1             32  org.eclipse.jetty.xml.XmlParser$Handler
1639:             1             32  org.jolokia.backend.LocalRequestDispatcher
1640:             1             32  org.jolokia.backend.MBeanServerExecutorLocal
1641:             1             32  org.jolokia.backend.MBeanServerHandler
1642:             1             32  org.jolokia.backend.MBeanServers
1643:             1             32  org.jolokia.converter.json.ObjectToJsonConverter
1644:             2             32  org.jolokia.converter.object.StringToObjectConverter$BooleanParser
1645:             2             32  org.jolokia.converter.object.StringToObjectConverter$ByteParser
1646:             2             32  org.jolokia.converter.object.StringToObjectConverter$CharParser
1647:             2             32  org.jolokia.converter.object.StringToObjectConverter$DoubleParser
1648:             2             32  org.jolokia.converter.object.StringToObjectConverter$FloatParser
1649:             2             32  org.jolokia.converter.object.StringToObjectConverter$IntParser
1650:             2             32  org.jolokia.converter.object.StringToObjectConverter$LongParser
1651:             2             32  org.jolokia.converter.object.StringToObjectConverter$ShortParser
1652:             1             32  org.jolokia.detector.ServerHandle
1653:             1             32  org.jolokia.history.HistoryStore
1654:             1             32  org.jolokia.restrictor.PolicyRestrictor
1655:             1             32  org.xml.sax.helpers.LocatorImpl (java.xml@11.0.8)
1656:             1             32  sun.nio.ch.ServerSocketAdaptor (java.base@11.0.8)
1657:             1             32  sun.nio.cs.StandardCharsets (java.base@11.0.8)
1658:             1             32  sun.nio.fs.BsdFileStore (java.base@11.0.8)
1659:             1             32  sun.nio.fs.MacOSXFileSystem (java.base@11.0.8)
1660:             2             32  sun.reflect.generics.tree.ArrayTypeSignature (java.base@11.0.8)
1661:             2             32  sun.security.provider.FileInputStreamPool$UnclosableInputStream (java.base@11.0.8)
1662:             1             32  sun.security.provider.SecureRandom (java.base@11.0.8)
1663:             2             32  sun.util.resources.LocaleData (java.base@11.0.8)
1664:             1             24  [Lcom.google.common.cache.CacheBuilder$NullListener;
1665:             1             24  [Lcom.google.common.cache.CacheBuilder$OneWeigher;
1666:             1             24  [Lcom.sun.org.apache.xerces.internal.impl.xpath.regex.RegularExpression$ClosureContext; (java.xml@11.0.8)
1667:             1             24  [Lcom.sun.org.apache.xerces.internal.impl.xs.XSParticleDecl; (java.xml@11.0.8)
1668:             1             24  [Lcom.sun.org.apache.xerces.internal.utils.XMLSecurityPropertyManager$Property; (java.xml@11.0.8)
1669:             1             24  [Ljava.io.File$PathStatus; (java.base@11.0.8)
1670:             1             24  [Ljava.lang.StackWalker$ExtendedOption; (java.base@11.0.8)
1671:             1             24  [Ljava.net.InetSocketAddress; (java.base@11.0.8)
1672:             1             24  [Ljava.net.StandardProtocolFamily; (java.base@11.0.8)
1673:             1             24  [Ljava.time.temporal.IsoFields$Unit; (java.base@11.0.8)
1674:             1             24  [Ljava.time.zone.ZoneOffsetTransition; (java.base@11.0.8)
1675:             1             24  [Ljava.util.Comparators$NaturalOrderComparator; (java.base@11.0.8)
1676:             1             24  [Ljava.util.Locale$Category; (java.base@11.0.8)
1677:             1             24  [Ljavax.xml.bind.annotation.XmlAccessOrder;
1678:             1             24  [Lorg.apache.activemq.artemis.commons.shaded.johnzon.core.RejectDuplicateKeysMode;
1679:             1             24  [Lorg.apache.activemq.artemis.core.journal.impl.dataformat.JournalCompleteRecordTX$TX_RECORD_TYPE;
1680:             1             24  [Lorg.apache.activemq.artemis.core.settings.impl.DeletionPolicy;
1681:             1             24  [Lorg.apache.activemq.artemis.core.settings.impl.SlowConsumerPolicy;
1682:             1             24  [Lorg.apache.activemq.artemis.spi.core.security.scram.SCRAM;
1683:             1             24  [Lorg.apache.logging.log4j.core.appender.ConsoleAppender$Target;
1684:             1             24  [Lorg.apache.logging.log4j.core.async.ThreadNameCachingStrategy;
1685:             1             24  [Lorg.apache.logging.log4j.core.config.status.StatusConfiguration$Verbosity;
1686:             1             24  [Lorg.apache.logging.log4j.core.pattern.NameAbbreviator$MaxElementAbbreviator$Strategy;
1687:             1             24  [Lorg.eclipse.jetty.http.CookieCompliance;
1688:             1             24  [Lorg.eclipse.jetty.http.HttpFieldPreEncoder;
1689:             1             24  [Lorg.eclipse.jetty.server.MultiPartFormDataCompliance;
1690:             1             24  [Lorg.eclipse.jetty.server.ServerConnector;
1691:             1             24  [Lorg.eclipse.jetty.server.handler.ContextHandler$ProtectedTargetType;
1692:             1             24  com.google.common.cache.CacheBuilder$NullListener
1693:             1             24  com.google.common.cache.CacheBuilder$OneWeigher
1694:             1             24  com.google.common.cache.LocalCache$EntryFactory$1
1695:             1             24  com.google.common.cache.LocalCache$EntryFactory$2
1696:             1             24  com.google.common.cache.LocalCache$EntryFactory$3
1697:             1             24  com.google.common.cache.LocalCache$EntryFactory$4
1698:             1             24  com.google.common.cache.LocalCache$EntryFactory$5
1699:             1             24  com.google.common.cache.LocalCache$EntryFactory$6
1700:             1             24  com.google.common.cache.LocalCache$EntryFactory$7
1701:             1             24  com.google.common.cache.LocalCache$EntryFactory$8
1702:             1             24  com.google.common.cache.LocalCache$Strength$1
1703:             1             24  com.google.common.cache.LocalCache$Strength$2
1704:             1             24  com.google.common.cache.LocalCache$Strength$3
1705:             1             24  com.sun.beans.util.Cache$Kind$1 (java.desktop@11.0.8)
1706:             1             24  com.sun.beans.util.Cache$Kind$2 (java.desktop@11.0.8)
1707:             1             24  com.sun.beans.util.Cache$Kind$3 (java.desktop@11.0.8)
1708:             1             24  com.sun.jmx.mbeanserver.ClassLoaderRepositorySupport (java.management@11.0.8)
1709:             1             24  com.sun.jmx.mbeanserver.MXBeanLookup (java.management@11.0.8)
1710:             1             24  com.sun.jmx.remote.util.ClassLogger (java.management@11.0.8)
1711:             1             24  com.sun.management.internal.HotSpotThreadImpl (jdk.management@11.0.8)
1712:             1             24  com.sun.management.internal.OperatingSystemImpl (jdk.management@11.0.8)
1713:             1             24  com.sun.management.internal.PlatformMBeanProviderImpl$1 (jdk.management@11.0.8)
1714:             1             24  com.sun.management.internal.PlatformMBeanProviderImpl$2 (jdk.management@11.0.8)
1715:             1             24  com.sun.management.internal.PlatformMBeanProviderImpl$3 (jdk.management@11.0.8)
1716:             1             24  com.sun.management.internal.PlatformMBeanProviderImpl$4 (jdk.management@11.0.8)
1717:             1             24  com.sun.management.internal.PlatformMBeanProviderImpl$5 (jdk.management@11.0.8)
1718:             1             24  com.sun.org.apache.xerces.internal.impl.Constants$ArrayEnumeration (java.xml@11.0.8)
1719:             1             24  com.sun.org.apache.xerces.internal.impl.XMLNSDocumentScannerImpl$NSContentDriver (java.xml@11.0.8)
1720:             1             24  com.sun.org.apache.xerces.internal.impl.dtd.DTDGrammarBucket (java.xml@11.0.8)
1721:             1             24  com.sun.org.apache.xerces.internal.impl.dtd.XMLAttributeDecl (java.xml@11.0.8)
1722:             1             24  com.sun.org.apache.xerces.internal.impl.msg.XMLMessageFormatter (java.xml@11.0.8)
1723:             1             24  com.sun.org.apache.xerces.internal.impl.validation.ValidationManager (java.xml@11.0.8)
1724:             1             24  com.sun.org.apache.xerces.internal.impl.xpath.regex.Op$CharOp (java.xml@11.0.8)
1725:             1             24  com.sun.org.apache.xerces.internal.impl.xpath.regex.RegularExpression$ClosureContext (java.xml@11.0.8)
1726:             1             24  com.sun.org.apache.xerces.internal.impl.xs.util.ShortListImpl (java.xml@11.0.8)
1727:             1             24  com.sun.org.apache.xerces.internal.impl.xs.util.XSObjectListImpl (java.xml@11.0.8)
1728:             1             24  com.sun.org.apache.xerces.internal.utils.XMLSecurityPropertyManager (java.xml@11.0.8)
1729:             1             24  com.sun.xml.bind.v2.model.annotation.XmlAttributeQuick
1730:             1             24  com.sun.xml.bind.v2.model.annotation.XmlElementDeclQuick
1731:             1             24  com.sun.xml.bind.v2.model.annotation.XmlElementQuick
1732:             1             24  com.sun.xml.bind.v2.model.annotation.XmlElementRefQuick
1733:             1             24  com.sun.xml.bind.v2.model.annotation.XmlElementRefsQuick
1734:             1             24  com.sun.xml.bind.v2.model.annotation.XmlEnumQuick
1735:             1             24  com.sun.xml.bind.v2.model.annotation.XmlRootElementQuick
1736:             1             24  com.sun.xml.bind.v2.model.annotation.XmlSchemaQuick
1737:             1             24  com.sun.xml.bind.v2.model.annotation.XmlSchemaTypeQuick
1738:             1             24  com.sun.xml.bind.v2.model.annotation.XmlTransientQuick
1739:             1             24  com.sun.xml.bind.v2.model.annotation.XmlTypeQuick
1740:             1             24  com.sun.xml.bind.v2.model.annotation.XmlValueQuick
1741:             1             24  com.sun.xml.bind.v2.model.impl.RuntimeAnyTypeImpl
1742:             1             24  com.sun.xml.bind.v2.model.impl.RuntimeBuiltinLeafInfoImpl$10
1743:             1             24  com.sun.xml.bind.v2.model.impl.RuntimeBuiltinLeafInfoImpl$11
1744:             1             24  com.sun.xml.bind.v2.model.impl.RuntimeBuiltinLeafInfoImpl$12
1745:             1             24  com.sun.xml.bind.v2.model.impl.RuntimeBuiltinLeafInfoImpl$13
1746:             1             24  com.sun.xml.bind.v2.model.impl.RuntimeBuiltinLeafInfoImpl$14
1747:             1             24  com.sun.xml.bind.v2.model.impl.RuntimeBuiltinLeafInfoImpl$15
1748:             1             24  com.sun.xml.bind.v2.model.impl.RuntimeBuiltinLeafInfoImpl$16
1749:             1             24  com.sun.xml.bind.v2.model.impl.RuntimeBuiltinLeafInfoImpl$17
1750:             1             24  com.sun.xml.bind.v2.model.impl.RuntimeBuiltinLeafInfoImpl$18
1751:             1             24  com.sun.xml.bind.v2.model.impl.RuntimeBuiltinLeafInfoImpl$19
1752:             1             24  com.sun.xml.bind.v2.model.impl.RuntimeBuiltinLeafInfoImpl$2
1753:             1             24  com.sun.xml.bind.v2.model.impl.RuntimeBuiltinLeafInfoImpl$20
1754:             1             24  com.sun.xml.bind.v2.model.impl.RuntimeBuiltinLeafInfoImpl$21
1755:             1             24  com.sun.xml.bind.v2.model.impl.RuntimeBuiltinLeafInfoImpl$22
1756:             1             24  com.sun.xml.bind.v2.model.impl.RuntimeBuiltinLeafInfoImpl$23
1757:             1             24  com.sun.xml.bind.v2.model.impl.RuntimeBuiltinLeafInfoImpl$24
1758:             1             24  com.sun.xml.bind.v2.model.impl.RuntimeBuiltinLeafInfoImpl$26
1759:             1             24  com.sun.xml.bind.v2.model.impl.RuntimeBuiltinLeafInfoImpl$27
1760:             1             24  com.sun.xml.bind.v2.model.impl.RuntimeBuiltinLeafInfoImpl$3
1761:             1             24  com.sun.xml.bind.v2.model.impl.RuntimeBuiltinLeafInfoImpl$4
1762:             1             24  com.sun.xml.bind.v2.model.impl.RuntimeBuiltinLeafInfoImpl$5
1763:             1             24  com.sun.xml.bind.v2.model.impl.RuntimeBuiltinLeafInfoImpl$6
1764:             1             24  com.sun.xml.bind.v2.model.impl.RuntimeBuiltinLeafInfoImpl$7
1765:             1             24  com.sun.xml.bind.v2.model.impl.RuntimeBuiltinLeafInfoImpl$8
1766:             1             24  com.sun.xml.bind.v2.model.impl.RuntimeBuiltinLeafInfoImpl$9
1767:             1             24  com.sun.xml.bind.v2.model.impl.RuntimeBuiltinLeafInfoImpl$StringImplImpl
1768:             1             24  com.sun.xml.bind.v2.model.impl.RuntimeBuiltinLeafInfoImpl$UUIDImpl
1769:             1             24  com.sun.xml.bind.v2.runtime.unmarshaller.DomLoader
1770:             1             24  io.hawt.jmx.About
1771:             1             24  io.hawt.jmx.QuartzFacade
1772:             1             24  io.hawt.jmx.RBACRegistry
1773:             1             24  io.hawt.system.ConfigManager
1774:             1             24  io.hawt.web.auth.AuthenticationFilter
1775:             1             24  io.hawt.web.auth.Redirector
1776:             1             24  io.hawt.web.auth.SessionExpiryFilter
1777:             1             24  io.hawt.web.filters.BaseTagHrefFilter
1778:             1             24  io.hawt.web.filters.CacheHeadersFilter
1779:             1             24  io.hawt.web.filters.PublicKeyPinningFilter
1780:             1             24  io.hawt.web.filters.StrictTransportSecurityFilter
1781:             1             24  io.hawt.web.servlets.JolokiaConfiguredAgentServlet$ServletConfigWrapper
1782:             1             24  io.netty.buffer.PooledByteBufAllocator$PoolThreadLocalCache
1783:             1             24  io.netty.buffer.UnpooledByteBufAllocator$UnpooledByteBufAllocatorMetric
1784:             1             24  io.netty.buffer.UnreleasableByteBuf
1785:             1             24  io.netty.channel.ChannelOption$1
1786:             1             24  io.netty.util.ResourceLeakDetectorFactory$DefaultResourceLeakDetectorFactory
1787:             1             24  io.netty.util.concurrent.FailedFuture
1788:             1             24  io.netty.util.internal.DefaultPriorityQueue
1789:             1             24  io.netty.util.internal.ThreadExecutorMap$3
1790:             1             24  java.lang.ProcessEnvironment$StringEnvironment (java.base@11.0.8)
1791:             1             24  java.lang.ProcessHandleImpl$$Lambda$279/0x000000080044d840 (java.base@11.0.8)
1792:             1             24  java.lang.StackWalker$ExtendedOption (java.base@11.0.8)
1793:             1             24  java.lang.invoke.DirectMethodHandle$EnsureInitialized (java.base@11.0.8)
1794:             1             24  java.lang.invoke.MethodHandleImpl$ArrayAccessor$1 (java.base@11.0.8)
1795:             1             24  java.lang.invoke.MethodHandleImpl$BindCaller$1 (java.base@11.0.8)
1796:             1             24  java.lang.invoke.MethodType$ConcurrentWeakInternSet (java.base@11.0.8)
1797:             1             24  java.lang.invoke.StringConcatFactory$Stringifiers$StringifierAny (java.base@11.0.8)
1798:             1             24  java.lang.invoke.StringConcatFactory$Stringifiers$StringifierMost (java.base@11.0.8)
1799:             1             24  java.lang.management.DefaultPlatformMBeanProvider$1 (java.management@11.0.8)
1800:             1             24  java.lang.management.DefaultPlatformMBeanProvider$10 (java.management@11.0.8)
1801:             1             24  java.lang.management.DefaultPlatformMBeanProvider$11 (java.management@11.0.8)
1802:             1             24  java.lang.management.DefaultPlatformMBeanProvider$2 (java.management@11.0.8)
1803:             1             24  java.lang.management.DefaultPlatformMBeanProvider$3 (java.management@11.0.8)
1804:             1             24  java.lang.management.DefaultPlatformMBeanProvider$4 (java.management@11.0.8)
1805:             1             24  java.lang.management.DefaultPlatformMBeanProvider$5 (java.management@11.0.8)
1806:             1             24  java.lang.management.DefaultPlatformMBeanProvider$6 (java.management@11.0.8)
1807:             1             24  java.lang.management.DefaultPlatformMBeanProvider$7 (java.management@11.0.8)
1808:             1             24  java.lang.management.DefaultPlatformMBeanProvider$8 (java.management@11.0.8)
1809:             1             24  java.lang.management.DefaultPlatformMBeanProvider$9 (java.management@11.0.8)
1810:             1             24  java.net.Inet6AddressImpl (java.base@11.0.8)
1811:             1             24  java.nio.file.LinkOption (java.base@11.0.8)
1812:             1             24  java.security.AllPermissionCollection (java.base@11.0.8)
1813:             1             24  java.time.Clock$SystemClock (java.base@11.0.8)
1814:             1             24  java.time.ZoneRegion (java.base@11.0.8)
1815:             1             24  java.time.format.DecimalStyle (java.base@11.0.8)
1816:             1             24  java.time.temporal.IsoFields$Field$1 (java.base@11.0.8)
1817:             1             24  java.time.temporal.IsoFields$Field$2 (java.base@11.0.8)
1818:             1             24  java.time.temporal.IsoFields$Field$3 (java.base@11.0.8)
1819:             1             24  java.time.temporal.IsoFields$Field$4 (java.base@11.0.8)
1820:             1             24  java.time.zone.TzdbZoneRulesProvider (java.base@11.0.8)
1821:             1             24  java.util.Collections$3 (java.base@11.0.8)
1822:             1             24  java.util.Collections$EmptyMap (java.base@11.0.8)
1823:             1             24  java.util.Collections$SynchronizedCollection (java.base@11.0.8)
1824:             1             24  java.util.Comparators$NaturalOrderComparator (java.base@11.0.8)
1825:             1             24  java.util.Locale$Cache (java.base@11.0.8)
1826:             1             24  java.util.ResourceBundle$Control$CandidateListCache (java.base@11.0.8)
1827:             1             24  java.util.TaskQueue (java.base@11.0.8)
1828:             1             24  java.util.Timer (java.base@11.0.8)
1829:             1             24  java.util.concurrent.ConcurrentLinkedDeque (java.base@11.0.8)
1830:             1             24  java.util.concurrent.Executors$DefaultThreadFactory (java.base@11.0.8)
1831:             1             24  java.util.concurrent.LinkedBlockingDeque$Node (java.base@11.0.8)
1832:             1             24  java.util.logging.LogManager$LoggerContext (java.logging@11.0.8)
1833:             1             24  java.util.regex.Pattern$Pos (java.base@11.0.8)
1834:             1             24  java.util.regex.Pattern$Prolog (java.base@11.0.8)
1835:             1             24  java.util.zip.ZipCoder$UTF8 (java.base@11.0.8)
1836:             1             24  javax.management.ObjectInstance (java.management@11.0.8)
1837:             1             24  javax.management.ObjectName$PatternProperty (java.management@11.0.8)
1838:             1             24  jdk.internal.jimage.ImageReader (java.base@11.0.8)
1839:             1             24  jdk.internal.logger.BootstrapLogger$RedirectedLoggers (java.base@11.0.8)
1840:             1             24  jdk.internal.module.ModuleHashes (java.base@11.0.8)
1841:             1             24  jdk.internal.module.SystemModuleFinders$SystemModuleFinder (java.base@11.0.8)
1842:             1             24  jdk.management.jfr.StreamManager (jdk.management.jfr@11.0.8)
1843:             1             24  jdk.management.jfr.internal.FlightRecorderMXBeanProvider$SingleMBeanComponent (jdk.management.jfr@11.0.8)
1844:             1             24  org.apache.activemq.artemis.cli.commands.ActionContext
1845:             1             24  org.apache.activemq.artemis.commons.shaded.johnzon.core.JsonBuilderFactoryImpl
1846:             1             24  org.apache.activemq.artemis.commons.shaded.johnzon.core.JsonReaderFactoryImpl
1847:             1             24  org.apache.activemq.artemis.commons.shaded.johnzon.core.JsonWriterFactoryImpl
1848:             1             24  org.apache.activemq.artemis.commons.shaded.json.EmptyObject
1849:             1             24  org.apache.activemq.artemis.core.buffers.impl.ChannelBufferWrapper
1850:             1             24  org.apache.activemq.artemis.core.config.MetricsConfiguration
1851:             1             24  org.apache.activemq.artemis.core.config.impl.RoleSet
1852:             1             24  org.apache.activemq.artemis.core.journal.impl.ObjIntIntArrayList
1853:             1             24  org.apache.activemq.artemis.core.messagecounter.impl.MessageCounterManagerImpl
1854:             1             24  org.apache.activemq.artemis.core.paging.impl.PagingManagerImpl$LocalMonitor
1855:             1             24  org.apache.activemq.artemis.core.postoffice.impl.AddressMap
1856:             1             24  org.apache.activemq.artemis.core.protocol.openwire.OpenWireRoutingHandler
1857:             1             24  org.apache.activemq.artemis.core.server.cluster.ha.StandaloneHAManager
1858:             1             24  org.apache.activemq.artemis.core.server.federation.FederationManager
1859:             1             24  org.apache.activemq.artemis.core.server.impl.ActiveMQServerImpl$$Lambda$185/0x000000080035b840
1860:             1             24  org.apache.activemq.artemis.core.server.impl.ActiveMQServerImpl$DefaultCriticalErrorListener
1861:             1             24  org.apache.activemq.artemis.core.server.impl.ServerStatus
1862:             1             24  org.apache.activemq.artemis.core.server.management.ArtemisMBeanServerBuilder$MBeanInvocationHandler
1863:             1             24  org.apache.activemq.artemis.core.transaction.impl.ResourceManagerImpl$TxTimeoutHandler
1864:             1             24  org.apache.activemq.artemis.dto.JaasSecurityDTO
1865:             1             24  org.apache.activemq.artemis.dto.ServerDTO
1866:             1             24  org.apache.activemq.artemis.json.impl.JsonArrayImpl
1867:             1             24  org.apache.activemq.artemis.protocol.amqp.sasl.scram.SHA256SCRAMServerSASLFactory
1868:             1             24  org.apache.activemq.artemis.protocol.amqp.sasl.scram.SHA512SCRAMServerSASLFactory
1869:             1             24  org.apache.activemq.artemis.utils.UUID
1870:             1             24  org.apache.activemq.artemis.utils.uri.FluentPropertyBeanIntrospectorWithIgnores
1871:             1             24  org.apache.activemq.util.DataByteArrayInputStream
1872:             1             24  org.apache.activemq.util.DataByteArrayOutputStream
1873:             1             24  org.apache.activemq.util.LongSequenceGenerator
1874:             1             24  org.apache.commons.beanutils.BeanUtilsBean
1875:             1             24  org.apache.commons.beanutils.BeanUtilsBean$1
1876:             1             24  org.apache.commons.beanutils.converters.StringConverter
1877:             1             24  org.apache.commons.logging.impl.WeakHashtable$Referenced
1878:             1             24  org.apache.logging.log4j.core.appender.ConsoleAppender$Target$1
1879:             1             24  org.apache.logging.log4j.core.appender.ConsoleAppender$Target$2
1880:             1             24  org.apache.logging.log4j.core.appender.rolling.FileExtension$1
1881:             1             24  org.apache.logging.log4j.core.appender.rolling.FileExtension$2
1882:             1             24  org.apache.logging.log4j.core.appender.rolling.FileExtension$3
1883:             1             24  org.apache.logging.log4j.core.appender.rolling.FileExtension$4
1884:             1             24  org.apache.logging.log4j.core.appender.rolling.FileExtension$5
1885:             1             24  org.apache.logging.log4j.core.appender.rolling.FileExtension$6
1886:             1             24  org.apache.logging.log4j.core.async.ThreadNameCachingStrategy$1
1887:             1             24  org.apache.logging.log4j.core.async.ThreadNameCachingStrategy$2
1888:             1             24  org.apache.logging.log4j.core.config.LoggerConfig$LoggerConfigPredicate$1
1889:             1             24  org.apache.logging.log4j.core.config.LoggerConfig$LoggerConfigPredicate$2
1890:             1             24  org.apache.logging.log4j.core.config.LoggerConfig$LoggerConfigPredicate$3
1891:             1             24  org.apache.logging.log4j.core.config.Loggers
1892:             1             24  org.apache.logging.log4j.core.config.json.JsonConfigurationFactory
1893:             1             24  org.apache.logging.log4j.core.config.plugins.util.PluginRegistry
1894:             1             24  org.apache.logging.log4j.core.config.yaml.YamlConfigurationFactory
1895:             1             24  org.apache.logging.log4j.core.impl.Log4jContextFactory
1896:             1             24  org.apache.logging.log4j.core.pattern.LevelPatternConverter$SimpleLevelPatternConverter
1897:             1             24  org.apache.logging.log4j.core.pattern.LineSeparatorPatternConverter
1898:             1             24  org.apache.logging.log4j.core.pattern.LoggerPatternConverter
1899:             1             24  org.apache.logging.log4j.core.pattern.MessagePatternConverter$SimpleMessagePatternConverter
1900:             1             24  org.apache.logging.log4j.core.pattern.NameAbbreviator$MaxElementAbbreviator$Strategy$1
1901:             1             24  org.apache.logging.log4j.core.pattern.NameAbbreviator$MaxElementAbbreviator$Strategy$2
1902:             1             24  org.apache.logging.log4j.core.pattern.PatternParser
1903:             1             24  org.apache.logging.log4j.core.pattern.SimpleLiteralPatternConverter$Space
1904:             1             24  org.apache.logging.log4j.core.pattern.ThreadNamePatternConverter
1905:             1             24  org.apache.logging.log4j.core.util.WatchManager$WatchRunnable
1906:             1             24  org.apache.logging.log4j.spi.DefaultThreadContextMap
1907:             1             24  org.apache.logging.log4j.spi.LoggerRegistry
1908:             1             24  org.apache.logging.log4j.status.StatusConsoleListener
1909:             1             24  org.apache.logging.slf4j.Log4jLoggerFactory
1910:             1             24  org.apache.logging.slf4j.Log4jMarker
1911:             1             24  org.eclipse.jetty.server.AbstractConnector$2
1912:             1             24  org.eclipse.jetty.server.AbstractConnector$Acceptor
1913:             1             24  org.eclipse.jetty.util.IO$NullWrite
1914:             1             24  org.eclipse.jetty.util.Uptime$DefaultImpl
1915:             1             24  org.eclipse.jetty.xml.XmlParser$NoopHandler
1916:             1             24  org.jolokia.converter.Converters
1917:             1             24  org.jolokia.converter.json.simplifier.BigIntegerSimplifier
1918:             1             24  org.jolokia.converter.json.simplifier.ClassSimplifier
1919:             1             24  org.jolokia.converter.json.simplifier.DomElementSimplifier
1920:             1             24  org.jolokia.converter.json.simplifier.FileSimplifier
1921:             1             24  org.jolokia.converter.json.simplifier.ObjectNameSimplifier
1922:             1             24  org.jolokia.converter.json.simplifier.UrlSimplifier
1923:             1             24  org.jolokia.converter.object.ArrayTypeConverter
1924:             1             24  org.jolokia.converter.object.CompositeTypeConverter
1925:             1             24  org.jolokia.converter.object.SimpleTypeConverter
1926:             1             24  org.jolokia.converter.object.StringToOpenTypeConverter
1927:             1             24  org.jolokia.converter.object.TabularDataConverter
1928:             1             24  org.jolokia.discovery.JolokiaDiscovery
1929:             1             24  org.jolokia.handler.ExecHandler
1930:             1             24  org.jolokia.handler.VersionHandler
1931:             1             24  org.jolokia.handler.WriteHandler
1932:             1             24  org.jolokia.http.AgentServlet$1
1933:             1             24  org.jolokia.http.HttpRequestHandler
1934:             1             24  org.jolokia.restrictor.policy.CorsChecker
1935:             1             24  org.jolokia.restrictor.policy.MBeanAccessChecker
1936:             1             24  org.jolokia.restrictor.policy.NetworkChecker
1937:             1             24  org.jolokia.util.DebugStore
1938:             1             24  org.slf4j.helpers.SubstituteLoggerFactory
1939:             1             24  sun.management.CompilationImpl (java.management@11.0.8)
1940:             1             24  sun.management.ManagementFactoryHelper$LoggingMXBeanAccess (java.management@11.0.8)
1941:             1             24  sun.management.ManagementFactoryHelper$PlatformLoggingImpl (java.management@11.0.8)
1942:             1             24  sun.management.MemoryImpl (java.management@11.0.8)
1943:             1             24  sun.management.RuntimeImpl (java.management@11.0.8)
1944:             1             24  sun.management.VMManagementImpl (java.management@11.0.8)
1945:             1             24  sun.net.ProgressMonitor (java.base@11.0.8)
1946:             1             24  sun.net.sdp.SdpProvider (java.base@11.0.8)
1947:             1             24  sun.nio.cs.ISO_8859_1 (java.base@11.0.8)
1948:             1             24  sun.nio.cs.US_ASCII (java.base@11.0.8)
1949:             1             24  sun.nio.cs.UTF_16 (java.base@11.0.8)
1950:             1             24  sun.nio.cs.UTF_16BE (java.base@11.0.8)
1951:             1             24  sun.nio.cs.UTF_16LE (java.base@11.0.8)
1952:             1             24  sun.nio.cs.UTF_8 (java.base@11.0.8)
1953:             1             24  sun.util.cldr.CLDRCalendarDataProviderImpl (java.base@11.0.8)
1954:             1             24  sun.util.cldr.CLDRTimeZoneNameProviderImpl (java.base@11.0.8)
1955:             1             24  sun.util.locale.BaseLocale$Cache (java.base@11.0.8)
1956:             1             24  sun.util.locale.provider.CalendarProviderImpl (java.base@11.0.8)
1957:             1             24  sun.util.locale.provider.DateFormatSymbolsProviderImpl (java.base@11.0.8)
1958:             1             24  sun.util.locale.provider.DecimalFormatSymbolsProviderImpl (java.base@11.0.8)
1959:             1             24  sun.util.locale.provider.NumberFormatProviderImpl (java.base@11.0.8)
1960:             1             24  sun.util.locale.provider.TimeZoneNameProviderImpl (java.base@11.0.8)
1961:             1             16  [Lcom.sun.org.apache.xerces.internal.impl.xs.SubstitutionGroupHandler$OneSubGroup; (java.xml@11.0.8)
1962:             1             16  [Lcom.sun.org.apache.xerces.internal.xni.grammars.Grammar; (java.xml@11.0.8)
1963:             1             16  [Lcom.sun.org.apache.xerces.internal.xs.XSObject; (java.xml@11.0.8)
1964:             1             16  [Lcom.sun.xml.bind.v2.runtime.property.AttributeProperty;
1965:             1             16  [Lio.netty.util.AsciiString;
1966:             1             16  [Lio.netty.util.DefaultAttributeMap$DefaultAttribute;
1967:             1             16  [Ljava.beans.EventSetDescriptor; (java.desktop@11.0.8)
1968:             1             16  [Ljava.io.File; (java.base@11.0.8)
1969:             1             16  [Ljava.lang.ClassLoader; (java.base@11.0.8)
1970:             1             16  [Ljava.lang.Double; (java.base@11.0.8)
1971:             1             16  [Ljava.lang.Float; (java.base@11.0.8)
1972:             1             16  [Ljava.lang.Throwable; (java.base@11.0.8)
1973:             1             16  [Ljava.net.URL; (java.base@11.0.8)
1974:             1             16  [Ljava.nio.ByteBuffer; (java.base@11.0.8)
1975:             1             16  [Ljava.nio.file.attribute.FileAttribute; (java.base@11.0.8)
1976:             1             16  [Ljava.security.Provider; (java.base@11.0.8)
1977:             1             16  [Ljava.security.cert.X509Certificate; (java.base@11.0.8)
1978:             1             16  [Ljava.sql.Date; (java.sql@11.0.8)
1979:             1             16  [Ljava.sql.Time; (java.sql@11.0.8)
1980:             1             16  [Ljava.sql.Timestamp; (java.sql@11.0.8)
1981:             1             16  [Ljava.text.FieldPosition; (java.base@11.0.8)
1982:             1             16  [Ljava.util.Calendar; (java.base@11.0.8)
1983:             1             16  [Ljava.util.Date; (java.base@11.0.8)
1984:             1             16  [Ljava.util.logging.Handler; (java.logging@11.0.8)
1985:             1             16  [Ljavax.security.cert.X509Certificate; (java.base@11.0.8)
1986:             1             16  [Ljavax.xml.bind.annotation.XmlNs;
1987:             1             16  [Lorg.apache.http.Header;
1988:             1             16  [Lorg.apache.http.HeaderElement;
1989:             1             16  [Lorg.apache.logging.log4j.Level;
1990:             1             16  [Lorg.apache.logging.log4j.core.Appender;
1991:             1             16  [Lorg.apache.logging.log4j.spi.LoggerContext;
1992:             1             16  com.google.common.base.CharMatcher$None
1993:             1             16  com.google.common.base.Equivalence$Equals
1994:             1             16  com.google.common.base.Suppliers$SupplierOfInstance
1995:             1             16  com.google.common.base.Ticker$1
1996:             1             16  com.google.common.cache.CacheBuilder$1
1997:             1             16  com.google.common.cache.CacheBuilder$2
1998:             1             16  com.google.common.cache.CacheBuilder$3
1999:             1             16  com.google.common.cache.LocalCache$1
2000:             1             16  com.google.common.cache.LocalCache$2
2001:             1             16  com.google.common.collect.CollectCollectors$$Lambda$46/0x0000000800155440
2002:             1             16  com.google.common.collect.CollectCollectors$$Lambda$47/0x0000000800154840
2003:             1             16  com.google.common.collect.CollectCollectors$$Lambda$48/0x0000000800154c40
2004:             1             16  com.google.common.collect.CollectCollectors$$Lambda$49/0x0000000800154040
2005:             1             16  com.google.common.collect.CollectCollectors$$Lambda$50/0x0000000800154440
2006:             1             16  com.google.common.collect.CollectCollectors$$Lambda$51/0x0000000800153c40
2007:             1             16  com.google.common.collect.CollectCollectors$$Lambda$52/0x0000000800153040
2008:             1             16  com.google.common.collect.CollectCollectors$$Lambda$53/0x0000000800153440
2009:             1             16  com.google.common.collect.CollectCollectors$$Lambda$54/0x0000000800152840
2010:             1             16  com.google.common.collect.CollectCollectors$$Lambda$55/0x0000000800152c40
2011:             1             16  com.google.common.collect.CollectCollectors$$Lambda$56/0x0000000800152040
2012:             1             16  com.google.common.collect.CollectCollectors$$Lambda$57/0x0000000800152440
2013:             1             16  com.sun.beans.introspect.MethodInfo$MethodOrder (java.desktop@11.0.8)
2014:             1             16  com.sun.jmx.interceptor.DefaultMBeanServerInterceptor$ResourceContext$1 (java.management@11.0.8)
2015:             1             16  com.sun.jmx.mbeanserver.DefaultMXBeanMappingFactory (java.management@11.0.8)
2016:             1             16  com.sun.jmx.mbeanserver.DescriptorCache (java.management@11.0.8)
2017:             1             16  com.sun.jmx.mbeanserver.MBeanAnalyzer$MethodOrder (java.management@11.0.8)
2018:             1             16  com.sun.jmx.mbeanserver.MBeanInstantiator (java.management@11.0.8)
2019:             1             16  com.sun.jmx.mbeanserver.MXBeanIntrospector (java.management@11.0.8)
2020:             1             16  com.sun.jmx.mbeanserver.SecureClassLoaderRepository (java.management@11.0.8)
2021:             1             16  com.sun.jmx.mbeanserver.StandardMBeanIntrospector (java.management@11.0.8)
2022:             1             16  com.sun.management.internal.HotSpotDiagnostic (jdk.management@11.0.8)
2023:             1             16  com.sun.management.internal.PlatformMBeanProviderImpl (jdk.management@11.0.8)
2024:             1             16  com.sun.management.internal.PlatformMBeanProviderImpl$$Lambda$95/0x0000000800230040 (jdk.management@11.0.8)
2025:             1             16  com.sun.naming.internal.VersionHelper (java.naming@11.0.8)
2026:             1             16  com.sun.naming.internal.VersionHelper$$Lambda$367/0x0000000800533440 (java.naming@11.0.8)
2027:             1             16  com.sun.naming.internal.VersionHelper$$Lambda$368/0x0000000800537840 (java.naming@11.0.8)
2028:             1             16  com.sun.naming.internal.VersionHelper$$Lambda$369/0x0000000800537c40 (java.naming@11.0.8)
2029:             1             16  com.sun.org.apache.xerces.internal.dom.CharacterDataImpl$1 (java.xml@11.0.8)
2030:             1             16  com.sun.org.apache.xerces.internal.impl.XMLDocumentScannerImpl$PrologDriver (java.xml@11.0.8)
2031:             1             16  com.sun.org.apache.xerces.internal.impl.XMLDocumentScannerImpl$TrailingMiscDriver (java.xml@11.0.8)
2032:             1             16  com.sun.org.apache.xerces.internal.impl.XMLDocumentScannerImpl$XMLDeclDriver (java.xml@11.0.8)
2033:             1             16  com.sun.org.apache.xerces.internal.impl.dv.dtd.DTDDVFactoryImpl (java.xml@11.0.8)
2034:             1             16  com.sun.org.apache.xerces.internal.impl.dv.dtd.IDDatatypeValidator (java.xml@11.0.8)
2035:             1             16  com.sun.org.apache.xerces.internal.impl.dv.dtd.IDREFDatatypeValidator (java.xml@11.0.8)
2036:             1             16  com.sun.org.apache.xerces.internal.impl.dv.dtd.NMTOKENDatatypeValidator (java.xml@11.0.8)
2037:             1             16  com.sun.org.apache.xerces.internal.impl.dv.dtd.NOTATIONDatatypeValidator (java.xml@11.0.8)
2038:             1             16  com.sun.org.apache.xerces.internal.impl.dv.dtd.StringDatatypeValidator (java.xml@11.0.8)
2039:             1             16  com.sun.org.apache.xerces.internal.impl.dv.xs.AnyAtomicDV (java.xml@11.0.8)
2040:             1             16  com.sun.org.apache.xerces.internal.impl.dv.xs.AnySimpleDV (java.xml@11.0.8)
2041:             1             16  com.sun.org.apache.xerces.internal.impl.dv.xs.AnyURIDV (java.xml@11.0.8)
2042:             1             16  com.sun.org.apache.xerces.internal.impl.dv.xs.Base64BinaryDV (java.xml@11.0.8)
2043:             1             16  com.sun.org.apache.xerces.internal.impl.dv.xs.BooleanDV (java.xml@11.0.8)
2044:             1             16  com.sun.org.apache.xerces.internal.impl.dv.xs.DateDV (java.xml@11.0.8)
2045:             1             16  com.sun.org.apache.xerces.internal.impl.dv.xs.DateTimeDV (java.xml@11.0.8)
2046:             1             16  com.sun.org.apache.xerces.internal.impl.dv.xs.DayDV (java.xml@11.0.8)
2047:             1             16  com.sun.org.apache.xerces.internal.impl.dv.xs.DayTimeDurationDV (java.xml@11.0.8)
2048:             1             16  com.sun.org.apache.xerces.internal.impl.dv.xs.DecimalDV (java.xml@11.0.8)
2049:             1             16  com.sun.org.apache.xerces.internal.impl.dv.xs.DoubleDV (java.xml@11.0.8)
2050:             1             16  com.sun.org.apache.xerces.internal.impl.dv.xs.DurationDV (java.xml@11.0.8)
2051:             1             16  com.sun.org.apache.xerces.internal.impl.dv.xs.EntityDV (java.xml@11.0.8)
2052:             1             16  com.sun.org.apache.xerces.internal.impl.dv.xs.FloatDV (java.xml@11.0.8)
2053:             1             16  com.sun.org.apache.xerces.internal.impl.dv.xs.HexBinaryDV (java.xml@11.0.8)
2054:             1             16  com.sun.org.apache.xerces.internal.impl.dv.xs.IDDV (java.xml@11.0.8)
2055:             1             16  com.sun.org.apache.xerces.internal.impl.dv.xs.IDREFDV (java.xml@11.0.8)
2056:             1             16  com.sun.org.apache.xerces.internal.impl.dv.xs.IntegerDV (java.xml@11.0.8)
2057:             1             16  com.sun.org.apache.xerces.internal.impl.dv.xs.ListDV (java.xml@11.0.8)
2058:             1             16  com.sun.org.apache.xerces.internal.impl.dv.xs.MonthDV (java.xml@11.0.8)
2059:             1             16  com.sun.org.apache.xerces.internal.impl.dv.xs.MonthDayDV (java.xml@11.0.8)
2060:             1             16  com.sun.org.apache.xerces.internal.impl.dv.xs.PrecisionDecimalDV (java.xml@11.0.8)
2061:             1             16  com.sun.org.apache.xerces.internal.impl.dv.xs.StringDV (java.xml@11.0.8)
2062:             1             16  com.sun.org.apache.xerces.internal.impl.dv.xs.TimeDV (java.xml@11.0.8)
2063:             1             16  com.sun.org.apache.xerces.internal.impl.dv.xs.UnionDV (java.xml@11.0.8)
2064:             1             16  com.sun.org.apache.xerces.internal.impl.dv.xs.XSSimpleTypeDecl$1 (java.xml@11.0.8)
2065:             1             16  com.sun.org.apache.xerces.internal.impl.dv.xs.XSSimpleTypeDecl$4 (java.xml@11.0.8)
2066:             1             16  com.sun.org.apache.xerces.internal.impl.dv.xs.YearDV (java.xml@11.0.8)
2067:             1             16  com.sun.org.apache.xerces.internal.impl.dv.xs.YearMonthDV (java.xml@11.0.8)
2068:             1             16  com.sun.org.apache.xerces.internal.impl.dv.xs.YearMonthDurationDV (java.xml@11.0.8)
2069:             1             16  com.sun.org.apache.xerces.internal.impl.xpath.regex.RegularExpression$StringTarget (java.xml@11.0.8)
2070:             1             16  com.sun.org.apache.xerces.internal.impl.xs.XSConstraints$1 (java.xml@11.0.8)
2071:             1             16  com.sun.org.apache.xerces.internal.impl.xs.models.XSEmptyCM (java.xml@11.0.8)
2072:             1             16  com.sun.org.apache.xerces.internal.impl.xs.util.XIntPool (java.xml@11.0.8)
2073:             1             16  com.sun.org.apache.xerces.internal.impl.xs.util.XSObjectListImpl$EmptyIterator (java.xml@11.0.8)
2074:             1             16  com.sun.org.apache.xerces.internal.jaxp.datatype.DatatypeFactoryImpl (java.xml@11.0.8)
2075:             1             16  com.sun.org.apache.xerces.internal.jaxp.validation.DraconianErrorHandler (java.xml@11.0.8)
2076:             1             16  com.sun.org.apache.xerces.internal.parsers.AbstractSAXParser$AttributesProxy (java.xml@11.0.8)
2077:             1             16  com.sun.org.apache.xerces.internal.util.EntityResolverWrapper (java.xml@11.0.8)
2078:             1             16  com.sun.org.apache.xerces.internal.util.ErrorHandlerWrapper (java.xml@11.0.8)
2079:             1             16  com.sun.proxy.$Proxy18
2080:             1             16  com.sun.proxy.$Proxy25
2081:             1             16  com.sun.proxy.$Proxy30
2082:             1             16  com.sun.proxy.$Proxy35
2083:             1             16  com.sun.proxy.$Proxy4
2084:             1             16  com.sun.proxy.$Proxy7
2085:             1             16  com.sun.xml.bind.AccessorFactoryImpl
2086:             1             16  com.sun.xml.bind.api.impl.NameConverter$1
2087:             1             16  com.sun.xml.bind.api.impl.NameConverter$2
2088:             1             16  com.sun.xml.bind.api.impl.NameConverter$Standard
2089:             1             16  com.sun.xml.bind.v2.ClassFactory$1
2090:             1             16  com.sun.xml.bind.v2.model.nav.ReflectionNavigator
2091:             1             16  com.sun.xml.bind.v2.model.nav.ReflectionNavigator$1
2092:             1             16  com.sun.xml.bind.v2.model.nav.ReflectionNavigator$2
2093:             1             16  com.sun.xml.bind.v2.model.nav.ReflectionNavigator$6
2094:             1             16  com.sun.xml.bind.v2.runtime.JAXBContextImpl$6
2095:             1             16  com.sun.xml.bind.v2.runtime.reflect.Accessor$1
2096:             1             16  com.sun.xml.bind.v2.runtime.reflect.Accessor$2
2097:             1             16  com.sun.xml.bind.v2.runtime.reflect.Lister$1
2098:             1             16  com.sun.xml.bind.v2.runtime.reflect.Lister$2
2099:             1             16  com.sun.xml.bind.v2.runtime.reflect.PrimitiveArrayListerBoolean
2100:             1             16  com.sun.xml.bind.v2.runtime.reflect.PrimitiveArrayListerByte
2101:             1             16  com.sun.xml.bind.v2.runtime.reflect.PrimitiveArrayListerCharacter
2102:             1             16  com.sun.xml.bind.v2.runtime.reflect.PrimitiveArrayListerDouble
2103:             1             16  com.sun.xml.bind.v2.runtime.reflect.PrimitiveArrayListerFloat
2104:             1             16  com.sun.xml.bind.v2.runtime.reflect.PrimitiveArrayListerInteger
2105:             1             16  com.sun.xml.bind.v2.runtime.reflect.PrimitiveArrayListerLong
2106:             1             16  com.sun.xml.bind.v2.runtime.reflect.PrimitiveArrayListerShort
2107:             1             16  com.sun.xml.bind.v2.runtime.unmarshaller.LocatorExWrapper
2108:             1             16  com.sun.xml.bind.v2.runtime.unmarshaller.UnmarshallingContext$DefaultRootLoader
2109:             1             16  com.sun.xml.bind.v2.runtime.unmarshaller.UnmarshallingContext$ExpectedTypeRootLoader
2110:             1             16  io.airlift.airline.Accessor$$Lambda$40/0x0000000800156c40
2111:             1             16  io.airlift.airline.Cli$$Lambda$59/0x0000000800151040
2112:             1             16  io.airlift.airline.Parser$$Lambda$60/0x00000008001c0040
2113:             1             16  io.airlift.airline.Parser$$Lambda$61/0x00000008001c0440
2114:             1             16  io.airlift.airline.model.MetadataLoader$$Lambda$45/0x0000000800155040
2115:             1             16  io.airlift.airline.model.MetadataLoader$$Lambda$58/0x0000000800151840
2116:             1             16  io.hawt.jmx.JmxTreeWatcher$$Lambda$373/0x0000000800546840
2117:             1             16  io.hawt.jmx.JmxTreeWatcher$1
2118:             1             16  io.hawt.jmx.PluginRegistry$$Lambda$374/0x0000000800546c40
2119:             1             16  io.hawt.jmx.PluginRegistry$1
2120:             1             16  io.hawt.system.ConfigManager$$Lambda$366/0x0000000800533040
2121:             1             16  io.hawt.web.filters.CORSFilter
2122:             1             16  io.hawt.web.filters.ContentSecurityPolicyFilter
2123:             1             16  io.hawt.web.filters.FlightRecordingDownloadFacade
2124:             1             16  io.hawt.web.filters.XContentTypeOptionsFilter
2125:             1             16  io.hawt.web.filters.XFrameOptionsFilter
2126:             1             16  io.hawt.web.filters.XXSSProtectionFilter
2127:             1             16  io.hawt.web.plugin.HawtioPlugin$$Lambda$349/0x000000080052d040
2128:             1             16  io.hawt.web.plugin.HawtioPlugin$$Lambda$350/0x000000080052d440
2129:             1             16  io.hawt.web.plugin.HawtioPlugin$$Lambda$364/0x0000000800530c40
2130:             1             16  io.hawt.web.plugin.HawtioPlugin$$Lambda$365/0x0000000800532040
2131:             1             16  io.netty.buffer.AbstractReferenceCountedByteBuf$1
2132:             1             16  io.netty.buffer.ByteBufUtil$1
2133:             1             16  io.netty.buffer.ByteBufUtil$2
2134:             1             16  io.netty.buffer.PooledByteBufAllocator$1
2135:             1             16  io.netty.buffer.PooledByteBufAllocatorMetric
2136:             1             16  io.netty.channel.ChannelFutureListener$1
2137:             1             16  io.netty.channel.ChannelFutureListener$2
2138:             1             16  io.netty.channel.ChannelFutureListener$3
2139:             1             16  io.netty.channel.ChannelHandlerMask$1
2140:             1             16  io.netty.channel.ChannelOutboundBuffer$1
2141:             1             16  io.netty.channel.DefaultChannelPipeline$1
2142:             1             16  io.netty.channel.DefaultMessageSizeEstimator
2143:             1             16  io.netty.channel.DefaultMessageSizeEstimator$HandleImpl
2144:             1             16  io.netty.channel.DefaultSelectStrategy
2145:             1             16  io.netty.channel.DefaultSelectStrategyFactory
2146:             1             16  io.netty.util.AbstractReferenceCounted$1
2147:             1             16  io.netty.util.NettyRuntime$AvailableProcessorsHolder
2148:             1             16  io.netty.util.collection.ByteObjectHashMap$1
2149:             1             16  io.netty.util.collection.ByteObjectHashMap$EntrySet
2150:             1             16  io.netty.util.collection.ByteObjectHashMap$KeySet
2151:             1             16  io.netty.util.concurrent.AbstractScheduledEventExecutor$1
2152:             1             16  io.netty.util.concurrent.AbstractScheduledEventExecutor$2
2153:             1             16  io.netty.util.concurrent.DefaultEventExecutorChooserFactory
2154:             1             16  io.netty.util.concurrent.DefaultPromise$CauseHolder
2155:             1             16  io.netty.util.concurrent.FastThreadLocal
2156:             1             16  io.netty.util.concurrent.GlobalEventExecutor$1
2157:             1             16  io.netty.util.concurrent.GlobalEventExecutor$TaskRunner
2158:             1             16  io.netty.util.concurrent.RejectedExecutionHandlers$1
2159:             1             16  io.netty.util.concurrent.SingleThreadEventExecutor$1
2160:             1             16  io.netty.util.internal.CleanerJava9
2161:             1             16  io.netty.util.internal.PlatformDependent$1
2162:             1             16  io.netty.util.internal.PlatformDependent$2
2163:             1             16  java.beans.Introspector$1 (java.desktop@11.0.8)
2164:             1             16  java.io.DeleteOnExitHook$1 (java.base@11.0.8)
2165:             1             16  java.io.FileDescriptor$1 (java.base@11.0.8)
2166:             1             16  java.io.FilePermission$1 (java.base@11.0.8)
2167:             1             16  java.io.RandomAccessFile$2 (java.base@11.0.8)
2168:             1             16  java.lang.ApplicationShutdownHooks$1 (java.base@11.0.8)
2169:             1             16  java.lang.CharacterDataLatin1 (java.base@11.0.8)
2170:             1             16  java.lang.InheritableThreadLocal (java.base@11.0.8)
2171:             1             16  java.lang.Module$$Lambda$265/0x000000080040f040 (java.base@11.0.8)
2172:             1             16  java.lang.ProcessEnvironment$StringKeySet (java.base@11.0.8)
2173:             1             16  java.lang.ProcessHandleImpl$$Lambda$278/0x000000080044ec40 (java.base@11.0.8)
2174:             1             16  java.lang.Runtime (java.base@11.0.8)
2175:             1             16  java.lang.String$CaseInsensitiveComparator (java.base@11.0.8)
2176:             1             16  java.lang.StringCoding$1 (java.base@11.0.8)
2177:             1             16  java.lang.System$2 (java.base@11.0.8)
2178:             1             16  java.lang.System$LoggerFinder$$Lambda$159/0x0000000800312440 (java.base@11.0.8)
2179:             1             16  java.lang.Terminator$1 (java.base@11.0.8)
2180:             1             16  java.lang.invoke.ClassSpecializer$1 (java.base@11.0.8)
2181:             1             16  java.lang.invoke.MemberName$Factory (java.base@11.0.8)
2182:             1             16  java.lang.invoke.MethodHandleImpl$1 (java.base@11.0.8)
2183:             1             16  java.lang.invoke.StringConcatFactory$MethodHandleInlineCopyStrategy$1 (java.base@11.0.8)
2184:             1             16  java.lang.invoke.StringConcatFactory$MethodHandleInlineCopyStrategy$2 (java.base@11.0.8)
2185:             1             16  java.lang.invoke.StringConcatFactory$MethodHandleInlineCopyStrategy$3 (java.base@11.0.8)
2186:             1             16  java.lang.invoke.VarHandle$1 (java.base@11.0.8)
2187:             1             16  java.lang.management.DefaultPlatformMBeanProvider (java.management@11.0.8)
2188:             1             16  java.lang.management.DefaultPlatformMBeanProvider$5$$Lambda$165/0x0000000800330440 (java.management@11.0.8)
2189:             1             16  java.lang.management.ManagementFactory$$Lambda$160/0x0000000800317840 (java.management@11.0.8)
2190:             1             16  java.lang.management.ManagementFactory$$Lambda$161/0x0000000800317c40 (java.management@11.0.8)
2191:             1             16  java.lang.management.ManagementFactory$$Lambda$162/0x0000000800317040 (java.management@11.0.8)
2192:             1             16  java.lang.management.ManagementFactory$$Lambda$92/0x00000008001e3440 (java.management@11.0.8)
2193:             1             16  java.lang.management.ManagementFactory$PlatformMBeanFinder$$Lambda$100/0x0000000800231440 (java.management@11.0.8)
2194:             1             16  java.lang.management.ManagementFactory$PlatformMBeanFinder$$Lambda$101/0x0000000800237840 (java.management@11.0.8)
2195:             1             16  java.lang.management.ManagementFactory$PlatformMBeanFinder$$Lambda$103/0x0000000800237040 (java.management@11.0.8)
2196:             1             16  java.lang.management.ManagementFactory$PlatformMBeanFinder$$Lambda$107/0x0000000800236440 (java.management@11.0.8)
2197:             1             16  java.lang.management.ManagementFactory$PlatformMBeanFinder$$Lambda$108/0x0000000800235840 (java.management@11.0.8)
2198:             1             16  java.lang.management.ManagementFactory$PlatformMBeanFinder$$Lambda$93/0x00000008001e2840 (java.management@11.0.8)
2199:             1             16  java.lang.module.ModuleDescriptor$1 (java.base@11.0.8)
2200:             1             16  java.lang.module.ModuleDescriptor$Builder$$Lambda$264/0x000000080040fc40 (java.base@11.0.8)
2201:             1             16  java.lang.ref.Cleaner (java.base@11.0.8)
2202:             1             16  java.lang.ref.Cleaner$1 (java.base@11.0.8)
2203:             1             16  java.lang.ref.Reference$1 (java.base@11.0.8)
2204:             1             16  java.lang.reflect.Proxy$$Lambda$12/0x0000000800092440 (java.base@11.0.8)
2205:             1             16  java.lang.reflect.Proxy$$Lambda$8/0x0000000800093440 (java.base@11.0.8)
2206:             1             16  java.lang.reflect.Proxy$ProxyBuilder$$Lambda$263/0x000000080040f840 (java.base@11.0.8)
2207:             1             16  java.lang.reflect.ReflectAccess (java.base@11.0.8)
2208:             1             16  java.math.BigDecimal$1 (java.base@11.0.8)
2209:             1             16  java.net.InetAddress$2 (java.base@11.0.8)
2210:             1             16  java.net.InetAddress$PlatformNameService (java.base@11.0.8)
2211:             1             16  java.net.ServerSocket$2 (java.base@11.0.8)
2212:             1             16  java.net.URI$1 (java.base@11.0.8)
2213:             1             16  java.net.URL$3 (java.base@11.0.8)
2214:             1             16  java.net.URL$DefaultFactory (java.base@11.0.8)
2215:             1             16  java.net.URLClassLoader$7 (java.base@11.0.8)
2216:             1             16  java.nio.Bits$1 (java.base@11.0.8)
2217:             1             16  java.nio.Buffer$1 (java.base@11.0.8)
2218:             1             16  java.nio.file.Files$AcceptAllFilter (java.base@11.0.8)
2219:             1             16  java.security.AllPermission (java.base@11.0.8)
2220:             1             16  java.security.ProtectionDomain$JavaSecurityAccessImpl (java.base@11.0.8)
2221:             1             16  java.time.chrono.IsoChronology (java.base@11.0.8)
2222:             1             16  java.time.format.DateTimeFormatter$$Lambda$282/0x000000080044c040 (java.base@11.0.8)
2223:             1             16  java.time.format.DateTimeFormatter$$Lambda$283/0x000000080044c440 (java.base@11.0.8)
2224:             1             16  java.time.format.DateTimeFormatterBuilder$$Lambda$281/0x000000080044cc40 (java.base@11.0.8)
2225:             1             16  java.time.format.DateTimeFormatterBuilder$2 (java.base@11.0.8)
2226:             1             16  java.time.format.DateTimeFormatterBuilder$InstantPrinterParser (java.base@11.0.8)
2227:             1             16  java.time.format.DateTimeTextProvider (java.base@11.0.8)
2228:             1             16  java.time.format.DateTimeTextProvider$1 (java.base@11.0.8)
2229:             1             16  java.util.Collections$EmptyEnumeration (java.base@11.0.8)
2230:             1             16  java.util.Collections$EmptyIterator (java.base@11.0.8)
2231:             1             16  java.util.Collections$EmptyList (java.base@11.0.8)
2232:             1             16  java.util.Collections$EmptySet (java.base@11.0.8)
2233:             1             16  java.util.Collections$ReverseComparator (java.base@11.0.8)
2234:             1             16  java.util.Comparator$$Lambda$181/0x000000080035d840 (java.base@11.0.8)
2235:             1             16  java.util.EnumMap$1 (java.base@11.0.8)
2236:             1             16  java.util.Hashtable$KeySet (java.base@11.0.8)
2237:             1             16  java.util.IdentityHashMap$Values (java.base@11.0.8)
2238:             1             16  java.util.ResourceBundle$1 (java.base@11.0.8)
2239:             1             16  java.util.ResourceBundle$Control (java.base@11.0.8)
2240:             1             16  java.util.ResourceBundle$ResourceBundleControlProviderHolder$$Lambda$354/0x000000080052e440 (java.base@11.0.8)
2241:             1             16  java.util.ResourceBundle$ResourceBundleControlProviderHolder$$Lambda$355/0x000000080052e840 (java.base@11.0.8)
2242:             1             16  java.util.Spliterators$EmptySpliterator$OfDouble (java.base@11.0.8)
2243:             1             16  java.util.Spliterators$EmptySpliterator$OfInt (java.base@11.0.8)
2244:             1             16  java.util.Spliterators$EmptySpliterator$OfLong (java.base@11.0.8)
2245:             1             16  java.util.Spliterators$EmptySpliterator$OfRef (java.base@11.0.8)
2246:             1             16  java.util.Timer$1 (java.base@11.0.8)
2247:             1             16  java.util.concurrent.ConcurrentLinkedQueue$$Lambda$188/0x000000080035b440 (java.base@11.0.8)
2248:             1             16  java.util.concurrent.Executors$FinalizableDelegatedExecutorService (java.base@11.0.8)
2249:             1             16  java.util.concurrent.ThreadPoolExecutor$AbortPolicy (java.base@11.0.8)
2250:             1             16  java.util.function.Function$$Lambda$102/0x0000000800237c40 (java.base@11.0.8)
2251:             1             16  java.util.jar.JavaUtilJarAccessImpl (java.base@11.0.8)
2252:             1             16  java.util.logging.Level$$Lambda$1/0x0000000800062440 (java.logging@11.0.8)
2253:             1             16  java.util.logging.Level$KnownLevel$$Lambda$2/0x0000000800090440 (java.logging@11.0.8)
2254:             1             16  java.util.logging.LogManager$LoggingProviderAccess (java.logging@11.0.8)
2255:             1             16  java.util.logging.LogManager$VisitedLoggers (java.logging@11.0.8)
2256:             1             16  java.util.logging.Logging (java.logging@11.0.8)
2257:             1             16  java.util.regex.CharPredicates$$Lambda$127/0x0000000800267040 (java.base@11.0.8)
2258:             1             16  java.util.regex.CharPredicates$$Lambda$129/0x0000000800266440 (java.base@11.0.8)
2259:             1             16  java.util.regex.CharPredicates$$Lambda$332/0x000000080050d440 (java.base@11.0.8)
2260:             1             16  java.util.regex.Pattern$$Lambda$28/0x0000000800126440 (java.base@11.0.8)
2261:             1             16  java.util.regex.Pattern$$Lambda$377/0x000000080055fc40 (java.base@11.0.8)
2262:             1             16  java.util.regex.Pattern$1 (java.base@11.0.8)
2263:             1             16  java.util.regex.Pattern$LastNode (java.base@11.0.8)
2264:             1             16  java.util.regex.Pattern$Node (java.base@11.0.8)
2265:             1             16  java.util.stream.Collectors$$Lambda$104/0x0000000800237440 (java.base@11.0.8)
2266:             1             16  java.util.stream.Collectors$$Lambda$113/0x0000000800234c40 (java.base@11.0.8)
2267:             1             16  java.util.stream.Collectors$$Lambda$114/0x0000000800234040 (java.base@11.0.8)
2268:             1             16  java.util.stream.Collectors$$Lambda$115/0x0000000800234440 (java.base@11.0.8)
2269:             1             16  java.util.stream.Collectors$$Lambda$166/0x0000000800330840 (java.base@11.0.8)
2270:             1             16  java.util.stream.Collectors$$Lambda$168/0x0000000800331440 (java.base@11.0.8)
2271:             1             16  java.util.stream.Collectors$$Lambda$259/0x0000000800404c40 (java.base@11.0.8)
2272:             1             16  java.util.stream.Collectors$$Lambda$311/0x00000008004f7840 (java.base@11.0.8)
2273:             1             16  java.util.stream.Collectors$$Lambda$312/0x00000008004f7c40 (java.base@11.0.8)
2274:             1             16  java.util.stream.Collectors$$Lambda$313/0x00000008004f7040 (java.base@11.0.8)
2275:             1             16  java.util.stream.Collectors$$Lambda$314/0x00000008004f7440 (java.base@11.0.8)
2276:             1             16  java.util.stream.Collectors$$Lambda$42/0x0000000800156440 (java.base@11.0.8)
2277:             1             16  java.util.stream.Collectors$$Lambda$43/0x0000000800155840 (java.base@11.0.8)
2278:             1             16  java.util.stream.Collectors$$Lambda$44/0x0000000800155c40 (java.base@11.0.8)
2279:             1             16  java.util.stream.Collectors$$Lambda$96/0x0000000800230440 (java.base@11.0.8)
2280:             1             16  java.util.stream.Collectors$$Lambda$97/0x0000000800230840 (java.base@11.0.8)
2281:             1             16  java.util.stream.Collectors$$Lambda$98/0x0000000800230c40 (java.base@11.0.8)
2282:             1             16  java.util.stream.Collectors$$Lambda$99/0x0000000800231040 (java.base@11.0.8)
2283:             1             16  java.util.stream.FindOps$FindSink$OfRef$$Lambda$3/0x0000000800090840 (java.base@11.0.8)
2284:             1             16  java.util.stream.FindOps$FindSink$OfRef$$Lambda$4/0x0000000800090c40 (java.base@11.0.8)
2285:             1             16  java.util.stream.FindOps$FindSink$OfRef$$Lambda$5/0x0000000800091040 (java.base@11.0.8)
2286:             1             16  java.util.stream.FindOps$FindSink$OfRef$$Lambda$6/0x0000000800091440 (java.base@11.0.8)
2287:             1             16  java.util.stream.IntPipeline$$Lambda$218/0x00000008003f2840 (java.base@11.0.8)
2288:             1             16  java.util.stream.Nodes$EmptyNode$OfDouble (java.base@11.0.8)
2289:             1             16  java.util.stream.Nodes$EmptyNode$OfInt (java.base@11.0.8)
2290:             1             16  java.util.stream.Nodes$EmptyNode$OfLong (java.base@11.0.8)
2291:             1             16  java.util.stream.Nodes$EmptyNode$OfRef (java.base@11.0.8)
2292:             1             16  java.util.zip.Adler32 (java.base@11.0.8)
2293:             1             16  java.util.zip.ZipFile$1 (java.base@11.0.8)
2294:             1             16  javax.management.JMX (java.management@11.0.8)
2295:             1             16  javax.management.NotificationBroadcasterSupport$1 (java.management@11.0.8)
2296:             1             16  javax.xml.bind.ContextFinder$1
2297:             1             16  javax.xml.bind.annotation.W3CDomHandler
2298:             1             16  javax.xml.validation.SchemaFactoryFinder$$Lambda$17/0x0000000800107040 (java.xml@11.0.8)
2299:             1             16  javax.xml.validation.SchemaFactoryFinder$$Lambda$20/0x0000000800124840 (java.xml@11.0.8)
2300:             1             16  jdk.internal.jimage.ImageReaderFactory$1 (java.base@11.0.8)
2301:             1             16  jdk.internal.jimage.ImageStringsReader (java.base@11.0.8)
2302:             1             16  jdk.internal.jimage.decompressor.Decompressor (java.base@11.0.8)
2303:             1             16  jdk.internal.logger.LazyLoggers$1 (java.base@11.0.8)
2304:             1             16  jdk.internal.logger.LazyLoggers$LazyLoggerFactories (java.base@11.0.8)
2305:             1             16  jdk.internal.math.FloatingDecimal$1 (java.base@11.0.8)
2306:             1             16  jdk.internal.misc.TerminatingThreadLocal$1 (java.base@11.0.8)
2307:             1             16  jdk.internal.misc.Unsafe (java.base@11.0.8)
2308:             1             16  jdk.internal.module.ModulePatcher (java.base@11.0.8)
2309:             1             16  jdk.internal.module.ModuleTarget (java.base@11.0.8)
2310:             1             16  jdk.internal.module.SystemModules$default (java.base@11.0.8)
2311:             1             16  jdk.internal.perf.Perf (java.base@11.0.8)
2312:             1             16  jdk.internal.reflect.GeneratedConstructorAccessor1
2313:             1             16  jdk.internal.reflect.GeneratedConstructorAccessor10
2314:             1             16  jdk.internal.reflect.GeneratedConstructorAccessor11
2315:             1             16  jdk.internal.reflect.GeneratedConstructorAccessor12 (java.base@11.0.8)
2316:             1             16  jdk.internal.reflect.GeneratedConstructorAccessor13
2317:             1             16  jdk.internal.reflect.GeneratedConstructorAccessor14
2318:             1             16  jdk.internal.reflect.GeneratedConstructorAccessor15
2319:             1             16  jdk.internal.reflect.GeneratedConstructorAccessor16
2320:             1             16  jdk.internal.reflect.GeneratedConstructorAccessor17
2321:             1             16  jdk.internal.reflect.GeneratedConstructorAccessor18
2322:             1             16  jdk.internal.reflect.GeneratedConstructorAccessor19
2323:             1             16  jdk.internal.reflect.GeneratedConstructorAccessor2 (java.base@11.0.8)
2324:             1             16  jdk.internal.reflect.GeneratedConstructorAccessor20
2325:             1             16  jdk.internal.reflect.GeneratedConstructorAccessor21
2326:             1             16  jdk.internal.reflect.GeneratedConstructorAccessor22
2327:             1             16  jdk.internal.reflect.GeneratedConstructorAccessor23
2328:             1             16  jdk.internal.reflect.GeneratedConstructorAccessor24
2329:             1             16  jdk.internal.reflect.GeneratedConstructorAccessor25 (java.base@11.0.8)
2330:             1             16  jdk.internal.reflect.GeneratedConstructorAccessor26
2331:             1             16  jdk.internal.reflect.GeneratedConstructorAccessor27
2332:             1             16  jdk.internal.reflect.GeneratedConstructorAccessor28
2333:             1             16  jdk.internal.reflect.GeneratedConstructorAccessor29
2334:             1             16  jdk.internal.reflect.GeneratedConstructorAccessor3
2335:             1             16  jdk.internal.reflect.GeneratedConstructorAccessor30
2336:             1             16  jdk.internal.reflect.GeneratedConstructorAccessor4
2337:             1             16  jdk.internal.reflect.GeneratedConstructorAccessor5
2338:             1             16  jdk.internal.reflect.GeneratedConstructorAccessor6
2339:             1             16  jdk.internal.reflect.GeneratedConstructorAccessor7
2340:             1             16  jdk.internal.reflect.GeneratedConstructorAccessor8
2341:             1             16  jdk.internal.reflect.GeneratedConstructorAccessor9
2342:             1             16  jdk.internal.reflect.GeneratedMethodAccessor1 (java.base@11.0.8)
2343:             1             16  jdk.internal.reflect.GeneratedMethodAccessor2
2344:             1             16  jdk.internal.reflect.GeneratedMethodAccessor3
2345:             1             16  jdk.internal.reflect.GeneratedMethodAccessor4 (java.base@11.0.8)
2346:             1             16  jdk.internal.reflect.GeneratedMethodAccessor5 (java.base@11.0.8)
2347:             1             16  jdk.internal.reflect.ReflectionFactory (java.base@11.0.8)
2348:             1             16  jdk.internal.util.Preconditions$1 (java.base@11.0.8)
2349:             1             16  jdk.management.jfr.SettingDescriptorInfo$1 (jdk.management.jfr@11.0.8)
2350:             1             16  jdk.net.ExtendedSocketOptions$1 (jdk.net@11.0.8)
2351:             1             16  jdk.net.MacOSXSocketOptions (jdk.net@11.0.8)
2352:             1             16  jdk.net.MacOSXSocketOptions$$Lambda$273/0x0000000800426040 (jdk.net@11.0.8)
2353:             1             16  jdk.xml.internal.SecuritySupport$$Lambda$14/0x0000000800102440 (java.xml@11.0.8)
2354:             1             16  jdk.xml.internal.SecuritySupport$$Lambda$23/0x0000000800127c40 (java.xml@11.0.8)
2355:             1             16  org.apache.activemq.ActiveMQConnectionMetaData
2356:             1             16  org.apache.activemq.artemis.ActiveMQWebLogger_impl
2357:             1             16  org.apache.activemq.artemis.cli.commands.ActionContext$$Lambda$39/0x0000000800156840
2358:             1             16  org.apache.activemq.artemis.cli.commands.Run$$Lambda$170/0x0000000800332440
2359:             1             16  org.apache.activemq.artemis.cli.commands.Run$1
2360:             1             16  org.apache.activemq.artemis.commons.shaded.johnzon.core.BufferStrategyFactory$$Lambda$140/0x00000008002a7040
2361:             1             16  org.apache.activemq.artemis.commons.shaded.johnzon.core.BufferStrategyFactory$$Lambda$141/0x00000008002a7440
2362:             1             16  org.apache.activemq.artemis.commons.shaded.johnzon.core.BufferStrategyFactory$$Lambda$142/0x00000008002a6840
2363:             1             16  org.apache.activemq.artemis.commons.shaded.johnzon.core.BufferStrategyFactory$$Lambda$143/0x00000008002a6c40
2364:             1             16  org.apache.activemq.artemis.commons.shaded.johnzon.core.DefaultJsonPointerFactory
2365:             1             16  org.apache.activemq.artemis.commons.shaded.johnzon.core.JsonParserFactoryImpl$$Lambda$146/0x00000008002a5c40
2366:             1             16  org.apache.activemq.artemis.commons.shaded.johnzon.core.JsonProviderImpl$$Lambda$139/0x00000008002a7840
2367:             1             16  org.apache.activemq.artemis.commons.shaded.johnzon.core.JsonProviderImpl$$Lambda$147/0x00000008002c0040
2368:             1             16  org.apache.activemq.artemis.commons.shaded.johnzon.core.JsonProviderImpl$$Lambda$148/0x00000008002c0840
2369:             1             16  org.apache.activemq.artemis.commons.shaded.johnzon.core.JsonProviderImpl$$Lambda$151/0x00000008002c1440
2370:             1             16  org.apache.activemq.artemis.commons.shaded.johnzon.core.RejectDuplicateKeysMode$$Lambda$144/0x00000008002a6440
2371:             1             16  org.apache.activemq.artemis.commons.shaded.johnzon.core.RejectDuplicateKeysMode$$Lambda$145/0x00000008002a5840
2372:             1             16  org.apache.activemq.artemis.commons.shaded.json.EmptyArray
2373:             1             16  org.apache.activemq.artemis.component.WebServerComponent$$Lambda$383/0x000000080055d840
2374:             1             16  org.apache.activemq.artemis.core.config.ha.LiveOnlyPolicyConfiguration
2375:             1             16  org.apache.activemq.artemis.core.config.impl.Validators$1
2376:             1             16  org.apache.activemq.artemis.core.config.impl.Validators$10
2377:             1             16  org.apache.activemq.artemis.core.config.impl.Validators$11
2378:             1             16  org.apache.activemq.artemis.core.config.impl.Validators$12
2379:             1             16  org.apache.activemq.artemis.core.config.impl.Validators$13
2380:             1             16  org.apache.activemq.artemis.core.config.impl.Validators$14
2381:             1             16  org.apache.activemq.artemis.core.config.impl.Validators$15
2382:             1             16  org.apache.activemq.artemis.core.config.impl.Validators$16
2383:             1             16  org.apache.activemq.artemis.core.config.impl.Validators$17
2384:             1             16  org.apache.activemq.artemis.core.config.impl.Validators$18
2385:             1             16  org.apache.activemq.artemis.core.config.impl.Validators$19
2386:             1             16  org.apache.activemq.artemis.core.config.impl.Validators$2
2387:             1             16  org.apache.activemq.artemis.core.config.impl.Validators$20
2388:             1             16  org.apache.activemq.artemis.core.config.impl.Validators$21
2389:             1             16  org.apache.activemq.artemis.core.config.impl.Validators$22
2390:             1             16  org.apache.activemq.artemis.core.config.impl.Validators$23
2391:             1             16  org.apache.activemq.artemis.core.config.impl.Validators$3
2392:             1             16  org.apache.activemq.artemis.core.config.impl.Validators$4
2393:             1             16  org.apache.activemq.artemis.core.config.impl.Validators$5
2394:             1             16  org.apache.activemq.artemis.core.config.impl.Validators$6
2395:             1             16  org.apache.activemq.artemis.core.config.impl.Validators$7
2396:             1             16  org.apache.activemq.artemis.core.config.impl.Validators$8
2397:             1             16  org.apache.activemq.artemis.core.config.impl.Validators$9
2398:             1             16  org.apache.activemq.artemis.core.io.DummyCallback
2399:             1             16  org.apache.activemq.artemis.core.io.IOCallback$$Lambda$224/0x00000008003f6840
2400:             1             16  org.apache.activemq.artemis.core.journal.EncoderPersister
2401:             1             16  org.apache.activemq.artemis.core.journal.impl.JournalBase$NullEncoding
2402:             1             16  org.apache.activemq.artemis.core.journal.impl.JournalImpl$$Lambda$180/0x000000080035e440
2403:             1             16  org.apache.activemq.artemis.core.journal.impl.JournalImpl$$Lambda$182/0x000000080035dc40
2404:             1             16  org.apache.activemq.artemis.core.journal.impl.JournalRecord$$Lambda$201/0x00000008003e4c40
2405:             1             16  org.apache.activemq.artemis.core.message.impl.CoreMessagePersister
2406:             1             16  org.apache.activemq.artemis.core.paging.cursor.impl.PageCounterRebuildManager$$Lambda$214/0x00000008003f1040
2407:             1             16  org.apache.activemq.artemis.core.paging.cursor.impl.PageCounterRebuildManager$$Lambda$221/0x00000008003f7c40
2408:             1             16  org.apache.activemq.artemis.core.paging.impl.PagingManagerImpl$$Lambda$183/0x000000080035d040
2409:             1             16  org.apache.activemq.artemis.core.paging.impl.PagingManagerImpl$$Lambda$184/0x000000080035d440
2410:             1             16  org.apache.activemq.artemis.core.paging.impl.PagingManagerImpl$$Lambda$220/0x00000008003f7840
2411:             1             16  org.apache.activemq.artemis.core.persistence.CoreMessageObjectPools$$Lambda$204/0x00000008003e7840
2412:             1             16  org.apache.activemq.artemis.core.persistence.CoreMessageObjectPools$$Lambda$205/0x00000008003e7c40
2413:             1             16  org.apache.activemq.artemis.core.persistence.CoreMessageObjectPools$$Lambda$206/0x00000008003e7040
2414:             1             16  org.apache.activemq.artemis.core.persistence.CoreMessageObjectPools$$Lambda$207/0x00000008003e7440
2415:             1             16  org.apache.activemq.artemis.core.persistence.CoreMessageObjectPools$$Lambda$208/0x00000008003e6840
2416:             1             16  org.apache.activemq.artemis.core.persistence.impl.journal.AbstractJournalStorageManager$$Lambda$175/0x000000080035f840
2417:             1             16  org.apache.activemq.artemis.core.persistence.impl.journal.AbstractJournalStorageManager$$Lambda$176/0x000000080035fc40
2418:             1             16  org.apache.activemq.artemis.core.persistence.impl.journal.AbstractJournalStorageManager$$Lambda$177/0x000000080035f440
2419:             1             16  org.apache.activemq.artemis.core.postoffice.impl.PostOfficeImpl$$Lambda$275/0x000000080044fc40
2420:             1             16  org.apache.activemq.artemis.core.postoffice.impl.PostOfficeImpl$$Lambda$276/0x000000080044f040
2421:             1             16  org.apache.activemq.artemis.core.postoffice.impl.SimpleAddressManager$$Lambda$274/0x000000080044f840
2422:             1             16  org.apache.activemq.artemis.core.protocol.core.impl.CoreProtocolManagerFactory
2423:             1             16  org.apache.activemq.artemis.core.protocol.hornetq.HornetQProtocolManagerFactory
2424:             1             16  org.apache.activemq.artemis.core.protocol.mqtt.MQTTProtocolManagerFactory
2425:             1             16  org.apache.activemq.artemis.core.protocol.mqtt.MQTTProtocolManagerFactory$MQTTPeriodicTasks$$Lambda$304/0x00000008004ccc40
2426:             1             16  org.apache.activemq.artemis.core.protocol.mqtt.MQTTProtocolManagerFactory$MQTTPeriodicTasks$$Lambda$305/0x00000008004f0040
2427:             1             16  org.apache.activemq.artemis.core.protocol.openwire.OpenWireProtocolManagerFactory
2428:             1             16  org.apache.activemq.artemis.core.protocol.stomp.StompProtocolManagerFactory
2429:             1             16  org.apache.activemq.artemis.core.server.ActiveMQServerLogger_impl
2430:             1             16  org.apache.activemq.artemis.core.server.cluster.ha.LiveOnlyPolicy
2431:             1             16  org.apache.activemq.artemis.core.server.impl.ActiveMQServerImpl$$Lambda$174/0x000000080035a840
2432:             1             16  org.apache.activemq.artemis.core.server.impl.ActiveMQServerImpl$$Lambda$186/0x000000080035bc40
2433:             1             16  org.apache.activemq.artemis.core.server.impl.ActiveMQServerImpl$$Lambda$255/0x0000000800403c40
2434:             1             16  org.apache.activemq.artemis.core.server.impl.ActiveMQServerImpl$$Lambda$256/0x0000000800404040
2435:             1             16  org.apache.activemq.artemis.core.server.impl.ActiveMQServerImpl$$Lambda$257/0x0000000800404440
2436:             1             16  org.apache.activemq.artemis.core.server.impl.ActiveMQServerImpl$$Lambda$258/0x0000000800404840
2437:             1             16  org.apache.activemq.artemis.core.server.impl.ActiveMQServerImpl$1
2438:             1             16  org.apache.activemq.artemis.core.server.impl.ActiveMQServerImpl$2
2439:             1             16  org.apache.activemq.artemis.core.server.impl.FileLockNodeManager$1
2440:             1             16  org.apache.activemq.artemis.core.server.impl.MessageReferenceImpl$MessageReferenceComparatorByID
2441:             1             16  org.apache.activemq.artemis.core.server.impl.QueueConsumersImpl$$Lambda$196/0x00000008003be840
2442:             1             16  org.apache.activemq.artemis.core.server.impl.QueueImpl$$Lambda$212/0x00000008003f1840
2443:             1             16  org.apache.activemq.artemis.core.server.management.ArtemisMBeanServerBuilder
2444:             1             16  org.apache.activemq.artemis.core.server.management.ArtemisMBeanServerGuard
2445:             1             16  org.apache.activemq.artemis.core.server.management.JMXAccessControlList$$Lambda$137/0x00000008002a5040
2446:             1             16  org.apache.activemq.artemis.core.server.management.impl.ManagementServiceImpl$1
2447:             1             16  org.apache.activemq.artemis.core.settings.impl.HierarchicalObjectRepository$1
2448:             1             16  org.apache.activemq.artemis.integration.bootstrap.ActiveMQBootstrapLogger_impl
2449:             1             16  org.apache.activemq.artemis.protocol.amqp.broker.AMQPLargeMessagePersister
2450:             1             16  org.apache.activemq.artemis.protocol.amqp.broker.AMQPMessagePersister
2451:             1             16  org.apache.activemq.artemis.protocol.amqp.broker.AMQPMessagePersisterV2
2452:             1             16  org.apache.activemq.artemis.protocol.amqp.broker.AMQPMessagePersisterV3
2453:             1             16  org.apache.activemq.artemis.protocol.amqp.broker.ProtonProtocolManagerFactory
2454:             1             16  org.apache.activemq.artemis.protocol.amqp.sasl.AnonymousServerSASLFactory
2455:             1             16  org.apache.activemq.artemis.protocol.amqp.sasl.ExternalServerSASLFactory
2456:             1             16  org.apache.activemq.artemis.protocol.amqp.sasl.GSSAPIServerSASLFactory
2457:             1             16  org.apache.activemq.artemis.protocol.amqp.sasl.MechanismFinder$$Lambda$267/0x0000000800420440
2458:             1             16  org.apache.activemq.artemis.protocol.amqp.sasl.MechanismFinder$$Lambda$268/0x0000000800427840
2459:             1             16  org.apache.activemq.artemis.protocol.amqp.sasl.MechanismFinder$$Lambda$269/0x0000000800427c40
2460:             1             16  org.apache.activemq.artemis.protocol.amqp.sasl.MechanismFinder$$Lambda$270/0x0000000800427040
2461:             1             16  org.apache.activemq.artemis.protocol.amqp.sasl.MechanismFinder$$Lambda$271/0x0000000800426840
2462:             1             16  org.apache.activemq.artemis.protocol.amqp.sasl.PlainServerSASLFactory
2463:             1             16  org.apache.activemq.artemis.spi.core.protocol.MessagePersister
2464:             1             16  org.apache.activemq.artemis.utils.FactoryFinder$StandaloneObjectFactory
2465:             1             16  org.apache.activemq.artemis.utils.SimpleFuture$1
2466:             1             16  org.apache.activemq.artemis.utils.actors.HandlerBase$$Lambda$178/0x000000080035e840
2467:             1             16  org.apache.activemq.artemis.utils.critical.CriticalMeasure$2
2468:             1             16  org.apache.activemq.artemis.utils.critical.EmptyCriticalAnalyzer
2469:             1             16  org.apache.activemq.artemis.utils.uri.BeanSupport$$Lambda$262/0x000000080040b440
2470:             1             16  org.apache.activemq.artemis.utils.uri.BeanSupport$1
2471:             1             16  org.apache.activemq.hawtio.branding.PluginContextListener
2472:             1             16  org.apache.activemq.hawtio.plugin.PluginContextListener
2473:             1             16  org.apache.activemq.openwire.v12.ActiveMQBlobMessageMarshaller
2474:             1             16  org.apache.activemq.openwire.v12.ActiveMQBytesMessageMarshaller
2475:             1             16  org.apache.activemq.openwire.v12.ActiveMQMapMessageMarshaller
2476:             1             16  org.apache.activemq.openwire.v12.ActiveMQMessageMarshaller
2477:             1             16  org.apache.activemq.openwire.v12.ActiveMQObjectMessageMarshaller
2478:             1             16  org.apache.activemq.openwire.v12.ActiveMQQueueMarshaller
2479:             1             16  org.apache.activemq.openwire.v12.ActiveMQStreamMessageMarshaller
2480:             1             16  org.apache.activemq.openwire.v12.ActiveMQTempQueueMarshaller
2481:             1             16  org.apache.activemq.openwire.v12.ActiveMQTempTopicMarshaller
2482:             1             16  org.apache.activemq.openwire.v12.ActiveMQTextMessageMarshaller
2483:             1             16  org.apache.activemq.openwire.v12.ActiveMQTopicMarshaller
2484:             1             16  org.apache.activemq.openwire.v12.BrokerIdMarshaller
2485:             1             16  org.apache.activemq.openwire.v12.BrokerInfoMarshaller
2486:             1             16  org.apache.activemq.openwire.v12.BrokerSubscriptionInfoMarshaller
2487:             1             16  org.apache.activemq.openwire.v12.ConnectionControlMarshaller
2488:             1             16  org.apache.activemq.openwire.v12.ConnectionErrorMarshaller
2489:             1             16  org.apache.activemq.openwire.v12.ConnectionIdMarshaller
2490:             1             16  org.apache.activemq.openwire.v12.ConnectionInfoMarshaller
2491:             1             16  org.apache.activemq.openwire.v12.ConsumerControlMarshaller
2492:             1             16  org.apache.activemq.openwire.v12.ConsumerIdMarshaller
2493:             1             16  org.apache.activemq.openwire.v12.ConsumerInfoMarshaller
2494:             1             16  org.apache.activemq.openwire.v12.ControlCommandMarshaller
2495:             1             16  org.apache.activemq.openwire.v12.DataArrayResponseMarshaller
2496:             1             16  org.apache.activemq.openwire.v12.DataResponseMarshaller
2497:             1             16  org.apache.activemq.openwire.v12.DestinationInfoMarshaller
2498:             1             16  org.apache.activemq.openwire.v12.DiscoveryEventMarshaller
2499:             1             16  org.apache.activemq.openwire.v12.ExceptionResponseMarshaller
2500:             1             16  org.apache.activemq.openwire.v12.FlushCommandMarshaller
2501:             1             16  org.apache.activemq.openwire.v12.IntegerResponseMarshaller
2502:             1             16  org.apache.activemq.openwire.v12.JournalQueueAckMarshaller
2503:             1             16  org.apache.activemq.openwire.v12.JournalTopicAckMarshaller
2504:             1             16  org.apache.activemq.openwire.v12.JournalTraceMarshaller
2505:             1             16  org.apache.activemq.openwire.v12.JournalTransactionMarshaller
2506:             1             16  org.apache.activemq.openwire.v12.KeepAliveInfoMarshaller
2507:             1             16  org.apache.activemq.openwire.v12.LastPartialCommandMarshaller
2508:             1             16  org.apache.activemq.openwire.v12.LocalTransactionIdMarshaller
2509:             1             16  org.apache.activemq.openwire.v12.MessageAckMarshaller
2510:             1             16  org.apache.activemq.openwire.v12.MessageDispatchMarshaller
2511:             1             16  org.apache.activemq.openwire.v12.MessageDispatchNotificationMarshaller
2512:             1             16  org.apache.activemq.openwire.v12.MessageIdMarshaller
2513:             1             16  org.apache.activemq.openwire.v12.MessagePullMarshaller
2514:             1             16  org.apache.activemq.openwire.v12.NetworkBridgeFilterMarshaller
2515:             1             16  org.apache.activemq.openwire.v12.PartialCommandMarshaller
2516:             1             16  org.apache.activemq.openwire.v12.ProducerAckMarshaller
2517:             1             16  org.apache.activemq.openwire.v12.ProducerIdMarshaller
2518:             1             16  org.apache.activemq.openwire.v12.ProducerInfoMarshaller
2519:             1             16  org.apache.activemq.openwire.v12.RemoveInfoMarshaller
2520:             1             16  org.apache.activemq.openwire.v12.RemoveSubscriptionInfoMarshaller
2521:             1             16  org.apache.activemq.openwire.v12.ReplayCommandMarshaller
2522:             1             16  org.apache.activemq.openwire.v12.ResponseMarshaller
2523:             1             16  org.apache.activemq.openwire.v12.SessionIdMarshaller
2524:             1             16  org.apache.activemq.openwire.v12.SessionInfoMarshaller
2525:             1             16  org.apache.activemq.openwire.v12.ShutdownInfoMarshaller
2526:             1             16  org.apache.activemq.openwire.v12.SubscriptionInfoMarshaller
2527:             1             16  org.apache.activemq.openwire.v12.TransactionInfoMarshaller
2528:             1             16  org.apache.activemq.openwire.v12.WireFormatInfoMarshaller
2529:             1             16  org.apache.activemq.openwire.v12.XATransactionIdMarshaller
2530:             1             16  org.apache.commons.beanutils.DefaultBeanIntrospector
2531:             1             16  org.apache.commons.beanutils.SuppressPropertiesBeanIntrospector
2532:             1             16  org.apache.commons.beanutils.expression.DefaultResolver
2533:             1             16  org.apache.http.message.HeaderGroup
2534:             1             16  org.apache.logging.log4j.ThreadContext$EmptyIterator
2535:             1             16  org.apache.logging.log4j.ThreadContext$EmptyThreadContextStack
2536:             1             16  org.apache.logging.log4j.core.LoggerContext$$Lambda$126/0x0000000800267c40
2537:             1             16  org.apache.logging.log4j.core.appender.ConsoleAppender$ConsoleManagerFactory
2538:             1             16  org.apache.logging.log4j.core.appender.FileManager$FileManagerFactory
2539:             1             16  org.apache.logging.log4j.core.appender.rolling.RollingFileManager$RollingFileManagerFactory
2540:             1             16  org.apache.logging.log4j.core.config.ConfigurationFactory$Factory
2541:             1             16  org.apache.logging.log4j.core.config.DefaultReliabilityStrategy
2542:             1             16  org.apache.logging.log4j.core.config.OrderComparator
2543:             1             16  org.apache.logging.log4j.core.config.plugins.convert.EnumConverter
2544:             1             16  org.apache.logging.log4j.core.config.plugins.convert.TypeConverterRegistry
2545:             1             16  org.apache.logging.log4j.core.config.plugins.convert.TypeConverters$BigDecimalConverter
2546:             1             16  org.apache.logging.log4j.core.config.plugins.convert.TypeConverters$BigIntegerConverter
2547:             1             16  org.apache.logging.log4j.core.config.plugins.convert.TypeConverters$BooleanConverter
2548:             1             16  org.apache.logging.log4j.core.config.plugins.convert.TypeConverters$ByteArrayConverter
2549:             1             16  org.apache.logging.log4j.core.config.plugins.convert.TypeConverters$ByteConverter
2550:             1             16  org.apache.logging.log4j.core.config.plugins.convert.TypeConverters$CharArrayConverter
2551:             1             16  org.apache.logging.log4j.core.config.plugins.convert.TypeConverters$CharacterConverter
2552:             1             16  org.apache.logging.log4j.core.config.plugins.convert.TypeConverters$CharsetConverter
2553:             1             16  org.apache.logging.log4j.core.config.plugins.convert.TypeConverters$ClassConverter
2554:             1             16  org.apache.logging.log4j.core.config.plugins.convert.TypeConverters$CronExpressionConverter
2555:             1             16  org.apache.logging.log4j.core.config.plugins.convert.TypeConverters$DoubleConverter
2556:             1             16  org.apache.logging.log4j.core.config.plugins.convert.TypeConverters$DurationConverter
2557:             1             16  org.apache.logging.log4j.core.config.plugins.convert.TypeConverters$FileConverter
2558:             1             16  org.apache.logging.log4j.core.config.plugins.convert.TypeConverters$FloatConverter
2559:             1             16  org.apache.logging.log4j.core.config.plugins.convert.TypeConverters$InetAddressConverter
2560:             1             16  org.apache.logging.log4j.core.config.plugins.convert.TypeConverters$IntegerConverter
2561:             1             16  org.apache.logging.log4j.core.config.plugins.convert.TypeConverters$LevelConverter
2562:             1             16  org.apache.logging.log4j.core.config.plugins.convert.TypeConverters$LongConverter
2563:             1             16  org.apache.logging.log4j.core.config.plugins.convert.TypeConverters$PathConverter
2564:             1             16  org.apache.logging.log4j.core.config.plugins.convert.TypeConverters$PatternConverter
2565:             1             16  org.apache.logging.log4j.core.config.plugins.convert.TypeConverters$SecurityProviderConverter
2566:             1             16  org.apache.logging.log4j.core.config.plugins.convert.TypeConverters$ShortConverter
2567:             1             16  org.apache.logging.log4j.core.config.plugins.convert.TypeConverters$StringConverter
2568:             1             16  org.apache.logging.log4j.core.config.plugins.convert.TypeConverters$UriConverter
2569:             1             16  org.apache.logging.log4j.core.config.plugins.convert.TypeConverters$UrlConverter
2570:             1             16  org.apache.logging.log4j.core.config.plugins.convert.TypeConverters$UuidConverter
2571:             1             16  org.apache.logging.log4j.core.config.plugins.processor.PluginCache$$Lambda$86/0x00000008001e7440
2572:             1             16  org.apache.logging.log4j.core.config.properties.PropertiesConfigurationFactory
2573:             1             16  org.apache.logging.log4j.core.config.xml.XmlConfigurationFactory
2574:             1             16  org.apache.logging.log4j.core.impl.ThreadContextDataProvider
2575:             1             16  org.apache.logging.log4j.core.layout.PatternLayout$NoFormatPatternSerializer
2576:             1             16  org.apache.logging.log4j.core.lookup.StrMatcher$NoMatcher
2577:             1             16  org.apache.logging.log4j.core.lookup.StrMatcher$TrimMatcher
2578:             1             16  org.apache.logging.log4j.core.net.JndiManager$JndiManagerFactory
2579:             1             16  org.apache.logging.log4j.core.pattern.NameAbbreviator$NOPAbbreviator
2580:             1             16  org.apache.logging.log4j.core.pattern.NotANumber
2581:             1             16  org.apache.logging.log4j.core.pattern.PlainTextRenderer
2582:             1             16  org.apache.logging.log4j.core.selector.ClassLoaderContextSelector
2583:             1             16  org.apache.logging.log4j.core.util.BasicAuthorizationProvider
2584:             1             16  org.apache.logging.log4j.core.util.CloseShieldOutputStream
2585:             1             16  org.apache.logging.log4j.core.util.datetime.FastDateFormat$1
2586:             1             16  org.apache.logging.log4j.core.util.datetime.FastDateParser$$Lambda$132/0x0000000800264840
2587:             1             16  org.apache.logging.log4j.core.util.datetime.FastDateParser$1
2588:             1             16  org.apache.logging.log4j.core.util.datetime.FastDateParser$2
2589:             1             16  org.apache.logging.log4j.core.util.datetime.FastDateParser$3
2590:             1             16  org.apache.logging.log4j.core.util.datetime.FastDateParser$4
2591:             1             16  org.apache.logging.log4j.core.util.datetime.FastDateParser$5
2592:             1             16  org.apache.logging.log4j.core.util.datetime.FastDatePrinter$TwoDigitMonthField
2593:             1             16  org.apache.logging.log4j.message.ParameterFormatter$$Lambda$171/0x0000000800337840
2594:             1             16  org.apache.logging.log4j.message.ParameterizedNoReferenceMessageFactory
2595:             1             16  org.apache.logging.log4j.message.ReusableMessageFactory
2596:             1             16  org.apache.logging.log4j.spi.DefaultThreadContextStack
2597:             1             16  org.apache.logging.log4j.spi.LoggerRegistry$ConcurrentMapFactory
2598:             1             16  org.apache.logging.log4j.util.LoaderUtil$ThreadContextClassLoaderGetter
2599:             1             16  org.apache.logging.log4j.util.PropertiesUtil$Environment$$Lambda$62/0x00000008001c7840
2600:             1             16  org.apache.logging.log4j.util.PropertiesUtil$Environment$$Lambda$68/0x00000008001c3440
2601:             1             16  org.apache.logging.log4j.util.PropertiesUtil$Environment$$Lambda$69/0x00000008001c2840
2602:             1             16  org.apache.logging.log4j.util.PropertiesUtil$Environment$$Lambda$70/0x00000008001c2c40
2603:             1             16  org.apache.logging.log4j.util.ProviderUtil
2604:             1             16  org.apache.logging.log4j.util.ProviderUtil$$Lambda$79/0x00000008001e1840
2605:             1             16  org.apache.logging.log4j.util.ServiceLoaderUtil$$Lambda$65/0x00000008001c3840
2606:             1             16  org.apache.logging.log4j.util.SortedArrayStringMap$$Lambda$89/0x00000008001e4440
2607:             1             16  org.apache.logging.log4j.util.StackLocator
2608:             1             16  org.apache.logging.log4j.util.StackLocator$$Lambda$83/0x00000008001e7840
2609:             1             16  org.apache.logging.log4j.util.Strings$$Lambda$76/0x00000008001e0440
2610:             1             16  org.apache.logging.slf4j.Log4jLoggerFactory$$Lambda$77/0x00000008001e0c40
2611:             1             16  org.apache.logging.slf4j.Log4jMarkerFactory
2612:             1             16  org.eclipse.jetty.http.Http1FieldPreEncoder
2613:             1             16  org.eclipse.jetty.http.HttpHeader$$Lambda$302/0x00000008004cd440
2614:             1             16  org.eclipse.jetty.http.HttpHeaderValue$$Lambda$306/0x00000008004f0440
2615:             1             16  org.eclipse.jetty.http.HttpMethod$$Lambda$286/0x000000080044b040
2616:             1             16  org.eclipse.jetty.http.HttpMethod$$Lambda$287/0x000000080044b440
2617:             1             16  org.eclipse.jetty.http.HttpMethod$$Lambda$288/0x000000080044a840
2618:             1             16  org.eclipse.jetty.http.HttpScheme$$Lambda$284/0x000000080044b840
2619:             1             16  org.eclipse.jetty.http.HttpVersion$$Lambda$289/0x000000080044ac40
2620:             1             16  org.eclipse.jetty.http.MimeTypes$$Lambda$333/0x000000080050c840
2621:             1             16  org.eclipse.jetty.http.MimeTypes$$Lambda$334/0x000000080050cc40
2622:             1             16  org.eclipse.jetty.http.MimeTypes$$Lambda$336/0x000000080050c440
2623:             1             16  org.eclipse.jetty.http.pathmap.MatchedPath$1
2624:             1             16  org.eclipse.jetty.http.pathmap.PathMappings$$Lambda$299/0x00000008004cec40
2625:             1             16  org.eclipse.jetty.http.pathmap.PathMappings$$Lambda$346/0x000000080052bc40
2626:             1             16  org.eclipse.jetty.io.ArrayRetainableByteBufferPool$$Lambda$292/0x0000000800449c40
2627:             1             16  org.eclipse.jetty.io.SelectorManager$$Lambda$294/0x00000008004c8440
2628:             1             16  org.eclipse.jetty.security.SecurityHandler$1
2629:             1             16  org.eclipse.jetty.security.SecurityHandler$2
2630:             1             16  org.eclipse.jetty.server.AbstractConnector$1
2631:             1             16  org.eclipse.jetty.server.HttpChannel$1
2632:             1             16  org.eclipse.jetty.server.ResourceService$$Lambda$357/0x000000080052f040
2633:             1             16  org.eclipse.jetty.server.ResourceService$$Lambda$358/0x000000080052f440
2634:             1             16  org.eclipse.jetty.server.handler.ContextHandler$$Lambda$363/0x0000000800530840
2635:             1             16  org.eclipse.jetty.server.handler.HandlerCollection$Handlers
2636:             1             16  org.eclipse.jetty.server.session.HouseKeeper$Runner
2637:             1             16  org.eclipse.jetty.server.session.SessionHandler$1
2638:             1             16  org.eclipse.jetty.servlet.FilterHolder$$Lambda$352/0x000000080052dc40
2639:             1             16  org.eclipse.jetty.servlet.ListenerHolder$$Lambda$340/0x000000080050ac40
2640:             1             16  org.eclipse.jetty.servlet.ServletHandler$$Lambda$347/0x000000080052c040
2641:             1             16  org.eclipse.jetty.servlet.ServletHolder$$Lambda$356/0x000000080052ec40
2642:             1             16  org.eclipse.jetty.util.AbstractTrie$$Lambda$285/0x000000080044bc40
2643:             1             16  org.eclipse.jetty.util.ArrayTrie$$Lambda$359/0x000000080052f840
2644:             1             16  org.eclipse.jetty.util.ArrayTrie$$Lambda$360/0x000000080052fc40
2645:             1             16  org.eclipse.jetty.util.ArrayTrie$$Lambda$361/0x0000000800530040
2646:             1             16  org.eclipse.jetty.util.IO$ClosedIS
2647:             1             16  org.eclipse.jetty.util.IO$NullOS
2648:             1             16  org.eclipse.jetty.util.TypeUtil$$Lambda$297/0x00000008004cf440
2649:             1             16  org.eclipse.jetty.util.Uptime
2650:             1             16  org.eclipse.jetty.util.resource.EmptyResource
2651:             1             16  org.eclipse.jetty.util.statistic.CounterStatistic$$Lambda$296/0x00000008004cf040
2652:             1             16  org.eclipse.jetty.util.statistic.SampleStatistic$$Lambda$295/0x00000008004cfc40
2653:             1             16  org.eclipse.jetty.util.thread.QueuedThreadPool$$Lambda$280/0x000000080044c840
2654:             1             16  org.eclipse.jetty.util.thread.QueuedThreadPool$Runner
2655:             1             16  org.eclipse.jetty.util.thread.ReservedThreadExecutor$1
2656:             1             16  org.eclipse.jetty.util.thread.ScheduledExecutorScheduler$ScheduledFutureTask
2657:             1             16  org.eclipse.jetty.util.thread.ThreadPoolBudget$$Lambda$315/0x00000008004f6840
2658:             1             16  org.eclipse.jetty.util.thread.ThreadPoolBudget$1
2659:             1             16  org.eclipse.jetty.util.thread.TryExecutor$1
2660:             1             16  org.eclipse.jetty.webapp.AbstractConfiguration$$Lambda$318/0x0000000800504840
2661:             1             16  org.eclipse.jetty.webapp.AbstractConfiguration$$Lambda$319/0x0000000800504c40
2662:             1             16  org.eclipse.jetty.webapp.ClassMatcher$$Lambda$320/0x0000000800505440
2663:             1             16  org.eclipse.jetty.webapp.ClassMatcher$$Lambda$321/0x0000000800505840
2664:             1             16  org.eclipse.jetty.webapp.ClassMatcher$$Lambda$322/0x0000000800505c40
2665:             1             16  org.eclipse.jetty.webapp.ClassMatcher$$Lambda$328/0x0000000800507440
2666:             1             16  org.eclipse.jetty.webapp.ClassMatcher$$Lambda$329/0x0000000800507840
2667:             1             16  org.eclipse.jetty.webapp.ClassMatcher$$Lambda$330/0x0000000800507c40
2668:             1             16  org.eclipse.jetty.webapp.Configurations$$Lambda$317/0x0000000800504440
2669:             1             16  org.eclipse.jetty.webapp.Configurations$$Lambda$323/0x0000000800506040
2670:             1             16  org.eclipse.jetty.webapp.Configurations$$Lambda$324/0x0000000800506440
2671:             1             16  org.eclipse.jetty.webapp.Configurations$$Lambda$325/0x0000000800506840
2672:             1             16  org.eclipse.jetty.webapp.Configurations$$Lambda$326/0x0000000800506c40
2673:             1             16  org.eclipse.jetty.webapp.Configurations$$Lambda$327/0x0000000800507040
2674:             1             16  org.jolokia.config.Configuration
2675:             1             16  org.jolokia.converter.json.ArrayExtractor
2676:             1             16  org.jolokia.converter.json.BeanExtractor
2677:             1             16  org.jolokia.converter.json.CollectionExtractor
2678:             1             16  org.jolokia.converter.json.CompositeDataExtractor
2679:             1             16  org.jolokia.converter.json.DateExtractor
2680:             1             16  org.jolokia.converter.json.EnumExtractor
2681:             1             16  org.jolokia.converter.json.ListExtractor
2682:             1             16  org.jolokia.converter.json.MapExtractor
2683:             1             16  org.jolokia.converter.json.TabularDataExtractor
2684:             1             16  org.jolokia.converter.json.ValueFaultHandler$1
2685:             1             16  org.jolokia.converter.json.ValueFaultHandler$2
2686:             1             16  org.jolokia.converter.json.simplifier.BigIntegerSimplifier$BigIntegerAttributeExtractor
2687:             1             16  org.jolokia.converter.json.simplifier.ClassSimplifier$InterfaceAttributeExtractor
2688:             1             16  org.jolokia.converter.json.simplifier.ClassSimplifier$NameAttributeExtractor
2689:             1             16  org.jolokia.converter.json.simplifier.DomElementSimplifier$ChildAttributeExtractor
2690:             1             16  org.jolokia.converter.json.simplifier.DomElementSimplifier$NameAttributeExtractor
2691:             1             16  org.jolokia.converter.json.simplifier.DomElementSimplifier$ValueAttributeExtractor
2692:             1             16  org.jolokia.converter.json.simplifier.FileSimplifier$ExistsAttributeExtractor
2693:             1             16  org.jolokia.converter.json.simplifier.FileSimplifier$IsDirectoryAttributeExtractor
2694:             1             16  org.jolokia.converter.json.simplifier.FileSimplifier$LastModifiedAttributeExtractor
2695:             1             16  org.jolokia.converter.json.simplifier.FileSimplifier$LengthAttributeExtractor
2696:             1             16  org.jolokia.converter.json.simplifier.FileSimplifier$NameAttributeExtractor
2697:             1             16  org.jolokia.converter.json.simplifier.FileSimplifier$PathAttributeExtractor
2698:             1             16  org.jolokia.converter.json.simplifier.ObjectNameSimplifier$ObjectNameAttributeExtractor
2699:             1             16  org.jolokia.converter.json.simplifier.UrlSimplifier$UrlAttributeExtractor
2700:             1             16  org.jolokia.converter.object.StringToObjectConverter
2701:             1             16  org.jolokia.converter.object.StringToObjectConverter$BigDecimalParser
2702:             1             16  org.jolokia.converter.object.StringToObjectConverter$BigIntegerParser
2703:             1             16  org.jolokia.converter.object.StringToObjectConverter$DateParser
2704:             1             16  org.jolokia.converter.object.StringToObjectConverter$JSONParser
2705:             1             16  org.jolokia.converter.object.StringToObjectConverter$ObjectNameParser
2706:             1             16  org.jolokia.converter.object.StringToObjectConverter$StringParser
2707:             1             16  org.jolokia.converter.object.StringToObjectConverter$URLParser
2708:             1             16  org.jolokia.detector.AbstractServerDetector$1
2709:             1             16  org.jolokia.handler.ListHandler
2710:             1             16  org.jolokia.handler.ReadHandler
2711:             1             16  org.jolokia.handler.ReadHandler$1
2712:             1             16  org.jolokia.handler.ReadHandler$2
2713:             1             16  org.jolokia.handler.RequestHandlerManager
2714:             1             16  org.jolokia.handler.SearchHandler
2715:             1             16  org.jolokia.history.HistoryStore$1
2716:             1             16  org.jolokia.history.HistoryStore$2
2717:             1             16  org.jolokia.history.HistoryStore$3
2718:             1             16  org.jolokia.http.AgentServlet$3
2719:             1             16  org.jolokia.http.AgentServlet$4
2720:             1             16  org.jolokia.http.Jsr160ProxyNotEnabledByDefaultAnymoreDispatcher
2721:             1             16  org.jolokia.restrictor.policy.HttpMethodChecker
2722:             1             16  org.jolokia.restrictor.policy.RequestTypeChecker
2723:             1             16  org.jolokia.util.ServiceObjectFactory$ServiceEntry$1
2724:             1             16  org.slf4j.helpers.NOPLoggerFactory
2725:             1             16  org.slf4j.impl.StaticLoggerBinder
2726:             1             16  org.slf4j.impl.StaticMarkerBinder
2727:             1             16  org.xml.sax.helpers.DefaultHandler (java.xml@11.0.8)
2728:             1             16  sun.management.ClassLoadingImpl (java.management@11.0.8)
2729:             1             16  sun.misc.Unsafe (jdk.unsupported@11.0.8)
2730:             1             16  sun.net.DefaultProgressMeteringPolicy (java.base@11.0.8)
2731:             1             16  sun.net.ext.ExtendedSocketOptions$$Lambda$310/0x00000008004f6440 (java.base@11.0.8)
2732:             1             16  sun.net.www.protocol.file.Handler (java.base@11.0.8)
2733:             1             16  sun.net.www.protocol.jar.Handler (java.base@11.0.8)
2734:             1             16  sun.net.www.protocol.jar.JarFileFactory (java.base@11.0.8)
2735:             1             16  sun.net.www.protocol.jrt.Handler (java.base@11.0.8)
2736:             1             16  sun.nio.ch.ExtendedSocketOption$1 (java.base@11.0.8)
2737:             1             16  sun.nio.ch.FileChannelImpl$1 (java.base@11.0.8)
2738:             1             16  sun.nio.ch.KQueueSelectorProvider (java.base@11.0.8)
2739:             1             16  sun.nio.ch.Net$1 (java.base@11.0.8)
2740:             1             16  sun.nio.ch.SocketDispatcher (java.base@11.0.8)
2741:             1             16  sun.nio.ch.Util$1 (java.base@11.0.8)
2742:             1             16  sun.nio.fs.MacOSXFileSystemProvider (java.base@11.0.8)
2743:             1             16  sun.nio.fs.NativeBuffers$1 (java.base@11.0.8)
2744:             1             16  sun.reflect.generics.tree.BottomSignature (java.base@11.0.8)
2745:             1             16  sun.reflect.generics.tree.ByteSignature (java.base@11.0.8)
2746:             1             16  sun.reflect.generics.tree.CharSignature (java.base@11.0.8)
2747:             1             16  sun.reflect.generics.tree.LongSignature (java.base@11.0.8)
2748:             1             16  sun.reflect.generics.tree.VoidDescriptor (java.base@11.0.8)
2749:             1             16  sun.util.calendar.Gregorian (java.base@11.0.8)
2750:             1             16  sun.util.cldr.CLDRBaseLocaleDataMetaInfo (java.base@11.0.8)
2751:             1             16  sun.util.locale.InternalLocaleBuilder$CaseInsensitiveChar (java.base@11.0.8)
2752:             1             16  sun.util.locale.provider.CalendarDataUtility$CalendarWeekParameterGetter (java.base@11.0.8)
2753:             1             16  sun.util.locale.provider.TimeZoneNameUtility$TimeZoneNameGetter (java.base@11.0.8)
2754:             1             16  sun.util.logging.internal.LoggingProviderImpl (java.logging@11.0.8)
2755:             1             16  sun.util.resources.LocaleData$LocaleDataStrategy (java.base@11.0.8)
2756:             1             16  sun.util.resources.cldr.provider.CLDRLocaleDataMetaInfo (jdk.localedata@11.0.8)
Total        279948       23834736
